ARM GAS  C:\Users\PANXIA~1\AppData\Local\Temp\cc3RO1L3.s 			page 1


   1              		.cpu cortex-m0
   2              		.fpu softvfp
   3              		.eabi_attribute 20, 1
   4              		.eabi_attribute 21, 1
   5              		.eabi_attribute 23, 3
   6              		.eabi_attribute 24, 1
   7              		.eabi_attribute 25, 1
   8              		.eabi_attribute 26, 1
   9              		.eabi_attribute 30, 6
  10              		.eabi_attribute 34, 0
  11              		.eabi_attribute 18, 4
  12              		.code	16
  13              		.file	"Em_EEPROM.c"
  14              		.text
  15              	.Ltext0:
  16              		.cfi_sections	.debug_frame
  17              		.section	.text.Em_EEPROM_Start,"ax",%progbits
  18              		.align	2
  19              		.global	Em_EEPROM_Start
  20              		.code	16
  21              		.thumb_func
  22              		.type	Em_EEPROM_Start, %function
  23              	Em_EEPROM_Start:
  24              	.LFB0:
  25              		.file 1 ".\\Generated_Source\\PSoC4\\Em_EEPROM.c"
   1:.\Generated_Source\PSoC4/Em_EEPROM.c **** /*******************************************************************************
   2:.\Generated_Source\PSoC4/Em_EEPROM.c **** * File Name: Em_EEPROM.c
   3:.\Generated_Source\PSoC4/Em_EEPROM.c **** * Version 1.10
   4:.\Generated_Source\PSoC4/Em_EEPROM.c **** *
   5:.\Generated_Source\PSoC4/Em_EEPROM.c **** * Description:
   6:.\Generated_Source\PSoC4/Em_EEPROM.c **** *  This file provides the source code to API for the Emulated EEPROM Component.
   7:.\Generated_Source\PSoC4/Em_EEPROM.c **** *
   8:.\Generated_Source\PSoC4/Em_EEPROM.c **** ********************************************************************************
   9:.\Generated_Source\PSoC4/Em_EEPROM.c **** * Copyright 2013, Cypress Semiconductor Corporation.  All rights reserved.
  10:.\Generated_Source\PSoC4/Em_EEPROM.c **** * You may use this file only in accordance with the license, terms, conditions,
  11:.\Generated_Source\PSoC4/Em_EEPROM.c **** * disclaimers, and limitations in the end user license agreement accompanying
  12:.\Generated_Source\PSoC4/Em_EEPROM.c **** * the software package with which this file was provided.
  13:.\Generated_Source\PSoC4/Em_EEPROM.c **** *******************************************************************************/
  14:.\Generated_Source\PSoC4/Em_EEPROM.c **** 
  15:.\Generated_Source\PSoC4/Em_EEPROM.c **** #include "Em_EEPROM.h"
  16:.\Generated_Source\PSoC4/Em_EEPROM.c **** 
  17:.\Generated_Source\PSoC4/Em_EEPROM.c **** 
  18:.\Generated_Source\PSoC4/Em_EEPROM.c **** /*******************************************************************************
  19:.\Generated_Source\PSoC4/Em_EEPROM.c **** * Function Name: Em_EEPROM_Start
  20:.\Generated_Source\PSoC4/Em_EEPROM.c **** ********************************************************************************
  21:.\Generated_Source\PSoC4/Em_EEPROM.c **** *
  22:.\Generated_Source\PSoC4/Em_EEPROM.c **** * Summary:
  23:.\Generated_Source\PSoC4/Em_EEPROM.c **** *  Empty function. Included for consistency with other
  24:.\Generated_Source\PSoC4/Em_EEPROM.c **** *  components.
  25:.\Generated_Source\PSoC4/Em_EEPROM.c **** *
  26:.\Generated_Source\PSoC4/Em_EEPROM.c **** * Parameters:
  27:.\Generated_Source\PSoC4/Em_EEPROM.c **** *  None
  28:.\Generated_Source\PSoC4/Em_EEPROM.c **** *
  29:.\Generated_Source\PSoC4/Em_EEPROM.c **** * Return:
  30:.\Generated_Source\PSoC4/Em_EEPROM.c **** *  None
  31:.\Generated_Source\PSoC4/Em_EEPROM.c **** *
  32:.\Generated_Source\PSoC4/Em_EEPROM.c **** *******************************************************************************/
ARM GAS  C:\Users\PANXIA~1\AppData\Local\Temp\cc3RO1L3.s 			page 2


  33:.\Generated_Source\PSoC4/Em_EEPROM.c **** void Em_EEPROM_Start(void) 
  34:.\Generated_Source\PSoC4/Em_EEPROM.c **** {
  26              		.loc 1 34 0
  27              		.cfi_startproc
  28 0000 80B5     		push	{r7, lr}
  29              		.cfi_def_cfa_offset 8
  30              		.cfi_offset 7, -8
  31              		.cfi_offset 14, -4
  32 0002 00AF     		add	r7, sp, #0
  33              		.cfi_def_cfa_register 7
  35:.\Generated_Source\PSoC4/Em_EEPROM.c **** 
  36:.\Generated_Source\PSoC4/Em_EEPROM.c **** }
  34              		.loc 1 36 0
  35 0004 BD46     		mov	sp, r7
  36              		@ sp needed
  37 0006 80BD     		pop	{r7, pc}
  38              		.cfi_endproc
  39              	.LFE0:
  40              		.size	Em_EEPROM_Start, .-Em_EEPROM_Start
  41              		.section	.text.Em_EEPROM_Stop,"ax",%progbits
  42              		.align	2
  43              		.global	Em_EEPROM_Stop
  44              		.code	16
  45              		.thumb_func
  46              		.type	Em_EEPROM_Stop, %function
  47              	Em_EEPROM_Stop:
  48              	.LFB1:
  37:.\Generated_Source\PSoC4/Em_EEPROM.c **** 
  38:.\Generated_Source\PSoC4/Em_EEPROM.c **** 
  39:.\Generated_Source\PSoC4/Em_EEPROM.c **** /*******************************************************************************
  40:.\Generated_Source\PSoC4/Em_EEPROM.c **** * Function Name: Em_EEPROM_Stop
  41:.\Generated_Source\PSoC4/Em_EEPROM.c **** ********************************************************************************
  42:.\Generated_Source\PSoC4/Em_EEPROM.c **** *
  43:.\Generated_Source\PSoC4/Em_EEPROM.c **** * Summary:
  44:.\Generated_Source\PSoC4/Em_EEPROM.c **** *  Empty function. Included for consistency with other
  45:.\Generated_Source\PSoC4/Em_EEPROM.c **** *  components.
  46:.\Generated_Source\PSoC4/Em_EEPROM.c **** *
  47:.\Generated_Source\PSoC4/Em_EEPROM.c **** * Parameters:
  48:.\Generated_Source\PSoC4/Em_EEPROM.c **** *  None
  49:.\Generated_Source\PSoC4/Em_EEPROM.c **** *
  50:.\Generated_Source\PSoC4/Em_EEPROM.c **** * Return:
  51:.\Generated_Source\PSoC4/Em_EEPROM.c **** *  None
  52:.\Generated_Source\PSoC4/Em_EEPROM.c **** *
  53:.\Generated_Source\PSoC4/Em_EEPROM.c **** *******************************************************************************/
  54:.\Generated_Source\PSoC4/Em_EEPROM.c **** void Em_EEPROM_Stop(void) 
  55:.\Generated_Source\PSoC4/Em_EEPROM.c **** {
  49              		.loc 1 55 0
  50              		.cfi_startproc
  51 0000 80B5     		push	{r7, lr}
  52              		.cfi_def_cfa_offset 8
  53              		.cfi_offset 7, -8
  54              		.cfi_offset 14, -4
  55 0002 00AF     		add	r7, sp, #0
  56              		.cfi_def_cfa_register 7
  56:.\Generated_Source\PSoC4/Em_EEPROM.c **** 
  57:.\Generated_Source\PSoC4/Em_EEPROM.c **** }
  57              		.loc 1 57 0
ARM GAS  C:\Users\PANXIA~1\AppData\Local\Temp\cc3RO1L3.s 			page 3


  58 0004 BD46     		mov	sp, r7
  59              		@ sp needed
  60 0006 80BD     		pop	{r7, pc}
  61              		.cfi_endproc
  62              	.LFE1:
  63              		.size	Em_EEPROM_Stop, .-Em_EEPROM_Stop
  64              		.section	.text.Em_EEPROM_Write,"ax",%progbits
  65              		.align	2
  66              		.global	Em_EEPROM_Write
  67              		.code	16
  68              		.thumb_func
  69              		.type	Em_EEPROM_Write, %function
  70              	Em_EEPROM_Write:
  71              	.LFB2:
  58:.\Generated_Source\PSoC4/Em_EEPROM.c **** 
  59:.\Generated_Source\PSoC4/Em_EEPROM.c **** 
  60:.\Generated_Source\PSoC4/Em_EEPROM.c **** /*******************************************************************************
  61:.\Generated_Source\PSoC4/Em_EEPROM.c **** * Function Name: Em_EEPROM_Write
  62:.\Generated_Source\PSoC4/Em_EEPROM.c **** ********************************************************************************
  63:.\Generated_Source\PSoC4/Em_EEPROM.c **** *
  64:.\Generated_Source\PSoC4/Em_EEPROM.c **** * Summary:
  65:.\Generated_Source\PSoC4/Em_EEPROM.c **** *  Writes the specified number of bytes from the source buffer in SRAM to the
  66:.\Generated_Source\PSoC4/Em_EEPROM.c **** *  emulated EEPROM array in flash, without modifying other data in flash.
  67:.\Generated_Source\PSoC4/Em_EEPROM.c **** *
  68:.\Generated_Source\PSoC4/Em_EEPROM.c **** * Parameters:
  69:.\Generated_Source\PSoC4/Em_EEPROM.c **** *  srcBuf:    Pointer to the SRAM buffer holding the data to write.
  70:.\Generated_Source\PSoC4/Em_EEPROM.c **** *  eepromPtr: Pointer to the array or variable in flash representing
  71:.\Generated_Source\PSoC4/Em_EEPROM.c **** *             the emulated EEPROM.
  72:.\Generated_Source\PSoC4/Em_EEPROM.c **** *  byteCount: Number of bytes to write from srcBuf to eepromPtr.
  73:.\Generated_Source\PSoC4/Em_EEPROM.c **** *
  74:.\Generated_Source\PSoC4/Em_EEPROM.c **** * Return:
  75:.\Generated_Source\PSoC4/Em_EEPROM.c **** *    CYRET_SUCCESS     Successful write.
  76:.\Generated_Source\PSoC4/Em_EEPROM.c **** *    CYRET_BAD_PARAM   eepromPtr is out of range of flash memory.
  77:.\Generated_Source\PSoC4/Em_EEPROM.c **** *    CYRET_UNKNOWN     Other error in writing flash.
  78:.\Generated_Source\PSoC4/Em_EEPROM.c **** *
  79:.\Generated_Source\PSoC4/Em_EEPROM.c **** *******************************************************************************/
  80:.\Generated_Source\PSoC4/Em_EEPROM.c **** #if (CY_PSOC3)
  81:.\Generated_Source\PSoC4/Em_EEPROM.c ****     cystatus Em_EEPROM_Write(const uint8 srcBuf[], const uint8 eepromPtr[], uint16 byteCount)
  82:.\Generated_Source\PSoC4/Em_EEPROM.c ****                                                                             
  83:.\Generated_Source\PSoC4/Em_EEPROM.c **** #else
  84:.\Generated_Source\PSoC4/Em_EEPROM.c ****     cystatus Em_EEPROM_Write(const uint8 srcBuf[], const uint8 eepromPtr[], uint32 byteCount)
  85:.\Generated_Source\PSoC4/Em_EEPROM.c **** #endif /* (!CY_PSOC3) */
  86:.\Generated_Source\PSoC4/Em_EEPROM.c **** {
  72              		.loc 1 86 0
  73              		.cfi_startproc
  74 0000 80B5     		push	{r7, lr}
  75              		.cfi_def_cfa_offset 8
  76              		.cfi_offset 7, -8
  77              		.cfi_offset 14, -4
  78 0002 ACB0     		sub	sp, sp, #176
  79              		.cfi_def_cfa_offset 184
  80 0004 00AF     		add	r7, sp, #0
  81              		.cfi_def_cfa_register 7
  82 0006 F860     		str	r0, [r7, #12]
  83 0008 B960     		str	r1, [r7, #8]
  84 000a 7A60     		str	r2, [r7, #4]
  87:.\Generated_Source\PSoC4/Em_EEPROM.c ****     uint8 writeBuffer[CY_FLASH_SIZEOF_ROW];
ARM GAS  C:\Users\PANXIA~1\AppData\Local\Temp\cc3RO1L3.s 			page 4


  88:.\Generated_Source\PSoC4/Em_EEPROM.c ****     uint32 arrayId;
  89:.\Generated_Source\PSoC4/Em_EEPROM.c ****     uint32 rowId;
  90:.\Generated_Source\PSoC4/Em_EEPROM.c ****     uint32 dstIndex;
  91:.\Generated_Source\PSoC4/Em_EEPROM.c ****     uint32 srcIndex;
  92:.\Generated_Source\PSoC4/Em_EEPROM.c ****     cystatus rc;
  93:.\Generated_Source\PSoC4/Em_EEPROM.c ****     uint32 eeOffset;
  94:.\Generated_Source\PSoC4/Em_EEPROM.c ****     uint32 byteOffset;
  95:.\Generated_Source\PSoC4/Em_EEPROM.c ****     
  96:.\Generated_Source\PSoC4/Em_EEPROM.c ****     #if (!CY_PSOC4)
  97:.\Generated_Source\PSoC4/Em_EEPROM.c ****         #if (CYDEV_ECC_ENABLE == 0)
  98:.\Generated_Source\PSoC4/Em_EEPROM.c ****             uint8 rowBuffer[CY_FLASH_SIZEOF_ROW + CY_FLASH_SIZEOF_ECC_ROW];
  99:.\Generated_Source\PSoC4/Em_EEPROM.c ****         #endif /* CYDEV_ECC_ENABLE == 0) */
 100:.\Generated_Source\PSoC4/Em_EEPROM.c ****     #endif /* (!CY_PSOC4) */
 101:.\Generated_Source\PSoC4/Em_EEPROM.c **** 
 102:.\Generated_Source\PSoC4/Em_EEPROM.c ****     eeOffset = (uint32)eepromPtr;
  85              		.loc 1 102 0
  86 000c BB68     		ldr	r3, [r7, #8]
  87 000e 9822     		mov	r2, #152
  88 0010 BA18     		add	r2, r7, r2
  89 0012 1360     		str	r3, [r2]
 103:.\Generated_Source\PSoC4/Em_EEPROM.c ****     #if (CY_PSOC3)
 104:.\Generated_Source\PSoC4/Em_EEPROM.c ****         eeOffset &= Em_EEPROM_CODE_ADDR_MASK;
 105:.\Generated_Source\PSoC4/Em_EEPROM.c ****     #endif /* (CY_PSOC3) */
 106:.\Generated_Source\PSoC4/Em_EEPROM.c **** 
 107:.\Generated_Source\PSoC4/Em_EEPROM.c ****     /* Make sure, that eepromPtr[] points to ROM */
 108:.\Generated_Source\PSoC4/Em_EEPROM.c ****     #if (CY_PSOC3)
 109:.\Generated_Source\PSoC4/Em_EEPROM.c ****         if (((uint32)eepromPtr >= Em_EEPROM_CODE_ADDR_OFFSET) &&
 110:.\Generated_Source\PSoC4/Em_EEPROM.c ****             (((uint32)eepromPtr + byteCount) <= Em_EEPROM_CODE_ADDR_END))
 111:.\Generated_Source\PSoC4/Em_EEPROM.c ****     #else
 112:.\Generated_Source\PSoC4/Em_EEPROM.c ****         if (((uint32)eepromPtr + byteCount) < Em_EEPROM_FLASH_END_ADDR)
  90              		.loc 1 112 0
  91 0014 BA68     		ldr	r2, [r7, #8]
  92 0016 7B68     		ldr	r3, [r7, #4]
  93 0018 D318     		add	r3, r2, r3
  94 001a 564A     		ldr	r2, .L14
  95 001c 9342     		cmp	r3, r2
  96 001e 00D9     		bls	.LCB60
  97 0020 8DE0     		b	.L4	@long jump
  98              	.LCB60:
 113:.\Generated_Source\PSoC4/Em_EEPROM.c ****     #endif /* (CY_PSOC3) */
 114:.\Generated_Source\PSoC4/Em_EEPROM.c ****     {
 115:.\Generated_Source\PSoC4/Em_EEPROM.c ****         #if (!CY_PSOC4)
 116:.\Generated_Source\PSoC4/Em_EEPROM.c ****             (void)CySetTemp();
 117:.\Generated_Source\PSoC4/Em_EEPROM.c **** 
 118:.\Generated_Source\PSoC4/Em_EEPROM.c ****             #if(CYDEV_ECC_ENABLE == 0)
 119:.\Generated_Source\PSoC4/Em_EEPROM.c ****                 (void)CySetFlashEEBuffer(rowBuffer);
 120:.\Generated_Source\PSoC4/Em_EEPROM.c ****             #endif
 121:.\Generated_Source\PSoC4/Em_EEPROM.c ****         #endif /* (!CY_PSOC4) */
 122:.\Generated_Source\PSoC4/Em_EEPROM.c **** 
 123:.\Generated_Source\PSoC4/Em_EEPROM.c ****         arrayId = eeOffset / CY_FLASH_SIZEOF_ARRAY;
  99              		.loc 1 123 0
 100 0022 9823     		mov	r3, #152
 101 0024 FB18     		add	r3, r7, r3
 102 0026 1B68     		ldr	r3, [r3]
 103 0028 DB0B     		lsr	r3, r3, #15
 104 002a 9422     		mov	r2, #148
 105 002c BA18     		add	r2, r7, r2
ARM GAS  C:\Users\PANXIA~1\AppData\Local\Temp\cc3RO1L3.s 			page 5


 106 002e 1360     		str	r3, [r2]
 124:.\Generated_Source\PSoC4/Em_EEPROM.c ****         rowId = (eeOffset / CY_FLASH_SIZEOF_ROW) % Em_EEPROM_ROWS_IN_ARRAY;
 107              		.loc 1 124 0
 108 0030 9823     		mov	r3, #152
 109 0032 FB18     		add	r3, r7, r3
 110 0034 1B68     		ldr	r3, [r3]
 111 0036 DB09     		lsr	r3, r3, #7
 112 0038 FF22     		mov	r2, #255
 113 003a 1340     		and	r3, r2
 114 003c AC22     		mov	r2, #172
 115 003e BA18     		add	r2, r7, r2
 116 0040 1360     		str	r3, [r2]
 125:.\Generated_Source\PSoC4/Em_EEPROM.c ****         byteOffset = (CY_FLASH_SIZEOF_ARRAY * arrayId) + (CY_FLASH_SIZEOF_ROW * rowId);
 117              		.loc 1 125 0
 118 0042 9423     		mov	r3, #148
 119 0044 FB18     		add	r3, r7, r3
 120 0046 1B68     		ldr	r3, [r3]
 121 0048 1A02     		lsl	r2, r3, #8
 122 004a AC23     		mov	r3, #172
 123 004c FB18     		add	r3, r7, r3
 124 004e 1B68     		ldr	r3, [r3]
 125 0050 D318     		add	r3, r2, r3
 126 0052 DB01     		lsl	r3, r3, #7
 127 0054 9C22     		mov	r2, #156
 128 0056 BA18     		add	r2, r7, r2
 129 0058 1360     		str	r3, [r2]
 126:.\Generated_Source\PSoC4/Em_EEPROM.c ****         srcIndex = 0u;
 130              		.loc 1 126 0
 131 005a 0023     		mov	r3, #0
 132 005c A422     		mov	r2, #164
 133 005e BA18     		add	r2, r7, r2
 134 0060 1360     		str	r3, [r2]
 127:.\Generated_Source\PSoC4/Em_EEPROM.c **** 
 128:.\Generated_Source\PSoC4/Em_EEPROM.c ****         rc = CYRET_SUCCESS;
 135              		.loc 1 128 0
 136 0062 0023     		mov	r3, #0
 137 0064 A022     		mov	r2, #160
 138 0066 BA18     		add	r2, r7, r2
 139 0068 1360     		str	r3, [r2]
 129:.\Generated_Source\PSoC4/Em_EEPROM.c **** 
 130:.\Generated_Source\PSoC4/Em_EEPROM.c ****         while ((srcIndex < byteCount) && (CYRET_SUCCESS == rc))
 140              		.loc 1 130 0
 141 006a 5CE0     		b	.L5
 142              	.L11:
 131:.\Generated_Source\PSoC4/Em_EEPROM.c ****         {
 132:.\Generated_Source\PSoC4/Em_EEPROM.c ****             /* Copy data to the write buffer either from the source buffer or from the flash */
 133:.\Generated_Source\PSoC4/Em_EEPROM.c ****             for (dstIndex = 0u; dstIndex < CY_FLASH_SIZEOF_ROW; dstIndex++)
 143              		.loc 1 133 0
 144 006c 0023     		mov	r3, #0
 145 006e A822     		mov	r2, #168
 146 0070 BA18     		add	r2, r7, r2
 147 0072 1360     		str	r3, [r2]
 148 0074 3EE0     		b	.L6
 149              	.L9:
 134:.\Generated_Source\PSoC4/Em_EEPROM.c ****             {
 135:.\Generated_Source\PSoC4/Em_EEPROM.c ****                 if ((byteOffset >= eeOffset) && (srcIndex < byteCount))
 150              		.loc 1 135 0
ARM GAS  C:\Users\PANXIA~1\AppData\Local\Temp\cc3RO1L3.s 			page 6


 151 0076 9C23     		mov	r3, #156
 152 0078 FB18     		add	r3, r7, r3
 153 007a 1A68     		ldr	r2, [r3]
 154 007c 9823     		mov	r3, #152
 155 007e FB18     		add	r3, r7, r3
 156 0080 1B68     		ldr	r3, [r3]
 157 0082 9A42     		cmp	r2, r3
 158 0084 1BD3     		bcc	.L7
 159              		.loc 1 135 0 is_stmt 0 discriminator 1
 160 0086 A423     		mov	r3, #164
 161 0088 FB18     		add	r3, r7, r3
 162 008a 1A68     		ldr	r2, [r3]
 163 008c 7B68     		ldr	r3, [r7, #4]
 164 008e 9A42     		cmp	r2, r3
 165 0090 15D2     		bcs	.L7
 136:.\Generated_Source\PSoC4/Em_EEPROM.c ****                 {
 137:.\Generated_Source\PSoC4/Em_EEPROM.c ****                     writeBuffer[dstIndex] = srcBuf[srcIndex];
 166              		.loc 1 137 0 is_stmt 1
 167 0092 FA68     		ldr	r2, [r7, #12]
 168 0094 A423     		mov	r3, #164
 169 0096 FB18     		add	r3, r7, r3
 170 0098 1B68     		ldr	r3, [r3]
 171 009a D318     		add	r3, r2, r3
 172 009c 1978     		ldrb	r1, [r3]
 173 009e 1423     		mov	r3, #20
 174 00a0 FA18     		add	r2, r7, r3
 175 00a2 A823     		mov	r3, #168
 176 00a4 FB18     		add	r3, r7, r3
 177 00a6 1B68     		ldr	r3, [r3]
 178 00a8 D318     		add	r3, r2, r3
 179 00aa 0A1C     		add	r2, r1, #0
 180 00ac 1A70     		strb	r2, [r3]
 138:.\Generated_Source\PSoC4/Em_EEPROM.c ****                     srcIndex++;
 181              		.loc 1 138 0
 182 00ae A423     		mov	r3, #164
 183 00b0 FB18     		add	r3, r7, r3
 184 00b2 1B68     		ldr	r3, [r3]
 185 00b4 0133     		add	r3, r3, #1
 186 00b6 A422     		mov	r2, #164
 187 00b8 BA18     		add	r2, r7, r2
 188 00ba 1360     		str	r3, [r2]
 189 00bc 0CE0     		b	.L8
 190              	.L7:
 139:.\Generated_Source\PSoC4/Em_EEPROM.c ****                 }
 140:.\Generated_Source\PSoC4/Em_EEPROM.c ****                 else
 141:.\Generated_Source\PSoC4/Em_EEPROM.c ****                 {
 142:.\Generated_Source\PSoC4/Em_EEPROM.c ****                     writeBuffer[dstIndex] = CY_GET_XTND_REG8(CYDEV_FLASH_BASE + byteOffset);
 191              		.loc 1 142 0
 192 00be 9C23     		mov	r3, #156
 193 00c0 FB18     		add	r3, r7, r3
 194 00c2 1B68     		ldr	r3, [r3]
 195 00c4 1B78     		ldrb	r3, [r3]
 196 00c6 D9B2     		uxtb	r1, r3
 197 00c8 1423     		mov	r3, #20
 198 00ca FA18     		add	r2, r7, r3
 199 00cc A823     		mov	r3, #168
 200 00ce FB18     		add	r3, r7, r3
ARM GAS  C:\Users\PANXIA~1\AppData\Local\Temp\cc3RO1L3.s 			page 7


 201 00d0 1B68     		ldr	r3, [r3]
 202 00d2 D318     		add	r3, r2, r3
 203 00d4 0A1C     		add	r2, r1, #0
 204 00d6 1A70     		strb	r2, [r3]
 205              	.L8:
 143:.\Generated_Source\PSoC4/Em_EEPROM.c ****                 }
 144:.\Generated_Source\PSoC4/Em_EEPROM.c ****                 byteOffset++;
 206              		.loc 1 144 0 discriminator 2
 207 00d8 9C23     		mov	r3, #156
 208 00da FB18     		add	r3, r7, r3
 209 00dc 1B68     		ldr	r3, [r3]
 210 00de 0133     		add	r3, r3, #1
 211 00e0 9C22     		mov	r2, #156
 212 00e2 BA18     		add	r2, r7, r2
 213 00e4 1360     		str	r3, [r2]
 133:.\Generated_Source\PSoC4/Em_EEPROM.c ****             {
 214              		.loc 1 133 0 discriminator 2
 215 00e6 A823     		mov	r3, #168
 216 00e8 FB18     		add	r3, r7, r3
 217 00ea 1B68     		ldr	r3, [r3]
 218 00ec 0133     		add	r3, r3, #1
 219 00ee A822     		mov	r2, #168
 220 00f0 BA18     		add	r2, r7, r2
 221 00f2 1360     		str	r3, [r2]
 222              	.L6:
 133:.\Generated_Source\PSoC4/Em_EEPROM.c ****             {
 223              		.loc 1 133 0 is_stmt 0 discriminator 1
 224 00f4 A823     		mov	r3, #168
 225 00f6 FB18     		add	r3, r7, r3
 226 00f8 1B68     		ldr	r3, [r3]
 227 00fa 7F2B     		cmp	r3, #127
 228 00fc BBD9     		bls	.L9
 145:.\Generated_Source\PSoC4/Em_EEPROM.c ****             }
 146:.\Generated_Source\PSoC4/Em_EEPROM.c **** 
 147:.\Generated_Source\PSoC4/Em_EEPROM.c ****             /* Write flash row */
 148:.\Generated_Source\PSoC4/Em_EEPROM.c ****             #if (CY_PSOC4)
 149:.\Generated_Source\PSoC4/Em_EEPROM.c ****                 rc = CySysFlashWriteRow(rowId, writeBuffer);
 229              		.loc 1 149 0 is_stmt 1
 230 00fe AC23     		mov	r3, #172
 231 0100 FB18     		add	r3, r7, r3
 232 0102 1A68     		ldr	r2, [r3]
 233 0104 1423     		mov	r3, #20
 234 0106 FB18     		add	r3, r7, r3
 235 0108 101C     		mov	r0, r2
 236 010a 191C     		mov	r1, r3
 237 010c FFF7FEFF 		bl	CySysFlashWriteRow
 238 0110 031C     		mov	r3, r0
 239 0112 A022     		mov	r2, #160
 240 0114 BA18     		add	r2, r7, r2
 241 0116 1360     		str	r3, [r2]
 150:.\Generated_Source\PSoC4/Em_EEPROM.c ****             #else
 151:.\Generated_Source\PSoC4/Em_EEPROM.c ****                 rc = CyWriteRowData((uint8)arrayId, (uint16)rowId, writeBuffer);
 152:.\Generated_Source\PSoC4/Em_EEPROM.c ****             #endif /* (CY_PSOC4) */
 153:.\Generated_Source\PSoC4/Em_EEPROM.c **** 
 154:.\Generated_Source\PSoC4/Em_EEPROM.c ****             /* Go to the next row */
 155:.\Generated_Source\PSoC4/Em_EEPROM.c ****             rowId++;
 242              		.loc 1 155 0
ARM GAS  C:\Users\PANXIA~1\AppData\Local\Temp\cc3RO1L3.s 			page 8


 243 0118 AC23     		mov	r3, #172
 244 011a FB18     		add	r3, r7, r3
 245 011c 1B68     		ldr	r3, [r3]
 246 011e 0133     		add	r3, r3, #1
 247 0120 AC22     		mov	r2, #172
 248 0122 BA18     		add	r2, r7, r2
 249 0124 1360     		str	r3, [r2]
 250              	.L5:
 130:.\Generated_Source\PSoC4/Em_EEPROM.c ****         {
 251              		.loc 1 130 0
 252 0126 A423     		mov	r3, #164
 253 0128 FB18     		add	r3, r7, r3
 254 012a 1A68     		ldr	r2, [r3]
 255 012c 7B68     		ldr	r3, [r7, #4]
 256 012e 9A42     		cmp	r2, r3
 257 0130 09D2     		bcs	.L10
 130:.\Generated_Source\PSoC4/Em_EEPROM.c ****         {
 258              		.loc 1 130 0 is_stmt 0 discriminator 1
 259 0132 A023     		mov	r3, #160
 260 0134 FB18     		add	r3, r7, r3
 261 0136 1B68     		ldr	r3, [r3]
 262 0138 002B     		cmp	r3, #0
 263 013a 97D0     		beq	.L11
 264 013c 03E0     		b	.L10
 265              	.L4:
 156:.\Generated_Source\PSoC4/Em_EEPROM.c ****             #if (CY_FLASH_NUMBER_ARRAYS > 1)
 157:.\Generated_Source\PSoC4/Em_EEPROM.c ****                 if (rowId >= Em_EEPROM_ROWS_IN_ARRAY)
 158:.\Generated_Source\PSoC4/Em_EEPROM.c ****                 {
 159:.\Generated_Source\PSoC4/Em_EEPROM.c ****                     arrayId++;
 160:.\Generated_Source\PSoC4/Em_EEPROM.c ****                     rowId = 0u;
 161:.\Generated_Source\PSoC4/Em_EEPROM.c ****                 }
 162:.\Generated_Source\PSoC4/Em_EEPROM.c ****             #endif /* (CY_FLASH_NUMBER_ARRAYS > 1) */
 163:.\Generated_Source\PSoC4/Em_EEPROM.c ****         }
 164:.\Generated_Source\PSoC4/Em_EEPROM.c **** 
 165:.\Generated_Source\PSoC4/Em_EEPROM.c ****         /* Flush both Cache and PHUB prefetch buffer */
 166:.\Generated_Source\PSoC4/Em_EEPROM.c ****         #if (CY_PSOC5)
 167:.\Generated_Source\PSoC4/Em_EEPROM.c ****             CyFlushCache();
 168:.\Generated_Source\PSoC4/Em_EEPROM.c ****         #elif (CY_PSOC3)
 169:.\Generated_Source\PSoC4/Em_EEPROM.c ****             CY_FLASH_CONTROL_REG |= 6u;
 170:.\Generated_Source\PSoC4/Em_EEPROM.c ****         #endif /* (CY_PSOC5) */
 171:.\Generated_Source\PSoC4/Em_EEPROM.c ****     }
 172:.\Generated_Source\PSoC4/Em_EEPROM.c ****     else
 173:.\Generated_Source\PSoC4/Em_EEPROM.c ****     {
 174:.\Generated_Source\PSoC4/Em_EEPROM.c ****         rc = CYRET_BAD_PARAM;
 266              		.loc 1 174 0 is_stmt 1
 267 013e 0123     		mov	r3, #1
 268 0140 A022     		mov	r2, #160
 269 0142 BA18     		add	r2, r7, r2
 270 0144 1360     		str	r3, [r2]
 271              	.L10:
 175:.\Generated_Source\PSoC4/Em_EEPROM.c ****     }
 176:.\Generated_Source\PSoC4/Em_EEPROM.c **** 
 177:.\Generated_Source\PSoC4/Em_EEPROM.c ****     /* Mask return codes from flash, if they are not supported */
 178:.\Generated_Source\PSoC4/Em_EEPROM.c ****     if ((CYRET_SUCCESS != rc) && (CYRET_BAD_PARAM != rc))
 272              		.loc 1 178 0
 273 0146 A023     		mov	r3, #160
 274 0148 FB18     		add	r3, r7, r3
ARM GAS  C:\Users\PANXIA~1\AppData\Local\Temp\cc3RO1L3.s 			page 9


 275 014a 1B68     		ldr	r3, [r3]
 276 014c 002B     		cmp	r3, #0
 277 014e 09D0     		beq	.L12
 278              		.loc 1 178 0 is_stmt 0 discriminator 1
 279 0150 A023     		mov	r3, #160
 280 0152 FB18     		add	r3, r7, r3
 281 0154 1B68     		ldr	r3, [r3]
 282 0156 012B     		cmp	r3, #1
 283 0158 04D0     		beq	.L12
 179:.\Generated_Source\PSoC4/Em_EEPROM.c ****     {
 180:.\Generated_Source\PSoC4/Em_EEPROM.c ****         rc = CYRET_UNKNOWN;
 284              		.loc 1 180 0 is_stmt 1
 285 015a 0123     		mov	r3, #1
 286 015c 5B42     		neg	r3, r3
 287 015e A022     		mov	r2, #160
 288 0160 BA18     		add	r2, r7, r2
 289 0162 1360     		str	r3, [r2]
 290              	.L12:
 181:.\Generated_Source\PSoC4/Em_EEPROM.c ****     }
 182:.\Generated_Source\PSoC4/Em_EEPROM.c ****     
 183:.\Generated_Source\PSoC4/Em_EEPROM.c ****     return (rc);
 291              		.loc 1 183 0
 292 0164 A023     		mov	r3, #160
 293 0166 FB18     		add	r3, r7, r3
 294 0168 1B68     		ldr	r3, [r3]
 184:.\Generated_Source\PSoC4/Em_EEPROM.c **** }
 295              		.loc 1 184 0
 296 016a 181C     		mov	r0, r3
 297 016c BD46     		mov	sp, r7
 298 016e 2CB0     		add	sp, sp, #176
 299              		@ sp needed
 300 0170 80BD     		pop	{r7, pc}
 301              	.L15:
 302 0172 C046     		.align	2
 303              	.L14:
 304 0174 FF7F0000 		.word	32767
 305              		.cfi_endproc
 306              	.LFE2:
 307              		.size	Em_EEPROM_Write, .-Em_EEPROM_Write
 308              		.text
 309              	.Letext0:
 310              		.file 2 ".\\Generated_Source\\PSoC4\\cytypes.h"
 311              		.section	.debug_info,"",%progbits
 312              	.Ldebug_info0:
 313 0000 A7010000 		.4byte	0x1a7
 314 0004 0400     		.2byte	0x4
 315 0006 00000000 		.4byte	.Ldebug_abbrev0
 316 000a 04       		.byte	0x4
 317 000b 01       		.uleb128 0x1
 318 000c 14010000 		.4byte	.LASF29
 319 0010 01       		.byte	0x1
 320 0011 33000000 		.4byte	.LASF30
 321 0015 00000000 		.4byte	.LASF31
 322 0019 00000000 		.4byte	.Ldebug_ranges0+0
 323 001d 00000000 		.4byte	0
 324 0021 00000000 		.4byte	.Ldebug_line0
 325 0025 02       		.uleb128 0x2
ARM GAS  C:\Users\PANXIA~1\AppData\Local\Temp\cc3RO1L3.s 			page 10


 326 0026 01       		.byte	0x1
 327 0027 06       		.byte	0x6
 328 0028 1E020000 		.4byte	.LASF0
 329 002c 02       		.uleb128 0x2
 330 002d 01       		.byte	0x1
 331 002e 08       		.byte	0x8
 332 002f A8000000 		.4byte	.LASF1
 333 0033 02       		.uleb128 0x2
 334 0034 02       		.byte	0x2
 335 0035 05       		.byte	0x5
 336 0036 02020000 		.4byte	.LASF2
 337 003a 02       		.uleb128 0x2
 338 003b 02       		.byte	0x2
 339 003c 07       		.byte	0x7
 340 003d 7B000000 		.4byte	.LASF3
 341 0041 02       		.uleb128 0x2
 342 0042 04       		.byte	0x4
 343 0043 05       		.byte	0x5
 344 0044 0C020000 		.4byte	.LASF4
 345 0048 02       		.uleb128 0x2
 346 0049 04       		.byte	0x4
 347 004a 07       		.byte	0x7
 348 004b CA000000 		.4byte	.LASF5
 349 004f 02       		.uleb128 0x2
 350 0050 08       		.byte	0x8
 351 0051 05       		.byte	0x5
 352 0052 E5010000 		.4byte	.LASF6
 353 0056 02       		.uleb128 0x2
 354 0057 08       		.byte	0x8
 355 0058 07       		.byte	0x7
 356 0059 BF010000 		.4byte	.LASF7
 357 005d 03       		.uleb128 0x3
 358 005e 04       		.byte	0x4
 359 005f 05       		.byte	0x5
 360 0060 696E7400 		.ascii	"int\000"
 361 0064 02       		.uleb128 0x2
 362 0065 04       		.byte	0x4
 363 0066 07       		.byte	0x7
 364 0067 B2010000 		.4byte	.LASF8
 365 006b 04       		.uleb128 0x4
 366 006c EC000000 		.4byte	.LASF9
 367 0070 02       		.byte	0x2
 368 0071 C2       		.byte	0xc2
 369 0072 2C000000 		.4byte	0x2c
 370 0076 04       		.uleb128 0x4
 371 0077 AB010000 		.4byte	.LASF10
 372 007b 02       		.byte	0x2
 373 007c C4       		.byte	0xc4
 374 007d 48000000 		.4byte	0x48
 375 0081 02       		.uleb128 0x2
 376 0082 04       		.byte	0x4
 377 0083 04       		.byte	0x4
 378 0084 A2000000 		.4byte	.LASF11
 379 0088 02       		.uleb128 0x2
 380 0089 08       		.byte	0x8
 381 008a 04       		.byte	0x4
 382 008b 0D010000 		.4byte	.LASF12
ARM GAS  C:\Users\PANXIA~1\AppData\Local\Temp\cc3RO1L3.s 			page 11


 383 008f 02       		.uleb128 0x2
 384 0090 01       		.byte	0x1
 385 0091 08       		.byte	0x8
 386 0092 F3010000 		.4byte	.LASF13
 387 0096 05       		.uleb128 0x5
 388 0097 A2010000 		.4byte	.LASF14
 389 009b 02       		.byte	0x2
 390 009c 6401     		.2byte	0x164
 391 009e 48000000 		.4byte	0x48
 392 00a2 05       		.uleb128 0x5
 393 00a3 C5000000 		.4byte	.LASF15
 394 00a7 02       		.byte	0x2
 395 00a8 6C01     		.2byte	0x16c
 396 00aa AE000000 		.4byte	0xae
 397 00ae 06       		.uleb128 0x6
 398 00af 6B000000 		.4byte	0x6b
 399 00b3 02       		.uleb128 0x2
 400 00b4 04       		.byte	0x4
 401 00b5 07       		.byte	0x7
 402 00b6 DC010000 		.4byte	.LASF16
 403 00ba 07       		.uleb128 0x7
 404 00bb 58000000 		.4byte	.LASF17
 405 00bf 01       		.byte	0x1
 406 00c0 21       		.byte	0x21
 407 00c1 00000000 		.4byte	.LFB0
 408 00c5 08000000 		.4byte	.LFE0-.LFB0
 409 00c9 01       		.uleb128 0x1
 410 00ca 9C       		.byte	0x9c
 411 00cb 07       		.uleb128 0x7
 412 00cc B6000000 		.4byte	.LASF18
 413 00d0 01       		.byte	0x1
 414 00d1 36       		.byte	0x36
 415 00d2 00000000 		.4byte	.LFB1
 416 00d6 08000000 		.4byte	.LFE1-.LFB1
 417 00da 01       		.uleb128 0x1
 418 00db 9C       		.byte	0x9c
 419 00dc 08       		.uleb128 0x8
 420 00dd DC000000 		.4byte	.LASF32
 421 00e1 01       		.byte	0x1
 422 00e2 54       		.byte	0x54
 423 00e3 96000000 		.4byte	0x96
 424 00e7 00000000 		.4byte	.LFB2
 425 00eb 78010000 		.4byte	.LFE2-.LFB2
 426 00ef 01       		.uleb128 0x1
 427 00f0 9C       		.byte	0x9c
 428 00f1 93010000 		.4byte	0x193
 429 00f5 09       		.uleb128 0x9
 430 00f6 74000000 		.4byte	.LASF19
 431 00fa 01       		.byte	0x1
 432 00fb 54       		.byte	0x54
 433 00fc 93010000 		.4byte	0x193
 434 0100 03       		.uleb128 0x3
 435 0101 91       		.byte	0x91
 436 0102 D47E     		.sleb128 -172
 437 0104 09       		.uleb128 0x9
 438 0105 F8010000 		.4byte	.LASF20
 439 0109 01       		.byte	0x1
ARM GAS  C:\Users\PANXIA~1\AppData\Local\Temp\cc3RO1L3.s 			page 12


 440 010a 54       		.byte	0x54
 441 010b 93010000 		.4byte	0x193
 442 010f 03       		.uleb128 0x3
 443 0110 91       		.byte	0x91
 444 0111 D07E     		.sleb128 -176
 445 0113 09       		.uleb128 0x9
 446 0114 FA000000 		.4byte	.LASF21
 447 0118 01       		.byte	0x1
 448 0119 54       		.byte	0x54
 449 011a 76000000 		.4byte	0x76
 450 011e 03       		.uleb128 0x3
 451 011f 91       		.byte	0x91
 452 0120 CC7E     		.sleb128 -180
 453 0122 0A       		.uleb128 0xa
 454 0123 68000000 		.4byte	.LASF22
 455 0127 01       		.byte	0x1
 456 0128 57       		.byte	0x57
 457 0129 9E010000 		.4byte	0x19e
 458 012d 03       		.uleb128 0x3
 459 012e 91       		.byte	0x91
 460 012f DC7E     		.sleb128 -164
 461 0131 0A       		.uleb128 0xa
 462 0132 F2000000 		.4byte	.LASF23
 463 0136 01       		.byte	0x1
 464 0137 58       		.byte	0x58
 465 0138 76000000 		.4byte	0x76
 466 013c 02       		.uleb128 0x2
 467 013d 91       		.byte	0x91
 468 013e 5C       		.sleb128 -36
 469 013f 0A       		.uleb128 0xa
 470 0140 D6010000 		.4byte	.LASF24
 471 0144 01       		.byte	0x1
 472 0145 59       		.byte	0x59
 473 0146 76000000 		.4byte	0x76
 474 014a 02       		.uleb128 0x2
 475 014b 91       		.byte	0x91
 476 014c 74       		.sleb128 -12
 477 014d 0A       		.uleb128 0xa
 478 014e 04010000 		.4byte	.LASF25
 479 0152 01       		.byte	0x1
 480 0153 5A       		.byte	0x5a
 481 0154 76000000 		.4byte	0x76
 482 0158 02       		.uleb128 0x2
 483 0159 91       		.byte	0x91
 484 015a 70       		.sleb128 -16
 485 015b 0A       		.uleb128 0xa
 486 015c 8E000000 		.4byte	.LASF26
 487 0160 01       		.byte	0x1
 488 0161 5B       		.byte	0x5b
 489 0162 76000000 		.4byte	0x76
 490 0166 02       		.uleb128 0x2
 491 0167 91       		.byte	0x91
 492 0168 6C       		.sleb128 -20
 493 0169 0B       		.uleb128 0xb
 494 016a 726300   		.ascii	"rc\000"
 495 016d 01       		.byte	0x1
 496 016e 5C       		.byte	0x5c
ARM GAS  C:\Users\PANXIA~1\AppData\Local\Temp\cc3RO1L3.s 			page 13


 497 016f 96000000 		.4byte	0x96
 498 0173 02       		.uleb128 0x2
 499 0174 91       		.byte	0x91
 500 0175 68       		.sleb128 -24
 501 0176 0A       		.uleb128 0xa
 502 0177 15020000 		.4byte	.LASF27
 503 017b 01       		.byte	0x1
 504 017c 5D       		.byte	0x5d
 505 017d 76000000 		.4byte	0x76
 506 0181 02       		.uleb128 0x2
 507 0182 91       		.byte	0x91
 508 0183 60       		.sleb128 -32
 509 0184 0A       		.uleb128 0xa
 510 0185 97000000 		.4byte	.LASF28
 511 0189 01       		.byte	0x1
 512 018a 5E       		.byte	0x5e
 513 018b 76000000 		.4byte	0x76
 514 018f 02       		.uleb128 0x2
 515 0190 91       		.byte	0x91
 516 0191 64       		.sleb128 -28
 517 0192 00       		.byte	0
 518 0193 0C       		.uleb128 0xc
 519 0194 04       		.byte	0x4
 520 0195 99010000 		.4byte	0x199
 521 0199 0D       		.uleb128 0xd
 522 019a 6B000000 		.4byte	0x6b
 523 019e 0E       		.uleb128 0xe
 524 019f 6B000000 		.4byte	0x6b
 525 01a3 0F       		.uleb128 0xf
 526 01a4 B3000000 		.4byte	0xb3
 527 01a8 7F       		.byte	0x7f
 528 01a9 00       		.byte	0
 529 01aa 00       		.byte	0
 530              		.section	.debug_abbrev,"",%progbits
 531              	.Ldebug_abbrev0:
 532 0000 01       		.uleb128 0x1
 533 0001 11       		.uleb128 0x11
 534 0002 01       		.byte	0x1
 535 0003 25       		.uleb128 0x25
 536 0004 0E       		.uleb128 0xe
 537 0005 13       		.uleb128 0x13
 538 0006 0B       		.uleb128 0xb
 539 0007 03       		.uleb128 0x3
 540 0008 0E       		.uleb128 0xe
 541 0009 1B       		.uleb128 0x1b
 542 000a 0E       		.uleb128 0xe
 543 000b 55       		.uleb128 0x55
 544 000c 17       		.uleb128 0x17
 545 000d 11       		.uleb128 0x11
 546 000e 01       		.uleb128 0x1
 547 000f 10       		.uleb128 0x10
 548 0010 17       		.uleb128 0x17
 549 0011 00       		.byte	0
 550 0012 00       		.byte	0
 551 0013 02       		.uleb128 0x2
 552 0014 24       		.uleb128 0x24
 553 0015 00       		.byte	0
ARM GAS  C:\Users\PANXIA~1\AppData\Local\Temp\cc3RO1L3.s 			page 14


 554 0016 0B       		.uleb128 0xb
 555 0017 0B       		.uleb128 0xb
 556 0018 3E       		.uleb128 0x3e
 557 0019 0B       		.uleb128 0xb
 558 001a 03       		.uleb128 0x3
 559 001b 0E       		.uleb128 0xe
 560 001c 00       		.byte	0
 561 001d 00       		.byte	0
 562 001e 03       		.uleb128 0x3
 563 001f 24       		.uleb128 0x24
 564 0020 00       		.byte	0
 565 0021 0B       		.uleb128 0xb
 566 0022 0B       		.uleb128 0xb
 567 0023 3E       		.uleb128 0x3e
 568 0024 0B       		.uleb128 0xb
 569 0025 03       		.uleb128 0x3
 570 0026 08       		.uleb128 0x8
 571 0027 00       		.byte	0
 572 0028 00       		.byte	0
 573 0029 04       		.uleb128 0x4
 574 002a 16       		.uleb128 0x16
 575 002b 00       		.byte	0
 576 002c 03       		.uleb128 0x3
 577 002d 0E       		.uleb128 0xe
 578 002e 3A       		.uleb128 0x3a
 579 002f 0B       		.uleb128 0xb
 580 0030 3B       		.uleb128 0x3b
 581 0031 0B       		.uleb128 0xb
 582 0032 49       		.uleb128 0x49
 583 0033 13       		.uleb128 0x13
 584 0034 00       		.byte	0
 585 0035 00       		.byte	0
 586 0036 05       		.uleb128 0x5
 587 0037 16       		.uleb128 0x16
 588 0038 00       		.byte	0
 589 0039 03       		.uleb128 0x3
 590 003a 0E       		.uleb128 0xe
 591 003b 3A       		.uleb128 0x3a
 592 003c 0B       		.uleb128 0xb
 593 003d 3B       		.uleb128 0x3b
 594 003e 05       		.uleb128 0x5
 595 003f 49       		.uleb128 0x49
 596 0040 13       		.uleb128 0x13
 597 0041 00       		.byte	0
 598 0042 00       		.byte	0
 599 0043 06       		.uleb128 0x6
 600 0044 35       		.uleb128 0x35
 601 0045 00       		.byte	0
 602 0046 49       		.uleb128 0x49
 603 0047 13       		.uleb128 0x13
 604 0048 00       		.byte	0
 605 0049 00       		.byte	0
 606 004a 07       		.uleb128 0x7
 607 004b 2E       		.uleb128 0x2e
 608 004c 00       		.byte	0
 609 004d 3F       		.uleb128 0x3f
 610 004e 19       		.uleb128 0x19
ARM GAS  C:\Users\PANXIA~1\AppData\Local\Temp\cc3RO1L3.s 			page 15


 611 004f 03       		.uleb128 0x3
 612 0050 0E       		.uleb128 0xe
 613 0051 3A       		.uleb128 0x3a
 614 0052 0B       		.uleb128 0xb
 615 0053 3B       		.uleb128 0x3b
 616 0054 0B       		.uleb128 0xb
 617 0055 27       		.uleb128 0x27
 618 0056 19       		.uleb128 0x19
 619 0057 11       		.uleb128 0x11
 620 0058 01       		.uleb128 0x1
 621 0059 12       		.uleb128 0x12
 622 005a 06       		.uleb128 0x6
 623 005b 40       		.uleb128 0x40
 624 005c 18       		.uleb128 0x18
 625 005d 9742     		.uleb128 0x2117
 626 005f 19       		.uleb128 0x19
 627 0060 00       		.byte	0
 628 0061 00       		.byte	0
 629 0062 08       		.uleb128 0x8
 630 0063 2E       		.uleb128 0x2e
 631 0064 01       		.byte	0x1
 632 0065 3F       		.uleb128 0x3f
 633 0066 19       		.uleb128 0x19
 634 0067 03       		.uleb128 0x3
 635 0068 0E       		.uleb128 0xe
 636 0069 3A       		.uleb128 0x3a
 637 006a 0B       		.uleb128 0xb
 638 006b 3B       		.uleb128 0x3b
 639 006c 0B       		.uleb128 0xb
 640 006d 27       		.uleb128 0x27
 641 006e 19       		.uleb128 0x19
 642 006f 49       		.uleb128 0x49
 643 0070 13       		.uleb128 0x13
 644 0071 11       		.uleb128 0x11
 645 0072 01       		.uleb128 0x1
 646 0073 12       		.uleb128 0x12
 647 0074 06       		.uleb128 0x6
 648 0075 40       		.uleb128 0x40
 649 0076 18       		.uleb128 0x18
 650 0077 9642     		.uleb128 0x2116
 651 0079 19       		.uleb128 0x19
 652 007a 01       		.uleb128 0x1
 653 007b 13       		.uleb128 0x13
 654 007c 00       		.byte	0
 655 007d 00       		.byte	0
 656 007e 09       		.uleb128 0x9
 657 007f 05       		.uleb128 0x5
 658 0080 00       		.byte	0
 659 0081 03       		.uleb128 0x3
 660 0082 0E       		.uleb128 0xe
 661 0083 3A       		.uleb128 0x3a
 662 0084 0B       		.uleb128 0xb
 663 0085 3B       		.uleb128 0x3b
 664 0086 0B       		.uleb128 0xb
 665 0087 49       		.uleb128 0x49
 666 0088 13       		.uleb128 0x13
 667 0089 02       		.uleb128 0x2
ARM GAS  C:\Users\PANXIA~1\AppData\Local\Temp\cc3RO1L3.s 			page 16


 668 008a 18       		.uleb128 0x18
 669 008b 00       		.byte	0
 670 008c 00       		.byte	0
 671 008d 0A       		.uleb128 0xa
 672 008e 34       		.uleb128 0x34
 673 008f 00       		.byte	0
 674 0090 03       		.uleb128 0x3
 675 0091 0E       		.uleb128 0xe
 676 0092 3A       		.uleb128 0x3a
 677 0093 0B       		.uleb128 0xb
 678 0094 3B       		.uleb128 0x3b
 679 0095 0B       		.uleb128 0xb
 680 0096 49       		.uleb128 0x49
 681 0097 13       		.uleb128 0x13
 682 0098 02       		.uleb128 0x2
 683 0099 18       		.uleb128 0x18
 684 009a 00       		.byte	0
 685 009b 00       		.byte	0
 686 009c 0B       		.uleb128 0xb
 687 009d 34       		.uleb128 0x34
 688 009e 00       		.byte	0
 689 009f 03       		.uleb128 0x3
 690 00a0 08       		.uleb128 0x8
 691 00a1 3A       		.uleb128 0x3a
 692 00a2 0B       		.uleb128 0xb
 693 00a3 3B       		.uleb128 0x3b
 694 00a4 0B       		.uleb128 0xb
 695 00a5 49       		.uleb128 0x49
 696 00a6 13       		.uleb128 0x13
 697 00a7 02       		.uleb128 0x2
 698 00a8 18       		.uleb128 0x18
 699 00a9 00       		.byte	0
 700 00aa 00       		.byte	0
 701 00ab 0C       		.uleb128 0xc
 702 00ac 0F       		.uleb128 0xf
 703 00ad 00       		.byte	0
 704 00ae 0B       		.uleb128 0xb
 705 00af 0B       		.uleb128 0xb
 706 00b0 49       		.uleb128 0x49
 707 00b1 13       		.uleb128 0x13
 708 00b2 00       		.byte	0
 709 00b3 00       		.byte	0
 710 00b4 0D       		.uleb128 0xd
 711 00b5 26       		.uleb128 0x26
 712 00b6 00       		.byte	0
 713 00b7 49       		.uleb128 0x49
 714 00b8 13       		.uleb128 0x13
 715 00b9 00       		.byte	0
 716 00ba 00       		.byte	0
 717 00bb 0E       		.uleb128 0xe
 718 00bc 01       		.uleb128 0x1
 719 00bd 01       		.byte	0x1
 720 00be 49       		.uleb128 0x49
 721 00bf 13       		.uleb128 0x13
 722 00c0 00       		.byte	0
 723 00c1 00       		.byte	0
 724 00c2 0F       		.uleb128 0xf
ARM GAS  C:\Users\PANXIA~1\AppData\Local\Temp\cc3RO1L3.s 			page 17


 725 00c3 21       		.uleb128 0x21
 726 00c4 00       		.byte	0
 727 00c5 49       		.uleb128 0x49
 728 00c6 13       		.uleb128 0x13
 729 00c7 2F       		.uleb128 0x2f
 730 00c8 0B       		.uleb128 0xb
 731 00c9 00       		.byte	0
 732 00ca 00       		.byte	0
 733 00cb 00       		.byte	0
 734              		.section	.debug_aranges,"",%progbits
 735 0000 2C000000 		.4byte	0x2c
 736 0004 0200     		.2byte	0x2
 737 0006 00000000 		.4byte	.Ldebug_info0
 738 000a 04       		.byte	0x4
 739 000b 00       		.byte	0
 740 000c 0000     		.2byte	0
 741 000e 0000     		.2byte	0
 742 0010 00000000 		.4byte	.LFB0
 743 0014 08000000 		.4byte	.LFE0-.LFB0
 744 0018 00000000 		.4byte	.LFB1
 745 001c 08000000 		.4byte	.LFE1-.LFB1
 746 0020 00000000 		.4byte	.LFB2
 747 0024 78010000 		.4byte	.LFE2-.LFB2
 748 0028 00000000 		.4byte	0
 749 002c 00000000 		.4byte	0
 750              		.section	.debug_ranges,"",%progbits
 751              	.Ldebug_ranges0:
 752 0000 00000000 		.4byte	.LFB0
 753 0004 08000000 		.4byte	.LFE0
 754 0008 00000000 		.4byte	.LFB1
 755 000c 08000000 		.4byte	.LFE1
 756 0010 00000000 		.4byte	.LFB2
 757 0014 78010000 		.4byte	.LFE2
 758 0018 00000000 		.4byte	0
 759 001c 00000000 		.4byte	0
 760              		.section	.debug_line,"",%progbits
 761              	.Ldebug_line0:
 762 0000 C7000000 		.section	.debug_str,"MS",%progbits,1
 762      02004800 
 762      00000201 
 762      FB0E0D00 
 762      01010101 
 763              	.LASF31:
 764 0000 443A5C41 		.ascii	"D:\\A20_CANfestival\\posoc\\Em_EEPROM_Example01.cyd"
 764      32305F43 
 764      414E6665 
 764      73746976 
 764      616C5C70 
 765 0030 736E00   		.ascii	"sn\000"
 766              	.LASF30:
 767 0033 2E5C4765 		.ascii	".\\Generated_Source\\PSoC4\\Em_EEPROM.c\000"
 767      6E657261 
 767      7465645F 
 767      536F7572 
 767      63655C50 
 768              	.LASF17:
 769 0058 456D5F45 		.ascii	"Em_EEPROM_Start\000"
ARM GAS  C:\Users\PANXIA~1\AppData\Local\Temp\cc3RO1L3.s 			page 18


 769      4550524F 
 769      4D5F5374 
 769      61727400 
 770              	.LASF22:
 771 0068 77726974 		.ascii	"writeBuffer\000"
 771      65427566 
 771      66657200 
 772              	.LASF19:
 773 0074 73726342 		.ascii	"srcBuf\000"
 773      756600
 774              	.LASF3:
 775 007b 73686F72 		.ascii	"short unsigned int\000"
 775      7420756E 
 775      7369676E 
 775      65642069 
 775      6E7400
 776              	.LASF26:
 777 008e 73726349 		.ascii	"srcIndex\000"
 777      6E646578 
 777      00
 778              	.LASF28:
 779 0097 62797465 		.ascii	"byteOffset\000"
 779      4F666673 
 779      657400
 780              	.LASF11:
 781 00a2 666C6F61 		.ascii	"float\000"
 781      7400
 782              	.LASF1:
 783 00a8 756E7369 		.ascii	"unsigned char\000"
 783      676E6564 
 783      20636861 
 783      7200
 784              	.LASF18:
 785 00b6 456D5F45 		.ascii	"Em_EEPROM_Stop\000"
 785      4550524F 
 785      4D5F5374 
 785      6F7000
 786              	.LASF15:
 787 00c5 72656738 		.ascii	"reg8\000"
 787      00
 788              	.LASF5:
 789 00ca 6C6F6E67 		.ascii	"long unsigned int\000"
 789      20756E73 
 789      69676E65 
 789      6420696E 
 789      7400
 790              	.LASF32:
 791 00dc 456D5F45 		.ascii	"Em_EEPROM_Write\000"
 791      4550524F 
 791      4D5F5772 
 791      69746500 
 792              	.LASF9:
 793 00ec 75696E74 		.ascii	"uint8\000"
 793      3800
 794              	.LASF23:
 795 00f2 61727261 		.ascii	"arrayId\000"
 795      79496400 
ARM GAS  C:\Users\PANXIA~1\AppData\Local\Temp\cc3RO1L3.s 			page 19


 796              	.LASF21:
 797 00fa 62797465 		.ascii	"byteCount\000"
 797      436F756E 
 797      7400
 798              	.LASF25:
 799 0104 64737449 		.ascii	"dstIndex\000"
 799      6E646578 
 799      00
 800              	.LASF12:
 801 010d 646F7562 		.ascii	"double\000"
 801      6C6500
 802              	.LASF29:
 803 0114 474E5520 		.ascii	"GNU C 4.9.3 20150303 (release) [ARM/embedded-4_9-br"
 803      4320342E 
 803      392E3320 
 803      32303135 
 803      30333033 
 804 0147 616E6368 		.ascii	"anch revision 221220] -mcpu=cortex-m0 -mthumb -g -O"
 804      20726576 
 804      6973696F 
 804      6E203232 
 804      31323230 
 805 017a 30202D66 		.ascii	"0 -ffunction-sections -ffat-lto-objects\000"
 805      66756E63 
 805      74696F6E 
 805      2D736563 
 805      74696F6E 
 806              	.LASF14:
 807 01a2 63797374 		.ascii	"cystatus\000"
 807      61747573 
 807      00
 808              	.LASF10:
 809 01ab 75696E74 		.ascii	"uint32\000"
 809      333200
 810              	.LASF8:
 811 01b2 756E7369 		.ascii	"unsigned int\000"
 811      676E6564 
 811      20696E74 
 811      00
 812              	.LASF7:
 813 01bf 6C6F6E67 		.ascii	"long long unsigned int\000"
 813      206C6F6E 
 813      6720756E 
 813      7369676E 
 813      65642069 
 814              	.LASF24:
 815 01d6 726F7749 		.ascii	"rowId\000"
 815      6400
 816              	.LASF16:
 817 01dc 73697A65 		.ascii	"sizetype\000"
 817      74797065 
 817      00
 818              	.LASF6:
 819 01e5 6C6F6E67 		.ascii	"long long int\000"
 819      206C6F6E 
 819      6720696E 
 819      7400
ARM GAS  C:\Users\PANXIA~1\AppData\Local\Temp\cc3RO1L3.s 			page 20


 820              	.LASF13:
 821 01f3 63686172 		.ascii	"char\000"
 821      00
 822              	.LASF20:
 823 01f8 65657072 		.ascii	"eepromPtr\000"
 823      6F6D5074 
 823      7200
 824              	.LASF2:
 825 0202 73686F72 		.ascii	"short int\000"
 825      7420696E 
 825      7400
 826              	.LASF4:
 827 020c 6C6F6E67 		.ascii	"long int\000"
 827      20696E74 
 827      00
 828              	.LASF27:
 829 0215 65654F66 		.ascii	"eeOffset\000"
 829      66736574 
 829      00
 830              	.LASF0:
 831 021e 7369676E 		.ascii	"signed char\000"
 831      65642063 
 831      68617200 
 832              		.ident	"GCC: (GNU Tools for ARM Embedded Processors) 4.9.3 20150303 (release) [ARM/embedded-4_9-br
