Archive member included because of file (symbol)

.\CortexM3\ARM_GCC_493\Debug\A66_canfestival_bootload.a(cyfitter_cfg.o)
                              .\CortexM3\ARM_GCC_493\Debug\Cm3Start.o (cyfitter_cfg)
.\CortexM3\ARM_GCC_493\Debug\A66_canfestival_bootload.a(Bootloader_1.o)
                              .\CortexM3\ARM_GCC_493\Debug\Cm3Start.o (CyBtldr_CheckLaunch)
.\CortexM3\ARM_GCC_493\Debug\A66_canfestival_bootload.a(USBFS_1_boot.o)
                              .\CortexM3\ARM_GCC_493\Debug\A66_canfestival_bootload.a(Bootloader_1.o) (USBFS_1_CyBtldrCommStart)
.\CortexM3\ARM_GCC_493\Debug\A66_canfestival_bootload.a(CyBootAsmGnu.o)
                              .\CortexM3\ARM_GCC_493\Debug\A66_canfestival_bootload.a(cyfitter_cfg.o) (CyDelayCycles)
.\CortexM3\ARM_GCC_493\Debug\A66_canfestival_bootload.a(CyFlash.o)
                              .\CortexM3\ARM_GCC_493\Debug\A66_canfestival_bootload.a(Bootloader_1.o) (CySetTemp)
.\CortexM3\ARM_GCC_493\Debug\A66_canfestival_bootload.a(CyLib.o)
                              .\CortexM3\ARM_GCC_493\Debug\Cm3Start.o (CyHalt)
.\CortexM3\ARM_GCC_493\Debug\A66_canfestival_bootload.a(cyPm.o)
                              .\CortexM3\ARM_GCC_493\Debug\A66_canfestival_bootload.a(CyLib.o) (CyPmReadStatus)
.\CortexM3\ARM_GCC_493\Debug\A66_canfestival_bootload.a(CySpc.o)
                              .\CortexM3\ARM_GCC_493\Debug\A66_canfestival_bootload.a(CyFlash.o) (CySpcStart)
.\CortexM3\ARM_GCC_493\Debug\A66_canfestival_bootload.a(USBFS_1.o)
                              .\CortexM3\ARM_GCC_493\Debug\A66_canfestival_bootload.a(USBFS_1_boot.o) (USBFS_1_Start)
.\CortexM3\ARM_GCC_493\Debug\A66_canfestival_bootload.a(USBFS_1_drv.o)
                              .\CortexM3\ARM_GCC_493\Debug\A66_canfestival_bootload.a(USBFS_1.o) (USBFS_1_lastPacketSize)
.\CortexM3\ARM_GCC_493\Debug\A66_canfestival_bootload.a(USBFS_1_episr.o)
                              .\CortexM3\ARM_GCC_493\Debug\A66_canfestival_bootload.a(USBFS_1.o) (USBFS_1_EP_1_ISR)
.\CortexM3\ARM_GCC_493\Debug\A66_canfestival_bootload.a(USBFS_1_hid.o)
                              .\CortexM3\ARM_GCC_493\Debug\A66_canfestival_bootload.a(USBFS_1.o) (USBFS_1_hidProtocol)
.\CortexM3\ARM_GCC_493\Debug\A66_canfestival_bootload.a(USBFS_1_std.o)
                              .\CortexM3\ARM_GCC_493\Debug\A66_canfestival_bootload.a(USBFS_1_hid.o) (USBFS_1_GetConfigTablePtr)
.\CortexM3\ARM_GCC_493\Debug\A66_canfestival_bootload.a(USBFS_1_vnd.o)
                              .\CortexM3\ARM_GCC_493\Debug\A66_canfestival_bootload.a(USBFS_1_drv.o) (USBFS_1_HandleVendorRqst)
.\CortexM3\ARM_GCC_493\Debug\A66_canfestival_bootload.a(USBFS_1_cls.o)
                              .\CortexM3\ARM_GCC_493\Debug\A66_canfestival_bootload.a(USBFS_1_drv.o) (USBFS_1_DispatchClassRqst)
.\CortexM3\ARM_GCC_493\Debug\A66_canfestival_bootload.a(USBFS_1_descr.o)
                              .\CortexM3\ARM_GCC_493\Debug\A66_canfestival_bootload.a(USBFS_1_std.o) (USBFS_1_TABLE)
c:/program files (x86)/cypress/psoc creator/3.3/psoc creator/import/gnu/arm/4.9.3/bin/../lib/gcc/arm-none-eabi/4.9.3/../../../../arm-none-eabi/lib/armv7-m\libg_nano.a(lib_a-errno.o)
                              .\CortexM3\ARM_GCC_493\Debug\Cm3Start.o (__errno)
c:/program files (x86)/cypress/psoc creator/3.3/psoc creator/import/gnu/arm/4.9.3/bin/../lib/gcc/arm-none-eabi/4.9.3/../../../../arm-none-eabi/lib/armv7-m\libg_nano.a(lib_a-exit.o)
                              c:/program files (x86)/cypress/psoc creator/3.3/psoc creator/import/gnu/arm/4.9.3/bin/../lib/gcc/arm-none-eabi/4.9.3/../../../../arm-none-eabi/lib/armv7-m/crt0.o (exit)
c:/program files (x86)/cypress/psoc creator/3.3/psoc creator/import/gnu/arm/4.9.3/bin/../lib/gcc/arm-none-eabi/4.9.3/../../../../arm-none-eabi/lib/armv7-m\libg_nano.a(lib_a-impure.o)
                              c:/program files (x86)/cypress/psoc creator/3.3/psoc creator/import/gnu/arm/4.9.3/bin/../lib/gcc/arm-none-eabi/4.9.3/../../../../arm-none-eabi/lib/armv7-m\libg_nano.a(lib_a-exit.o) (_global_impure_ptr)
c:/program files (x86)/cypress/psoc creator/3.3/psoc creator/import/gnu/arm/4.9.3/bin/../lib/gcc/arm-none-eabi/4.9.3/../../../../arm-none-eabi/lib/armv7-m\libg_nano.a(lib_a-init.o)
                              c:/program files (x86)/cypress/psoc creator/3.3/psoc creator/import/gnu/arm/4.9.3/bin/../lib/gcc/arm-none-eabi/4.9.3/../../../../arm-none-eabi/lib/armv7-m/crt0.o (__libc_init_array)
c:/program files (x86)/cypress/psoc creator/3.3/psoc creator/import/gnu/arm/4.9.3/bin/../lib/gcc/arm-none-eabi/4.9.3/../../../../arm-none-eabi/lib/armv7-m\libg_nano.a(lib_a-memcpy.o)
                              .\CortexM3\ARM_GCC_493\Debug\A66_canfestival_bootload.a(cyfitter_cfg.o) (memcpy)
c:/program files (x86)/cypress/psoc creator/3.3/psoc creator/import/gnu/arm/4.9.3/bin/../lib/gcc/arm-none-eabi/4.9.3/../../../../arm-none-eabi/lib/armv7-m\libg_nano.a(lib_a-memset.o)
[...]
Memory Configuration

Name             Origin             Length             Attributes
rom              0x00000000         0x00040000         xr
ram              0x1fff8000         0x00010000         xrw
*default*        0x00000000         0xffffffff

Linker script and memory map

LOAD c:/program files (x86)/cypress/psoc creator/3.3/psoc creator/import/gnu/arm/4.9.3/bin/../lib/gcc/arm-none-eabi/4.9.3/armv7-m/crti.o
LOAD c:/program files (x86)/cypress/psoc creator/3.3/psoc creator/import/gnu/arm/4.9.3/bin/../lib/gcc/arm-none-eabi/4.9.3/armv7-m/crtbegin.o
LOAD c:/program files (x86)/cypress/psoc creator/3.3/psoc creator/import/gnu/arm/4.9.3/bin/../lib/gcc/arm-none-eabi/4.9.3/../../../../arm-none-eabi/lib/armv7-m/crt0.o
START GROUP
LOAD .\CortexM3\ARM_GCC_493\Debug\main.o
LOAD .\CortexM3\ARM_GCC_493\Debug\cymetadata.o
LOAD .\CortexM3\ARM_GCC_493\Debug\Cm3Start.o
LOAD .\CortexM3\ARM_GCC_493\Debug\A66_canfestival_bootload.a
LOAD C:\Program Files (x86)\Cypress\PSoC Creator\3.3\PSoC Creator\psoc\content\cycomponentlibrary\CyComponentLibrary.cylib\CortexM3\ARM_GCC_493\Debug\CyComponentLibrary.a
END GROUP
START GROUP
LOAD c:/program files (x86)/cypress/psoc creator/3.3/psoc creator/import/gnu/arm/4.9.3/bin/../lib/gcc/arm-none-eabi/4.9.3/armv7-m\libgcc.a
LOAD c:/program files (x86)/cypress/psoc creator/3.3/psoc creator/import/gnu/arm/4.9.3/bin/../lib/gcc/arm-none-eabi/4.9.3/../../../../arm-none-eabi/lib/armv7-m\libg_nano.a
LOAD c:/program files (x86)/cypress/psoc creator/3.3/psoc creator/import/gnu/arm/4.9.3/bin/../lib/gcc/arm-none-eabi/4.9.3/../../../../arm-none-eabi/lib/armv7-m\libc_nano.a
END GROUP
START GROUP
LOAD c:/program files (x86)/cypress/psoc creator/3.3/psoc creator/import/gnu/arm/4.9.3/bin/../lib/gcc/arm-none-eabi/4.9.3/armv7-m\libgcc.a
LOAD c:/program files (x86)/cypress/psoc creator/3.3/psoc creator/import/gnu/arm/4.9.3/bin/../lib/gcc/arm-none-eabi/4.9.3/../../../../arm-none-eabi/lib/armv7-m\libc_nano.a
END GROUP
LOAD c:/program files (x86)/cypress/psoc creator/3.3/psoc creator/import/gnu/arm/4.9.3/bin/../lib/gcc/arm-none-eabi/4.9.3/armv7-m/crtend.o
LOAD c:/program files (x86)/cypress/psoc creator/3.3/psoc creator/import/gnu/arm/4.9.3/bin/../lib/gcc/arm-none-eabi/4.9.3/armv7-m/crtn.o
START GROUP
LOAD c:/program files (x86)/cypress/psoc creator/3.3/psoc creator/import/gnu/arm/4.9.3/bin/../lib/gcc/arm-none-eabi/4.9.3/armv7-m\libgcc.a
LOAD c:/program files (x86)/cypress/psoc creator/3.3/psoc creator/import/gnu/arm/4.9.3/bin/../lib/gcc/arm-none-eabi/4.9.3/../../../../arm-none-eabi/lib/armv7-m\libc.a
LOAD c:/program files (x86)/cypress/psoc creator/3.3/psoc creator/import/gnu/arm/4.9.3/bin/../lib/gcc/arm-none-eabi/4.9.3/../../../../arm-none-eabi/lib/armv7-m\libnosys.a
END GROUP
                0x00000000                CY_APPL_ORIGIN = 0x0
                0x00000100                CY_FLASH_ROW_SIZE = 0x100
                0x00000020                CY_ECC_ROW_SIZE = 0x20
                0x00000000                CY_EE_IN_BTLDR = 0x0
                0x00000000                CY_APPL_LOADABLE = 0x0
                0x00000800                CY_EE_SIZE = 0x800
                0x00000001                CY_APPL_NUM = 0x1
                0x00000001                CY_APPL_MAX = 0x1
                0x00000040                CY_METADATA_SIZE = 0x40
                0x00000000                CY_APPL_LOADABLE = 0x0
                0x00000000                CY_CHECKSUM_EXCLUDE_SIZE = ALIGN (0x0, CY_FLASH_ROW_SIZE)
                0x1fff8290                PROVIDE (__cy_heap_start, _end)
                0x00000001                PROVIDE (__cy_region_num, ((__cy_regions_end - __cy_regions) / 0x10))
                0x20008000                PROVIDE (__cy_stack, (ORIGIN (ram) + 0x10000))
                0x20007800                PROVIDE (__cy_heap_end, (__cy_stack - 0x800))

.cybootloader   0x00000000        0x0
 *(.cybootloader)
                0x00000000                appl1_start = CY_APPL_ORIGIN?CY_APPL_ORIGIN:ALIGN (CY_FLASH_ROW_SIZE)
                0x0001ff00                appl2_start = (appl1_start + ALIGN ((((0x40000 - appl1_start) - (0x2 * CY_FLASH_ROW_SIZE)) / 0x2), CY_FLASH_ROW_SIZE))
                0x00000000                appl_start = (CY_APPL_NUM == 0x1)?appl1_start:appl2_start
                0x00000000                ecc_offset = ((appl_start / CY_FLASH_ROW_SIZE) * CY_ECC_ROW_SIZE)
                0x00000000                ee_offset = (CY_APPL_LOADABLE && ! (CY_EE_IN_BTLDR))?((CY_EE_SIZE / CY_APPL_MAX) * (CY_APPL_NUM - 0x1)):0x0
                0x00000800                ee_size = (CY_APPL_LOADABLE && ! (CY_EE_IN_BTLDR))?(CY_EE_SIZE / CY_APPL_MAX):CY_EE_SIZE
                0x00000000                PROVIDE (CY_ECC_OFFSET, ecc_offset)

.text           0x00000000     0x25c4
 CREATE_OBJECT_SYMBOLS
                0x00000000                PROVIDE (__cy_interrupt_vector, RomVectors)
 *(.romvectors)
 .romvectors    0x00000000       0x10 .\CortexM3\ARM_GCC_493\Debug\Cm3Start.o
                0x00000000                RomVectors
                0x00000001                ASSERT ((. != __cy_interrupt_vector), No interrupt vector)
                0x00000001                ASSERT (CY_APPL_ORIGIN?(SIZEOF (.cybootloader) <= CY_APPL_ORIGIN):0x1, Wrong image location)
                0x00000010                PROVIDE (__cy_reset, Reset)
 *(.text.Reset)
 .text.Reset    0x00000010       0x1c .\CortexM3\ARM_GCC_493\Debug\Cm3Start.o
                0x00000010                Reset
                0x00000001                ASSERT ((. != __cy_reset), No reset code)
 *(.dma_init)
                0x00000001                ASSERT ((((appl_start + .) <= 0x10000) || 0x1), DMA Init must be within the first 64k of flash)
 *(.text .text.* .gnu.linkonce.t.*)
 .text          0x0000002c       0x5c c:/program files (x86)/cypress/psoc creator/3.3/psoc creator/import/gnu/arm/4.9.3/bin/../lib/gcc/arm-none-eabi/4.9.3/armv7-m/crtbegin.o
 .text.main     0x00000088        0xc .\CortexM3\ARM_GCC_493\Debug\main.o
                0x00000088                main
 .text.IntDefaultHandler
                0x00000094        0x4 .\CortexM3\ARM_GCC_493\Debug\Cm3Start.o
                0x00000094                IntDefaultHandler
 .text.Start_c  0x00000098       0x4c .\CortexM3\ARM_GCC_493\Debug\Cm3Start.o
                0x00000098                Start_c
 .text.initialize_psoc
                0x000000e4       0x74 .\CortexM3\ARM_GCC_493\Debug\Cm3Start.o
                0x000000e4                initialize_psoc
 .text.CyClockStartupError
                0x00000158        0x4 .\CortexM3\ARM_GCC_493\Debug\A66_canfestival_bootload.a(cyfitter_cfg.o)
 .text.cfg_write_bytes32
                0x0000015c       0x34 .\CortexM3\ARM_GCC_493\Debug\A66_canfestival_bootload.a(cyfitter_cfg.o)
 .text.AnalogSetDefault
                0x00000190       0x28 .\CortexM3\ARM_GCC_493\Debug\A66_canfestival_bootload.a(cyfitter_cfg.o)
 .text.CYMEMZERO
                0x000001b8        0xc .\CortexM3\ARM_GCC_493\Debug\A66_canfestival_bootload.a(cyfitter_cfg.o)
 .text.CYCONFIGCPYCODE
                0x000001c4        0x8 .\CortexM3\ARM_GCC_493\Debug\A66_canfestival_bootload.a(cyfitter_cfg.o)
 .text.CYCONFIGCPY
                0x000001cc        0x8 .\CortexM3\ARM_GCC_493\Debug\A66_canfestival_bootload.a(cyfitter_cfg.o)
 .text.ClockSetup
                0x000001d4       0xa0 .\CortexM3\ARM_GCC_493\Debug\A66_canfestival_bootload.a(cyfitter_cfg.o)
 .text.cyfitter_cfg
                0x00000274       0xd0 .\CortexM3\ARM_GCC_493\Debug\A66_canfestival_bootload.a(cyfitter_cfg.o)
                0x00000274                cyfitter_cfg
 .text.Bootloader_1_CalcPacketChecksum
                0x00000344       0x1c .\CortexM3\ARM_GCC_493\Debug\A66_canfestival_bootload.a(Bootloader_1.o)
 .text.Bootloader_1_LaunchBootloadable
                0x00000360        0x4 .\CortexM3\ARM_GCC_493\Debug\A66_canfestival_bootload.a(Bootloader_1.o)
 .text.Bootloader_1_LaunchApplication
                0x00000364       0x14 .\CortexM3\ARM_GCC_493\Debug\A66_canfestival_bootload.a(Bootloader_1.o)
 .text.Bootloader_1_WritePacket
                0x00000378       0x54 .\CortexM3\ARM_GCC_493\Debug\A66_canfestival_bootload.a(Bootloader_1.o)
 .text.Bootloader_1_Calc8BitSum
                0x000003cc       0x30 .\CortexM3\ARM_GCC_493\Debug\A66_canfestival_bootload.a(Bootloader_1.o)
                0x000003cc                Bootloader_1_Calc8BitSum
 .text.Bootloader_1_GetMetadata
                0x000003fc       0xf4 .\CortexM3\ARM_GCC_493\Debug\A66_canfestival_bootload.a(Bootloader_1.o)
                0x000003fc                Bootloader_1_GetMetadata
 .text.CyBtldr_CheckLaunch
                0x000004f0       0x30 .\CortexM3\ARM_GCC_493\Debug\A66_canfestival_bootload.a(Bootloader_1.o)
                0x000004f0                CyBtldr_CheckLaunch
 .text.Bootloader_1_ValidateBootloadable
                0x00000520       0x94 .\CortexM3\ARM_GCC_493\Debug\A66_canfestival_bootload.a(Bootloader_1.o)
                0x00000520                Bootloader_1_ValidateBootloadable
 .text.Bootloader_1_HostLink
                0x000005b4      0x3d0 .\CortexM3\ARM_GCC_493\Debug\A66_canfestival_bootload.a(Bootloader_1.o)
 .text.Bootloader_1_Start
                0x00000984       0x68 .\CortexM3\ARM_GCC_493\Debug\A66_canfestival_bootload.a(Bootloader_1.o)
                0x00000984                Bootloader_1_Start
 .text.USBFS_1_CyBtldrCommStart
                0x000009ec       0x18 .\CortexM3\ARM_GCC_493\Debug\A66_canfestival_bootload.a(USBFS_1_boot.o)
                0x000009ec                USBFS_1_CyBtldrCommStart
 .text.USBFS_1_CyBtldrCommReset
                0x00000a04        0xc .\CortexM3\ARM_GCC_493\Debug\A66_canfestival_bootload.a(USBFS_1_boot.o)
                0x00000a04                USBFS_1_CyBtldrCommReset
 .text.USBFS_1_CyBtldrCommWrite
                0x00000a10       0x44 .\CortexM3\ARM_GCC_493\Debug\A66_canfestival_bootload.a(USBFS_1_boot.o)
                0x00000a10                USBFS_1_CyBtldrCommWrite
 .text.USBFS_1_CyBtldrCommRead
                0x00000a54       0xa0 .\CortexM3\ARM_GCC_493\Debug\A66_canfestival_bootload.a(USBFS_1_boot.o)
                0x00000a54                USBFS_1_CyBtldrCommRead
 *fill*         0x00000af4        0x4 
 .text          0x00000af8       0x20 .\CortexM3\ARM_GCC_493\Debug\A66_canfestival_bootload.a(CyBootAsmGnu.o)
                0x00000af8                CyDelayCycles
                0x00000b08                CyEnterCriticalSection
                0x00000b10                CyExitCriticalSection
 .text.CyFlashGetSpcAlgorithm
                0x00000b18       0x4c .\CortexM3\ARM_GCC_493\Debug\A66_canfestival_bootload.a(CyFlash.o)
 .text.CySetTempInt
                0x00000b64       0x60 .\CortexM3\ARM_GCC_493\Debug\A66_canfestival_bootload.a(CyFlash.o)
 .text.CySetTemp
                0x00000bc4       0x14 .\CortexM3\ARM_GCC_493\Debug\A66_canfestival_bootload.a(CyFlash.o)
                0x00000bc4                CySetTemp
 .text.CyWriteRowFull
                0x00000bd8       0xf8 .\CortexM3\ARM_GCC_493\Debug\A66_canfestival_bootload.a(CyFlash.o)
                0x00000bd8                CyWriteRowFull
 .text.CyEEPROM_Start
                0x00000cd0       0x54 .\CortexM3\ARM_GCC_493\Debug\A66_canfestival_bootload.a(CyFlash.o)
                0x00000cd0                CyEEPROM_Start
 .text.CyHalt   0x00000d24        0x4 .\CortexM3\ARM_GCC_493\Debug\A66_canfestival_bootload.a(CyLib.o)
                0x00000d24                CyHalt
 .text.CySoftwareReset
                0x00000d28       0x10 .\CortexM3\ARM_GCC_493\Debug\A66_canfestival_bootload.a(CyLib.o)
                0x00000d28                CySoftwareReset
 .text.CyDelay  0x00000d38       0x2c .\CortexM3\ARM_GCC_493\Debug\A66_canfestival_bootload.a(CyLib.o)
                0x00000d38                CyDelay
 .text.CyDelayUs
                0x00000d64       0x14 .\CortexM3\ARM_GCC_493\Debug\A66_canfestival_bootload.a(CyLib.o)
                0x00000d64                CyDelayUs
 .text.CyFlushCache
                0x00000d78       0x44 .\CortexM3\ARM_GCC_493\Debug\A66_canfestival_bootload.a(CyLib.o)
                0x00000d78                CyFlushCache
 .text.CyIntSetVector
                0x00000dbc       0x28 .\CortexM3\ARM_GCC_493\Debug\A66_canfestival_bootload.a(CyLib.o)
                0x00000dbc                CyIntSetVector
 .text.CyIntSetPriority
                0x00000de4       0x30 .\CortexM3\ARM_GCC_493\Debug\A66_canfestival_bootload.a(CyLib.o)
                0x00000de4                CyIntSetPriority
 .text.CySpcStart
                0x00000e14       0x24 .\CortexM3\ARM_GCC_493\Debug\A66_canfestival_bootload.a(CySpc.o)
                0x00000e14                CySpcStart
 .text.CySpcReadData
                0x00000e38       0x34 .\CortexM3\ARM_GCC_493\Debug\A66_canfestival_bootload.a(CySpc.o)
                0x00000e38                CySpcReadData
 .text.CySpcLoadRowFull
                0x00000e6c       0x80 .\CortexM3\ARM_GCC_493\Debug\A66_canfestival_bootload.a(CySpc.o)
                0x00000e6c                CySpcLoadRowFull
 .text.CySpcWriteRow
                0x00000eec       0x4c .\CortexM3\ARM_GCC_493\Debug\A66_canfestival_bootload.a(CySpc.o)
                0x00000eec                CySpcWriteRow
 .text.CySpcGetTemp
                0x00000f38       0x3c .\CortexM3\ARM_GCC_493\Debug\A66_canfestival_bootload.a(CySpc.o)
                0x00000f38                CySpcGetTemp
 .text.CySpcLock
                0x00000f74       0x4c .\CortexM3\ARM_GCC_493\Debug\A66_canfestival_bootload.a(CySpc.o)
                0x00000f74                CySpcLock
 .text.CySpcUnlock
                0x00000fc0       0x38 .\CortexM3\ARM_GCC_493\Debug\A66_canfestival_bootload.a(CySpc.o)
                0x00000fc0                CySpcUnlock
 .text.CySpcGetAlgorithm
                0x00000ff8       0x28 .\CortexM3\ARM_GCC_493\Debug\A66_canfestival_bootload.a(CySpc.o)
                0x00000ff8                CySpcGetAlgorithm
 .text.USBFS_1_Init
                0x00001020      0x118 .\CortexM3\ARM_GCC_493\Debug\A66_canfestival_bootload.a(USBFS_1.o)
                0x00001020                USBFS_1_Init
 .text.USBFS_1_InitComponent
                0x00001138       0xbc .\CortexM3\ARM_GCC_493\Debug\A66_canfestival_bootload.a(USBFS_1.o)
                0x00001138                USBFS_1_InitComponent
 .text.USBFS_1_Start
                0x000011f4       0x24 .\CortexM3\ARM_GCC_493\Debug\A66_canfestival_bootload.a(USBFS_1.o)
                0x000011f4                USBFS_1_Start
 .text.USBFS_1_ReInitComponent
                0x00001218       0x64 .\CortexM3\ARM_GCC_493\Debug\A66_canfestival_bootload.a(USBFS_1.o)
                0x00001218                USBFS_1_ReInitComponent
 .text.USBFS_1_GetConfiguration
                0x0000127c        0xc .\CortexM3\ARM_GCC_493\Debug\A66_canfestival_bootload.a(USBFS_1.o)
                0x0000127c                USBFS_1_GetConfiguration
 .text.USBFS_1_IsConfigurationChanged
                0x00001288       0x20 .\CortexM3\ARM_GCC_493\Debug\A66_canfestival_bootload.a(USBFS_1.o)
                0x00001288                USBFS_1_IsConfigurationChanged
 .text.USBFS_1_GetEPState
                0x000012a8       0x14 .\CortexM3\ARM_GCC_493\Debug\A66_canfestival_bootload.a(USBFS_1.o)
                0x000012a8                USBFS_1_GetEPState
 .text.USBFS_1_GetEPCount
                0x000012bc       0x2c .\CortexM3\ARM_GCC_493\Debug\A66_canfestival_bootload.a(USBFS_1.o)
                0x000012bc                USBFS_1_GetEPCount
 .text.USBFS_1_LoadInEP
                0x000012e8       0x90 .\CortexM3\ARM_GCC_493\Debug\A66_canfestival_bootload.a(USBFS_1.o)
                0x000012e8                USBFS_1_LoadInEP
 .text.USBFS_1_EnableOutEP
                0x00001378       0x30 .\CortexM3\ARM_GCC_493\Debug\A66_canfestival_bootload.a(USBFS_1.o)
                0x00001378                USBFS_1_EnableOutEP
 .text.USBFS_1_ReadOutEP
                0x000013a8       0x50 .\CortexM3\ARM_GCC_493\Debug\A66_canfestival_bootload.a(USBFS_1.o)
                0x000013a8                USBFS_1_ReadOutEP
 .text.USBFS_1_LoadEP0
                0x000013f8       0x98 .\CortexM3\ARM_GCC_493\Debug\A66_canfestival_bootload.a(USBFS_1_drv.o)
                0x000013f8                USBFS_1_LoadEP0
 .text.USBFS_1_InitZeroLengthControlTransfer
                0x00001490       0x34 .\CortexM3\ARM_GCC_493\Debug\A66_canfestival_bootload.a(USBFS_1_drv.o)
                0x00001490                USBFS_1_InitZeroLengthControlTransfer
 .text.USBFS_1_ControlReadDataStage
                0x000014c4        0x8 .\CortexM3\ARM_GCC_493\Debug\A66_canfestival_bootload.a(USBFS_1_drv.o)
                0x000014c4                USBFS_1_ControlReadDataStage
 .text.USBFS_1_ControlWriteDataStage
                0x000014cc       0x84 .\CortexM3\ARM_GCC_493\Debug\A66_canfestival_bootload.a(USBFS_1_drv.o)
                0x000014cc                USBFS_1_ControlWriteDataStage
 .text.USBFS_1_InitNoDataControlTransfer
                0x00001550       0x2c .\CortexM3\ARM_GCC_493\Debug\A66_canfestival_bootload.a(USBFS_1_drv.o)
                0x00001550                USBFS_1_InitNoDataControlTransfer
 .text.USBFS_1_UpdateStatusBlock
                0x0000157c       0x24 .\CortexM3\ARM_GCC_493\Debug\A66_canfestival_bootload.a(USBFS_1_drv.o)
                0x0000157c                USBFS_1_UpdateStatusBlock
 .text.USBFS_1_HandleSetup
                0x000015a0       0x5c .\CortexM3\ARM_GCC_493\Debug\A66_canfestival_bootload.a(USBFS_1_drv.o)
                0x000015a0                USBFS_1_HandleSetup
 .text.USBFS_1_ControlReadStatusStage
                0x000015fc       0x34 .\CortexM3\ARM_GCC_493\Debug\A66_canfestival_bootload.a(USBFS_1_drv.o)
                0x000015fc                USBFS_1_ControlReadStatusStage
 .text.USBFS_1_HandleOUT
                0x00001630       0x38 .\CortexM3\ARM_GCC_493\Debug\A66_canfestival_bootload.a(USBFS_1_drv.o)
                0x00001630                USBFS_1_HandleOUT
 .text.USBFS_1_ControlWriteStatusStage
                0x00001668       0x20 .\CortexM3\ARM_GCC_493\Debug\A66_canfestival_bootload.a(USBFS_1_drv.o)
                0x00001668                USBFS_1_ControlWriteStatusStage
 .text.USBFS_1_NoDataControlStatusStage
                0x00001688       0x40 .\CortexM3\ARM_GCC_493\Debug\A66_canfestival_bootload.a(USBFS_1_drv.o)
                0x00001688                USBFS_1_NoDataControlStatusStage
 .text.USBFS_1_HandleIN
                0x000016c8       0x2c .\CortexM3\ARM_GCC_493\Debug\A66_canfestival_bootload.a(USBFS_1_drv.o)
                0x000016c8                USBFS_1_HandleIN
 .text.USBFS_1_EP_0_ISR
                0x000016f4       0xb8 .\CortexM3\ARM_GCC_493\Debug\A66_canfestival_bootload.a(USBFS_1_drv.o)
                0x000016f4                USBFS_1_EP_0_ISR
 .text.USBFS_1_InitializeStatusBlock
                0x000017ac       0x24 .\CortexM3\ARM_GCC_493\Debug\A66_canfestival_bootload.a(USBFS_1_drv.o)
                0x000017ac                USBFS_1_InitializeStatusBlock
 .text.USBFS_1_InitControlRead
                0x000017d0       0x54 .\CortexM3\ARM_GCC_493\Debug\A66_canfestival_bootload.a(USBFS_1_drv.o)
                0x000017d0                USBFS_1_InitControlRead
 .text.USBFS_1_InitControlWrite
                0x00001824       0x4c .\CortexM3\ARM_GCC_493\Debug\A66_canfestival_bootload.a(USBFS_1_drv.o)
                0x00001824                USBFS_1_InitControlWrite
 .text.USBFS_1_EP_1_ISR
                0x00001870       0x38 .\CortexM3\ARM_GCC_493\Debug\A66_canfestival_bootload.a(USBFS_1_episr.o)
                0x00001870                USBFS_1_EP_1_ISR
 .text.USBFS_1_EP_2_ISR
                0x000018a8       0x38 .\CortexM3\ARM_GCC_493\Debug\A66_canfestival_bootload.a(USBFS_1_episr.o)
                0x000018a8                USBFS_1_EP_2_ISR
 .text.USBFS_1_SOF_ISR
                0x000018e0        0x4 .\CortexM3\ARM_GCC_493\Debug\A66_canfestival_bootload.a(USBFS_1_episr.o)
                0x000018e0                USBFS_1_SOF_ISR
 .text.USBFS_1_BUS_RESET_ISR
                0x000018e4        0x8 .\CortexM3\ARM_GCC_493\Debug\A66_canfestival_bootload.a(USBFS_1_episr.o)
                0x000018e4                USBFS_1_BUS_RESET_ISR
 .text.USBFS_1_FindHidClassDecriptor
                0x000018ec       0x40 .\CortexM3\ARM_GCC_493\Debug\A66_canfestival_bootload.a(USBFS_1_hid.o)
                0x000018ec                USBFS_1_FindHidClassDecriptor
 .text.USBFS_1_FindReportDescriptor
                0x0000192c       0x48 .\CortexM3\ARM_GCC_493\Debug\A66_canfestival_bootload.a(USBFS_1_hid.o)
                0x0000192c                USBFS_1_FindReportDescriptor
 .text.USBFS_1_FindReport
                0x00001974       0x84 .\CortexM3\ARM_GCC_493\Debug\A66_canfestival_bootload.a(USBFS_1_hid.o)
                0x00001974                USBFS_1_FindReport
 .text.USBFS_1_DispatchHIDClassRqst
                0x000019f8      0x1a4 .\CortexM3\ARM_GCC_493\Debug\A66_canfestival_bootload.a(USBFS_1_hid.o)
                0x000019f8                USBFS_1_DispatchHIDClassRqst
 .text.USBFS_1_ConfigReg
                0x00001b9c       0xd4 .\CortexM3\ARM_GCC_493\Debug\A66_canfestival_bootload.a(USBFS_1_std.o)
                0x00001b9c                USBFS_1_ConfigReg
 .text.USBFS_1_GetConfigTablePtr
                0x00001c70       0x28 .\CortexM3\ARM_GCC_493\Debug\A66_canfestival_bootload.a(USBFS_1_std.o)
                0x00001c70                USBFS_1_GetConfigTablePtr
 .text.USBFS_1_ConfigAltChanged
                0x00001c98      0x158 .\CortexM3\ARM_GCC_493\Debug\A66_canfestival_bootload.a(USBFS_1_std.o)
                0x00001c98                USBFS_1_ConfigAltChanged
 .text.USBFS_1_GetDeviceTablePtr
                0x00001df0       0x18 .\CortexM3\ARM_GCC_493\Debug\A66_canfestival_bootload.a(USBFS_1_std.o)
                0x00001df0                USBFS_1_GetDeviceTablePtr
 .text.USBFS_1_GetInterfaceClassTablePtr
                0x00001e08       0x24 .\CortexM3\ARM_GCC_493\Debug\A66_canfestival_bootload.a(USBFS_1_std.o)
                0x00001e08                USBFS_1_GetInterfaceClassTablePtr
 .text.USBFS_1_Config
                0x00001e2c      0x1d0 .\CortexM3\ARM_GCC_493\Debug\A66_canfestival_bootload.a(USBFS_1_std.o)
                0x00001e2c                USBFS_1_Config
 .text.USBFS_1_SetEndpointHalt
                0x00001ffc       0x60 .\CortexM3\ARM_GCC_493\Debug\A66_canfestival_bootload.a(USBFS_1_std.o)
                0x00001ffc                USBFS_1_SetEndpointHalt
 .text.USBFS_1_ClearEndpointHalt
                0x0000205c       0xa4 .\CortexM3\ARM_GCC_493\Debug\A66_canfestival_bootload.a(USBFS_1_std.o)
                0x0000205c                USBFS_1_ClearEndpointHalt
 .text.USBFS_1_ValidateAlternateSetting
                0x00002100       0x50 .\CortexM3\ARM_GCC_493\Debug\A66_canfestival_bootload.a(USBFS_1_std.o)
                0x00002100                USBFS_1_ValidateAlternateSetting
 .text.USBFS_1_HandleStandardRqst
                0x00002150      0x380 .\CortexM3\ARM_GCC_493\Debug\A66_canfestival_bootload.a(USBFS_1_std.o)
                0x00002150                USBFS_1_HandleStandardRqst
 .text.USBFS_1_HandleVendorRqst
                0x000024d0       0x1c .\CortexM3\ARM_GCC_493\Debug\A66_canfestival_bootload.a(USBFS_1_vnd.o)
                0x000024d0                USBFS_1_HandleVendorRqst
 .text.USBFS_1_DispatchClassRqst
                0x000024ec       0x5c .\CortexM3\ARM_GCC_493\Debug\A66_canfestival_bootload.a(USBFS_1_cls.o)
                0x000024ec                USBFS_1_DispatchClassRqst
 .text.__libc_init_array
                0x00002548       0x4c c:/program files (x86)/cypress/psoc creator/3.3/psoc creator/import/gnu/arm/4.9.3/bin/../lib/gcc/arm-none-eabi/4.9.3/../../../../arm-none-eabi/lib/armv7-m\libg_nano.a(lib_a-init.o)
                0x00002548                __libc_init_array
 .text.memcpy   0x00002594       0x16 c:/program files (x86)/cypress/psoc creator/3.3/psoc creator/import/gnu/arm/4.9.3/bin/../lib/gcc/arm-none-eabi/4.9.3/../../../../arm-none-eabi/lib/armv7-m\libg_nano.a(lib_a-memcpy.o)
                0x00002594                memcpy
 .text.memset   0x000025aa       0x10 c:/program files (x86)/cypress/psoc creator/3.3/psoc creator/import/gnu/arm/4.9.3/bin/../lib/gcc/arm-none-eabi/4.9.3/../../../../arm-none-eabi/lib/armv7-m\libg_nano.a(lib_a-memset.o)
                0x000025aa                memset
 *(.plt)
 *(.gnu.warning)
 *(.glue_7t)
 .glue_7t       0x00000000        0x0 linker stubs
 *(.glue_7)
 .glue_7        0x00000000        0x0 linker stubs
 *(.vfp11_veneer)
 .vfp11_veneer  0x00000000        0x0 linker stubs
 *(.bootloader)
 *fill*         0x000025ba        0x2 
 .bootloader    0x000025bc        0x8 .\CortexM3\ARM_GCC_493\Debug\A66_canfestival_bootload.a(Bootloader_1.o)
                0x000025bc                Bootloader_1_SizeBytes
                0x000025c0                Bootloader_1_Checksum
 *(.ARM.extab* .gnu.linkonce.armextab.*)
 *(.gcc_except_table)

.v4_bx          0x000025c4        0x0
 .v4_bx         0x00000000        0x0 linker stubs

.iplt           0x000025c4        0x0
 .iplt          0x00000000        0x0 c:/program files (x86)/cypress/psoc creator/3.3/psoc creator/import/gnu/arm/4.9.3/bin/../lib/gcc/arm-none-eabi/4.9.3/armv7-m/crtbegin.o

.eh_frame_hdr
 *(.eh_frame_hdr)

.eh_frame       0x000025c4        0x4
 *(.eh_frame)
 .eh_frame      0x000025c4        0x0 c:/program files (x86)/cypress/psoc creator/3.3/psoc creator/import/gnu/arm/4.9.3/bin/../lib/gcc/arm-none-eabi/4.9.3/armv7-m/crtbegin.o
 .eh_frame      0x000025c4        0x4 c:/program files (x86)/cypress/psoc creator/3.3/psoc creator/import/gnu/arm/4.9.3/bin/../lib/gcc/arm-none-eabi/4.9.3/armv7-m/crtend.o
                0x000025c8                PROVIDE (__exidx_start, .)

.ARM.exidx
 *(.ARM.exidx* .gnu.linkonce.armexidx.*)
                0x000025c8                __exidx_end = .

.rodata         0x000025c8      0x238
 *(.rodata .rodata.* .gnu.linkonce.r.*)
 .rodata        0x000025c8       0xa0 .\CortexM3\ARM_GCC_493\Debug\A66_canfestival_bootload.a(cyfitter_cfg.o)
 .rodata        0x00002668        0x8 .\CortexM3\ARM_GCC_493\Debug\A66_canfestival_bootload.a(Bootloader_1.o)
 .rodata        0x00002670      0x15c .\CortexM3\ARM_GCC_493\Debug\A66_canfestival_bootload.a(USBFS_1_descr.o)
                0x00002670                USBFS_1_TABLE
                0x00002678                USBFS_1_DEVICE0_TABLE
                0x00002688                USBFS_1_DEVICE0_CONFIGURATION0_TABLE
                0x000026a8                USBFS_1_DEVICE0_CONFIGURATION0_INTERFACE_CLASS
                0x000026ac                USBFS_1_DEVICE0_CONFIGURATION0_EP_SETTINGS_TABLE
                0x000026bc                USBFS_1_DEVICE0_CONFIGURATION0_INTERFACE0_TABLE
                0x000026c4                USBFS_1_DEVICE0_CONFIGURATION0_INTERFACE0_ALTERNATE0_HID_TABLE
                0x000026ec                USBFS_1_DEVICE0_CONFIGURATION0_INTERFACE0_ALTERNATE0_HID_OUT_RPT_TABLE
                0x000026f8                USBFS_1_DEVICE0_CONFIGURATION0_INTERFACE0_ALTERNATE0_HID_IN_RPT_TABLE
                0x00002704                USBFS_1_HIDREPORT_DESCRIPTOR1
                0x0000272c                USBFS_1_SN_STRING_DESCRIPTOR
                0x00002738                USBFS_1_STRING_DESCRIPTORS
                0x0000278c                USBFS_1_DEVICE0_CONFIGURATION0_DESCR
                0x000027b8                USBFS_1_DEVICE0_DESCR
                0x000027cc                . = ALIGN (0x4)
 *(.init)
 .init          0x000027cc        0x4 c:/program files (x86)/cypress/psoc creator/3.3/psoc creator/import/gnu/arm/4.9.3/bin/../lib/gcc/arm-none-eabi/4.9.3/armv7-m/crti.o
                0x000027cc                _init
 .init          0x000027d0        0x8 c:/program files (x86)/cypress/psoc creator/3.3/psoc creator/import/gnu/arm/4.9.3/bin/../lib/gcc/arm-none-eabi/4.9.3/armv7-m/crtn.o
                0x000027d8                . = ALIGN (0x4)
                0x000027d8                __preinit_array_start = .
 *(.preinit_array)
                0x000027d8                __preinit_array_end = .
                0x000027d8                . = ALIGN (0x4)
                0x000027d8                __init_array_start = .
 *(SORT(.init_array.*))
 *(.init_array)
 .init_array    0x000027d8        0x4 c:/program files (x86)/cypress/psoc creator/3.3/psoc creator/import/gnu/arm/4.9.3/bin/../lib/gcc/arm-none-eabi/4.9.3/armv7-m/crtbegin.o
 .init_array    0x000027dc        0x4 .\CortexM3\ARM_GCC_493\Debug\Cm3Start.o
                0x000027e0                __init_array_end = .
                0x000027e0                . = ALIGN (0x4)
 *(.fini)
 .fini          0x000027e0        0x4 c:/program files (x86)/cypress/psoc creator/3.3/psoc creator/import/gnu/arm/4.9.3/bin/../lib/gcc/arm-none-eabi/4.9.3/armv7-m/crti.o
                0x000027e0                _fini
 .fini          0x000027e4        0x8 c:/program files (x86)/cypress/psoc creator/3.3/psoc creator/import/gnu/arm/4.9.3/bin/../lib/gcc/arm-none-eabi/4.9.3/armv7-m/crtn.o
                0x000027ec                . = ALIGN (0x4)
                0x000027ec                __fini_array_start = .
 *(.fini_array)
 .fini_array    0x000027ec        0x4 c:/program files (x86)/cypress/psoc creator/3.3/psoc creator/import/gnu/arm/4.9.3/bin/../lib/gcc/arm-none-eabi/4.9.3/armv7-m/crtbegin.o
 *(SORT(.fini_array.*))
                0x000027f0                __fini_array_end = .
                0x000027f0                . = ALIGN (0x4)
 *crtbegin.o(.ctors)
 *(EXCLUDE_FILE(*crtend.o) .ctors)
 *(SORT(.ctors.*))
 *crtend.o(.ctors)
                0x000027f0                . = ALIGN (0x4)
 *crtbegin.o(.dtors)
 *(EXCLUDE_FILE(*crtend.o) .dtors)
 *(SORT(.dtors.*))
 *crtend.o(.dtors)
                0x000027f0                . = ALIGN (0x4)
                0x000027f0                __cy_regions = .
                0x000027f0        0x4 LONG 0x2800 __cy_region_init_ram
                0x000027f4        0x4 LONG 0x1fff8108 __cy_region_start_data
                0x000027f8        0x4 LONG 0x20 __cy_region_init_size_ram
                0x000027fc        0x4 LONG 0x168 __cy_region_zero_size_ram
                0x00002800                __cy_regions_end = .
                0x00002800                . = ALIGN (0x8)
                0x00002800                _etext = .

.cy_checksum_exclude
                0x00002800        0x0
 *(.cy_checksum_exclude)

.ramvectors     0x1fff8000      0x100
                0x1fff8000                __cy_region_start_ram = .
 *(.ramvectors)
 .ramvectors    0x1fff8000      0x100 .\CortexM3\ARM_GCC_493\Debug\Cm3Start.o
                0x1fff8000                CyRamVectors

.noinit         0x1fff8100        0x5
 *(.noinit)
 .noinit        0x1fff8100        0x4 .\CortexM3\ARM_GCC_493\Debug\Cm3Start.o
 .noinit        0x1fff8104        0x1 .\CortexM3\ARM_GCC_493\Debug\A66_canfestival_bootload.a(CyLib.o)
                0x1fff8104                CyResetStatus

.data           0x1fff8108       0x20 load address 0x00002800
                0x1fff8108                __cy_region_start_data = .
 *(.jcr)
 .jcr           0x1fff8108        0x0 c:/program files (x86)/cypress/psoc creator/3.3/psoc creator/import/gnu/arm/4.9.3/bin/../lib/gcc/arm-none-eabi/4.9.3/armv7-m/crtbegin.o
 .jcr           0x1fff8108        0x4 c:/program files (x86)/cypress/psoc creator/3.3/psoc creator/import/gnu/arm/4.9.3/bin/../lib/gcc/arm-none-eabi/4.9.3/armv7-m/crtend.o
 *(.got.plt)
 *(.got)
 *(.shdata)
 *(.data .data.* .gnu.linkonce.d.*)
 .data          0x1fff810c        0x8 .\CortexM3\ARM_GCC_493\Debug\A66_canfestival_bootload.a(Bootloader_1.o)
                0x1fff810c                Bootloader_1_SizeBytesAccess
                0x1fff8110                Bootloader_1_ChecksumAccess
 .data          0x1fff8114       0x10 .\CortexM3\ARM_GCC_493\Debug\A66_canfestival_bootload.a(CyLib.o)
                0x1fff8114                cydelay_32k_ms
                0x1fff8118                cydelay_freq_khz
                0x1fff811c                cydelay_freq_mhz
                0x1fff8120                cydelay_freq_hz
                0x1fff8128                . = ALIGN (0x8)
 *fill*         0x1fff8124        0x4 
 *(.ram)
                0x1fff8128                _edata = .

.igot.plt       0x1fff8128        0x0 load address 0x00002820
 .igot.plt      0x00000000        0x0 c:/program files (x86)/cypress/psoc creator/3.3/psoc creator/import/gnu/arm/4.9.3/bin/../lib/gcc/arm-none-eabi/4.9.3/armv7-m/crtbegin.o

.bss            0x1fff8128      0x168 load address 0x00002820
                0x1fff8128                PROVIDE (__bss_start__, .)
 *(.shbss)
 *(.bss .bss.* .gnu.linkonce.b.*)
 .bss           0x1fff8128       0x1c c:/program files (x86)/cypress/psoc creator/3.3/psoc creator/import/gnu/arm/4.9.3/bin/../lib/gcc/arm-none-eabi/4.9.3/armv7-m/crtbegin.o
 .bss           0x1fff8144        0x1 .\CortexM3\ARM_GCC_493\Debug\A66_canfestival_bootload.a(USBFS_1_boot.o)
 *fill*         0x1fff8145        0x3 
 .bss           0x1fff8148        0x8 .\CortexM3\ARM_GCC_493\Debug\A66_canfestival_bootload.a(CySpc.o)
                0x1fff8148                SpcLockState
 .bss           0x1fff8150        0x1 .\CortexM3\ARM_GCC_493\Debug\A66_canfestival_bootload.a(USBFS_1.o)
                0x1fff8150                USBFS_1_initVar
 *fill*         0x1fff8151        0x3 
 .bss           0x1fff8154        0x4 .\CortexM3\ARM_GCC_493\Debug\A66_canfestival_bootload.a(USBFS_1_std.o)
 *(COMMON)
 COMMON         0x1fff8158        0x2 .\CortexM3\ARM_GCC_493\Debug\A66_canfestival_bootload.a(CyFlash.o)
                0x1fff8158                dieTemperature
 *fill*         0x1fff815a        0x2 
 COMMON         0x1fff815c       0x92 .\CortexM3\ARM_GCC_493\Debug\A66_canfestival_bootload.a(USBFS_1_drv.o)
                0x1fff815c                USBFS_1_lastPacketSize
                0x1fff815e                USBFS_1_transferByteCount
                0x1fff8160                USBFS_1_interfaceSetting
                0x1fff8164                USBFS_1_interfaceClass
                0x1fff8168                USBFS_1_device
                0x1fff8169                USBFS_1_deviceAddress
                0x1fff816a                USBFS_1_ep0Count
                0x1fff816b                USBFS_1_ep0Mode
                0x1fff816c                USBFS_1_currentTD
                0x1fff8178                USBFS_1_configuration
                0x1fff8179                USBFS_1_interfaceNumber
                0x1fff817a                USBFS_1_configurationChanged
                0x1fff817b                USBFS_1_transferState
                0x1fff817c                USBFS_1_EP
                0x1fff81e8                USBFS_1_interfaceSetting_last
                0x1fff81e9                USBFS_1_ep0Toggle
                0x1fff81ec                USBFS_1_interfaceStatus
                0x1fff81ed                USBFS_1_deviceStatus
 *fill*         0x1fff81ee        0x2 
 COMMON         0x1fff81f0        0x9 .\CortexM3\ARM_GCC_493\Debug\A66_canfestival_bootload.a(USBFS_1_hid.o)
                0x1fff81f0                USBFS_1_hidIdleTimer
                0x1fff81f4                USBFS_1_hidIdleRate
                0x1fff81f8                USBFS_1_hidProtocol
 *fill*         0x1fff81f9        0x3 
 COMMON         0x1fff81fc       0x90 .\CortexM3\ARM_GCC_493\Debug\A66_canfestival_bootload.a(USBFS_1_descr.o)
                0x1fff81fc                USBFS_1_DEVICE0_CONFIGURATION0_INTERFACE0_ALTERNATE0_HID_OUT_BUF
                0x1fff8240                USBFS_1_DEVICE0_CONFIGURATION0_INTERFACE0_ALTERNATE0_HID_IN_RPT_SCB
                0x1fff8244                USBFS_1_DEVICE0_CONFIGURATION0_INTERFACE0_ALTERNATE0_HID_IN_BUF
                0x1fff8288                USBFS_1_DEVICE0_CONFIGURATION0_INTERFACE0_ALTERNATE0_HID_OUT_RPT_SCB
                0x1fff8290                . = ALIGN (0x8)
 *fill*         0x1fff828c        0x4 
 *(.ram.b)
                0x1fff8290                _end = .
                0x1fff8290                __end = .
                0x1fff8290                PROVIDE (end, .)
                0x1fff8290                PROVIDE (__bss_end__, .)
                0x00002800                __cy_region_init_ram = LOADADDR (.data)
                0x00000020                __cy_region_init_size_ram = (_edata - ADDR (.data))
                0x00000168                __cy_region_zero_size_ram = (_end - _edata)

.heap           0x1fff8290       0x80 load address 0x00002820
                0x1fff8290                . = _end
                0x1fff8310                . = (. + 0x80)
 *fill*         0x1fff8290       0x80 
                0x1fff8310                __cy_heap_limit = .

.stack          0x20007800      0x800
                0x20007800                __cy_stack_limit = .
                0x20008000                . = (. + 0x800)
 *fill*         0x20007800      0x800 
                0x00000001                ASSERT ((__cy_stack_limit >= __cy_heap_limit), region RAM overflowed with stack)
                0x00000000                cy_checksum_exclude_size = (CY_APPL_LOADABLE == 0x1)?SIZEOF (.cy_checksum_exclude):0x0
                0x00000001                ASSERT ((cy_checksum_exclude_size <= CY_CHECKSUM_EXCLUDE_SIZE), CY_BOOT: Section .cy_checksum_exclude size exceedes specified limit.)

.cyloadermeta   0x0003ffc0       0x40
 *(.cyloadermeta)
 .cyloadermeta  0x0003ffc0       0x40 .\CortexM3\ARM_GCC_493\Debug\cymetadata.o
                0x0003ffc0                cy_meta_loader

.cyloadablemeta
 *(.cyloadablemeta)

.cyconfigecc    0x80000000        0x4
 *(.cyconfigecc)
 .cyconfigecc   0x80000000        0x4 .\CortexM3\ARM_GCC_493\Debug\cymetadata.o
                0x80000000                cy_meta_configecc

.cycustnvl      0x90000000        0x4
 *(.cycustnvl)
 .cycustnvl     0x90000000        0x4 .\CortexM3\ARM_GCC_493\Debug\cymetadata.o
                0x90000000                cy_meta_custnvl

.cywolatch      0x90100000        0x4
 *(.cywolatch)
 .cywolatch     0x90100000        0x4 .\CortexM3\ARM_GCC_493\Debug\cymetadata.o
                0x90100000                cy_meta_wonvl

.cyeeprom       0x90200000        0x0
 *(.cyeeprom)
                0x00000001                ASSERT ((. <= ((0x90200000 + ee_offset) + ee_size)), .cyeeprom data will not fit in EEPROM)

.cyflashprotect
                0x90400000      0x100
 *(.cyflashprotect)
 .cyflashprotect
                0x90400000      0x100 .\CortexM3\ARM_GCC_493\Debug\cymetadata.o
                0x90400000                cy_meta_flashprotect

.cymeta         0x90500000        0xc
 *(.cymeta)
 .cymeta        0x90500000        0xc .\CortexM3\ARM_GCC_493\Debug\cymetadata.o
                0x90500000                cy_metadata

.rel.dyn        0x00002820        0x0 load address 0x9050000c
 .rel.iplt      0x00000000        0x0 c:/program files (x86)/cypress/psoc creator/3.3/psoc creator/import/gnu/arm/4.9.3/bin/../lib/gcc/arm-none-eabi/4.9.3/armv7-m/crtbegin.o

.stab
 *(.stab)

.stabstr
 *(.stabstr)

.debug
 *(.debug)

.line
 *(.line)

.debug_srcinfo
 *(.debug_srcinfo)

.debug_sfnames
 *(.debug_sfnames)

.debug_aranges  0x00000000      0x870
 *(.debug_aranges)
 .debug_aranges
                0x00000000       0x20 .\CortexM3\ARM_GCC_493\Debug\main.o
 .debug_aranges
                0x00000020       0x18 .\CortexM3\ARM_GCC_493\Debug\cymetadata.o
 .debug_aranges
                0x00000038       0x48 .\CortexM3\ARM_GCC_493\Debug\Cm3Start.o
 .debug_aranges
                0x00000080       0x60 .\CortexM3\ARM_GCC_493\Debug\A66_canfestival_bootload.a(cyfitter_cfg.o)
 .debug_aranges
                0x000000e0       0x78 .\CortexM3\ARM_GCC_493\Debug\A66_canfestival_bootload.a(Bootloader_1.o)
 .debug_aranges
                0x00000158       0x40 .\CortexM3\ARM_GCC_493\Debug\A66_canfestival_bootload.a(USBFS_1_boot.o)
 .debug_aranges
                0x00000198       0x20 .\CortexM3\ARM_GCC_493\Debug\A66_canfestival_bootload.a(CyBootAsmGnu.o)
 .debug_aranges
                0x000001b8       0x80 .\CortexM3\ARM_GCC_493\Debug\A66_canfestival_bootload.a(CyFlash.o)
 .debug_aranges
                0x00000238      0x298 .\CortexM3\ARM_GCC_493\Debug\A66_canfestival_bootload.a(CyLib.o)
 .debug_aranges
                0x000004d0       0x98 .\CortexM3\ARM_GCC_493\Debug\A66_canfestival_bootload.a(cyPm.o)
 .debug_aranges
                0x00000568       0x78 .\CortexM3\ARM_GCC_493\Debug\A66_canfestival_bootload.a(CySpc.o)
 .debug_aranges
                0x000005e0       0xb0 .\CortexM3\ARM_GCC_493\Debug\A66_canfestival_bootload.a(USBFS_1.o)
 .debug_aranges
                0x00000690       0x98 .\CortexM3\ARM_GCC_493\Debug\A66_canfestival_bootload.a(USBFS_1_drv.o)
 .debug_aranges
                0x00000728       0x38 .\CortexM3\ARM_GCC_493\Debug\A66_canfestival_bootload.a(USBFS_1_episr.o)
 .debug_aranges
                0x00000760       0x48 .\CortexM3\ARM_GCC_493\Debug\A66_canfestival_bootload.a(USBFS_1_hid.o)
 .debug_aranges
                0x000007a8       0x70 .\CortexM3\ARM_GCC_493\Debug\A66_canfestival_bootload.a(USBFS_1_std.o)
 .debug_aranges
                0x00000818       0x20 .\CortexM3\ARM_GCC_493\Debug\A66_canfestival_bootload.a(USBFS_1_vnd.o)
 .debug_aranges
                0x00000838       0x20 .\CortexM3\ARM_GCC_493\Debug\A66_canfestival_bootload.a(USBFS_1_cls.o)
 .debug_aranges
                0x00000858       0x18 .\CortexM3\ARM_GCC_493\Debug\A66_canfestival_bootload.a(USBFS_1_descr.o)

.debug_pubnames
 *(.debug_pubnames)

.debug_info     0x00000000     0x670e
 *(.debug_info .gnu.linkonce.wi.*)
 .debug_info    0x00000000       0xd9 .\CortexM3\ARM_GCC_493\Debug\main.o
 .debug_info    0x000000d9      0x15f .\CortexM3\ARM_GCC_493\Debug\cymetadata.o
 .debug_info    0x00000238      0x3b3 .\CortexM3\ARM_GCC_493\Debug\Cm3Start.o
 .debug_info    0x000005eb      0x59e .\CortexM3\ARM_GCC_493\Debug\A66_canfestival_bootload.a(cyfitter_cfg.o)
 .debug_info    0x00000b89      0xb5c .\CortexM3\ARM_GCC_493\Debug\A66_canfestival_bootload.a(Bootloader_1.o)
 .debug_info    0x000016e5      0x3c8 .\CortexM3\ARM_GCC_493\Debug\A66_canfestival_bootload.a(USBFS_1_boot.o)
 .debug_info    0x00001aad       0xb7 .\CortexM3\ARM_GCC_493\Debug\A66_canfestival_bootload.a(CyBootAsmGnu.o)
 .debug_info    0x00001b64      0x608 .\CortexM3\ARM_GCC_493\Debug\A66_canfestival_bootload.a(CyFlash.o)
 .debug_info    0x0000216c     0x136c .\CortexM3\ARM_GCC_493\Debug\A66_canfestival_bootload.a(CyLib.o)
 .debug_info    0x000034d8      0xa55 .\CortexM3\ARM_GCC_493\Debug\A66_canfestival_bootload.a(cyPm.o)
 .debug_info    0x00003f2d      0x4ed .\CortexM3\ARM_GCC_493\Debug\A66_canfestival_bootload.a(CySpc.o)
 .debug_info    0x0000441a      0x82c .\CortexM3\ARM_GCC_493\Debug\A66_canfestival_bootload.a(USBFS_1.o)
 .debug_info    0x00004c46      0x612 .\CortexM3\ARM_GCC_493\Debug\A66_canfestival_bootload.a(USBFS_1_drv.o)
 .debug_info    0x00005258      0x1aa .\CortexM3\ARM_GCC_493\Debug\A66_canfestival_bootload.a(USBFS_1_episr.o)
 .debug_info    0x00005402      0x418 .\CortexM3\ARM_GCC_493\Debug\A66_canfestival_bootload.a(USBFS_1_hid.o)
 .debug_info    0x0000581a      0x89b .\CortexM3\ARM_GCC_493\Debug\A66_canfestival_bootload.a(USBFS_1_std.o)
 .debug_info    0x000060b5       0xc6 .\CortexM3\ARM_GCC_493\Debug\A66_canfestival_bootload.a(USBFS_1_vnd.o)
 .debug_info    0x0000617b      0x1b1 .\CortexM3\ARM_GCC_493\Debug\A66_canfestival_bootload.a(USBFS_1_cls.o)
 .debug_info    0x0000632c      0x3e2 .\CortexM3\ARM_GCC_493\Debug\A66_canfestival_bootload.a(USBFS_1_descr.o)

.debug_abbrev   0x00000000     0x1b06
 *(.debug_abbrev)
 .debug_abbrev  0x00000000       0x85 .\CortexM3\ARM_GCC_493\Debug\main.o
 .debug_abbrev  0x00000085       0x5d .\CortexM3\ARM_GCC_493\Debug\cymetadata.o
 .debug_abbrev  0x000000e2      0x20f .\CortexM3\ARM_GCC_493\Debug\Cm3Start.o
 .debug_abbrev  0x000002f1      0x1c9 .\CortexM3\ARM_GCC_493\Debug\A66_canfestival_bootload.a(cyfitter_cfg.o)
 .debug_abbrev  0x000004ba      0x2ac .\CortexM3\ARM_GCC_493\Debug\A66_canfestival_bootload.a(Bootloader_1.o)
 .debug_abbrev  0x00000766      0x14c .\CortexM3\ARM_GCC_493\Debug\A66_canfestival_bootload.a(USBFS_1_boot.o)
 .debug_abbrev  0x000008b2       0x14 .\CortexM3\ARM_GCC_493\Debug\A66_canfestival_bootload.a(CyBootAsmGnu.o)
 .debug_abbrev  0x000008c6      0x1de .\CortexM3\ARM_GCC_493\Debug\A66_canfestival_bootload.a(CyFlash.o)
 .debug_abbrev  0x00000aa4      0x296 .\CortexM3\ARM_GCC_493\Debug\A66_canfestival_bootload.a(CyLib.o)
 .debug_abbrev  0x00000d3a      0x1fa .\CortexM3\ARM_GCC_493\Debug\A66_canfestival_bootload.a(cyPm.o)
 .debug_abbrev  0x00000f34      0x1ce .\CortexM3\ARM_GCC_493\Debug\A66_canfestival_bootload.a(CySpc.o)
 .debug_abbrev  0x00001102      0x22e .\CortexM3\ARM_GCC_493\Debug\A66_canfestival_bootload.a(USBFS_1.o)
 .debug_abbrev  0x00001330      0x18b .\CortexM3\ARM_GCC_493\Debug\A66_canfestival_bootload.a(USBFS_1_drv.o)
 .debug_abbrev  0x000014bb       0xf0 .\CortexM3\ARM_GCC_493\Debug\A66_canfestival_bootload.a(USBFS_1_episr.o)
 .debug_abbrev  0x000015ab      0x18b .\CortexM3\ARM_GCC_493\Debug\A66_canfestival_bootload.a(USBFS_1_hid.o)
 .debug_abbrev  0x00001736      0x1cb .\CortexM3\ARM_GCC_493\Debug\A66_canfestival_bootload.a(USBFS_1_std.o)
 .debug_abbrev  0x00001901       0x74 .\CortexM3\ARM_GCC_493\Debug\A66_canfestival_bootload.a(USBFS_1_vnd.o)
 .debug_abbrev  0x00001975       0xe3 .\CortexM3\ARM_GCC_493\Debug\A66_canfestival_bootload.a(USBFS_1_cls.o)
 .debug_abbrev  0x00001a58       0xae .\CortexM3\ARM_GCC_493\Debug\A66_canfestival_bootload.a(USBFS_1_descr.o)

.debug_line     0x00000000     0x27b9
 *(.debug_line)
 .debug_line    0x00000000      0x16e .\CortexM3\ARM_GCC_493\Debug\main.o
 .debug_line    0x0000016e       0x53 .\CortexM3\ARM_GCC_493\Debug\cymetadata.o
 .debug_line    0x000001c1      0x24a .\CortexM3\ARM_GCC_493\Debug\Cm3Start.o
 .debug_line    0x0000040b      0x1ed .\CortexM3\ARM_GCC_493\Debug\A66_canfestival_bootload.a(cyfitter_cfg.o)
 .debug_line    0x000005f8      0x51a .\CortexM3\ARM_GCC_493\Debug\A66_canfestival_bootload.a(Bootloader_1.o)
 .debug_line    0x00000b12       0xfb .\CortexM3\ARM_GCC_493\Debug\A66_canfestival_bootload.a(USBFS_1_boot.o)
 .debug_line    0x00000c0d       0x68 .\CortexM3\ARM_GCC_493\Debug\A66_canfestival_bootload.a(CyBootAsmGnu.o)
 .debug_line    0x00000c75      0x1ec .\CortexM3\ARM_GCC_493\Debug\A66_canfestival_bootload.a(CyFlash.o)
 .debug_line    0x00000e61      0x806 .\CortexM3\ARM_GCC_493\Debug\A66_canfestival_bootload.a(CyLib.o)
 .debug_line    0x00001667      0x366 .\CortexM3\ARM_GCC_493\Debug\A66_canfestival_bootload.a(cyPm.o)
 .debug_line    0x000019cd      0x23e .\CortexM3\ARM_GCC_493\Debug\A66_canfestival_bootload.a(CySpc.o)
 .debug_line    0x00001c0b      0x2b0 .\CortexM3\ARM_GCC_493\Debug\A66_canfestival_bootload.a(USBFS_1.o)
 .debug_line    0x00001ebb      0x21e .\CortexM3\ARM_GCC_493\Debug\A66_canfestival_bootload.a(USBFS_1_drv.o)
 .debug_line    0x000020d9       0xc5 .\CortexM3\ARM_GCC_493\Debug\A66_canfestival_bootload.a(USBFS_1_episr.o)
 .debug_line    0x0000219e      0x157 .\CortexM3\ARM_GCC_493\Debug\A66_canfestival_bootload.a(USBFS_1_hid.o)
 .debug_line    0x000022f5      0x365 .\CortexM3\ARM_GCC_493\Debug\A66_canfestival_bootload.a(USBFS_1_std.o)
 .debug_line    0x0000265a       0x68 .\CortexM3\ARM_GCC_493\Debug\A66_canfestival_bootload.a(USBFS_1_vnd.o)
 .debug_line    0x000026c2       0x94 .\CortexM3\ARM_GCC_493\Debug\A66_canfestival_bootload.a(USBFS_1_cls.o)
 .debug_line    0x00002756       0x63 .\CortexM3\ARM_GCC_493\Debug\A66_canfestival_bootload.a(USBFS_1_descr.o)

.debug_frame    0x00000000     0x16bc
 *(.debug_frame)
 .debug_frame   0x00000000       0x2c .\CortexM3\ARM_GCC_493\Debug\main.o
 .debug_frame   0x0000002c       0xac .\CortexM3\ARM_GCC_493\Debug\Cm3Start.o
 .debug_frame   0x000000d8      0x100 .\CortexM3\ARM_GCC_493\Debug\A66_canfestival_bootload.a(cyfitter_cfg.o)
 .debug_frame   0x000001d8      0x198 .\CortexM3\ARM_GCC_493\Debug\A66_canfestival_bootload.a(Bootloader_1.o)
 .debug_frame   0x00000370       0xb4 .\CortexM3\ARM_GCC_493\Debug\A66_canfestival_bootload.a(USBFS_1_boot.o)
 .debug_frame   0x00000424      0x174 .\CortexM3\ARM_GCC_493\Debug\A66_canfestival_bootload.a(CyFlash.o)
 .debug_frame   0x00000598      0x728 .\CortexM3\ARM_GCC_493\Debug\A66_canfestival_bootload.a(CyLib.o)
 .debug_frame   0x00000cc0      0x1f8 .\CortexM3\ARM_GCC_493\Debug\A66_canfestival_bootload.a(cyPm.o)
 .debug_frame   0x00000eb8      0x160 .\CortexM3\ARM_GCC_493\Debug\A66_canfestival_bootload.a(CySpc.o)
 .debug_frame   0x00001018      0x1b4 .\CortexM3\ARM_GCC_493\Debug\A66_canfestival_bootload.a(USBFS_1.o)
 .debug_frame   0x000011cc      0x194 .\CortexM3\ARM_GCC_493\Debug\A66_canfestival_bootload.a(USBFS_1_drv.o)
 .debug_frame   0x00001360       0x5c .\CortexM3\ARM_GCC_493\Debug\A66_canfestival_bootload.a(USBFS_1_episr.o)
 .debug_frame   0x000013bc       0xa0 .\CortexM3\ARM_GCC_493\Debug\A66_canfestival_bootload.a(USBFS_1_hid.o)
 .debug_frame   0x0000145c      0x158 .\CortexM3\ARM_GCC_493\Debug\A66_canfestival_bootload.a(USBFS_1_std.o)
 .debug_frame   0x000015b4       0x20 .\CortexM3\ARM_GCC_493\Debug\A66_canfestival_bootload.a(USBFS_1_vnd.o)
 .debug_frame   0x000015d4       0x2c .\CortexM3\ARM_GCC_493\Debug\A66_canfestival_bootload.a(USBFS_1_cls.o)
 .debug_frame   0x00001600       0x20 c:/program files (x86)/cypress/psoc creator/3.3/psoc creator/import/gnu/arm/4.9.3/bin/../lib/gcc/arm-none-eabi/4.9.3/../../../../arm-none-eabi/lib/armv7-m\libg_nano.a(lib_a-errno.o)
 .debug_frame   0x00001620       0x28 c:/program files (x86)/cypress/psoc creator/3.3/psoc creator/import/gnu/arm/4.9.3/bin/../lib/gcc/arm-none-eabi/4.9.3/../../../../arm-none-eabi/lib/armv7-m\libg_nano.a(lib_a-exit.o)
 .debug_frame   0x00001648       0x2c c:/program files (x86)/cypress/psoc creator/3.3/psoc creator/import/gnu/arm/4.9.3/bin/../lib/gcc/arm-none-eabi/4.9.3/../../../../arm-none-eabi/lib/armv7-m\libg_nano.a(lib_a-init.o)
 .debug_frame   0x00001674       0x28 c:/program files (x86)/cypress/psoc creator/3.3/psoc creator/import/gnu/arm/4.9.3/bin/../lib/gcc/arm-none-eabi/4.9.3/../../../../arm-none-eabi/lib/armv7-m\libg_nano.a(lib_a-memcpy.o)
 .debug_frame   0x0000169c       0x20 c:/program files (x86)/cypress/psoc creator/3.3/psoc creator/import/gnu/arm/4.9.3/bin/../lib/gcc/arm-none-eabi/4.9.3/../../../../arm-none-eabi/lib/armv7-m\libg_nano.a(lib_a-memset.o)

.debug_str      0x00000000     0x24b8
 *(.debug_str)
 .debug_str     0x00000000      0x193 .\CortexM3\ARM_GCC_493\Debug\main.o
                                0x1d4 (size before relaxing)
 .debug_str     0x00000193       0x8c .\CortexM3\ARM_GCC_493\Debug\cymetadata.o
                                0x220 (size before relaxing)
 .debug_str     0x0000021f      0x180 .\CortexM3\ARM_GCC_493\Debug\Cm3Start.o
                                0x339 (size before relaxing)
 .debug_str     0x0000039f      0x19d .\CortexM3\ARM_GCC_493\Debug\A66_canfestival_bootload.a(cyfitter_cfg.o)
                                0x380 (size before relaxing)
 .debug_str     0x0000053c      0x3d9 .\CortexM3\ARM_GCC_493\Debug\A66_canfestival_bootload.a(Bootloader_1.o)
                                0x5fe (size before relaxing)
 .debug_str     0x00000915      0x126 .\CortexM3\ARM_GCC_493\Debug\A66_canfestival_bootload.a(USBFS_1_boot.o)
                                0x334 (size before relaxing)
 .debug_str     0x00000a3b      0x1b1 .\CortexM3\ARM_GCC_493\Debug\A66_canfestival_bootload.a(CyFlash.o)
                                0x3bc (size before relaxing)
 .debug_str     0x00000bec      0x7c5 .\CortexM3\ARM_GCC_493\Debug\A66_canfestival_bootload.a(CyLib.o)
                                0xa4a (size before relaxing)
 .debug_str     0x000013b1      0x345 .\CortexM3\ARM_GCC_493\Debug\A66_canfestival_bootload.a(cyPm.o)
                                0x742 (size before relaxing)
 .debug_str     0x000016f6       0xae .\CortexM3\ARM_GCC_493\Debug\A66_canfestival_bootload.a(CySpc.o)
                                0x345 (size before relaxing)
 .debug_str     0x000017a4      0x2a6 .\CortexM3\ARM_GCC_493\Debug\A66_canfestival_bootload.a(USBFS_1.o)
                                0x591 (size before relaxing)
 .debug_str     0x00001a4a      0x335 .\CortexM3\ARM_GCC_493\Debug\A66_canfestival_bootload.a(USBFS_1_drv.o)
                                0x646 (size before relaxing)
 .debug_str     0x00001d7f       0x71 .\CortexM3\ARM_GCC_493\Debug\A66_canfestival_bootload.a(USBFS_1_episr.o)
                                0x2a2 (size before relaxing)
 .debug_str     0x00001df0      0x13c .\CortexM3\ARM_GCC_493\Debug\A66_canfestival_bootload.a(USBFS_1_hid.o)
                                0x403 (size before relaxing)
 .debug_str     0x00001f2c      0x231 .\CortexM3\ARM_GCC_493\Debug\A66_canfestival_bootload.a(USBFS_1_std.o)
                                0x660 (size before relaxing)
 .debug_str     0x0000215d       0x27 .\CortexM3\ARM_GCC_493\Debug\A66_canfestival_bootload.a(USBFS_1_vnd.o)
                                0x1ee (size before relaxing)
 .debug_str     0x00002184       0x27 .\CortexM3\ARM_GCC_493\Debug\A66_canfestival_bootload.a(USBFS_1_cls.o)
                                0x2ad (size before relaxing)
 .debug_str     0x000021ab      0x30d .\CortexM3\ARM_GCC_493\Debug\A66_canfestival_bootload.a(USBFS_1_descr.o)
                                0x5c1 (size before relaxing)

.debug_loc      0x00000000     0x3849
 *(.debug_loc)
 .debug_loc     0x00000000      0x144 .\CortexM3\ARM_GCC_493\Debug\Cm3Start.o
 .debug_loc     0x00000144      0x23a .\CortexM3\ARM_GCC_493\Debug\A66_canfestival_bootload.a(cyfitter_cfg.o)
 .debug_loc     0x0000037e      0xb65 .\CortexM3\ARM_GCC_493\Debug\A66_canfestival_bootload.a(Bootloader_1.o)
 .debug_loc     0x00000ee3      0x22a .\CortexM3\ARM_GCC_493\Debug\A66_canfestival_bootload.a(USBFS_1_boot.o)
 .debug_loc     0x0000110d      0x300 .\CortexM3\ARM_GCC_493\Debug\A66_canfestival_bootload.a(CyFlash.o)
 .debug_loc     0x0000140d      0xa11 .\CortexM3\ARM_GCC_493\Debug\A66_canfestival_bootload.a(CyLib.o)
 .debug_loc     0x00001e1e      0x1e4 .\CortexM3\ARM_GCC_493\Debug\A66_canfestival_bootload.a(cyPm.o)
 .debug_loc     0x00002002      0x64d .\CortexM3\ARM_GCC_493\Debug\A66_canfestival_bootload.a(CySpc.o)
 .debug_loc     0x0000264f      0x486 .\CortexM3\ARM_GCC_493\Debug\A66_canfestival_bootload.a(USBFS_1.o)
 .debug_loc     0x00002ad5      0x171 .\CortexM3\ARM_GCC_493\Debug\A66_canfestival_bootload.a(USBFS_1_drv.o)
 .debug_loc     0x00002c46      0x382 .\CortexM3\ARM_GCC_493\Debug\A66_canfestival_bootload.a(USBFS_1_hid.o)
 .debug_loc     0x00002fc8      0x7fe .\CortexM3\ARM_GCC_493\Debug\A66_canfestival_bootload.a(USBFS_1_std.o)
 .debug_loc     0x000037c6       0x83 .\CortexM3\ARM_GCC_493\Debug\A66_canfestival_bootload.a(USBFS_1_cls.o)

.debug_macinfo
 *(.debug_macinfo)

.debug_ranges   0x00000000      0x810
 *(.debug_ranges)
 .debug_ranges  0x00000000       0x10 .\CortexM3\ARM_GCC_493\Debug\main.o
 .debug_ranges  0x00000010       0x38 .\CortexM3\ARM_GCC_493\Debug\Cm3Start.o
 .debug_ranges  0x00000048       0x50 .\CortexM3\ARM_GCC_493\Debug\A66_canfestival_bootload.a(cyfitter_cfg.o)
 .debug_ranges  0x00000098      0x158 .\CortexM3\ARM_GCC_493\Debug\A66_canfestival_bootload.a(Bootloader_1.o)
 .debug_ranges  0x000001f0       0x30 .\CortexM3\ARM_GCC_493\Debug\A66_canfestival_bootload.a(USBFS_1_boot.o)
 .debug_ranges  0x00000220       0x70 .\CortexM3\ARM_GCC_493\Debug\A66_canfestival_bootload.a(CyFlash.o)
 .debug_ranges  0x00000290      0x288 .\CortexM3\ARM_GCC_493\Debug\A66_canfestival_bootload.a(CyLib.o)
 .debug_ranges  0x00000518       0x88 .\CortexM3\ARM_GCC_493\Debug\A66_canfestival_bootload.a(cyPm.o)
 .debug_ranges  0x000005a0       0x68 .\CortexM3\ARM_GCC_493\Debug\A66_canfestival_bootload.a(CySpc.o)
 .debug_ranges  0x00000608       0xa0 .\CortexM3\ARM_GCC_493\Debug\A66_canfestival_bootload.a(USBFS_1.o)
 .debug_ranges  0x000006a8       0x88 .\CortexM3\ARM_GCC_493\Debug\A66_canfestival_bootload.a(USBFS_1_drv.o)
 .debug_ranges  0x00000730       0x28 .\CortexM3\ARM_GCC_493\Debug\A66_canfestival_bootload.a(USBFS_1_episr.o)
 .debug_ranges  0x00000758       0x38 .\CortexM3\ARM_GCC_493\Debug\A66_canfestival_bootload.a(USBFS_1_hid.o)
 .debug_ranges  0x00000790       0x60 .\CortexM3\ARM_GCC_493\Debug\A66_canfestival_bootload.a(USBFS_1_std.o)
 .debug_ranges  0x000007f0       0x10 .\CortexM3\ARM_GCC_493\Debug\A66_canfestival_bootload.a(USBFS_1_vnd.o)
 .debug_ranges  0x00000800       0x10 .\CortexM3\ARM_GCC_493\Debug\A66_canfestival_bootload.a(USBFS_1_cls.o)

.comment        0x00000000       0x70
 .comment       0x00000000       0x70 .\CortexM3\ARM_GCC_493\Debug\main.o
                                 0x71 (size before relaxing)
 .comment       0x00000000       0x71 .\CortexM3\ARM_GCC_493\Debug\cymetadata.o
 .comment       0x00000000       0x71 .\CortexM3\ARM_GCC_493\Debug\Cm3Start.o
 .comment       0x00000000       0x71 .\CortexM3\ARM_GCC_493\Debug\A66_canfestival_bootload.a(cyfitter_cfg.o)
 .comment       0x00000000       0x71 .\CortexM3\ARM_GCC_493\Debug\A66_canfestival_bootload.a(Bootloader_1.o)
 .comment       0x00000000       0x71 .\CortexM3\ARM_GCC_493\Debug\A66_canfestival_bootload.a(USBFS_1_boot.o)
 .comment       0x00000000       0x71 .\CortexM3\ARM_GCC_493\Debug\A66_canfestival_bootload.a(CyFlash.o)
 .comment       0x00000000       0x71 .\CortexM3\ARM_GCC_493\Debug\A66_canfestival_bootload.a(CyLib.o)
 .comment       0x00000000       0x71 .\CortexM3\ARM_GCC_493\Debug\A66_canfestival_bootload.a(cyPm.o)
 .comment       0x00000000       0x71 .\CortexM3\ARM_GCC_493\Debug\A66_canfestival_bootload.a(CySpc.o)
 .comment       0x00000000       0x71 .\CortexM3\ARM_GCC_493\Debug\A66_canfestival_bootload.a(USBFS_1.o)
 .comment       0x00000000       0x71 .\CortexM3\ARM_GCC_493\Debug\A66_canfestival_bootload.a(USBFS_1_drv.o)
 .comment       0x00000000       0x71 .\CortexM3\ARM_GCC_493\Debug\A66_canfestival_bootload.a(USBFS_1_episr.o)
 .comment       0x00000000       0x71 .\CortexM3\ARM_GCC_493\Debug\A66_canfestival_bootload.a(USBFS_1_hid.o)
 .comment       0x00000000       0x71 .\CortexM3\ARM_GCC_493\Debug\A66_canfestival_bootload.a(USBFS_1_std.o)
 .comment       0x00000000       0x71 .\CortexM3\ARM_GCC_493\Debug\A66_canfestival_bootload.a(USBFS_1_vnd.o)
 .comment       0x00000000       0x71 .\CortexM3\ARM_GCC_493\Debug\A66_canfestival_bootload.a(USBFS_1_cls.o)
 .comment       0x00000000       0x71 .\CortexM3\ARM_GCC_493\Debug\A66_canfestival_bootload.a(USBFS_1_descr.o)

.debug_weaknames
 *(.debug_weaknames)

.debug_funcnames
 *(.debug_funcnames)

.debug_typenames
 *(.debug_typenames)

.debug_varnames
 *(.debug_varnames)

.note.gnu.arm.ident
 *(.note.gnu.arm.ident)

.ARM.attributes
                0x00000000       0x29
 *(.ARM.attributes)
 .ARM.attributes
                0x00000000       0x1d c:/program files (x86)/cypress/psoc creator/3.3/psoc creator/import/gnu/arm/4.9.3/bin/../lib/gcc/arm-none-eabi/4.9.3/armv7-m/crti.o
 .ARM.attributes
                0x0000001d       0x2d c:/program files (x86)/cypress/psoc creator/3.3/psoc creator/import/gnu/arm/4.9.3/bin/../lib/gcc/arm-none-eabi/4.9.3/armv7-m/crtbegin.o
 .ARM.attributes
                0x0000004a       0x1b c:/program files (x86)/cypress/psoc creator/3.3/psoc creator/import/gnu/arm/4.9.3/bin/../lib/gcc/arm-none-eabi/4.9.3/../../../../arm-none-eabi/lib/armv7-m/crt0.o
 .ARM.attributes
                0x00000065       0x33 .\CortexM3\ARM_GCC_493\Debug\main.o
 .ARM.attributes
                0x00000098       0x33 .\CortexM3\ARM_GCC_493\Debug\cymetadata.o
 .ARM.attributes
                0x000000cb       0x33 .\CortexM3\ARM_GCC_493\Debug\Cm3Start.o
 .ARM.attributes
                0x000000fe       0x33 .\CortexM3\ARM_GCC_493\Debug\A66_canfestival_bootload.a(cyfitter_cfg.o)
 .ARM.attributes
                0x00000131       0x33 .\CortexM3\ARM_GCC_493\Debug\A66_canfestival_bootload.a(Bootloader_1.o)
 .ARM.attributes
                0x00000164       0x33 .\CortexM3\ARM_GCC_493\Debug\A66_canfestival_bootload.a(USBFS_1_boot.o)
 .ARM.attributes
                0x00000197       0x21 .\CortexM3\ARM_GCC_493\Debug\A66_canfestival_bootload.a(CyBootAsmGnu.o)
 .ARM.attributes
                0x000001b8       0x33 .\CortexM3\ARM_GCC_493\Debug\A66_canfestival_bootload.a(CyFlash.o)
 .ARM.attributes
                0x000001eb       0x33 .\CortexM3\ARM_GCC_493\Debug\A66_canfestival_bootload.a(CyLib.o)
 .ARM.attributes
                0x0000021e       0x33 .\CortexM3\ARM_GCC_493\Debug\A66_canfestival_bootload.a(cyPm.o)
 .ARM.attributes
                0x00000251       0x33 .\CortexM3\ARM_GCC_493\Debug\A66_canfestival_bootload.a(CySpc.o)
 .ARM.attributes
                0x00000284       0x33 .\CortexM3\ARM_GCC_493\Debug\A66_canfestival_bootload.a(USBFS_1.o)
 .ARM.attributes
                0x000002b7       0x33 .\CortexM3\ARM_GCC_493\Debug\A66_canfestival_bootload.a(USBFS_1_drv.o)
 .ARM.attributes
                0x000002ea       0x33 .\CortexM3\ARM_GCC_493\Debug\A66_canfestival_bootload.a(USBFS_1_episr.o)
 .ARM.attributes
                0x0000031d       0x33 .\CortexM3\ARM_GCC_493\Debug\A66_canfestival_bootload.a(USBFS_1_hid.o)
 .ARM.attributes
                0x00000350       0x33 .\CortexM3\ARM_GCC_493\Debug\A66_canfestival_bootload.a(USBFS_1_std.o)
 .ARM.attributes
                0x00000383       0x33 .\CortexM3\ARM_GCC_493\Debug\A66_canfestival_bootload.a(USBFS_1_vnd.o)
 .ARM.attributes
                0x000003b6       0x33 .\CortexM3\ARM_GCC_493\Debug\A66_canfestival_bootload.a(USBFS_1_cls.o)
 .ARM.attributes
                0x000003e9       0x33 .\CortexM3\ARM_GCC_493\Debug\A66_canfestival_bootload.a(USBFS_1_descr.o)
 .ARM.attributes
                0x0000041c       0x2d c:/program files (x86)/cypress/psoc creator/3.3/psoc creator/import/gnu/arm/4.9.3/bin/../lib/gcc/arm-none-eabi/4.9.3/../../../../arm-none-eabi/lib/armv7-m\libg_nano.a(lib_a-errno.o)
 .ARM.attributes
                0x00000449       0x2d c:/program files (x86)/cypress/psoc creator/3.3/psoc creator/import/gnu/arm/4.9.3/bin/../lib/gcc/arm-none-eabi/4.9.3/../../../../arm-none-eabi/lib/armv7-m\libg_nano.a(lib_a-exit.o)
 .ARM.attributes
                0x00000476       0x2d c:/program files (x86)/cypress/psoc creator/3.3/psoc creator/import/gnu/arm/4.9.3/bin/../lib/gcc/arm-none-eabi/4.9.3/../../../../arm-none-eabi/lib/armv7-m\libg_nano.a(lib_a-impure.o)
 .ARM.attributes
                0x000004a3       0x2d c:/program files (x86)/cypress/psoc creator/3.3/psoc creator/import/gnu/arm/4.9.3/bin/../lib/gcc/arm-none-eabi/4.9.3/../../../../arm-none-eabi/lib/armv7-m\libg_nano.a(lib_a-init.o)
 .ARM.attributes
                0x000004d0       0x2d c:/program files (x86)/cypress/psoc creator/3.3/psoc creator/import/gnu/arm/4.9.3/bin/../lib/gcc/arm-none-eabi/4.9.3/../../../../arm-none-eabi/lib/armv7-m\libg_nano.a(lib_a-memcpy.o)
 .ARM.attributes
                0x000004fd       0x2d c:/program files (x86)/cypress/psoc creator/3.3/psoc creator/import/gnu/arm/4.9.3/bin/../lib/gcc/arm-none-eabi/4.9.3/../../../../arm-none-eabi/lib/armv7-m\libg_nano.a(lib_a-memset.o)
 .ARM.attributes
                0x0000052a       0x2d c:/program files (x86)/cypress/psoc creator/3.3/psoc creator/import/gnu/arm/4.9.3/bin/../lib/gcc/arm-none-eabi/4.9.3/armv7-m/crtend.o
 .ARM.attributes
                0x00000557       0x1d c:/program files (x86)/cypress/psoc creator/3.3/psoc creator/import/gnu/arm/4.9.3/bin/../lib/gcc/arm-none-eabi/4.9.3/armv7-m/crtn.o

/DISCARD/
 *(.note.GNU-stack)
OUTPUT(.\CortexM3\ARM_GCC_493\Debug\A66_canfestival_bootload.elf elf32-littlearm)
