Archive member included because of file (symbol)

.\CortexM3\ARM_GCC_493\Debug\A66_CanFestival.a(cyfitter_cfg.o)
                              .\CortexM3\ARM_GCC_493\Debug\Cm3Start.o (cyfitter_cfg)
.\CortexM3\ARM_GCC_493\Debug\A66_CanFestival.a(CAN_1.o)
                              .\CortexM3\ARM_GCC_493\Debug\main.o (CAN_1_Start)
.\CortexM3\ARM_GCC_493\Debug\A66_CanFestival.a(CAN_1_INT.o)
                              .\CortexM3\ARM_GCC_493\Debug\A66_CanFestival.a(CAN_1.o) (CAN_1_ISR)
.\CortexM3\ARM_GCC_493\Debug\A66_CanFestival.a(CAN_1_TX_RX_func.o)
                              .\CortexM3\ARM_GCC_493\Debug\main.o (CAN_1_SendMsg)
.\CortexM3\ARM_GCC_493\Debug\A66_CanFestival.a(CyBootAsmGnu.o)
                              .\CortexM3\ARM_GCC_493\Debug\A66_CanFestival.a(cyfitter_cfg.o) (CyDelayCycles)
.\CortexM3\ARM_GCC_493\Debug\A66_CanFestival.a(CyLib.o)
                              .\CortexM3\ARM_GCC_493\Debug\Cm3Start.o (CyHalt)
.\CortexM3\ARM_GCC_493\Debug\A66_CanFestival.a(cyPm.o)
                              .\CortexM3\ARM_GCC_493\Debug\A66_CanFestival.a(CyLib.o) (CyPmReadStatus)
.\CortexM3\ARM_GCC_493\Debug\A66_CanFestival.a(Timer_1.o)
                              .\CortexM3\ARM_GCC_493\Debug\Valve_Control.o (Timer_1_Start)
.\CortexM3\ARM_GCC_493\Debug\A66_CanFestival.a(LED1.o)
                              .\CortexM3\ARM_GCC_493\Debug\led.o (LED1_Write)
.\CortexM3\ARM_GCC_493\Debug\A66_CanFestival.a(ISR_Stroke_Timer.o)
                              .\CortexM3\ARM_GCC_493\Debug\Valve_Control.o (ISR_Stroke_Timer_Start)
.\CortexM3\ARM_GCC_493\Debug\A66_CanFestival.a(Control_Reg_1.o)
                              .\CortexM3\ARM_GCC_493\Debug\main.o (Control_Reg_1_Write)
.\CortexM3\ARM_GCC_493\Debug\A66_CanFestival.a(Status_Reg_1.o)
                              .\CortexM3\ARM_GCC_493\Debug\main.o (Status_Reg_1_Read)
.\CortexM3\ARM_GCC_493\Debug\A66_CanFestival.a(Clock_1.o)
                              .\CortexM3\ARM_GCC_493\Debug\Valve_Control.o (Clock_1_Start)
.\CortexM3\ARM_GCC_493\Debug\A66_CanFestival.a(LED2.o)
                              .\CortexM3\ARM_GCC_493\Debug\led.o (LED2_Write)
.\CortexM3\ARM_GCC_493\Debug\A66_CanFestival.a(LED3.o)
                              .\CortexM3\ARM_GCC_493\Debug\led.o (LED3_Write)
.\CortexM3\ARM_GCC_493\Debug\A66_CanFestival.a(EEPROM_1.o)
                              .\CortexM3\ARM_GCC_493\Debug\Valve_Control.o (EEPROM_1_Start)
.\CortexM3\ARM_GCC_493\Debug\A66_CanFestival.a(TLC5616_CLK.o)
                              .\CortexM3\ARM_GCC_493\Debug\TLC5616.o (TLC5616_CLK_Write)
.\CortexM3\ARM_GCC_493\Debug\A66_CanFestival.a(TLC5616_DAT.o)
                              .\CortexM3\ARM_GCC_493\Debug\TLC5616.o (TLC5616_DAT_Write)
.\CortexM3\ARM_GCC_493\Debug\A66_CanFestival.a(TLC5616_CS1.o)
                              .\CortexM3\ARM_GCC_493\Debug\TLC5616.o (TLC5616_CS1_Write)
.\CortexM3\ARM_GCC_493\Debug\A66_CanFestival.a(TLC5616_CS2.o)
                              .\CortexM3\ARM_GCC_493\Debug\TLC5616.o (TLC5616_CS2_Write)
.\CortexM3\ARM_GCC_493\Debug\A66_CanFestival.a(LCD_Char_1.o)
                              .\CortexM3\ARM_GCC_493\Debug\Valve_Control.o (LCD_Char_1_PrintString)
.\CortexM3\ARM_GCC_493\Debug\A66_CanFestival.a(LCD_Char_1_CustChars.o)
                              .\CortexM3\ARM_GCC_493\Debug\main.o (LCD_Char_1_LoadCustomFonts)
.\CortexM3\ARM_GCC_493\Debug\A66_CanFestival.a(CyFlash.o)
                              .\CortexM3\ARM_GCC_493\Debug\A66_CanFestival.a(EEPROM_1.o) (dieTemperature)
.\CortexM3\ARM_GCC_493\Debug\A66_CanFestival.a(CySpc.o)
                              .\CortexM3\ARM_GCC_493\Debug\A66_CanFestival.a(EEPROM_1.o) (CySpcStart)
c:/program files (x86)/cypress/psoc creator/3.3/psoc creator/import/gnu/arm/4.9.3/bin/../lib/gcc/arm-none-eabi/4.9.3/../../../../arm-none-eabi/lib/armv7-m\libg_nano.a(lib_a-errno.o)
                              .\CortexM3\ARM_GCC_493\Debug\Cm3Start.o (__errno)
c:/program files (x86)/cypress/psoc creator/3.3/psoc creator/import/gnu/arm/4.9.3/bin/../lib/gcc/arm-none-eabi/4.9.3/../../../../arm-none-eabi/lib/armv7-m\libg_nano.a(lib_a-exit.o)
                              c:/program files (x86)/cypress/psoc creator/3.3/psoc creator/import/gnu/arm/4.9.3/bin/../lib/gcc/arm-none-eabi/4.9.3/../../../../arm-none-eabi/lib/armv7-m/crt0.o (exit)
c:/program files (x86)/cypress/psoc creator/3.3/psoc creator/import/gnu/arm/4.9.3/bin/../lib/gcc/arm-none-eabi/4.9.3/../../../../arm-none-eabi/lib/armv7-m\libg_nano.a(lib_a-impure.o)
                              c:/program files (x86)/cypress/psoc creator/3.3/psoc creator/import/gnu/arm/4.9.3/bin/../lib/gcc/arm-none-eabi/4.9.3/../../../../arm-none-eabi/lib/armv7-m\libg_nano.a(lib_a-exit.o) (_global_impure_ptr)
c:/program files (x86)/cypress/psoc creator/3.3/psoc creator/import/gnu/arm/4.9.3/bin/../lib/gcc/arm-none-eabi/4.9.3/../../../../arm-none-eabi/lib/armv7-m\libg_nano.a(lib_a-init.o)
[...]
Memory Configuration

Name             Origin             Length             Attributes
rom              0x00000000         0x00040000         xr
ram              0x1fff8000         0x00010000         xrw
*default*        0x00000000         0xffffffff

Linker script and memory map

LOAD c:/program files (x86)/cypress/psoc creator/3.3/psoc creator/import/gnu/arm/4.9.3/bin/../lib/gcc/arm-none-eabi/4.9.3/armv7-m/crti.o
LOAD c:/program files (x86)/cypress/psoc creator/3.3/psoc creator/import/gnu/arm/4.9.3/bin/../lib/gcc/arm-none-eabi/4.9.3/armv7-m/crtbegin.o
LOAD c:/program files (x86)/cypress/psoc creator/3.3/psoc creator/import/gnu/arm/4.9.3/bin/../lib/gcc/arm-none-eabi/4.9.3/../../../../arm-none-eabi/lib/armv7-m/crt0.o
START GROUP
LOAD .\CortexM3\ARM_GCC_493\Debug\main.o
LOAD .\CortexM3\ARM_GCC_493\Debug\dcf.o
LOAD .\CortexM3\ARM_GCC_493\Debug\emcy.o
LOAD .\CortexM3\ARM_GCC_493\Debug\lifegrd.o
LOAD .\CortexM3\ARM_GCC_493\Debug\lss.o
LOAD .\CortexM3\ARM_GCC_493\Debug\nmtMaster.o
LOAD .\CortexM3\ARM_GCC_493\Debug\nmtSlave.o
LOAD .\CortexM3\ARM_GCC_493\Debug\objacces.o
LOAD .\CortexM3\ARM_GCC_493\Debug\pdo.o
LOAD .\CortexM3\ARM_GCC_493\Debug\sdo.o
LOAD .\CortexM3\ARM_GCC_493\Debug\states.o
LOAD .\CortexM3\ARM_GCC_493\Debug\sync.o
LOAD .\CortexM3\ARM_GCC_493\Debug\TestSlave.o
LOAD .\CortexM3\ARM_GCC_493\Debug\timer.o
LOAD .\CortexM3\ARM_GCC_493\Debug\canfestival.o
LOAD .\CortexM3\ARM_GCC_493\Debug\led.o
LOAD .\CortexM3\ARM_GCC_493\Debug\Valve_Control.o
LOAD .\CortexM3\ARM_GCC_493\Debug\CanopenDictConfig.o
LOAD .\CortexM3\ARM_GCC_493\Debug\TLC5616.o
LOAD .\CortexM3\ARM_GCC_493\Debug\cymetadata.o
LOAD .\CortexM3\ARM_GCC_493\Debug\Cm3Start.o
LOAD .\CortexM3\ARM_GCC_493\Debug\cybootloader.o
LOAD .\CortexM3\ARM_GCC_493\Debug\A66_CanFestival.a
LOAD C:\Program Files (x86)\Cypress\PSoC Creator\3.3\PSoC Creator\psoc\content\cycomponentlibrary\CyComponentLibrary.cylib\CortexM3\ARM_GCC_493\Debug\CyComponentLibrary.a
END GROUP
START GROUP
LOAD c:/program files (x86)/cypress/psoc creator/3.3/psoc creator/import/gnu/arm/4.9.3/bin/../lib/gcc/arm-none-eabi/4.9.3/armv7-m\libgcc.a
LOAD c:/program files (x86)/cypress/psoc creator/3.3/psoc creator/import/gnu/arm/4.9.3/bin/../lib/gcc/arm-none-eabi/4.9.3/../../../../arm-none-eabi/lib/armv7-m\libg_nano.a
LOAD c:/program files (x86)/cypress/psoc creator/3.3/psoc creator/import/gnu/arm/4.9.3/bin/../lib/gcc/arm-none-eabi/4.9.3/../../../../arm-none-eabi/lib/armv7-m\libc_nano.a
END GROUP
START GROUP
LOAD c:/program files (x86)/cypress/psoc creator/3.3/psoc creator/import/gnu/arm/4.9.3/bin/../lib/gcc/arm-none-eabi/4.9.3/armv7-m\libgcc.a
LOAD c:/program files (x86)/cypress/psoc creator/3.3/psoc creator/import/gnu/arm/4.9.3/bin/../lib/gcc/arm-none-eabi/4.9.3/../../../../arm-none-eabi/lib/armv7-m\libc_nano.a
END GROUP
LOAD c:/program files (x86)/cypress/psoc creator/3.3/psoc creator/import/gnu/arm/4.9.3/bin/../lib/gcc/arm-none-eabi/4.9.3/armv7-m/crtend.o
LOAD c:/program files (x86)/cypress/psoc creator/3.3/psoc creator/import/gnu/arm/4.9.3/bin/../lib/gcc/arm-none-eabi/4.9.3/armv7-m/crtn.o
START GROUP
LOAD c:/program files (x86)/cypress/psoc creator/3.3/psoc creator/import/gnu/arm/4.9.3/bin/../lib/gcc/arm-none-eabi/4.9.3/armv7-m\libgcc.a
LOAD c:/program files (x86)/cypress/psoc creator/3.3/psoc creator/import/gnu/arm/4.9.3/bin/../lib/gcc/arm-none-eabi/4.9.3/../../../../arm-none-eabi/lib/armv7-m\libc.a
LOAD c:/program files (x86)/cypress/psoc creator/3.3/psoc creator/import/gnu/arm/4.9.3/bin/../lib/gcc/arm-none-eabi/4.9.3/../../../../arm-none-eabi/lib/armv7-m\libnosys.a
END GROUP
                0x00000000                CY_APPL_ORIGIN = 0x0
                0x00000100                CY_FLASH_ROW_SIZE = 0x100
                0x00000020                CY_ECC_ROW_SIZE = 0x20
                0x00000000                CY_EE_IN_BTLDR = 0x0
                0x00000001                CY_APPL_LOADABLE = 0x1
                0x00000800                CY_EE_SIZE = 0x800
                0x00000001                CY_APPL_NUM = 0x1
                0x00000001                CY_APPL_MAX = 0x1
                0x00000040                CY_METADATA_SIZE = 0x40
                0x00000001                CY_APPL_LOADABLE = 0x1
                0x00000000                CY_CHECKSUM_EXCLUDE_SIZE = ALIGN (0x0, CY_FLASH_ROW_SIZE)
                0x1fff8b98                PROVIDE (__cy_heap_start, _end)
                0x00000001                PROVIDE (__cy_region_num, ((__cy_regions_end - __cy_regions) / 0x10))
                0x20008000                PROVIDE (__cy_stack, (ORIGIN (ram) + 0x10000))
                0x20007800                PROVIDE (__cy_heap_end, (__cy_stack - 0x800))

.cybootloader   0x00000000     0x2900
 *(.cybootloader)
 .cybootloader  0x00000000     0x2900 .\CortexM3\ARM_GCC_493\Debug\cybootloader.o
                0x00000000                cy_bootloader
                0x00002900                appl1_start = CY_APPL_ORIGIN?CY_APPL_ORIGIN:ALIGN (CY_FLASH_ROW_SIZE)
                0x00021400                appl2_start = (appl1_start + ALIGN ((((0x40000 - appl1_start) - (0x2 * CY_FLASH_ROW_SIZE)) / 0x2), CY_FLASH_ROW_SIZE))
                0x00002900                appl_start = (CY_APPL_NUM == 0x1)?appl1_start:appl2_start
                0x00000520                ecc_offset = ((appl_start / CY_FLASH_ROW_SIZE) * CY_ECC_ROW_SIZE)
                0x00000000                ee_offset = (CY_APPL_LOADABLE && ! (CY_EE_IN_BTLDR))?((CY_EE_SIZE / CY_APPL_MAX) * (CY_APPL_NUM - 0x1)):0x0
                0x00000800                ee_size = (CY_APPL_LOADABLE && ! (CY_EE_IN_BTLDR))?(CY_EE_SIZE / CY_APPL_MAX):CY_EE_SIZE
                0x00000520                PROVIDE (CY_ECC_OFFSET, ecc_offset)

.text           0x00002900     0x597e
 CREATE_OBJECT_SYMBOLS
                0x00002900                PROVIDE (__cy_interrupt_vector, RomVectors)
 *(.romvectors)
 .romvectors    0x00002900       0x10 .\CortexM3\ARM_GCC_493\Debug\Cm3Start.o
                0x00002900                RomVectors
                0x00000001                ASSERT ((. != __cy_interrupt_vector), No interrupt vector)
                0x00000001                ASSERT (CY_APPL_ORIGIN?(SIZEOF (.cybootloader) <= CY_APPL_ORIGIN):0x1, Wrong image location)
                0x00002910                PROVIDE (__cy_reset, Reset)
 *(.text.Reset)
 .text.Reset    0x00002910        0x8 .\CortexM3\ARM_GCC_493\Debug\Cm3Start.o
                0x00002910                Reset
                0x00000001                ASSERT ((. != __cy_reset), No reset code)
 *(.dma_init)
                0x00000001                ASSERT ((((appl_start + .) <= 0x10000) || 0x1), DMA Init must be within the first 64k of flash)
 *(.text .text.* .gnu.linkonce.t.*)
 .text          0x00002918       0x5c c:/program files (x86)/cypress/psoc creator/3.3/psoc creator/import/gnu/arm/4.9.3/bin/../lib/gcc/arm-none-eabi/4.9.3/armv7-m/crtbegin.o
 .text.canSend  0x00002974       0x6c .\CortexM3\ARM_GCC_493\Debug\main.o
                0x00002974                canSend
 .text.main     0x000029e0      0x168 .\CortexM3\ARM_GCC_493\Debug\main.o
                0x000029e0                main
 .text.OnNumberOfErrorsUpdate
                0x00002b48       0x28 .\CortexM3\ARM_GCC_493\Debug\emcy.o
                0x00002b48                OnNumberOfErrorsUpdate
 .text.emergencyInit
                0x00002b70       0x20 .\CortexM3\ARM_GCC_493\Debug\emcy.o
                0x00002b70                emergencyInit
 .text.emergencyStop
                0x00002b90        0x4 .\CortexM3\ARM_GCC_493\Debug\emcy.o
                0x00002b90                emergencyStop
 .text.proceedEMCY
                0x00002b94       0x24 .\CortexM3\ARM_GCC_493\Debug\emcy.o
                0x00002b94                proceedEMCY
 .text._post_emcy
                0x00002bb8        0x4 .\CortexM3\ARM_GCC_493\Debug\emcy.o
                0x00002bb8                _post_emcy
 .text.ConsumerHearbeatAlarm
                0x00002bbc       0x2c .\CortexM3\ARM_GCC_493\Debug\lifegrd.o
                0x00002bbc                ConsumerHearbeatAlarm
 .text.ProducerHearbeatAlarm
                0x00002be8       0x4c .\CortexM3\ARM_GCC_493\Debug\lifegrd.o
                0x00002be8                ProducerHearbeatAlarm
 .text.proceedNODE_GUARD
                0x00002c34       0xf0 .\CortexM3\ARM_GCC_493\Debug\lifegrd.o
                0x00002c34                proceedNODE_GUARD
 .text.heartbeatInit
                0x00002d24       0x70 .\CortexM3\ARM_GCC_493\Debug\lifegrd.o
                0x00002d24                heartbeatInit
 .text.heartbeatStop
                0x00002d94       0x34 .\CortexM3\ARM_GCC_493\Debug\lifegrd.o
                0x00002d94                heartbeatStop
 .text.OnHeartbeatProducerUpdate
                0x00002dc8       0x14 .\CortexM3\ARM_GCC_493\Debug\lifegrd.o
                0x00002dc8                OnHeartbeatProducerUpdate
 .text._heartbeatError
                0x00002ddc        0x4 .\CortexM3\ARM_GCC_493\Debug\lifegrd.o
                0x00002ddc                _heartbeatError
 .text._post_SlaveBootup
                0x00002de0        0x4 .\CortexM3\ARM_GCC_493\Debug\lifegrd.o
                0x00002de0                _post_SlaveBootup
 .text._post_SlaveStateChange
                0x00002de4        0x4 .\CortexM3\ARM_GCC_493\Debug\lifegrd.o
                0x00002de4                _post_SlaveStateChange
 .text.masterSendNMTstateChange
                0x00002de8       0x2c .\CortexM3\ARM_GCC_493\Debug\nmtMaster.o
                0x00002de8                masterSendNMTstateChange
 .text.proceedNMTstateChange
                0x00002e14       0xac .\CortexM3\ARM_GCC_493\Debug\nmtSlave.o
                0x00002e14                proceedNMTstateChange
 .text.slaveSendBootUp
                0x00002ec0       0x30 .\CortexM3\ARM_GCC_493\Debug\nmtSlave.o
                0x00002ec0                slaveSendBootUp
 .text._getODentry
                0x00002ef0       0xc4 .\CortexM3\ARM_GCC_493\Debug\objacces.o
                0x00002ef0                _getODentry
 .text._setODentry
                0x00002fb4      0x104 .\CortexM3\ARM_GCC_493\Debug\objacces.o
                0x00002fb4                _setODentry
 .text.scanIndexOD
                0x000030b8       0x10 .\CortexM3\ARM_GCC_493\Debug\objacces.o
                0x000030b8                scanIndexOD
 .text.RegisterSetODentryCallBack
                0x000030c8       0x28 .\CortexM3\ARM_GCC_493\Debug\objacces.o
                0x000030c8                RegisterSetODentryCallBack
 .text._storeODSubIndex
                0x000030f0        0x4 .\CortexM3\ARM_GCC_493\Debug\objacces.o
                0x000030f0                _storeODSubIndex
 .text.sendPdo  0x000030f4       0x2c .\CortexM3\ARM_GCC_493\Debug\pdo.o
 .text.CopyBits
                0x00003120       0xb8 .\CortexM3\ARM_GCC_493\Debug\pdo.o
                0x00003120                CopyBits
 .text.buildPDO
                0x000031d8       0xe4 .\CortexM3\ARM_GCC_493\Debug\pdo.o
                0x000031d8                buildPDO
 .text.sendOnePDOevent
                0x000032bc       0xfc .\CortexM3\ARM_GCC_493\Debug\pdo.o
                0x000032bc                sendOnePDOevent
 .text.PDOEventTimerAlarm
                0x000033b8       0x24 .\CortexM3\ARM_GCC_493\Debug\pdo.o
                0x000033b8                PDOEventTimerAlarm
 .text.proceedPDO
                0x000033dc      0x264 .\CortexM3\ARM_GCC_493\Debug\pdo.o
                0x000033dc                proceedPDO
 .text.TPDO_Communication_Parameter_Callback
                0x00003640       0x5c .\CortexM3\ARM_GCC_493\Debug\pdo.o
                0x00003640                TPDO_Communication_Parameter_Callback
 .text.PDOInhibitTimerAlarm
                0x0000369c       0x24 .\CortexM3\ARM_GCC_493\Debug\pdo.o
                0x0000369c                PDOInhibitTimerAlarm
 .text._RxPDO_EventTimers_Handler
                0x000036c0        0x4 .\CortexM3\ARM_GCC_493\Debug\pdo.o
                0x000036c0                _RxPDO_EventTimers_Handler
 .text._sendPDOevent
                0x000036c4      0x154 .\CortexM3\ARM_GCC_493\Debug\pdo.o
                0x000036c4                _sendPDOevent
 .text.PDOInit  0x00003818       0x50 .\CortexM3\ARM_GCC_493\Debug\pdo.o
                0x00003818                PDOInit
 .text.PDOStop  0x00003868       0x60 .\CortexM3\ARM_GCC_493\Debug\pdo.o
                0x00003868                PDOStop
 .text.SDOlineToObjdict
                0x000038c8       0x50 .\CortexM3\ARM_GCC_493\Debug\sdo.o
                0x000038c8                SDOlineToObjdict
 .text.objdictToSDOline
                0x00003918       0x50 .\CortexM3\ARM_GCC_493\Debug\sdo.o
                0x00003918                objdictToSDOline
 .text.lineToSDO
                0x00003968       0x68 .\CortexM3\ARM_GCC_493\Debug\sdo.o
                0x00003968                lineToSDO
 .text.SDOtoLine
                0x000039d0       0x58 .\CortexM3\ARM_GCC_493\Debug\sdo.o
                0x000039d0                SDOtoLine
 .text.initSDOline
                0x00003a28       0xac .\CortexM3\ARM_GCC_493\Debug\sdo.o
                0x00003a28                initSDOline
 .text.resetSDOline
                0x00003ad4       0x48 .\CortexM3\ARM_GCC_493\Debug\sdo.o
                0x00003ad4                resetSDOline
 .text.resetSDO
                0x00003b1c       0x1c .\CortexM3\ARM_GCC_493\Debug\sdo.o
                0x00003b1c                resetSDO
 .text.getSDOfreeLine
                0x00003b38       0x34 .\CortexM3\ARM_GCC_493\Debug\sdo.o
                0x00003b38                getSDOfreeLine
 .text.getSDOlineOnUse
                0x00003b6c       0x54 .\CortexM3\ARM_GCC_493\Debug\sdo.o
                0x00003b6c                getSDOlineOnUse
 .text.getSDOlineRestBytes
                0x00003bc0       0x24 .\CortexM3\ARM_GCC_493\Debug\sdo.o
                0x00003bc0                getSDOlineRestBytes
 .text.setSDOlineRestBytes
                0x00003be4       0x18 .\CortexM3\ARM_GCC_493\Debug\sdo.o
                0x00003be4                setSDOlineRestBytes
 .text.sendSDO  0x00003bfc       0x98 .\CortexM3\ARM_GCC_493\Debug\sdo.o
                0x00003bfc                sendSDO
 .text.sendSDOabort
                0x00003c94       0x44 .\CortexM3\ARM_GCC_493\Debug\sdo.o
                0x00003c94                sendSDOabort
 .text.SDOTimeoutAlarm
                0x00003cd8       0xa0 .\CortexM3\ARM_GCC_493\Debug\sdo.o
                0x00003cd8                SDOTimeoutAlarm
 .text.failedSDO
                0x00003d78       0x90 .\CortexM3\ARM_GCC_493\Debug\sdo.o
                0x00003d78                failedSDO
 .text.proceedSDO
                0x00003e08     0x1c0c .\CortexM3\ARM_GCC_493\Debug\sdo.o
                0x00003e08                proceedSDO
 .text.canDispatch
                0x00005a14       0x6c .\CortexM3\ARM_GCC_493\Debug\states.o
                0x00005a14                canDispatch
 .text.switchCommunicationState
                0x00005a80      0x110 .\CortexM3\ARM_GCC_493\Debug\states.o
                0x00005a80                switchCommunicationState
 .text.setState
                0x00005b90      0x100 .\CortexM3\ARM_GCC_493\Debug\states.o
                0x00005b90                setState
 .text.getNodeId
                0x00005c90        0x8 .\CortexM3\ARM_GCC_493\Debug\states.o
                0x00005c90                getNodeId
 .text.setNodeId
                0x00005c98      0x12c .\CortexM3\ARM_GCC_493\Debug\states.o
                0x00005c98                setNodeId
 .text._initialisation
                0x00005dc4        0x4 .\CortexM3\ARM_GCC_493\Debug\states.o
                0x00005dc4                _initialisation
 .text._preOperational
                0x00005dc8        0x4 .\CortexM3\ARM_GCC_493\Debug\states.o
                0x00005dc8                _preOperational
 .text._operational
                0x00005dcc        0x4 .\CortexM3\ARM_GCC_493\Debug\states.o
                0x00005dcc                _operational
 .text._stopped
                0x00005dd0        0x4 .\CortexM3\ARM_GCC_493\Debug\states.o
                0x00005dd0                _stopped
 .text.stopSYNC
                0x00005dd4       0x2c .\CortexM3\ARM_GCC_493\Debug\sync.o
                0x00005dd4                stopSYNC
 .text.startSYNC
                0x00005e00       0x64 .\CortexM3\ARM_GCC_493\Debug\sync.o
                0x00005e00                startSYNC
 .text.OnCOB_ID_SyncUpdate
                0x00005e64        0xc .\CortexM3\ARM_GCC_493\Debug\sync.o
                0x00005e64                OnCOB_ID_SyncUpdate
 .text.sendSYNCMessage
                0x00005e70       0x28 .\CortexM3\ARM_GCC_493\Debug\sync.o
                0x00005e70                sendSYNCMessage
 .text.proceedSYNC
                0x00005e98       0x2c .\CortexM3\ARM_GCC_493\Debug\sync.o
                0x00005e98                proceedSYNC
 .text.sendSYNC
                0x00005ec4       0x14 .\CortexM3\ARM_GCC_493\Debug\sync.o
                0x00005ec4                sendSYNC
 .text.SyncAlarm
                0x00005ed8        0x8 .\CortexM3\ARM_GCC_493\Debug\sync.o
                0x00005ed8                SyncAlarm
 .text._post_sync
                0x00005ee0        0x4 .\CortexM3\ARM_GCC_493\Debug\sync.o
                0x00005ee0                _post_sync
 .text._post_TPDO
                0x00005ee4        0x4 .\CortexM3\ARM_GCC_493\Debug\sync.o
                0x00005ee4                _post_TPDO
 .text.TestSlave_valueRangeTest
                0x00005ee8       0x18 .\CortexM3\ARM_GCC_493\Debug\TestSlave.o
                0x00005ee8                TestSlave_valueRangeTest
 .text.TestSlave_scanIndexOD
                0x00005f00      0x22c .\CortexM3\ARM_GCC_493\Debug\TestSlave.o
                0x00005f00                TestSlave_scanIndexOD
 .text.SetAlarm
                0x0000612c       0xa0 .\CortexM3\ARM_GCC_493\Debug\timer.o
                0x0000612c                SetAlarm
 .text.DelAlarm
                0x000061cc       0x30 .\CortexM3\ARM_GCC_493\Debug\timer.o
                0x000061cc                DelAlarm
 .text.TimeDispatch
                0x000061fc       0xac .\CortexM3\ARM_GCC_493\Debug\timer.o
                0x000061fc                TimeDispatch
 .text.setTimer
                0x000062a8       0x20 .\CortexM3\ARM_GCC_493\Debug\canfestival.o
                0x000062a8                setTimer
 .text.getElapsedTime
                0x000062c8       0x20 .\CortexM3\ARM_GCC_493\Debug\canfestival.o
                0x000062c8                getElapsedTime
 .text.timerForCan
                0x000062e8       0x34 .\CortexM3\ARM_GCC_493\Debug\canfestival.o
                0x000062e8                timerForCan
 .text.Control_LED_Write
                0x0000631c       0x20 .\CortexM3\ARM_GCC_493\Debug\led.o
                0x0000631c                Control_LED_Write
 .text.EEPROM_Array_Read
                0x0000633c       0x1c .\CortexM3\ARM_GCC_493\Debug\Valve_Control.o
                0x0000633c                EEPROM_Array_Read
 .text.EEPROM_Array_Write
                0x00006358       0x14 .\CortexM3\ARM_GCC_493\Debug\Valve_Control.o
                0x00006358                EEPROM_Array_Write
 .text.Read_config
                0x0000636c       0x54 .\CortexM3\ARM_GCC_493\Debug\Valve_Control.o
                0x0000636c                Read_config
 .text.Init_Stroke_Timer
                0x000063c0       0x30 .\CortexM3\ARM_GCC_493\Debug\Valve_Control.o
                0x000063c0                Init_Stroke_Timer
 .text.Write_config
                0x000063f0       0x54 .\CortexM3\ARM_GCC_493\Debug\Valve_Control.o
                0x000063f0                Write_config
 .text.LCD_DISPLAY
                0x00006444       0xcc .\CortexM3\ARM_GCC_493\Debug\Valve_Control.o
                0x00006444                LCD_DISPLAY
 .text.LCD_DISPLAY_MODE
                0x00006510       0x98 .\CortexM3\ARM_GCC_493\Debug\Valve_Control.o
                0x00006510                LCD_DISPLAY_MODE
 .text.timer_10ms
                0x000065a8      0x2d8 .\CortexM3\ARM_GCC_493\Debug\Valve_Control.o
                0x000065a8                timer_10ms
 .text.Stroke_Process
                0x00006880      0x38c .\CortexM3\ARM_GCC_493\Debug\Valve_Control.o
                0x00006880                Stroke_Process
 .text.Slave_heartbeatError
                0x00006c0c        0x4 .\CortexM3\ARM_GCC_493\Debug\CanopenDictConfig.o
                0x00006c0c                Slave_heartbeatError
 .text.Slave_preOperational
                0x00006c10        0x4 .\CortexM3\ARM_GCC_493\Debug\CanopenDictConfig.o
                0x00006c10                Slave_preOperational
 .text.Slave_operational
                0x00006c14        0x4 .\CortexM3\ARM_GCC_493\Debug\CanopenDictConfig.o
                0x00006c14                Slave_operational
 .text.Slave_stopped
                0x00006c18        0x4 .\CortexM3\ARM_GCC_493\Debug\CanopenDictConfig.o
                0x00006c18                Slave_stopped
 .text.Slave_post_sync
                0x00006c1c        0x4 .\CortexM3\ARM_GCC_493\Debug\CanopenDictConfig.o
                0x00006c1c                Slave_post_sync
 .text.Slave_post_emcy
                0x00006c20        0x4 .\CortexM3\ARM_GCC_493\Debug\CanopenDictConfig.o
                0x00006c20                Slave_post_emcy
 .text.Slave_post_TPDO
                0x00006c24        0x4 .\CortexM3\ARM_GCC_493\Debug\CanopenDictConfig.o
                0x00006c24                Slave_post_TPDO
 .text.Slave_post_SlaveBootup
                0x00006c28        0x4 .\CortexM3\ARM_GCC_493\Debug\CanopenDictConfig.o
                0x00006c28                Slave_post_SlaveBootup
 .text.Slave_initialisation
                0x00006c2c       0x2c .\CortexM3\ARM_GCC_493\Debug\CanopenDictConfig.o
                0x00006c2c                Slave_initialisation
 .text.Slave_post_SlaveStateChange
                0x00006c58       0x28 .\CortexM3\ARM_GCC_493\Debug\CanopenDictConfig.o
                0x00006c58                Slave_post_SlaveStateChange
 .text.CANOpenSlaveInit
                0x00006c80       0x68 .\CortexM3\ARM_GCC_493\Debug\CanopenDictConfig.o
                0x00006c80                CANOpenSlaveInit
 .text.CanopenInit
                0x00006ce8       0x40 .\CortexM3\ARM_GCC_493\Debug\CanopenDictConfig.o
                0x00006ce8                CanopenInit
 .text.Init_TLC5616
                0x00006d28       0x18 .\CortexM3\ARM_GCC_493\Debug\TLC5616.o
                0x00006d28                Init_TLC5616
 .text.TLC5616_Write
                0x00006d40       0x78 .\CortexM3\ARM_GCC_493\Debug\TLC5616.o
                0x00006d40                TLC5616_Write
 .text.IntDefaultHandler
                0x00006db8        0x4 .\CortexM3\ARM_GCC_493\Debug\Cm3Start.o
                0x00006db8                IntDefaultHandler
 .text.Start_c  0x00006dbc       0x4c .\CortexM3\ARM_GCC_493\Debug\Cm3Start.o
                0x00006dbc                Start_c
 .text.initialize_psoc
                0x00006e08       0x74 .\CortexM3\ARM_GCC_493\Debug\Cm3Start.o
                0x00006e08                initialize_psoc
 .text.CyClockStartupError
                0x00006e7c        0x4 .\CortexM3\ARM_GCC_493\Debug\A66_CanFestival.a(cyfitter_cfg.o)
 .text.cfg_write_bytes32
                0x00006e80       0x34 .\CortexM3\ARM_GCC_493\Debug\A66_CanFestival.a(cyfitter_cfg.o)
 .text.AnalogSetDefault
                0x00006eb4       0x28 .\CortexM3\ARM_GCC_493\Debug\A66_CanFestival.a(cyfitter_cfg.o)
 .text.ClockSetup
                0x00006edc       0xd8 .\CortexM3\ARM_GCC_493\Debug\A66_CanFestival.a(cyfitter_cfg.o)
 .text.CYMEMZERO
                0x00006fb4        0xc .\CortexM3\ARM_GCC_493\Debug\A66_CanFestival.a(cyfitter_cfg.o)
 .text.CYCONFIGCPY
                0x00006fc0        0x8 .\CortexM3\ARM_GCC_493\Debug\A66_CanFestival.a(cyfitter_cfg.o)
 .text.cyfitter_cfg
                0x00006fc8      0x120 .\CortexM3\ARM_GCC_493\Debug\A66_CanFestival.a(cyfitter_cfg.o)
                0x00006fc8                cyfitter_cfg
 .text.CAN_1_Stop
                0x000070e8       0x5c .\CortexM3\ARM_GCC_493\Debug\A66_CanFestival.a(CAN_1.o)
                0x000070e8                CAN_1_Stop
 .text.CAN_1_GlobalIntEnable
                0x00007144       0x20 .\CortexM3\ARM_GCC_493\Debug\A66_CanFestival.a(CAN_1.o)
                0x00007144                CAN_1_GlobalIntEnable
 .text.CAN_1_Enable
                0x00007164       0x6c .\CortexM3\ARM_GCC_493\Debug\A66_CanFestival.a(CAN_1.o)
                0x00007164                CAN_1_Enable
 .text.CAN_1_GlobalIntDisable
                0x000071d0       0x20 .\CortexM3\ARM_GCC_493\Debug\A66_CanFestival.a(CAN_1.o)
                0x000071d0                CAN_1_GlobalIntDisable
 .text.CAN_1_SetPreScaler
                0x000071f0       0x24 .\CortexM3\ARM_GCC_493\Debug\A66_CanFestival.a(CAN_1.o)
                0x000071f0                CAN_1_SetPreScaler
 .text.CAN_1_SetArbiter
                0x00007214       0x3c .\CortexM3\ARM_GCC_493\Debug\A66_CanFestival.a(CAN_1.o)
                0x00007214                CAN_1_SetArbiter
 .text.CAN_1_SetTsegSample
                0x00007250       0x84 .\CortexM3\ARM_GCC_493\Debug\A66_CanFestival.a(CAN_1.o)
                0x00007250                CAN_1_SetTsegSample
 .text.CAN_1_SetRestartType
                0x000072d4       0x3c .\CortexM3\ARM_GCC_493\Debug\A66_CanFestival.a(CAN_1.o)
                0x000072d4                CAN_1_SetRestartType
 .text.CAN_1_SetEdgeMode
                0x00007310       0x3c .\CortexM3\ARM_GCC_493\Debug\A66_CanFestival.a(CAN_1.o)
                0x00007310                CAN_1_SetEdgeMode
 .text.CAN_1_SetIrqMask
                0x0000734c       0x18 .\CortexM3\ARM_GCC_493\Debug\A66_CanFestival.a(CAN_1.o)
                0x0000734c                CAN_1_SetIrqMask
 .text.CAN_1_RxBufConfig
                0x00007364       0x90 .\CortexM3\ARM_GCC_493\Debug\A66_CanFestival.a(CAN_1.o)
                0x00007364                CAN_1_RxBufConfig
 .text.CAN_1_TxBufConfig
                0x000073f4       0x54 .\CortexM3\ARM_GCC_493\Debug\A66_CanFestival.a(CAN_1.o)
                0x000073f4                CAN_1_TxBufConfig
 .text.CAN_1_RxTxBuffersConfig
                0x00007448       0x50 .\CortexM3\ARM_GCC_493\Debug\A66_CanFestival.a(CAN_1.o)
                0x00007448                CAN_1_RxTxBuffersConfig
 .text.CAN_1_Init
                0x00007498       0xe0 .\CortexM3\ARM_GCC_493\Debug\A66_CanFestival.a(CAN_1.o)
                0x00007498                CAN_1_Init
 .text.CAN_1_Start
                0x00007578       0x24 .\CortexM3\ARM_GCC_493\Debug\A66_CanFestival.a(CAN_1.o)
                0x00007578                CAN_1_Start
 .text.CAN_1_BusOffIsr
                0x0000759c       0x18 .\CortexM3\ARM_GCC_493\Debug\A66_CanFestival.a(CAN_1_INT.o)
                0x0000759c                CAN_1_BusOffIsr
 .text.CAN_1_MsgRXIsr
                0x000075b4       0x44 .\CortexM3\ARM_GCC_493\Debug\A66_CanFestival.a(CAN_1_INT.o)
                0x000075b4                CAN_1_MsgRXIsr
 .text.CAN_1_ISR
                0x000075f8       0x24 .\CortexM3\ARM_GCC_493\Debug\A66_CanFestival.a(CAN_1_INT.o)
                0x000075f8                CAN_1_ISR
 .text.CAN_1_SendMsg
                0x0000761c       0xd8 .\CortexM3\ARM_GCC_493\Debug\A66_CanFestival.a(CAN_1_TX_RX_func.o)
                0x0000761c                CAN_1_SendMsg
 .text.CAN_1_ReceiveMsg
                0x000076f4       0xd8 .\CortexM3\ARM_GCC_493\Debug\A66_CanFestival.a(CAN_1_TX_RX_func.o)
                0x000076f4                CAN_1_ReceiveMsg
 *fill*         0x000077cc        0x4 
 .text          0x000077d0       0x20 .\CortexM3\ARM_GCC_493\Debug\A66_CanFestival.a(CyBootAsmGnu.o)
                0x000077d0                CyDelayCycles
                0x000077e0                CyEnterCriticalSection
                0x000077e8                CyExitCriticalSection
 .text.CyHalt   0x000077f0        0x4 .\CortexM3\ARM_GCC_493\Debug\A66_CanFestival.a(CyLib.o)
                0x000077f0                CyHalt
 .text.CyDelay  0x000077f4       0x2c .\CortexM3\ARM_GCC_493\Debug\A66_CanFestival.a(CyLib.o)
                0x000077f4                CyDelay
 .text.CyDelayUs
                0x00007820       0x14 .\CortexM3\ARM_GCC_493\Debug\A66_CanFestival.a(CyLib.o)
                0x00007820                CyDelayUs
 .text.CyIntSetVector
                0x00007834       0x28 .\CortexM3\ARM_GCC_493\Debug\A66_CanFestival.a(CyLib.o)
                0x00007834                CyIntSetVector
 .text.CyIntSetPriority
                0x0000785c       0x30 .\CortexM3\ARM_GCC_493\Debug\A66_CanFestival.a(CyLib.o)
                0x0000785c                CyIntSetPriority
 .text.Timer_1_Enable
                0x0000788c       0x10 .\CortexM3\ARM_GCC_493\Debug\A66_CanFestival.a(Timer_1.o)
                0x0000788c                Timer_1_Enable
 .text.Timer_1_SetInterruptMode
                0x0000789c        0xc .\CortexM3\ARM_GCC_493\Debug\A66_CanFestival.a(Timer_1.o)
                0x0000789c                Timer_1_SetInterruptMode
 .text.Timer_1_ReadStatusRegister
                0x000078a8        0xc .\CortexM3\ARM_GCC_493\Debug\A66_CanFestival.a(Timer_1.o)
                0x000078a8                Timer_1_ReadStatusRegister
 .text.Timer_1_WritePeriod
                0x000078b4        0xc .\CortexM3\ARM_GCC_493\Debug\A66_CanFestival.a(Timer_1.o)
                0x000078b4                Timer_1_WritePeriod
 .text.Timer_1_ReadCapture
                0x000078c0        0xc .\CortexM3\ARM_GCC_493\Debug\A66_CanFestival.a(Timer_1.o)
                0x000078c0                Timer_1_ReadCapture
 .text.Timer_1_WriteCounter
                0x000078cc        0xc .\CortexM3\ARM_GCC_493\Debug\A66_CanFestival.a(Timer_1.o)
                0x000078cc                Timer_1_WriteCounter
 .text.Timer_1_ClearFIFO
                0x000078d8       0x14 .\CortexM3\ARM_GCC_493\Debug\A66_CanFestival.a(Timer_1.o)
                0x000078d8                Timer_1_ClearFIFO
 .text.Timer_1_Init
                0x000078ec       0x34 .\CortexM3\ARM_GCC_493\Debug\A66_CanFestival.a(Timer_1.o)
                0x000078ec                Timer_1_Init
 .text.Timer_1_Start
                0x00007920       0x1c .\CortexM3\ARM_GCC_493\Debug\A66_CanFestival.a(Timer_1.o)
                0x00007920                Timer_1_Start
 .text.LED1_Write
                0x0000793c       0x18 .\CortexM3\ARM_GCC_493\Debug\A66_CanFestival.a(LED1.o)
                0x0000793c                LED1_Write
 .text.LED1_Read
                0x00007954       0x10 .\CortexM3\ARM_GCC_493\Debug\A66_CanFestival.a(LED1.o)
                0x00007954                LED1_Read
 .text.ISR_Stroke_Timer_Interrupt
                0x00007964       0xd8 .\CortexM3\ARM_GCC_493\Debug\A66_CanFestival.a(ISR_Stroke_Timer.o)
                0x00007964                ISR_Stroke_Timer_Interrupt
 .text.ISR_Stroke_Timer_SetVector
                0x00007a3c        0xc .\CortexM3\ARM_GCC_493\Debug\A66_CanFestival.a(ISR_Stroke_Timer.o)
                0x00007a3c                ISR_Stroke_Timer_SetVector
 .text.ISR_Stroke_Timer_SetPriority
                0x00007a48       0x10 .\CortexM3\ARM_GCC_493\Debug\A66_CanFestival.a(ISR_Stroke_Timer.o)
                0x00007a48                ISR_Stroke_Timer_SetPriority
 .text.ISR_Stroke_Timer_Enable
                0x00007a58        0xc .\CortexM3\ARM_GCC_493\Debug\A66_CanFestival.a(ISR_Stroke_Timer.o)
                0x00007a58                ISR_Stroke_Timer_Enable
 .text.ISR_Stroke_Timer_Disable
                0x00007a64        0xc .\CortexM3\ARM_GCC_493\Debug\A66_CanFestival.a(ISR_Stroke_Timer.o)
                0x00007a64                ISR_Stroke_Timer_Disable
 .text.ISR_Stroke_Timer_Start
                0x00007a70       0x1c .\CortexM3\ARM_GCC_493\Debug\A66_CanFestival.a(ISR_Stroke_Timer.o)
                0x00007a70                ISR_Stroke_Timer_Start
 .text.Control_Reg_1_Write
                0x00007a8c        0xc .\CortexM3\ARM_GCC_493\Debug\A66_CanFestival.a(Control_Reg_1.o)
                0x00007a8c                Control_Reg_1_Write
 .text.Status_Reg_1_Read
                0x00007a98        0xc .\CortexM3\ARM_GCC_493\Debug\A66_CanFestival.a(Status_Reg_1.o)
                0x00007a98                Status_Reg_1_Read
 .text.Clock_1_Start
                0x00007aa4       0x1c .\CortexM3\ARM_GCC_493\Debug\A66_CanFestival.a(Clock_1.o)
                0x00007aa4                Clock_1_Start
 .text.LED2_Write
                0x00007ac0       0x18 .\CortexM3\ARM_GCC_493\Debug\A66_CanFestival.a(LED2.o)
                0x00007ac0                LED2_Write
 .text.LED3_Write
                0x00007ad8       0x18 .\CortexM3\ARM_GCC_493\Debug\A66_CanFestival.a(LED3.o)
                0x00007ad8                LED3_Write
 .text.EEPROM_1_Enable
                0x00007af0        0xc .\CortexM3\ARM_GCC_493\Debug\A66_CanFestival.a(EEPROM_1.o)
                0x00007af0                EEPROM_1_Enable
 .text.EEPROM_1_Start
                0x00007afc        0x8 .\CortexM3\ARM_GCC_493\Debug\A66_CanFestival.a(EEPROM_1.o)
                0x00007afc                EEPROM_1_Start
 .text.EEPROM_1_ReadByte
                0x00007b04       0x28 .\CortexM3\ARM_GCC_493\Debug\A66_CanFestival.a(EEPROM_1.o)
                0x00007b04                EEPROM_1_ReadByte
 .text.EEPROM_1_Write
                0x00007b2c       0xb4 .\CortexM3\ARM_GCC_493\Debug\A66_CanFestival.a(EEPROM_1.o)
                0x00007b2c                EEPROM_1_Write
 .text.TLC5616_CLK_Write
                0x00007be0       0x18 .\CortexM3\ARM_GCC_493\Debug\A66_CanFestival.a(TLC5616_CLK.o)
                0x00007be0                TLC5616_CLK_Write
 .text.TLC5616_DAT_Write
                0x00007bf8       0x18 .\CortexM3\ARM_GCC_493\Debug\A66_CanFestival.a(TLC5616_DAT.o)
                0x00007bf8                TLC5616_DAT_Write
 .text.TLC5616_CS1_Write
                0x00007c10       0x18 .\CortexM3\ARM_GCC_493\Debug\A66_CanFestival.a(TLC5616_CS1.o)
                0x00007c10                TLC5616_CS1_Write
 .text.TLC5616_CS2_Write
                0x00007c28       0x18 .\CortexM3\ARM_GCC_493\Debug\A66_CanFestival.a(TLC5616_CS2.o)
                0x00007c28                TLC5616_CS2_Write
 .text.LCD_Char_1_WrCntrlNib
                0x00007c40       0x34 .\CortexM3\ARM_GCC_493\Debug\A66_CanFestival.a(LCD_Char_1.o)
 .text.LCD_Char_1_WrDatNib
                0x00007c74       0x44 .\CortexM3\ARM_GCC_493\Debug\A66_CanFestival.a(LCD_Char_1.o)
 .text.LCD_Char_1_IsReady
                0x00007cb8       0xe4 .\CortexM3\ARM_GCC_493\Debug\A66_CanFestival.a(LCD_Char_1.o)
                0x00007cb8                LCD_Char_1_IsReady
 .text.LCD_Char_1_WriteData
                0x00007d9c       0x18 .\CortexM3\ARM_GCC_493\Debug\A66_CanFestival.a(LCD_Char_1.o)
                0x00007d9c                LCD_Char_1_WriteData
 .text.LCD_Char_1_PrintString
                0x00007db4       0x1c .\CortexM3\ARM_GCC_493\Debug\A66_CanFestival.a(LCD_Char_1.o)
                0x00007db4                LCD_Char_1_PrintString
 .text.LCD_Char_1_PutChar
                0x00007dd0        0x8 .\CortexM3\ARM_GCC_493\Debug\A66_CanFestival.a(LCD_Char_1.o)
                0x00007dd0                LCD_Char_1_PutChar
 .text.LCD_Char_1_WriteControl
                0x00007dd8       0x18 .\CortexM3\ARM_GCC_493\Debug\A66_CanFestival.a(LCD_Char_1.o)
                0x00007dd8                LCD_Char_1_WriteControl
 .text.LCD_Char_1_Init
                0x00007df0       0x74 .\CortexM3\ARM_GCC_493\Debug\A66_CanFestival.a(LCD_Char_1.o)
                0x00007df0                LCD_Char_1_Init
 .text.LCD_Char_1_Position
                0x00007e64       0x3c .\CortexM3\ARM_GCC_493\Debug\A66_CanFestival.a(LCD_Char_1.o)
                0x00007e64                LCD_Char_1_Position
 .text.LCD_Char_1_LoadCustomFonts
                0x00007ea0       0x2c .\CortexM3\ARM_GCC_493\Debug\A66_CanFestival.a(LCD_Char_1_CustChars.o)
                0x00007ea0                LCD_Char_1_LoadCustomFonts
 .text.CyFlashGetSpcAlgorithm
                0x00007ecc       0x4c .\CortexM3\ARM_GCC_493\Debug\A66_CanFestival.a(CyFlash.o)
 .text.CySetTempInt
                0x00007f18       0x60 .\CortexM3\ARM_GCC_493\Debug\A66_CanFestival.a(CyFlash.o)
 .text.CySetTemp
                0x00007f78       0x14 .\CortexM3\ARM_GCC_493\Debug\A66_CanFestival.a(CyFlash.o)
                0x00007f78                CySetTemp
 .text.CyEEPROM_Start
                0x00007f8c       0x54 .\CortexM3\ARM_GCC_493\Debug\A66_CanFestival.a(CyFlash.o)
                0x00007f8c                CyEEPROM_Start
 .text.CyEEPROM_ReadReserve
                0x00007fe0       0x1c .\CortexM3\ARM_GCC_493\Debug\A66_CanFestival.a(CyFlash.o)
                0x00007fe0                CyEEPROM_ReadReserve
 .text.CyEEPROM_ReadRelease
                0x00007ffc       0x10 .\CortexM3\ARM_GCC_493\Debug\A66_CanFestival.a(CyFlash.o)
                0x00007ffc                CyEEPROM_ReadRelease
 .text.CySpcStart
                0x0000800c       0x24 .\CortexM3\ARM_GCC_493\Debug\A66_CanFestival.a(CySpc.o)
                0x0000800c                CySpcStart
 .text.CySpcReadData
                0x00008030       0x34 .\CortexM3\ARM_GCC_493\Debug\A66_CanFestival.a(CySpc.o)
                0x00008030                CySpcReadData
 .text.CySpcLoadRow
                0x00008064       0x54 .\CortexM3\ARM_GCC_493\Debug\A66_CanFestival.a(CySpc.o)
                0x00008064                CySpcLoadRow
 .text.CySpcWriteRow
                0x000080b8       0x4c .\CortexM3\ARM_GCC_493\Debug\A66_CanFestival.a(CySpc.o)
                0x000080b8                CySpcWriteRow
 .text.CySpcGetTemp
                0x00008104       0x3c .\CortexM3\ARM_GCC_493\Debug\A66_CanFestival.a(CySpc.o)
                0x00008104                CySpcGetTemp
 .text.CySpcLock
                0x00008140       0x4c .\CortexM3\ARM_GCC_493\Debug\A66_CanFestival.a(CySpc.o)
                0x00008140                CySpcLock
 .text.CySpcUnlock
                0x0000818c       0x38 .\CortexM3\ARM_GCC_493\Debug\A66_CanFestival.a(CySpc.o)
                0x0000818c                CySpcUnlock
 .text.CySpcGetAlgorithm
                0x000081c4       0x28 .\CortexM3\ARM_GCC_493\Debug\A66_CanFestival.a(CySpc.o)
                0x000081c4                CySpcGetAlgorithm
 .text.__libc_init_array
                0x000081ec       0x4c c:/program files (x86)/cypress/psoc creator/3.3/psoc creator/import/gnu/arm/4.9.3/bin/../lib/gcc/arm-none-eabi/4.9.3/../../../../arm-none-eabi/lib/armv7-m\libg_nano.a(lib_a-init.o)
                0x000081ec                __libc_init_array
 .text.memcmp   0x00008238       0x20 c:/program files (x86)/cypress/psoc creator/3.3/psoc creator/import/gnu/arm/4.9.3/bin/../lib/gcc/arm-none-eabi/4.9.3/../../../../arm-none-eabi/lib/armv7-m\libg_nano.a(lib_a-memcmp.o)
                0x00008238                memcmp
 .text.memcpy   0x00008258       0x16 c:/program files (x86)/cypress/psoc creator/3.3/psoc creator/import/gnu/arm/4.9.3/bin/../lib/gcc/arm-none-eabi/4.9.3/../../../../arm-none-eabi/lib/armv7-m\libg_nano.a(lib_a-memcpy.o)
                0x00008258                memcpy
 .text.memset   0x0000826e       0x10 c:/program files (x86)/cypress/psoc creator/3.3/psoc creator/import/gnu/arm/4.9.3/bin/../lib/gcc/arm-none-eabi/4.9.3/../../../../arm-none-eabi/lib/armv7-m\libg_nano.a(lib_a-memset.o)
                0x0000826e                memset
 *(.plt)
 *(.gnu.warning)
 *(.glue_7t)
 .glue_7t       0x00000000        0x0 linker stubs
 *(.glue_7)
 .glue_7        0x00000000        0x0 linker stubs
 *(.vfp11_veneer)
 .vfp11_veneer  0x00000000        0x0 linker stubs
 *(.bootloader)
 *(.ARM.extab* .gnu.linkonce.armextab.*)
 *(.gcc_except_table)

.v4_bx          0x00008280        0x0
 .v4_bx         0x00000000        0x0 linker stubs

.iplt           0x00008280        0x0
 .iplt          0x00000000        0x0 c:/program files (x86)/cypress/psoc creator/3.3/psoc creator/import/gnu/arm/4.9.3/bin/../lib/gcc/arm-none-eabi/4.9.3/armv7-m/crtbegin.o

.eh_frame_hdr
 *(.eh_frame_hdr)

.eh_frame       0x00008280        0x4
 *(.eh_frame)
 .eh_frame      0x00008280        0x0 c:/program files (x86)/cypress/psoc creator/3.3/psoc creator/import/gnu/arm/4.9.3/bin/../lib/gcc/arm-none-eabi/4.9.3/armv7-m/crtbegin.o
 .eh_frame      0x00008280        0x4 c:/program files (x86)/cypress/psoc creator/3.3/psoc creator/import/gnu/arm/4.9.3/bin/../lib/gcc/arm-none-eabi/4.9.3/armv7-m/crtend.o
                0x00008284                PROVIDE (__exidx_start, .)

.ARM.exidx
 *(.ARM.exidx* .gnu.linkonce.armexidx.*)
                0x00008284                __exidx_end = .

.rodata         0x00008284      0x3cc
 *(.rodata .rodata.* .gnu.linkonce.r.*)
 .rodata        0x00008284       0x38 .\CortexM3\ARM_GCC_493\Debug\states.o
 .rodata        0x000082bc      0x124 .\CortexM3\ARM_GCC_493\Debug\TestSlave.o
                0x000082bc                TestSlave_objdict
                0x000083dc                TestSlave_iam_a_slave
 .rodata        0x000083e0        0x8 .\CortexM3\ARM_GCC_493\Debug\Valve_Control.o
 .rodata.str1.4
                0x000083e8       0x70 .\CortexM3\ARM_GCC_493\Debug\Valve_Control.o
 .rodata        0x00008458       0x24 .\CortexM3\ARM_GCC_493\Debug\A66_CanFestival.a(cyfitter_cfg.o)
 .rodata        0x0000847c      0x160 .\CortexM3\ARM_GCC_493\Debug\A66_CanFestival.a(CAN_1.o)
 .rodata        0x000085dc       0x40 .\CortexM3\ARM_GCC_493\Debug\A66_CanFestival.a(LCD_Char_1_CustChars.o)
                0x000085dc                LCD_Char_1_customFonts
                0x0000861c                . = ALIGN (0x4)
 *(.init)
 .init          0x0000861c        0x4 c:/program files (x86)/cypress/psoc creator/3.3/psoc creator/import/gnu/arm/4.9.3/bin/../lib/gcc/arm-none-eabi/4.9.3/armv7-m/crti.o
                0x0000861c                _init
 .init          0x00008620        0x8 c:/program files (x86)/cypress/psoc creator/3.3/psoc creator/import/gnu/arm/4.9.3/bin/../lib/gcc/arm-none-eabi/4.9.3/armv7-m/crtn.o
                0x00008628                . = ALIGN (0x4)
                0x00008628                __preinit_array_start = .
 *(.preinit_array)
                0x00008628                __preinit_array_end = .
                0x00008628                . = ALIGN (0x4)
                0x00008628                __init_array_start = .
 *(SORT(.init_array.*))
 *(.init_array)
 .init_array    0x00008628        0x4 c:/program files (x86)/cypress/psoc creator/3.3/psoc creator/import/gnu/arm/4.9.3/bin/../lib/gcc/arm-none-eabi/4.9.3/armv7-m/crtbegin.o
 .init_array    0x0000862c        0x4 .\CortexM3\ARM_GCC_493\Debug\Cm3Start.o
                0x00008630                __init_array_end = .
                0x00008630                . = ALIGN (0x4)
 *(.fini)
 .fini          0x00008630        0x4 c:/program files (x86)/cypress/psoc creator/3.3/psoc creator/import/gnu/arm/4.9.3/bin/../lib/gcc/arm-none-eabi/4.9.3/armv7-m/crti.o
                0x00008630                _fini
 .fini          0x00008634        0x8 c:/program files (x86)/cypress/psoc creator/3.3/psoc creator/import/gnu/arm/4.9.3/bin/../lib/gcc/arm-none-eabi/4.9.3/armv7-m/crtn.o
                0x0000863c                . = ALIGN (0x4)
                0x0000863c                __fini_array_start = .
 *(.fini_array)
 .fini_array    0x0000863c        0x4 c:/program files (x86)/cypress/psoc creator/3.3/psoc creator/import/gnu/arm/4.9.3/bin/../lib/gcc/arm-none-eabi/4.9.3/armv7-m/crtbegin.o
 *(SORT(.fini_array.*))
                0x00008640                __fini_array_end = .
                0x00008640                . = ALIGN (0x4)
 *crtbegin.o(.ctors)
 *(EXCLUDE_FILE(*crtend.o) .ctors)
 *(SORT(.ctors.*))
 *crtend.o(.ctors)
                0x00008640                . = ALIGN (0x4)
 *crtbegin.o(.dtors)
 *(EXCLUDE_FILE(*crtend.o) .dtors)
 *(SORT(.dtors.*))
 *crtend.o(.dtors)
                0x00008640                . = ALIGN (0x4)
                0x00008640                __cy_regions = .
                0x00008640        0x4 LONG 0x8650 __cy_region_init_ram
                0x00008644        0x4 LONG 0x1fff8108 __cy_region_start_data
                0x00008648        0x4 LONG 0x7f0 __cy_region_init_size_ram
                0x0000864c        0x4 LONG 0x2a0 __cy_region_zero_size_ram
                0x00008650                __cy_regions_end = .
                0x00008650                . = ALIGN (0x8)
                0x00008650                _etext = .

.ramvectors     0x1fff8000      0x100
                0x1fff8000                __cy_region_start_ram = .
 *(.ramvectors)
 .ramvectors    0x1fff8000      0x100 .\CortexM3\ARM_GCC_493\Debug\Cm3Start.o
                0x1fff8000                CyRamVectors

.noinit         0x1fff8100        0x5
 *(.noinit)
 .noinit        0x1fff8100        0x4 .\CortexM3\ARM_GCC_493\Debug\Cm3Start.o
 .noinit        0x1fff8104        0x1 .\CortexM3\ARM_GCC_493\Debug\A66_CanFestival.a(CyLib.o)
                0x1fff8104                CyResetStatus

.data           0x1fff8108      0x7f0 load address 0x00008650
                0x1fff8108                __cy_region_start_data = .
 *(.jcr)
 .jcr           0x1fff8108        0x0 c:/program files (x86)/cypress/psoc creator/3.3/psoc creator/import/gnu/arm/4.9.3/bin/../lib/gcc/arm-none-eabi/4.9.3/armv7-m/crtbegin.o
 .jcr           0x1fff8108        0x4 c:/program files (x86)/cypress/psoc creator/3.3/psoc creator/import/gnu/arm/4.9.3/bin/../lib/gcc/arm-none-eabi/4.9.3/armv7-m/crtend.o
 *(.got.plt)
 *(.got)
 *(.shdata)
 *(.data .data.* .gnu.linkonce.d.*)
 .data          0x1fff810c      0x7ac .\CortexM3\ARM_GCC_493\Debug\TestSlave.o
                0x1fff810c                TestSlave_Data
                0x1fff82b8                TestSlave_PDO_status
                0x1fff8312                TestSlave_ObjdictSize
                0x1fff8314                TestSlave_lastIndex
                0x1fff8320                TestSlave_firstIndex
                0x1fff832c                TestSlave_Index7001
                0x1fff8350                TestSlave_highestSubIndex_obj7001
                0x1fff8354                TestSlave_Index7000
                0x1fff83cc                TestSlave_highestSubIndex_obj7000
                0x1fff83d0                TestSlave_Index200C
                0x1fff83dc                TestSlave_Index200B
                0x1fff83e8                TestSlave_Index200A
                0x1fff83f4                TestSlave_Index2009
                0x1fff8400                TestSlave_Index2008
                0x1fff840c                TestSlave_Index2007
                0x1fff8418                TestSlave_Index2006
                0x1fff8424                TestSlave_Index2005
                0x1fff8430                TestSlave_Index2004
                0x1fff843c                TestSlave_Index2003
                0x1fff8448                TestSlave_Index2002
                0x1fff8454                TestSlave_Index2001
                0x1fff8460                TestSlave_Index2000
                0x1fff8484                TestSlave_Index1A04
                0x1fff849c                TestSlave_obj1A04
                0x1fff84a0                TestSlave_highestSubIndex_obj1A04
                0x1fff84a4                TestSlave_Index1A03
                0x1fff84bc                TestSlave_obj1A03
                0x1fff84c0                TestSlave_highestSubIndex_obj1A03
                0x1fff84c4                TestSlave_Index1A02
                0x1fff84dc                TestSlave_obj1A02
                0x1fff84e0                TestSlave_highestSubIndex_obj1A02
                0x1fff84e4                TestSlave_Index1A01
                0x1fff84fc                TestSlave_obj1A01
                0x1fff8500                TestSlave_highestSubIndex_obj1A01
                0x1fff8504                TestSlave_Index1A00
                0x1fff8534                TestSlave_obj1A00
                0x1fff8540                TestSlave_highestSubIndex_obj1A00
                0x1fff8544                TestSlave_Index1804
                0x1fff858c                TestSlave_obj1804_Transmission_Type
                0x1fff8590                TestSlave_obj1804_COB_ID_used_by_PDO
                0x1fff8594                TestSlave_highestSubIndex_obj1804
                0x1fff8598                TestSlave_Index1803
                0x1fff85e0                TestSlave_obj1803_Transmission_Type
                0x1fff85e4                TestSlave_obj1803_COB_ID_used_by_PDO
                0x1fff85e8                TestSlave_highestSubIndex_obj1803
                0x1fff85ec                TestSlave_Index1802
                0x1fff8634                TestSlave_obj1802_Event_Timer
                0x1fff8638                TestSlave_obj1802_COB_ID_used_by_PDO
                0x1fff863c                TestSlave_highestSubIndex_obj1802
                0x1fff8640                TestSlave_Index1801
                0x1fff8688                TestSlave_obj1801_COB_ID_used_by_PDO
                0x1fff868c                TestSlave_highestSubIndex_obj1801
                0x1fff8690                TestSlave_Index1800
                0x1fff86d8                TestSlave_obj1800_Event_Timer
                0x1fff86da                TestSlave_obj1800_Transmission_Type
                0x1fff86dc                TestSlave_obj1800_COB_ID_used_by_PDO
                0x1fff86e0                TestSlave_highestSubIndex_obj1800
                0x1fff86e4                TestSlave_Index1200
                0x1fff8708                TestSlave_obj1200_COB_ID_Server_to_Client_Transmit_SDO
                0x1fff870c                TestSlave_obj1200_COB_ID_Client_to_Server_Receive_SDO
                0x1fff8710                TestSlave_highestSubIndex_obj1200
                0x1fff8714                TestSlave_Index1018
                0x1fff8750                TestSlave_obj1018_Serial_Number
                0x1fff8754                TestSlave_obj1018_Revision_Number
                0x1fff8758                TestSlave_obj1018_Product_Code
                0x1fff875c                TestSlave_obj1018_Vendor_ID
                0x1fff8760                TestSlave_highestSubIndex_obj1018
                0x1fff8764                TestSlave_Index1017
                0x1fff8770                TestSlave_Index1014
                0x1fff877c                TestSlave_obj1014
                0x1fff8780                TestSlave_Index1011
                0x1fff87bc                TestSlave_highestSubIndex_obj1011
                0x1fff87c0                TestSlave_Index1010
                0x1fff87fc                TestSlave_highestSubIndex_obj1010
                0x1fff8800                TestSlave_Index1006
                0x1fff880c                TestSlave_Index1005
                0x1fff8818                TestSlave_obj1005
                0x1fff881c                TestSlave_Index1003
                0x1fff8888                TestSlave_Index1001
                0x1fff8894                TestSlave_Index1000
                0x1fff88a0                TestSlave_obj1000
                0x1fff88a4                SlaveMap13
                0x1fff88a6                SlaveMap1
                0x1fff88a8                SlaveMap11
                0x1fff88ac                SlaveMap10
                0x1fff88b0                SlaveMap9
                0x1fff88b1                SlaveMap8
                0x1fff88b2                SlaveMap7
                0x1fff88b3                SlaveMap6
                0x1fff88b4                SlaveMap5
                0x1fff88b5                SlaveMap4
                0x1fff88b6                SlaveMap3
                0x1fff88b7                SlaveMap2
 .data          0x1fff88b8        0x8 .\CortexM3\ARM_GCC_493\Debug\timer.o
                0x1fff88b8                last_timer_raw
                0x1fff88bc                total_sleep_time
 .data          0x1fff88c0        0x8 .\CortexM3\ARM_GCC_493\Debug\canfestival.o
                0x1fff88c0                TIMER_MAX_COUNT
 .data          0x1fff88c8       0x14 .\CortexM3\ARM_GCC_493\Debug\Valve_Control.o
                0x1fff88cc                LED_Status
                0x1fff88d8                FootStart_state
                0x1fff88d9                FootUP_State
 .data          0x1fff88dc        0x1 .\CortexM3\ARM_GCC_493\Debug\CanopenDictConfig.o
                0x1fff88dc                nodeID
 *fill*         0x1fff88dd        0x3 
 .data          0x1fff88e0       0x10 .\CortexM3\ARM_GCC_493\Debug\A66_CanFestival.a(CyLib.o)
                0x1fff88e0                cydelay_32k_ms
                0x1fff88e4                cydelay_freq_khz
                0x1fff88e8                cydelay_freq_mhz
                0x1fff88ec                cydelay_freq_hz
 .data          0x1fff88f0        0x4 .\CortexM3\ARM_GCC_493\Debug\A66_CanFestival.a(ISR_Stroke_Timer.o)
                0x1fff88f0                ISR_Stroke_Timer_states
                0x1fff88f8                . = ALIGN (0x8)
 *fill*         0x1fff88f4        0x4 
 *(.ram)
                0x1fff88f8                _edata = .

.igot.plt       0x1fff88f8        0x0 load address 0x00008e40
 .igot.plt      0x00000000        0x0 c:/program files (x86)/cypress/psoc creator/3.3/psoc creator/import/gnu/arm/4.9.3/bin/../lib/gcc/arm-none-eabi/4.9.3/armv7-m/crtbegin.o

.bss            0x1fff88f8      0x2a0 load address 0x00008e40
                0x1fff88f8                PROVIDE (__bss_start__, .)
 *(.shbss)
 *(.bss .bss.* .gnu.linkonce.b.*)
 .bss           0x1fff88f8       0x1c c:/program files (x86)/cypress/psoc creator/3.3/psoc creator/import/gnu/arm/4.9.3/bin/../lib/gcc/arm-none-eabi/4.9.3/armv7-m/crtbegin.o
 .bss           0x1fff8914      0x144 .\CortexM3\ARM_GCC_493\Debug\TestSlave.o
                0x1fff8914                TestSlave_Index1003_callbacks
                0x1fff8938                TestSlave_Index1005_callbacks
                0x1fff893c                TestSlave_Index1006_callbacks
                0x1fff8940                TestSlave_Index1010_callbacks
                0x1fff8954                TestSlave_Index1011_callbacks
                0x1fff8968                TestSlave_Index1017_callbacks
                0x1fff896c                TestSlave_Index1800_callbacks
                0x1fff8984                TestSlave_Index1801_callbacks
                0x1fff899c                TestSlave_Index1802_callbacks
                0x1fff89b4                TestSlave_Index1803_callbacks
                0x1fff89cc                TestSlave_Index1804_callbacks
                0x1fff89e4                TestSlave_obj1804_Event_Timer
                0x1fff89e6                TestSlave_obj1804_Compatibility_Entry
                0x1fff89e8                TestSlave_obj1804_Inhibit_Time
                0x1fff89ea                TestSlave_obj1803_Event_Timer
                0x1fff89ec                TestSlave_obj1803_Compatibility_Entry
                0x1fff89ee                TestSlave_obj1803_Inhibit_Time
                0x1fff89f0                TestSlave_obj1802_Compatibility_Entry
                0x1fff89f2                TestSlave_obj1802_Inhibit_Time
                0x1fff89f4                TestSlave_obj1802_Transmission_Type
                0x1fff89f6                TestSlave_obj1801_Event_Timer
                0x1fff89f8                TestSlave_obj1801_Compatibility_Entry
                0x1fff89fa                TestSlave_obj1801_Inhibit_Time
                0x1fff89fc                TestSlave_obj1801_Transmission_Type
                0x1fff89fd                TestSlave_obj1800_Compatibility_Entry
                0x1fff89fe                TestSlave_obj1800_Inhibit_Time
                0x1fff8a00                TestSlave_obj1017
                0x1fff8a04                TestSlave_obj1016
                0x1fff8a08                TestSlave_highestSubIndex_obj1016
                0x1fff8a0c                TestSlave_obj1011_Restore_Manufacturer_Default_Parameters
                0x1fff8a10                TestSlave_obj1011_Restore_Application_Default_Parameters
                0x1fff8a14                TestSlave_obj1011_Restore_Communication_Default_Parameters
                0x1fff8a18                TestSlave_obj1011_Restore_All_Default_Parameters
                0x1fff8a1c                TestSlave_obj1010_Save_Manufacturer_Parameters
                0x1fff8a20                TestSlave_obj1010_Save_Application_Parameters
                0x1fff8a24                TestSlave_obj1010_Save_Communication_Parameters
                0x1fff8a28                TestSlave_obj1010_Save_All_Parameters
                0x1fff8a2c                TestSlave_obj1006
                0x1fff8a30                TestSlave_obj1003
                0x1fff8a50                TestSlave_highestSubIndex_obj1003
                0x1fff8a51                TestSlave_obj1001
                0x1fff8a52                TestSlave_bDeviceNodeId
                0x1fff8a53                Config_Test_Value
                0x1fff8a54                System_enable
                0x1fff8a55                TPDO_PROCESS_Status
                0x1fff8a56                TPDO_OUT_Status
                0x1fff8a57                TPDO_IN_Status
 .bss           0x1fff8a58       0xc4 .\CortexM3\ARM_GCC_493\Debug\timer.o
                0x1fff8a58                timers
                0x1fff8b18                tdcount
 .bss           0x1fff8b1c        0x8 .\CortexM3\ARM_GCC_493\Debug\canfestival.o
                0x1fff8b1c                TimeCNT
                0x1fff8b20                NextTime
 .bss           0x1fff8b24        0x2 .\CortexM3\ARM_GCC_493\Debug\Valve_Control.o
 .bss           0x1fff8b26        0x1 .\CortexM3\ARM_GCC_493\Debug\CanopenDictConfig.o
 .bss           0x1fff8b27        0x1 .\CortexM3\ARM_GCC_493\Debug\A66_CanFestival.a(CAN_1.o)
                0x1fff8b27                CAN_1_initVar
 .bss           0x1fff8b28        0x1 .\CortexM3\ARM_GCC_493\Debug\A66_CanFestival.a(Timer_1.o)
                0x1fff8b28                Timer_1_initVar
 *fill*         0x1fff8b29        0x3 
 .bss           0x1fff8b2c       0x10 .\CortexM3\ARM_GCC_493\Debug\A66_CanFestival.a(ISR_Stroke_Timer.o)
 .bss           0x1fff8b3c        0x8 .\CortexM3\ARM_GCC_493\Debug\A66_CanFestival.a(CySpc.o)
                0x1fff8b3c                SpcLockState
 *(COMMON)
 COMMON         0x1fff8b44       0x1c .\CortexM3\ARM_GCC_493\Debug\main.o
                0x1fff8b44                receiveData
                0x1fff8b4c                Data
                0x1fff8b54                CAN_message
 COMMON         0x1fff8b60        0xe .\CortexM3\ARM_GCC_493\Debug\TestSlave.o
                0x1fff8b60                config_para
                0x1fff8b6c                TestSlave_heartBeatTimers
 *fill*         0x1fff8b6e        0x2 
 COMMON         0x1fff8b70       0x18 .\CortexM3\ARM_GCC_493\Debug\Valve_Control.o
                0x1fff8b70                CutReg
 COMMON         0x1fff8b88        0xc .\CortexM3\ARM_GCC_493\Debug\A66_CanFestival.a(CAN_1_TX_RX_func.o)
                0x1fff8b88                m
 COMMON         0x1fff8b94        0x2 .\CortexM3\ARM_GCC_493\Debug\A66_CanFestival.a(CyFlash.o)
                0x1fff8b94                dieTemperature
                0x1fff8b98                . = ALIGN (0x8)
 *fill*         0x1fff8b96        0x2 
 *(.ram.b)
                0x1fff8b98                _end = .
                0x1fff8b98                __end = .
                0x1fff8b98                PROVIDE (end, .)
                0x1fff8b98                PROVIDE (__bss_end__, .)
                0x00008650                __cy_region_init_ram = LOADADDR (.data)
                0x000007f0                __cy_region_init_size_ram = (_edata - ADDR (.data))
                0x000002a0                __cy_region_zero_size_ram = (_end - _edata)

.heap           0x1fff8b98       0x80 load address 0x00008e40
                0x1fff8b98                . = _end
                0x1fff8c18                . = (. + 0x80)
 *fill*         0x1fff8b98       0x80 
                0x1fff8c18                __cy_heap_limit = .

.stack          0x20007800      0x800
                0x20007800                __cy_stack_limit = .
                0x20008000                . = (. + 0x800)
 *fill*         0x20007800      0x800 
                0x00000001                ASSERT ((__cy_stack_limit >= __cy_heap_limit), region RAM overflowed with stack)

.cy_checksum_exclude
                0x0003ff00        0x0
 *(.cy_checksum_exclude)
                0x00000000                cy_checksum_exclude_size = (CY_APPL_LOADABLE == 0x1)?SIZEOF (.cy_checksum_exclude):0x0
                0x00000001                ASSERT ((cy_checksum_exclude_size <= CY_CHECKSUM_EXCLUDE_SIZE), CY_BOOT: Section .cy_checksum_exclude size exceedes specified limit.)

.cyloadermeta   0xf0000000       0x40
 *(.cyloadermeta)
 .cyloadermeta  0xf0000000       0x40 .\CortexM3\ARM_GCC_493\Debug\cybootloader.o
                0xf0000000                cy_meta_loader

.cyloadablemeta
                0x0003ffc0       0x40
 *(.cyloadablemeta)
 .cyloadablemeta
                0x0003ffc0       0x40 .\CortexM3\ARM_GCC_493\Debug\cymetadata.o
                0x0003ffc0                cy_meta_loadable

.cyconfigecc    0x80000520      0x658
 *(.cyconfigecc)
 .cyconfigecc   0x80000520      0x658 .\CortexM3\ARM_GCC_493\Debug\cymetadata.o
                0x80000520                cy_meta_configecc

.cycustnvl      0x90000000        0x4
 *(.cycustnvl)
 .cycustnvl     0x90000000        0x4 .\CortexM3\ARM_GCC_493\Debug\cybootloader.o
                0x90000000                cy_meta_custnvl

.cywolatch      0x90100000        0x4
 *(.cywolatch)
 .cywolatch     0x90100000        0x4 .\CortexM3\ARM_GCC_493\Debug\cybootloader.o
                0x90100000                cy_meta_wonvl

.cyeeprom       0x90200000        0x0
 *(.cyeeprom)
                0x00000001                ASSERT ((. <= ((0x90200000 + ee_offset) + ee_size)), .cyeeprom data will not fit in EEPROM)

.cyflashprotect
                0x90400000      0x100
 *(.cyflashprotect)
 .cyflashprotect
                0x90400000      0x100 .\CortexM3\ARM_GCC_493\Debug\cybootloader.o
                0x90400000                cy_meta_flashprotect

.cymeta         0x90500000        0xc
 *(.cymeta)
 .cymeta        0x90500000        0xc .\CortexM3\ARM_GCC_493\Debug\cybootloader.o
                0x90500000                cy_metadata

.rel.dyn        0x00040000        0x0 load address 0x9050000c
 .rel.iplt      0x00000000        0x0 c:/program files (x86)/cypress/psoc creator/3.3/psoc creator/import/gnu/arm/4.9.3/bin/../lib/gcc/arm-none-eabi/4.9.3/armv7-m/crtbegin.o

.stab
 *(.stab)

.stabstr
 *(.stabstr)

.debug
 *(.debug)

.line
 *(.line)

.debug_srcinfo
 *(.debug_srcinfo)

.debug_sfnames
 *(.debug_sfnames)

.debug_aranges  0x00000000     0x10d8
 *(.debug_aranges)
 .debug_aranges
                0x00000000       0x28 .\CortexM3\ARM_GCC_493\Debug\main.o
 .debug_aranges
                0x00000028       0x50 .\CortexM3\ARM_GCC_493\Debug\dcf.o
 .debug_aranges
                0x00000078       0x58 .\CortexM3\ARM_GCC_493\Debug\emcy.o
 .debug_aranges
                0x000000d0       0x68 .\CortexM3\ARM_GCC_493\Debug\lifegrd.o
 .debug_aranges
                0x00000138       0x18 .\CortexM3\ARM_GCC_493\Debug\lss.o
 .debug_aranges
                0x00000150       0x30 .\CortexM3\ARM_GCC_493\Debug\nmtMaster.o
 .debug_aranges
                0x00000180       0x28 .\CortexM3\ARM_GCC_493\Debug\nmtSlave.o
 .debug_aranges
                0x000001a8       0x48 .\CortexM3\ARM_GCC_493\Debug\objacces.o
 .debug_aranges
                0x000001f0       0x88 .\CortexM3\ARM_GCC_493\Debug\pdo.o
 .debug_aranges
                0x00000278      0x100 .\CortexM3\ARM_GCC_493\Debug\sdo.o
 .debug_aranges
                0x00000378       0x68 .\CortexM3\ARM_GCC_493\Debug\states.o
 .debug_aranges
                0x000003e0       0x60 .\CortexM3\ARM_GCC_493\Debug\sync.o
 .debug_aranges
                0x00000440       0x28 .\CortexM3\ARM_GCC_493\Debug\TestSlave.o
 .debug_aranges
                0x00000468       0x30 .\CortexM3\ARM_GCC_493\Debug\timer.o
 .debug_aranges
                0x00000498       0x30 .\CortexM3\ARM_GCC_493\Debug\canfestival.o
 .debug_aranges
                0x000004c8       0x20 .\CortexM3\ARM_GCC_493\Debug\led.o
 .debug_aranges
                0x000004e8       0x68 .\CortexM3\ARM_GCC_493\Debug\Valve_Control.o
 .debug_aranges
                0x00000550       0x80 .\CortexM3\ARM_GCC_493\Debug\CanopenDictConfig.o
 .debug_aranges
                0x000005d0       0x28 .\CortexM3\ARM_GCC_493\Debug\TLC5616.o
 .debug_aranges
                0x000005f8       0x18 .\CortexM3\ARM_GCC_493\Debug\cymetadata.o
 .debug_aranges
                0x00000610       0x48 .\CortexM3\ARM_GCC_493\Debug\Cm3Start.o
 .debug_aranges
                0x00000658       0x18 .\CortexM3\ARM_GCC_493\Debug\cybootloader.o
 .debug_aranges
                0x00000670       0x58 .\CortexM3\ARM_GCC_493\Debug\A66_CanFestival.a(cyfitter_cfg.o)
 .debug_aranges
                0x000006c8       0xc8 .\CortexM3\ARM_GCC_493\Debug\A66_CanFestival.a(CAN_1.o)
 .debug_aranges
                0x00000790       0x30 .\CortexM3\ARM_GCC_493\Debug\A66_CanFestival.a(CAN_1_INT.o)
 .debug_aranges
                0x000007c0       0x30 .\CortexM3\ARM_GCC_493\Debug\A66_CanFestival.a(CAN_1_TX_RX_func.o)
 .debug_aranges
                0x000007f0       0x20 .\CortexM3\ARM_GCC_493\Debug\A66_CanFestival.a(CyBootAsmGnu.o)
 .debug_aranges
                0x00000810      0x298 .\CortexM3\ARM_GCC_493\Debug\A66_CanFestival.a(CyLib.o)
 .debug_aranges
                0x00000aa8       0x98 .\CortexM3\ARM_GCC_493\Debug\A66_CanFestival.a(cyPm.o)
 .debug_aranges
                0x00000b40       0x90 .\CortexM3\ARM_GCC_493\Debug\A66_CanFestival.a(Timer_1.o)
 .debug_aranges
                0x00000bd0       0x38 .\CortexM3\ARM_GCC_493\Debug\A66_CanFestival.a(LED1.o)
 .debug_aranges
                0x00000c08       0x80 .\CortexM3\ARM_GCC_493\Debug\A66_CanFestival.a(ISR_Stroke_Timer.o)
 .debug_aranges
                0x00000c88       0x28 .\CortexM3\ARM_GCC_493\Debug\A66_CanFestival.a(Control_Reg_1.o)
 .debug_aranges
                0x00000cb0       0x40 .\CortexM3\ARM_GCC_493\Debug\A66_CanFestival.a(Status_Reg_1.o)
 .debug_aranges
                0x00000cf0       0x70 .\CortexM3\ARM_GCC_493\Debug\A66_CanFestival.a(Clock_1.o)
 .debug_aranges
                0x00000d60       0x38 .\CortexM3\ARM_GCC_493\Debug\A66_CanFestival.a(LED2.o)
 .debug_aranges
                0x00000d98       0x38 .\CortexM3\ARM_GCC_493\Debug\A66_CanFestival.a(LED3.o)
 .debug_aranges
                0x00000dd0       0x78 .\CortexM3\ARM_GCC_493\Debug\A66_CanFestival.a(EEPROM_1.o)
 .debug_aranges
                0x00000e48       0x38 .\CortexM3\ARM_GCC_493\Debug\A66_CanFestival.a(TLC5616_CLK.o)
 .debug_aranges
                0x00000e80       0x38 .\CortexM3\ARM_GCC_493\Debug\A66_CanFestival.a(TLC5616_DAT.o)
 .debug_aranges
                0x00000eb8       0x38 .\CortexM3\ARM_GCC_493\Debug\A66_CanFestival.a(TLC5616_CS1.o)
 .debug_aranges
                0x00000ef0       0x38 .\CortexM3\ARM_GCC_493\Debug\A66_CanFestival.a(TLC5616_CS2.o)
 .debug_aranges
                0x00000f28       0x98 .\CortexM3\ARM_GCC_493\Debug\A66_CanFestival.a(LCD_Char_1.o)
 .debug_aranges
                0x00000fc0       0x20 .\CortexM3\ARM_GCC_493\Debug\A66_CanFestival.a(LCD_Char_1_CustChars.o)
 .debug_aranges
                0x00000fe0       0x80 .\CortexM3\ARM_GCC_493\Debug\A66_CanFestival.a(CyFlash.o)
 .debug_aranges
                0x00001060       0x78 .\CortexM3\ARM_GCC_493\Debug\A66_CanFestival.a(CySpc.o)

.debug_pubnames
 *(.debug_pubnames)

.debug_info     0x00000000    0x1703b
 *(.debug_info .gnu.linkonce.wi.*)
 .debug_info    0x00000000      0x7e3 .\CortexM3\ARM_GCC_493\Debug\main.o
 .debug_info    0x000007e3      0xfae .\CortexM3\ARM_GCC_493\Debug\dcf.o
 .debug_info    0x00001791      0xc4e .\CortexM3\ARM_GCC_493\Debug\emcy.o
 .debug_info    0x000023df      0xe2e .\CortexM3\ARM_GCC_493\Debug\lifegrd.o
 .debug_info    0x0000320d       0x72 .\CortexM3\ARM_GCC_493\Debug\lss.o
 .debug_info    0x0000327f      0xa55 .\CortexM3\ARM_GCC_493\Debug\nmtMaster.o
 .debug_info    0x00003cd4      0xae7 .\CortexM3\ARM_GCC_493\Debug\nmtSlave.o
 .debug_info    0x000047bb      0xda1 .\CortexM3\ARM_GCC_493\Debug\objacces.o
 .debug_info    0x0000555c     0x1526 .\CortexM3\ARM_GCC_493\Debug\pdo.o
 .debug_info    0x00006a82     0x37e6 .\CortexM3\ARM_GCC_493\Debug\sdo.o
 .debug_info    0x0000a268      0xf48 .\CortexM3\ARM_GCC_493\Debug\states.o
 .debug_info    0x0000b1b0      0xcd5 .\CortexM3\ARM_GCC_493\Debug\sync.o
 .debug_info    0x0000be85     0x1521 .\CortexM3\ARM_GCC_493\Debug\TestSlave.o
 .debug_info    0x0000d3a6      0xb6d .\CortexM3\ARM_GCC_493\Debug\timer.o
 .debug_info    0x0000df13      0x132 .\CortexM3\ARM_GCC_493\Debug\canfestival.o
 .debug_info    0x0000e045      0x150 .\CortexM3\ARM_GCC_493\Debug\led.o
 .debug_info    0x0000e195     0x1016 .\CortexM3\ARM_GCC_493\Debug\Valve_Control.o
 .debug_info    0x0000f1ab      0xc81 .\CortexM3\ARM_GCC_493\Debug\CanopenDictConfig.o
 .debug_info    0x0000fe2c      0x2a8 .\CortexM3\ARM_GCC_493\Debug\TLC5616.o
 .debug_info    0x000100d4       0xd8 .\CortexM3\ARM_GCC_493\Debug\cymetadata.o
 .debug_info    0x000101ac      0x3a3 .\CortexM3\ARM_GCC_493\Debug\Cm3Start.o
 .debug_info    0x0001054f      0x164 .\CortexM3\ARM_GCC_493\Debug\cybootloader.o
 .debug_info    0x000106b3      0x55e .\CortexM3\ARM_GCC_493\Debug\A66_CanFestival.a(cyfitter_cfg.o)
 .debug_info    0x00010c11      0x920 .\CortexM3\ARM_GCC_493\Debug\A66_CanFestival.a(CAN_1.o)
 .debug_info    0x00011531      0x24f .\CortexM3\ARM_GCC_493\Debug\A66_CanFestival.a(CAN_1_INT.o)
 .debug_info    0x00011780      0xc69 .\CortexM3\ARM_GCC_493\Debug\A66_CanFestival.a(CAN_1_TX_RX_func.o)
 .debug_info    0x000123e9       0x83 .\CortexM3\ARM_GCC_493\Debug\A66_CanFestival.a(CyBootAsmGnu.o)
 .debug_info    0x0001246c     0x136c .\CortexM3\ARM_GCC_493\Debug\A66_CanFestival.a(CyLib.o)
 .debug_info    0x000137d8      0xa55 .\CortexM3\ARM_GCC_493\Debug\A66_CanFestival.a(cyPm.o)
 .debug_info    0x0001422d      0x2e9 .\CortexM3\ARM_GCC_493\Debug\A66_CanFestival.a(Timer_1.o)
 .debug_info    0x00014516      0x11e .\CortexM3\ARM_GCC_493\Debug\A66_CanFestival.a(LED1.o)
 .debug_info    0x00014634      0x46c .\CortexM3\ARM_GCC_493\Debug\A66_CanFestival.a(ISR_Stroke_Timer.o)
 .debug_info    0x00014aa0       0xd5 .\CortexM3\ARM_GCC_493\Debug\A66_CanFestival.a(Control_Reg_1.o)
 .debug_info    0x00014b75      0x179 .\CortexM3\ARM_GCC_493\Debug\A66_CanFestival.a(Status_Reg_1.o)
 .debug_info    0x00014cee      0x281 .\CortexM3\ARM_GCC_493\Debug\A66_CanFestival.a(Clock_1.o)
 .debug_info    0x00014f6f      0x11e .\CortexM3\ARM_GCC_493\Debug\A66_CanFestival.a(LED2.o)
 .debug_info    0x0001508d      0x11e .\CortexM3\ARM_GCC_493\Debug\A66_CanFestival.a(LED3.o)
 .debug_info    0x000151ab      0x666 .\CortexM3\ARM_GCC_493\Debug\A66_CanFestival.a(EEPROM_1.o)
 .debug_info    0x00015811      0x11e .\CortexM3\ARM_GCC_493\Debug\A66_CanFestival.a(TLC5616_CLK.o)
 .debug_info    0x0001592f      0x120 .\CortexM3\ARM_GCC_493\Debug\A66_CanFestival.a(TLC5616_DAT.o)
 .debug_info    0x00015a4f      0x11e .\CortexM3\ARM_GCC_493\Debug\A66_CanFestival.a(TLC5616_CS1.o)
 .debug_info    0x00015b6d      0x11e .\CortexM3\ARM_GCC_493\Debug\A66_CanFestival.a(TLC5616_CS2.o)
 .debug_info    0x00015c8b      0x75f .\CortexM3\ARM_GCC_493\Debug\A66_CanFestival.a(LCD_Char_1.o)
 .debug_info    0x000163ea      0x15c .\CortexM3\ARM_GCC_493\Debug\A66_CanFestival.a(LCD_Char_1_CustChars.o)
 .debug_info    0x00016546      0x608 .\CortexM3\ARM_GCC_493\Debug\A66_CanFestival.a(CyFlash.o)
 .debug_info    0x00016b4e      0x4ed .\CortexM3\ARM_GCC_493\Debug\A66_CanFestival.a(CySpc.o)

.debug_abbrev   0x00000000     0x4263
 *(.debug_abbrev)
 .debug_abbrev  0x00000000      0x228 .\CortexM3\ARM_GCC_493\Debug\main.o
 .debug_abbrev  0x00000228      0x276 .\CortexM3\ARM_GCC_493\Debug\dcf.o
 .debug_abbrev  0x0000049e      0x1d3 .\CortexM3\ARM_GCC_493\Debug\emcy.o
 .debug_abbrev  0x00000671      0x21f .\CortexM3\ARM_GCC_493\Debug\lifegrd.o
 .debug_abbrev  0x00000890       0x26 .\CortexM3\ARM_GCC_493\Debug\lss.o
 .debug_abbrev  0x000008b6      0x18e .\CortexM3\ARM_GCC_493\Debug\nmtMaster.o
 .debug_abbrev  0x00000a44      0x1f9 .\CortexM3\ARM_GCC_493\Debug\nmtSlave.o
 .debug_abbrev  0x00000c3d      0x1fe .\CortexM3\ARM_GCC_493\Debug\objacces.o
 .debug_abbrev  0x00000e3b      0x226 .\CortexM3\ARM_GCC_493\Debug\pdo.o
 .debug_abbrev  0x00001061      0x290 .\CortexM3\ARM_GCC_493\Debug\sdo.o
 .debug_abbrev  0x000012f1      0x251 .\CortexM3\ARM_GCC_493\Debug\states.o
 .debug_abbrev  0x00001542      0x1f9 .\CortexM3\ARM_GCC_493\Debug\sync.o
 .debug_abbrev  0x0000173b      0x19d .\CortexM3\ARM_GCC_493\Debug\TestSlave.o
 .debug_abbrev  0x000018d8      0x1ca .\CortexM3\ARM_GCC_493\Debug\timer.o
 .debug_abbrev  0x00001aa2       0xd2 .\CortexM3\ARM_GCC_493\Debug\canfestival.o
 .debug_abbrev  0x00001b74       0xc7 .\CortexM3\ARM_GCC_493\Debug\led.o
 .debug_abbrev  0x00001c3b      0x2b9 .\CortexM3\ARM_GCC_493\Debug\Valve_Control.o
 .debug_abbrev  0x00001ef4      0x1d8 .\CortexM3\ARM_GCC_493\Debug\CanopenDictConfig.o
 .debug_abbrev  0x000020cc       0xd6 .\CortexM3\ARM_GCC_493\Debug\TLC5616.o
 .debug_abbrev  0x000021a2       0x66 .\CortexM3\ARM_GCC_493\Debug\cymetadata.o
 .debug_abbrev  0x00002208      0x20f .\CortexM3\ARM_GCC_493\Debug\Cm3Start.o
 .debug_abbrev  0x00002417       0x77 .\CortexM3\ARM_GCC_493\Debug\cybootloader.o
 .debug_abbrev  0x0000248e      0x214 .\CortexM3\ARM_GCC_493\Debug\A66_CanFestival.a(cyfitter_cfg.o)
 .debug_abbrev  0x000026a2      0x1de .\CortexM3\ARM_GCC_493\Debug\A66_CanFestival.a(CAN_1.o)
 .debug_abbrev  0x00002880       0xef .\CortexM3\ARM_GCC_493\Debug\A66_CanFestival.a(CAN_1_INT.o)
 .debug_abbrev  0x0000296f      0x21a .\CortexM3\ARM_GCC_493\Debug\A66_CanFestival.a(CAN_1_TX_RX_func.o)
 .debug_abbrev  0x00002b89       0x14 .\CortexM3\ARM_GCC_493\Debug\A66_CanFestival.a(CyBootAsmGnu.o)
 .debug_abbrev  0x00002b9d      0x296 .\CortexM3\ARM_GCC_493\Debug\A66_CanFestival.a(CyLib.o)
 .debug_abbrev  0x00002e33      0x1fa .\CortexM3\ARM_GCC_493\Debug\A66_CanFestival.a(cyPm.o)
 .debug_abbrev  0x0000302d      0x152 .\CortexM3\ARM_GCC_493\Debug\A66_CanFestival.a(Timer_1.o)
 .debug_abbrev  0x0000317f       0x9d .\CortexM3\ARM_GCC_493\Debug\A66_CanFestival.a(LED1.o)
 .debug_abbrev  0x0000321c      0x20b .\CortexM3\ARM_GCC_493\Debug\A66_CanFestival.a(ISR_Stroke_Timer.o)
 .debug_abbrev  0x00003427       0x8e .\CortexM3\ARM_GCC_493\Debug\A66_CanFestival.a(Control_Reg_1.o)
 .debug_abbrev  0x000034b5       0xd3 .\CortexM3\ARM_GCC_493\Debug\A66_CanFestival.a(Status_Reg_1.o)
 .debug_abbrev  0x00003588      0x146 .\CortexM3\ARM_GCC_493\Debug\A66_CanFestival.a(Clock_1.o)
 .debug_abbrev  0x000036ce       0x9d .\CortexM3\ARM_GCC_493\Debug\A66_CanFestival.a(LED2.o)
 .debug_abbrev  0x0000376b       0x9d .\CortexM3\ARM_GCC_493\Debug\A66_CanFestival.a(LED3.o)
 .debug_abbrev  0x00003808      0x1b0 .\CortexM3\ARM_GCC_493\Debug\A66_CanFestival.a(EEPROM_1.o)
 .debug_abbrev  0x000039b8       0x9d .\CortexM3\ARM_GCC_493\Debug\A66_CanFestival.a(TLC5616_CLK.o)
 .debug_abbrev  0x00003a55       0x9d .\CortexM3\ARM_GCC_493\Debug\A66_CanFestival.a(TLC5616_DAT.o)
 .debug_abbrev  0x00003af2       0x9d .\CortexM3\ARM_GCC_493\Debug\A66_CanFestival.a(TLC5616_CS1.o)
 .debug_abbrev  0x00003b8f       0x9d .\CortexM3\ARM_GCC_493\Debug\A66_CanFestival.a(TLC5616_CS2.o)
 .debug_abbrev  0x00003c2c      0x17e .\CortexM3\ARM_GCC_493\Debug\A66_CanFestival.a(LCD_Char_1.o)
 .debug_abbrev  0x00003daa      0x10d .\CortexM3\ARM_GCC_493\Debug\A66_CanFestival.a(LCD_Char_1_CustChars.o)
 .debug_abbrev  0x00003eb7      0x1de .\CortexM3\ARM_GCC_493\Debug\A66_CanFestival.a(CyFlash.o)
 .debug_abbrev  0x00004095      0x1ce .\CortexM3\ARM_GCC_493\Debug\A66_CanFestival.a(CySpc.o)

.debug_line     0x00000000     0x587b
 *(.debug_line)
 .debug_line    0x00000000      0x2c5 .\CortexM3\ARM_GCC_493\Debug\main.o
 .debug_line    0x000002c5      0x1e0 .\CortexM3\ARM_GCC_493\Debug\dcf.o
 .debug_line    0x000004a5      0x211 .\CortexM3\ARM_GCC_493\Debug\emcy.o
 .debug_line    0x000006b6      0x1ee .\CortexM3\ARM_GCC_493\Debug\lifegrd.o
 .debug_line    0x000008a4       0x1d .\CortexM3\ARM_GCC_493\Debug\lss.o
 .debug_line    0x000008c1      0x125 .\CortexM3\ARM_GCC_493\Debug\nmtMaster.o
 .debug_line    0x000009e6      0x12f .\CortexM3\ARM_GCC_493\Debug\nmtSlave.o
 .debug_line    0x00000b15      0x1b2 .\CortexM3\ARM_GCC_493\Debug\objacces.o
 .debug_line    0x00000cc7      0x4d3 .\CortexM3\ARM_GCC_493\Debug\pdo.o
 .debug_line    0x0000119a      0xa6f .\CortexM3\ARM_GCC_493\Debug\sdo.o
 .debug_line    0x00001c09      0x2b8 .\CortexM3\ARM_GCC_493\Debug\states.o
 .debug_line    0x00001ec1      0x194 .\CortexM3\ARM_GCC_493\Debug\sync.o
 .debug_line    0x00002055      0x129 .\CortexM3\ARM_GCC_493\Debug\TestSlave.o
 .debug_line    0x0000217e      0x17d .\CortexM3\ARM_GCC_493\Debug\timer.o
 .debug_line    0x000022fb       0x87 .\CortexM3\ARM_GCC_493\Debug\canfestival.o
 .debug_line    0x00002382      0x182 .\CortexM3\ARM_GCC_493\Debug\led.o
 .debug_line    0x00002504      0x434 .\CortexM3\ARM_GCC_493\Debug\Valve_Control.o
 .debug_line    0x00002938      0x1fe .\CortexM3\ARM_GCC_493\Debug\CanopenDictConfig.o
 .debug_line    0x00002b36      0x201 .\CortexM3\ARM_GCC_493\Debug\TLC5616.o
 .debug_line    0x00002d37       0x53 .\CortexM3\ARM_GCC_493\Debug\cymetadata.o
 .debug_line    0x00002d8a      0x248 .\CortexM3\ARM_GCC_493\Debug\Cm3Start.o
 .debug_line    0x00002fd2       0x55 .\CortexM3\ARM_GCC_493\Debug\cybootloader.o
 .debug_line    0x00003027      0x1e6 .\CortexM3\ARM_GCC_493\Debug\A66_CanFestival.a(cyfitter_cfg.o)
 .debug_line    0x0000320d      0x384 .\CortexM3\ARM_GCC_493\Debug\A66_CanFestival.a(CAN_1.o)
 .debug_line    0x00003591       0xbb .\CortexM3\ARM_GCC_493\Debug\A66_CanFestival.a(CAN_1_INT.o)
 .debug_line    0x0000364c      0x204 .\CortexM3\ARM_GCC_493\Debug\A66_CanFestival.a(CAN_1_TX_RX_func.o)
 .debug_line    0x00003850       0x68 .\CortexM3\ARM_GCC_493\Debug\A66_CanFestival.a(CyBootAsmGnu.o)
 .debug_line    0x000038b8      0x806 .\CortexM3\ARM_GCC_493\Debug\A66_CanFestival.a(CyLib.o)
 .debug_line    0x000040be      0x366 .\CortexM3\ARM_GCC_493\Debug\A66_CanFestival.a(cyPm.o)
 .debug_line    0x00004424      0x174 .\CortexM3\ARM_GCC_493\Debug\A66_CanFestival.a(Timer_1.o)
 .debug_line    0x00004598       0x93 .\CortexM3\ARM_GCC_493\Debug\A66_CanFestival.a(LED1.o)
 .debug_line    0x0000462b      0x2e7 .\CortexM3\ARM_GCC_493\Debug\A66_CanFestival.a(ISR_Stroke_Timer.o)
 .debug_line    0x00004912       0x77 .\CortexM3\ARM_GCC_493\Debug\A66_CanFestival.a(Control_Reg_1.o)
 .debug_line    0x00004989       0xba .\CortexM3\ARM_GCC_493\Debug\A66_CanFestival.a(Status_Reg_1.o)
 .debug_line    0x00004a43      0x18f .\CortexM3\ARM_GCC_493\Debug\A66_CanFestival.a(Clock_1.o)
 .debug_line    0x00004bd2       0x93 .\CortexM3\ARM_GCC_493\Debug\A66_CanFestival.a(LED2.o)
 .debug_line    0x00004c65       0x93 .\CortexM3\ARM_GCC_493\Debug\A66_CanFestival.a(LED3.o)
 .debug_line    0x00004cf8      0x268 .\CortexM3\ARM_GCC_493\Debug\A66_CanFestival.a(EEPROM_1.o)
 .debug_line    0x00004f60       0x9a .\CortexM3\ARM_GCC_493\Debug\A66_CanFestival.a(TLC5616_CLK.o)
 .debug_line    0x00004ffa       0x9a .\CortexM3\ARM_GCC_493\Debug\A66_CanFestival.a(TLC5616_DAT.o)
 .debug_line    0x00005094       0x9a .\CortexM3\ARM_GCC_493\Debug\A66_CanFestival.a(TLC5616_CS1.o)
 .debug_line    0x0000512e       0x9a .\CortexM3\ARM_GCC_493\Debug\A66_CanFestival.a(TLC5616_CS2.o)
 .debug_line    0x000051c8      0x1f6 .\CortexM3\ARM_GCC_493\Debug\A66_CanFestival.a(LCD_Char_1.o)
 .debug_line    0x000053be       0x93 .\CortexM3\ARM_GCC_493\Debug\A66_CanFestival.a(LCD_Char_1_CustChars.o)
 .debug_line    0x00005451      0x1ec .\CortexM3\ARM_GCC_493\Debug\A66_CanFestival.a(CyFlash.o)
 .debug_line    0x0000563d      0x23e .\CortexM3\ARM_GCC_493\Debug\A66_CanFestival.a(CySpc.o)

.debug_frame    0x00000000     0x2bac
 *(.debug_frame)
 .debug_frame   0x00000000       0x50 .\CortexM3\ARM_GCC_493\Debug\main.o
 .debug_frame   0x00000050      0x10c .\CortexM3\ARM_GCC_493\Debug\dcf.o
 .debug_frame   0x0000015c       0xdc .\CortexM3\ARM_GCC_493\Debug\emcy.o
 .debug_frame   0x00000238      0x120 .\CortexM3\ARM_GCC_493\Debug\lifegrd.o
 .debug_frame   0x00000358       0x64 .\CortexM3\ARM_GCC_493\Debug\nmtMaster.o
 .debug_frame   0x000003bc       0x4c .\CortexM3\ARM_GCC_493\Debug\nmtSlave.o
 .debug_frame   0x00000408       0xd4 .\CortexM3\ARM_GCC_493\Debug\objacces.o
 .debug_frame   0x000004dc      0x230 .\CortexM3\ARM_GCC_493\Debug\pdo.o
 .debug_frame   0x0000070c      0x474 .\CortexM3\ARM_GCC_493\Debug\sdo.o
 .debug_frame   0x00000b80       0xf8 .\CortexM3\ARM_GCC_493\Debug\states.o
 .debug_frame   0x00000c78      0x104 .\CortexM3\ARM_GCC_493\Debug\sync.o
 .debug_frame   0x00000d7c       0x30 .\CortexM3\ARM_GCC_493\Debug\TestSlave.o
 .debug_frame   0x00000dac       0x6c .\CortexM3\ARM_GCC_493\Debug\timer.o
 .debug_frame   0x00000e18       0x4c .\CortexM3\ARM_GCC_493\Debug\canfestival.o
 .debug_frame   0x00000e64       0x2c .\CortexM3\ARM_GCC_493\Debug\led.o
 .debug_frame   0x00000e90      0x140 .\CortexM3\ARM_GCC_493\Debug\Valve_Control.o
 .debug_frame   0x00000fd0      0x108 .\CortexM3\ARM_GCC_493\Debug\CanopenDictConfig.o
 .debug_frame   0x000010d8       0x4c .\CortexM3\ARM_GCC_493\Debug\TLC5616.o
 .debug_frame   0x00001124       0xac .\CortexM3\ARM_GCC_493\Debug\Cm3Start.o
 .debug_frame   0x000011d0       0xe4 .\CortexM3\ARM_GCC_493\Debug\A66_CanFestival.a(cyfitter_cfg.o)
 .debug_frame   0x000012b4      0x1cc .\CortexM3\ARM_GCC_493\Debug\A66_CanFestival.a(CAN_1.o)
 .debug_frame   0x00001480       0x68 .\CortexM3\ARM_GCC_493\Debug\A66_CanFestival.a(CAN_1_INT.o)
 .debug_frame   0x000014e8       0x70 .\CortexM3\ARM_GCC_493\Debug\A66_CanFestival.a(CAN_1_TX_RX_func.o)
 .debug_frame   0x00001558      0x728 .\CortexM3\ARM_GCC_493\Debug\A66_CanFestival.a(CyLib.o)
 .debug_frame   0x00001c80      0x1f8 .\CortexM3\ARM_GCC_493\Debug\A66_CanFestival.a(cyPm.o)
 .debug_frame   0x00001e78      0x124 .\CortexM3\ARM_GCC_493\Debug\A66_CanFestival.a(Timer_1.o)
 .debug_frame   0x00001f9c       0x50 .\CortexM3\ARM_GCC_493\Debug\A66_CanFestival.a(LED1.o)
 .debug_frame   0x00001fec      0x110 .\CortexM3\ARM_GCC_493\Debug\A66_CanFestival.a(ISR_Stroke_Timer.o)
 .debug_frame   0x000020fc       0x30 .\CortexM3\ARM_GCC_493\Debug\A66_CanFestival.a(Control_Reg_1.o)
 .debug_frame   0x0000212c       0x78 .\CortexM3\ARM_GCC_493\Debug\A66_CanFestival.a(Status_Reg_1.o)
 .debug_frame   0x000021a4       0xe0 .\CortexM3\ARM_GCC_493\Debug\A66_CanFestival.a(Clock_1.o)
 .debug_frame   0x00002284       0x50 .\CortexM3\ARM_GCC_493\Debug\A66_CanFestival.a(LED2.o)
 .debug_frame   0x000022d4       0x50 .\CortexM3\ARM_GCC_493\Debug\A66_CanFestival.a(LED3.o)
 .debug_frame   0x00002324      0x17c .\CortexM3\ARM_GCC_493\Debug\A66_CanFestival.a(EEPROM_1.o)
 .debug_frame   0x000024a0       0x50 .\CortexM3\ARM_GCC_493\Debug\A66_CanFestival.a(TLC5616_CLK.o)
 .debug_frame   0x000024f0       0x50 .\CortexM3\ARM_GCC_493\Debug\A66_CanFestival.a(TLC5616_DAT.o)
 .debug_frame   0x00002540       0x50 .\CortexM3\ARM_GCC_493\Debug\A66_CanFestival.a(TLC5616_CS1.o)
 .debug_frame   0x00002590       0x50 .\CortexM3\ARM_GCC_493\Debug\A66_CanFestival.a(TLC5616_CS2.o)
 .debug_frame   0x000025e0      0x1e4 .\CortexM3\ARM_GCC_493\Debug\A66_CanFestival.a(LCD_Char_1.o)
 .debug_frame   0x000027c4       0x30 .\CortexM3\ARM_GCC_493\Debug\A66_CanFestival.a(LCD_Char_1_CustChars.o)
 .debug_frame   0x000027f4      0x174 .\CortexM3\ARM_GCC_493\Debug\A66_CanFestival.a(CyFlash.o)
 .debug_frame   0x00002968      0x160 .\CortexM3\ARM_GCC_493\Debug\A66_CanFestival.a(CySpc.o)
 .debug_frame   0x00002ac8       0x20 c:/program files (x86)/cypress/psoc creator/3.3/psoc creator/import/gnu/arm/4.9.3/bin/../lib/gcc/arm-none-eabi/4.9.3/../../../../arm-none-eabi/lib/armv7-m\libg_nano.a(lib_a-errno.o)
 .debug_frame   0x00002ae8       0x28 c:/program files (x86)/cypress/psoc creator/3.3/psoc creator/import/gnu/arm/4.9.3/bin/../lib/gcc/arm-none-eabi/4.9.3/../../../../arm-none-eabi/lib/armv7-m\libg_nano.a(lib_a-exit.o)
 .debug_frame   0x00002b10       0x2c c:/program files (x86)/cypress/psoc creator/3.3/psoc creator/import/gnu/arm/4.9.3/bin/../lib/gcc/arm-none-eabi/4.9.3/../../../../arm-none-eabi/lib/armv7-m\libg_nano.a(lib_a-init.o)
 .debug_frame   0x00002b3c       0x28 c:/program files (x86)/cypress/psoc creator/3.3/psoc creator/import/gnu/arm/4.9.3/bin/../lib/gcc/arm-none-eabi/4.9.3/../../../../arm-none-eabi/lib/armv7-m\libg_nano.a(lib_a-memcmp.o)
 .debug_frame   0x00002b64       0x28 c:/program files (x86)/cypress/psoc creator/3.3/psoc creator/import/gnu/arm/4.9.3/bin/../lib/gcc/arm-none-eabi/4.9.3/../../../../arm-none-eabi/lib/armv7-m\libg_nano.a(lib_a-memcpy.o)
 .debug_frame   0x00002b8c       0x20 c:/program files (x86)/cypress/psoc creator/3.3/psoc creator/import/gnu/arm/4.9.3/bin/../lib/gcc/arm-none-eabi/4.9.3/../../../../arm-none-eabi/lib/armv7-m\libg_nano.a(lib_a-memset.o)

.debug_str      0x00000000     0x47a7
 *(.debug_str)
 .debug_str     0x00000000      0x531 .\CortexM3\ARM_GCC_493\Debug\main.o
                                0x5d5 (size before relaxing)
 .debug_str     0x00000531      0x702 .\CortexM3\ARM_GCC_493\Debug\dcf.o
                                0xa33 (size before relaxing)
 .debug_str     0x00000c33       0xf4 .\CortexM3\ARM_GCC_493\Debug\emcy.o
                                0x9ab (size before relaxing)
 .debug_str     0x00000d27       0xfb .\CortexM3\ARM_GCC_493\Debug\lifegrd.o
                                0xa2c (size before relaxing)
 .debug_str     0x00000e22        0x8 .\CortexM3\ARM_GCC_493\Debug\lss.o
                                0x15b (size before relaxing)
 .debug_str     0x00000e2a       0x44 .\CortexM3\ARM_GCC_493\Debug\nmtMaster.o
                                0x910 (size before relaxing)
 .debug_str     0x00000e6e       0x5e .\CortexM3\ARM_GCC_493\Debug\nmtSlave.o
                                0x90a (size before relaxing)
 .debug_str     0x00000ecc       0xef .\CortexM3\ARM_GCC_493\Debug\objacces.o
                                0x9d1 (size before relaxing)
 .debug_str     0x00000fbb      0x24c .\CortexM3\ARM_GCC_493\Debug\pdo.o
                                0xb71 (size before relaxing)
 .debug_str     0x00001207      0x1ce .\CortexM3\ARM_GCC_493\Debug\sdo.o
                                0xb63 (size before relaxing)
 .debug_str     0x000013d5       0x7d .\CortexM3\ARM_GCC_493\Debug\states.o
                                0xa3f (size before relaxing)
 .debug_str     0x00001452       0x40 .\CortexM3\ARM_GCC_493\Debug\sync.o
                                0x991 (size before relaxing)
 .debug_str     0x00001492      0xece .\CortexM3\ARM_GCC_493\Debug\TestSlave.o
                               0x1875 (size before relaxing)
 .debug_str     0x00002360       0xd5 .\CortexM3\ARM_GCC_493\Debug\timer.o
                                0x9c0 (size before relaxing)
 .debug_str     0x00002435       0x4b .\CortexM3\ARM_GCC_493\Debug\canfestival.o
                                0x1c9 (size before relaxing)
 .debug_str     0x00002480       0x31 .\CortexM3\ARM_GCC_493\Debug\led.o
                                0x1c8 (size before relaxing)
 .debug_str     0x000024b1      0x1e5 .\CortexM3\ARM_GCC_493\Debug\Valve_Control.o
                                0x643 (size before relaxing)
 .debug_str     0x00002696      0x113 .\CortexM3\ARM_GCC_493\Debug\CanopenDictConfig.o
                                0xa1f (size before relaxing)
 .debug_str     0x000027a9       0x6b .\CortexM3\ARM_GCC_493\Debug\TLC5616.o
                                0x212 (size before relaxing)
 .debug_str     0x00002814       0x49 .\CortexM3\ARM_GCC_493\Debug\cymetadata.o
                                0x1af (size before relaxing)
 .debug_str     0x0000285d      0x153 .\CortexM3\ARM_GCC_493\Debug\Cm3Start.o
                                0x2f1 (size before relaxing)
 .debug_str     0x000029b0       0x84 .\CortexM3\ARM_GCC_493\Debug\cybootloader.o
                                0x1ea (size before relaxing)
 .debug_str     0x00002a34      0x141 .\CortexM3\ARM_GCC_493\Debug\A66_CanFestival.a(cyfitter_cfg.o)
                                0x304 (size before relaxing)
 .debug_str     0x00002b75      0x363 .\CortexM3\ARM_GCC_493\Debug\A66_CanFestival.a(CAN_1.o)
                                0x515 (size before relaxing)
 .debug_str     0x00002ed8       0x73 .\CortexM3\ARM_GCC_493\Debug\A66_CanFestival.a(CAN_1_INT.o)
                                0x26c (size before relaxing)
 .debug_str     0x00002f4b       0x5c .\CortexM3\ARM_GCC_493\Debug\A66_CanFestival.a(CAN_1_TX_RX_func.o)
                                0xa34 (size before relaxing)
 .debug_str     0x00002fa7      0x7af .\CortexM3\ARM_GCC_493\Debug\A66_CanFestival.a(CyLib.o)
                                0xa16 (size before relaxing)
 .debug_str     0x00003756      0x35b .\CortexM3\ARM_GCC_493\Debug\A66_CanFestival.a(cyPm.o)
                                0x70e (size before relaxing)
 .debug_str     0x00003ab1      0x18c .\CortexM3\ARM_GCC_493\Debug\A66_CanFestival.a(Timer_1.o)
                                0x346 (size before relaxing)
 .debug_str     0x00003c3d       0x58 .\CortexM3\ARM_GCC_493\Debug\A66_CanFestival.a(LED1.o)
                                0x1d0 (size before relaxing)
 .debug_str     0x00003c95      0x1a7 .\CortexM3\ARM_GCC_493\Debug\A66_CanFestival.a(ISR_Stroke_Timer.o)
                                0x433 (size before relaxing)
 .debug_str     0x00003e3c       0x3c .\CortexM3\ARM_GCC_493\Debug\A66_CanFestival.a(Control_Reg_1.o)
                                0x1ba (size before relaxing)
 .debug_str     0x00003e78       0x90 .\CortexM3\ARM_GCC_493\Debug\A66_CanFestival.a(Status_Reg_1.o)
                                0x24e (size before relaxing)
 .debug_str     0x00003f08      0x156 .\CortexM3\ARM_GCC_493\Debug\A66_CanFestival.a(Clock_1.o)
                                0x2e1 (size before relaxing)
 .debug_str     0x0000405e       0x4d .\CortexM3\ARM_GCC_493\Debug\A66_CanFestival.a(LED2.o)
                                0x1d0 (size before relaxing)
 .debug_str     0x000040ab       0x4d .\CortexM3\ARM_GCC_493\Debug\A66_CanFestival.a(LED3.o)
                                0x1d0 (size before relaxing)
 .debug_str     0x000040f8      0x1cd .\CortexM3\ARM_GCC_493\Debug\A66_CanFestival.a(EEPROM_1.o)
                                0x3c3 (size before relaxing)
 .debug_str     0x000042c5       0x69 .\CortexM3\ARM_GCC_493\Debug\A66_CanFestival.a(TLC5616_CLK.o)
                                0x1f3 (size before relaxing)
 .debug_str     0x0000432e       0x69 .\CortexM3\ARM_GCC_493\Debug\A66_CanFestival.a(TLC5616_DAT.o)
                                0x1f3 (size before relaxing)
 .debug_str     0x00004397       0x69 .\CortexM3\ARM_GCC_493\Debug\A66_CanFestival.a(TLC5616_CS1.o)
                                0x1f3 (size before relaxing)
 .debug_str     0x00004400       0x69 .\CortexM3\ARM_GCC_493\Debug\A66_CanFestival.a(TLC5616_CS2.o)
                                0x1f3 (size before relaxing)
 .debug_str     0x00004469      0x196 .\CortexM3\ARM_GCC_493\Debug\A66_CanFestival.a(LCD_Char_1.o)
                                0x3d0 (size before relaxing)
 .debug_str     0x000045ff       0x3b .\CortexM3\ARM_GCC_493\Debug\A66_CanFestival.a(LCD_Char_1_CustChars.o)
                                0x21b (size before relaxing)
 .debug_str     0x0000463a       0xfd .\CortexM3\ARM_GCC_493\Debug\A66_CanFestival.a(CyFlash.o)
                                0x388 (size before relaxing)
 .debug_str     0x00004737       0x70 .\CortexM3\ARM_GCC_493\Debug\A66_CanFestival.a(CySpc.o)
                                0x311 (size before relaxing)

.debug_loc      0x00000000     0x8dde
 *(.debug_loc)
 .debug_loc     0x00000000       0xad .\CortexM3\ARM_GCC_493\Debug\main.o
 .debug_loc     0x000000ad      0x43a .\CortexM3\ARM_GCC_493\Debug\dcf.o
 .debug_loc     0x000004e7      0x4de .\CortexM3\ARM_GCC_493\Debug\emcy.o
 .debug_loc     0x000009c5      0x3d5 .\CortexM3\ARM_GCC_493\Debug\lifegrd.o
 .debug_loc     0x00000d9a      0x13b .\CortexM3\ARM_GCC_493\Debug\nmtMaster.o
 .debug_loc     0x00000ed5      0x168 .\CortexM3\ARM_GCC_493\Debug\nmtSlave.o
 .debug_loc     0x0000103d      0x45f .\CortexM3\ARM_GCC_493\Debug\objacces.o
 .debug_loc     0x0000149c      0xfa0 .\CortexM3\ARM_GCC_493\Debug\pdo.o
 .debug_loc     0x0000243c     0x25f5 .\CortexM3\ARM_GCC_493\Debug\sdo.o
 .debug_loc     0x00004a31      0x447 .\CortexM3\ARM_GCC_493\Debug\states.o
 .debug_loc     0x00004e78      0x15f .\CortexM3\ARM_GCC_493\Debug\sync.o
 .debug_loc     0x00004fd7      0x5a7 .\CortexM3\ARM_GCC_493\Debug\TestSlave.o
 .debug_loc     0x0000557e      0x2f5 .\CortexM3\ARM_GCC_493\Debug\timer.o
 .debug_loc     0x00005873       0x40 .\CortexM3\ARM_GCC_493\Debug\canfestival.o
 .debug_loc     0x000058b3       0x21 .\CortexM3\ARM_GCC_493\Debug\led.o
 .debug_loc     0x000058d4      0x2a7 .\CortexM3\ARM_GCC_493\Debug\Valve_Control.o
 .debug_loc     0x00005b7b      0x14c .\CortexM3\ARM_GCC_493\Debug\CanopenDictConfig.o
 .debug_loc     0x00005cc7       0x9b .\CortexM3\ARM_GCC_493\Debug\TLC5616.o
 .debug_loc     0x00005d62      0x144 .\CortexM3\ARM_GCC_493\Debug\Cm3Start.o
 .debug_loc     0x00005ea6      0x1d7 .\CortexM3\ARM_GCC_493\Debug\A66_CanFestival.a(cyfitter_cfg.o)
 .debug_loc     0x0000607d      0x983 .\CortexM3\ARM_GCC_493\Debug\A66_CanFestival.a(CAN_1.o)
 .debug_loc     0x00006a00       0x54 .\CortexM3\ARM_GCC_493\Debug\A66_CanFestival.a(CAN_1_INT.o)
 .debug_loc     0x00006a54      0x1e1 .\CortexM3\ARM_GCC_493\Debug\A66_CanFestival.a(CAN_1_TX_RX_func.o)
 .debug_loc     0x00006c35      0xa11 .\CortexM3\ARM_GCC_493\Debug\A66_CanFestival.a(CyLib.o)
 .debug_loc     0x00007646      0x1e4 .\CortexM3\ARM_GCC_493\Debug\A66_CanFestival.a(cyPm.o)
 .debug_loc     0x0000782a       0x13 .\CortexM3\ARM_GCC_493\Debug\A66_CanFestival.a(Timer_1.o)
 .debug_loc     0x0000783d       0x42 .\CortexM3\ARM_GCC_493\Debug\A66_CanFestival.a(LED1.o)
 .debug_loc     0x0000787f       0x56 .\CortexM3\ARM_GCC_493\Debug\A66_CanFestival.a(ISR_Stroke_Timer.o)
 .debug_loc     0x000078d5       0x44 .\CortexM3\ARM_GCC_493\Debug\A66_CanFestival.a(Status_Reg_1.o)
 .debug_loc     0x00007919      0x12c .\CortexM3\ARM_GCC_493\Debug\A66_CanFestival.a(Clock_1.o)
 .debug_loc     0x00007a45       0x42 .\CortexM3\ARM_GCC_493\Debug\A66_CanFestival.a(LED2.o)
 .debug_loc     0x00007a87       0x42 .\CortexM3\ARM_GCC_493\Debug\A66_CanFestival.a(LED3.o)
 .debug_loc     0x00007ac9      0x49f .\CortexM3\ARM_GCC_493\Debug\A66_CanFestival.a(EEPROM_1.o)