Archive member included because of file (symbol)

.\CortexM3\ARM_GCC_493\Debug\MOTION-T1-Ver1.04.a(cyfitter_cfg.o)
                              .\CortexM3\ARM_GCC_493\Debug\Cm3Start.o (cyfitter_cfg)
.\CortexM3\ARM_GCC_493\Debug\MOTION-T1-Ver1.04.a(CAN_1.o)
                              .\CortexM3\ARM_GCC_493\Debug\main.o (CAN_1_Start)
.\CortexM3\ARM_GCC_493\Debug\MOTION-T1-Ver1.04.a(CAN_1_INT.o)
                              .\CortexM3\ARM_GCC_493\Debug\MOTION-T1-Ver1.04.a(CAN_1.o) (CAN_1_ISR)
.\CortexM3\ARM_GCC_493\Debug\MOTION-T1-Ver1.04.a(CAN_1_TX_RX_func.o)
                              .\CortexM3\ARM_GCC_493\Debug\main.o (CAN_1_SendMsg)
.\CortexM3\ARM_GCC_493\Debug\MOTION-T1-Ver1.04.a(CyBootAsmGnu.o)
                              .\CortexM3\ARM_GCC_493\Debug\MOTION-T1-Ver1.04.a(cyfitter_cfg.o) (CyDelayCycles)
.\CortexM3\ARM_GCC_493\Debug\MOTION-T1-Ver1.04.a(CyLib.o)
                              .\CortexM3\ARM_GCC_493\Debug\Cm3Start.o (CyHalt)
.\CortexM3\ARM_GCC_493\Debug\MOTION-T1-Ver1.04.a(cyPm.o)
                              .\CortexM3\ARM_GCC_493\Debug\MOTION-T1-Ver1.04.a(CyLib.o) (CyPmReadStatus)
.\CortexM3\ARM_GCC_493\Debug\MOTION-T1-Ver1.04.a(Timer_1.o)
                              .\CortexM3\ARM_GCC_493\Debug\Valve_Control.o (Timer_1_Start)
.\CortexM3\ARM_GCC_493\Debug\MOTION-T1-Ver1.04.a(LED1.o)
                              .\CortexM3\ARM_GCC_493\Debug\led.o (LED1_Write)
.\CortexM3\ARM_GCC_493\Debug\MOTION-T1-Ver1.04.a(ISR_Stroke_Timer.o)
                              .\CortexM3\ARM_GCC_493\Debug\main.o (Dis_time_flag)
.\CortexM3\ARM_GCC_493\Debug\MOTION-T1-Ver1.04.a(Control_Reg_1.o)
                              .\CortexM3\ARM_GCC_493\Debug\main.o (Control_Reg_1_Write)
.\CortexM3\ARM_GCC_493\Debug\MOTION-T1-Ver1.04.a(Status_Reg_1.o)
                              .\CortexM3\ARM_GCC_493\Debug\main.o (Status_Reg_1_Read)
.\CortexM3\ARM_GCC_493\Debug\MOTION-T1-Ver1.04.a(Clock_1.o)
                              .\CortexM3\ARM_GCC_493\Debug\Valve_Control.o (Clock_1_Start)
.\CortexM3\ARM_GCC_493\Debug\MOTION-T1-Ver1.04.a(LED2.o)
                              .\CortexM3\ARM_GCC_493\Debug\led.o (LED2_Write)
.\CortexM3\ARM_GCC_493\Debug\MOTION-T1-Ver1.04.a(LED3.o)
                              .\CortexM3\ARM_GCC_493\Debug\led.o (LED3_Write)
.\CortexM3\ARM_GCC_493\Debug\MOTION-T1-Ver1.04.a(EEPROM_1.o)
                              .\CortexM3\ARM_GCC_493\Debug\Valve_Control.o (EEPROM_1_Start)
.\CortexM3\ARM_GCC_493\Debug\MOTION-T1-Ver1.04.a(TLC5616_CLK.o)
                              .\CortexM3\ARM_GCC_493\Debug\TLC5616.o (TLC5616_CLK_Write)
.\CortexM3\ARM_GCC_493\Debug\MOTION-T1-Ver1.04.a(TLC5616_DAT.o)
                              .\CortexM3\ARM_GCC_493\Debug\TLC5616.o (TLC5616_DAT_Write)
.\CortexM3\ARM_GCC_493\Debug\MOTION-T1-Ver1.04.a(TLC5616_CS1.o)
                              .\CortexM3\ARM_GCC_493\Debug\TLC5616.o (TLC5616_CS1_Write)
.\CortexM3\ARM_GCC_493\Debug\MOTION-T1-Ver1.04.a(TLC5616_CS2.o)
                              .\CortexM3\ARM_GCC_493\Debug\TLC5616.o (TLC5616_CS2_Write)
.\CortexM3\ARM_GCC_493\Debug\MOTION-T1-Ver1.04.a(LCD_Char_1.o)
                              .\CortexM3\ARM_GCC_493\Debug\main.o (LCD_Char_1_WriteData)
.\CortexM3\ARM_GCC_493\Debug\MOTION-T1-Ver1.04.a(LCD_Char_1_CustChars.o)
                              .\CortexM3\ARM_GCC_493\Debug\main.o (LCD_Char_1_LoadCustomFonts)
.\CortexM3\ARM_GCC_493\Debug\MOTION-T1-Ver1.04.a(CyFlash.o)
                              .\CortexM3\ARM_GCC_493\Debug\MOTION-T1-Ver1.04.a(EEPROM_1.o) (dieTemperature)
.\CortexM3\ARM_GCC_493\Debug\MOTION-T1-Ver1.04.a(CySpc.o)
                              .\CortexM3\ARM_GCC_493\Debug\MOTION-T1-Ver1.04.a(EEPROM_1.o) (CySpcStart)
d:/program files (x86)/psoc creator/3.3/psoc creator/import/gnu/arm/4.9.3/bin/../lib/gcc/arm-none-eabi/4.9.3/../../../../arm-none-eabi/lib/armv7-m\libg_nano.a(lib_a-errno.o)
                              .\CortexM3\ARM_GCC_493\Debug\Cm3Start.o (__errno)
d:/program files (x86)/psoc creator/3.3/psoc creator/import/gnu/arm/4.9.3/bin/../lib/gcc/arm-none-eabi/4.9.3/../../../../arm-none-eabi/lib/armv7-m\libg_nano.a(lib_a-exit.o)
                              d:/program files (x86)/psoc creator/3.3/psoc creator/import/gnu/arm/4.9.3/bin/../lib/gcc/arm-none-eabi/4.9.3/../../../../arm-none-eabi/lib/armv7-m/crt0.o (exit)
d:/program files (x86)/psoc creator/3.3/psoc creator/import/gnu/arm/4.9.3/bin/../lib/gcc/arm-none-eabi/4.9.3/../../../../arm-none-eabi/lib/armv7-m\libg_nano.a(lib_a-impure.o)
                              d:/program files (x86)/psoc creator/3.3/psoc creator/import/gnu/arm/4.9.3/bin/../lib/gcc/arm-none-eabi/4.9.3/../../../../arm-none-eabi/lib/armv7-m\libg_nano.a(lib_a-exit.o) (_global_impure_ptr)
d:/program files (x86)/psoc creator/3.3/psoc creator/import/gnu/arm/4.9.3/bin/../lib/gcc/arm-none-eabi/4.9.3/../../../../arm-none-eabi/lib/armv7-m\libg_nano.a(lib_a-init.o)
[...]
Memory Configuration

Name             Origin             Length             Attributes
rom              0x00000000         0x00040000         xr
ram              0x1fff8000         0x00010000         xrw
*default*        0x00000000         0xffffffff

Linker script and memory map

LOAD d:/program files (x86)/psoc creator/3.3/psoc creator/import/gnu/arm/4.9.3/bin/../lib/gcc/arm-none-eabi/4.9.3/armv7-m/crti.o
LOAD d:/program files (x86)/psoc creator/3.3/psoc creator/import/gnu/arm/4.9.3/bin/../lib/gcc/arm-none-eabi/4.9.3/armv7-m/crtbegin.o
LOAD d:/program files (x86)/psoc creator/3.3/psoc creator/import/gnu/arm/4.9.3/bin/../lib/gcc/arm-none-eabi/4.9.3/../../../../arm-none-eabi/lib/armv7-m/crt0.o
START GROUP
LOAD .\CortexM3\ARM_GCC_493\Debug\main.o
LOAD .\CortexM3\ARM_GCC_493\Debug\dcf.o
LOAD .\CortexM3\ARM_GCC_493\Debug\emcy.o
LOAD .\CortexM3\ARM_GCC_493\Debug\lifegrd.o
LOAD .\CortexM3\ARM_GCC_493\Debug\lss.o
LOAD .\CortexM3\ARM_GCC_493\Debug\nmtMaster.o
LOAD .\CortexM3\ARM_GCC_493\Debug\nmtSlave.o
LOAD .\CortexM3\ARM_GCC_493\Debug\objacces.o
LOAD .\CortexM3\ARM_GCC_493\Debug\pdo.o
LOAD .\CortexM3\ARM_GCC_493\Debug\sdo.o
LOAD .\CortexM3\ARM_GCC_493\Debug\states.o
LOAD .\CortexM3\ARM_GCC_493\Debug\sync.o
LOAD .\CortexM3\ARM_GCC_493\Debug\TestSlave.o
LOAD .\CortexM3\ARM_GCC_493\Debug\timer.o
LOAD .\CortexM3\ARM_GCC_493\Debug\canfestival.o
LOAD .\CortexM3\ARM_GCC_493\Debug\led.o
LOAD .\CortexM3\ARM_GCC_493\Debug\Valve_Control.o
LOAD .\CortexM3\ARM_GCC_493\Debug\CanopenDictConfig.o
LOAD .\CortexM3\ARM_GCC_493\Debug\TLC5616.o
LOAD .\CortexM3\ARM_GCC_493\Debug\cymetadata.o
LOAD .\CortexM3\ARM_GCC_493\Debug\Cm3Start.o
LOAD .\CortexM3\ARM_GCC_493\Debug\cybootloader.o
LOAD .\CortexM3\ARM_GCC_493\Debug\MOTION-T1-Ver1.04.a
LOAD D:\Program Files (x86)\PSoC Creator\3.3\PSoC Creator\psoc\content\cycomponentlibrary\CyComponentLibrary.cylib\CortexM3\ARM_GCC_493\Debug\CyComponentLibrary.a
END GROUP
START GROUP
LOAD d:/program files (x86)/psoc creator/3.3/psoc creator/import/gnu/arm/4.9.3/bin/../lib/gcc/arm-none-eabi/4.9.3/armv7-m\libgcc.a
LOAD d:/program files (x86)/psoc creator/3.3/psoc creator/import/gnu/arm/4.9.3/bin/../lib/gcc/arm-none-eabi/4.9.3/../../../../arm-none-eabi/lib/armv7-m\libg_nano.a
LOAD d:/program files (x86)/psoc creator/3.3/psoc creator/import/gnu/arm/4.9.3/bin/../lib/gcc/arm-none-eabi/4.9.3/../../../../arm-none-eabi/lib/armv7-m\libc_nano.a
END GROUP
START GROUP
LOAD d:/program files (x86)/psoc creator/3.3/psoc creator/import/gnu/arm/4.9.3/bin/../lib/gcc/arm-none-eabi/4.9.3/armv7-m\libgcc.a
LOAD d:/program files (x86)/psoc creator/3.3/psoc creator/import/gnu/arm/4.9.3/bin/../lib/gcc/arm-none-eabi/4.9.3/../../../../arm-none-eabi/lib/armv7-m\libc_nano.a
END GROUP
LOAD d:/program files (x86)/psoc creator/3.3/psoc creator/import/gnu/arm/4.9.3/bin/../lib/gcc/arm-none-eabi/4.9.3/armv7-m/crtend.o
LOAD d:/program files (x86)/psoc creator/3.3/psoc creator/import/gnu/arm/4.9.3/bin/../lib/gcc/arm-none-eabi/4.9.3/armv7-m/crtn.o
START GROUP
LOAD d:/program files (x86)/psoc creator/3.3/psoc creator/import/gnu/arm/4.9.3/bin/../lib/gcc/arm-none-eabi/4.9.3/armv7-m\libgcc.a
LOAD d:/program files (x86)/psoc creator/3.3/psoc creator/import/gnu/arm/4.9.3/bin/../lib/gcc/arm-none-eabi/4.9.3/../../../../arm-none-eabi/lib/armv7-m\libc.a
LOAD d:/program files (x86)/psoc creator/3.3/psoc creator/import/gnu/arm/4.9.3/bin/../lib/gcc/arm-none-eabi/4.9.3/../../../../arm-none-eabi/lib/armv7-m\libnosys.a
END GROUP
                0x00000000                CY_APPL_ORIGIN = 0x0
                0x00000100                CY_FLASH_ROW_SIZE = 0x100
                0x00000020                CY_ECC_ROW_SIZE = 0x20
                0x00000000                CY_EE_IN_BTLDR = 0x0
                0x00000001                CY_APPL_LOADABLE = 0x1
                0x00000800                CY_EE_SIZE = 0x800
                0x00000001                CY_APPL_NUM = 0x1
                0x00000001                CY_APPL_MAX = 0x1
                0x00000040                CY_METADATA_SIZE = 0x40
                0x00000001                CY_APPL_LOADABLE = 0x1
                0x00000000                CY_CHECKSUM_EXCLUDE_SIZE = ALIGN (0x0, CY_FLASH_ROW_SIZE)
                0x1fff8bb0                PROVIDE (__cy_heap_start, _end)
                0x00000001                PROVIDE (__cy_region_num, ((__cy_regions_end - __cy_regions) / 0x10))
                0x20008000                PROVIDE (__cy_stack, (ORIGIN (ram) + 0x10000))
                0x20007800                PROVIDE (__cy_heap_end, (__cy_stack - 0x800))

.cybootloader   0x00000000     0x2c00
 *(.cybootloader)
 .cybootloader  0x00000000     0x2c00 .\CortexM3\ARM_GCC_493\Debug\cybootloader.o
                0x00000000                cy_bootloader
                0x00002c00                appl1_start = CY_APPL_ORIGIN?CY_APPL_ORIGIN:ALIGN (CY_FLASH_ROW_SIZE)
                0x00021500                appl2_start = (appl1_start + ALIGN ((((0x40000 - appl1_start) - (0x2 * CY_FLASH_ROW_SIZE)) / 0x2), CY_FLASH_ROW_SIZE))
                0x00002c00                appl_start = (CY_APPL_NUM == 0x1)?appl1_start:appl2_start
                0x00000580                ecc_offset = ((appl_start / CY_FLASH_ROW_SIZE) * CY_ECC_ROW_SIZE)
                0x00000000                ee_offset = (CY_APPL_LOADABLE && ! (CY_EE_IN_BTLDR))?((CY_EE_SIZE / CY_APPL_MAX) * (CY_APPL_NUM - 0x1)):0x0
                0x00000800                ee_size = (CY_APPL_LOADABLE && ! (CY_EE_IN_BTLDR))?(CY_EE_SIZE / CY_APPL_MAX):CY_EE_SIZE
                0x00000580                PROVIDE (CY_ECC_OFFSET, ecc_offset)

.text           0x00002c00     0x5ba6
 CREATE_OBJECT_SYMBOLS
                0x00002c00                PROVIDE (__cy_interrupt_vector, RomVectors)
 *(.romvectors)
 .romvectors    0x00002c00       0x10 .\CortexM3\ARM_GCC_493\Debug\Cm3Start.o
                0x00002c00                RomVectors
                0x00000001                ASSERT ((. != __cy_interrupt_vector), No interrupt vector)
                0x00000001                ASSERT (CY_APPL_ORIGIN?(SIZEOF (.cybootloader) <= CY_APPL_ORIGIN):0x1, Wrong image location)
                0x00002c10                PROVIDE (__cy_reset, Reset)
 *(.text.Reset)
 .text.Reset    0x00002c10        0x8 .\CortexM3\ARM_GCC_493\Debug\Cm3Start.o
                0x00002c10                Reset
                0x00000001                ASSERT ((. != __cy_reset), No reset code)
 *(.dma_init)
                0x00000001                ASSERT ((((appl_start + .) <= 0x10000) || 0x1), DMA Init must be within the first 64k of flash)
 *(.text .text.* .gnu.linkonce.t.*)
 .text          0x00002c18       0x5c d:/program files (x86)/psoc creator/3.3/psoc creator/import/gnu/arm/4.9.3/bin/../lib/gcc/arm-none-eabi/4.9.3/armv7-m/crtbegin.o
 .text.canSend  0x00002c74       0x6c .\CortexM3\ARM_GCC_493\Debug\main.o
                0x00002c74                canSend
 .text.main     0x00002ce0      0x310 .\CortexM3\ARM_GCC_493\Debug\main.o
                0x00002ce0                main
 .text.OnNumberOfErrorsUpdate
                0x00002ff0       0x28 .\CortexM3\ARM_GCC_493\Debug\emcy.o
                0x00002ff0                OnNumberOfErrorsUpdate
 .text.emergencyInit
                0x00003018       0x20 .\CortexM3\ARM_GCC_493\Debug\emcy.o
                0x00003018                emergencyInit
 .text.emergencyStop
                0x00003038        0x4 .\CortexM3\ARM_GCC_493\Debug\emcy.o
                0x00003038                emergencyStop
 .text.proceedEMCY
                0x0000303c       0x24 .\CortexM3\ARM_GCC_493\Debug\emcy.o
                0x0000303c                proceedEMCY
 .text._post_emcy
                0x00003060        0x4 .\CortexM3\ARM_GCC_493\Debug\emcy.o
                0x00003060                _post_emcy
 .text.ConsumerHearbeatAlarm
                0x00003064       0x2c .\CortexM3\ARM_GCC_493\Debug\lifegrd.o
                0x00003064                ConsumerHearbeatAlarm
 .text.ProducerHearbeatAlarm
                0x00003090       0x4c .\CortexM3\ARM_GCC_493\Debug\lifegrd.o
                0x00003090                ProducerHearbeatAlarm
 .text.proceedNODE_GUARD
                0x000030dc       0xf0 .\CortexM3\ARM_GCC_493\Debug\lifegrd.o
                0x000030dc                proceedNODE_GUARD
 .text.heartbeatInit
                0x000031cc       0x70 .\CortexM3\ARM_GCC_493\Debug\lifegrd.o
                0x000031cc                heartbeatInit
 .text.heartbeatStop
                0x0000323c       0x34 .\CortexM3\ARM_GCC_493\Debug\lifegrd.o
                0x0000323c                heartbeatStop
 .text.OnHeartbeatProducerUpdate
                0x00003270       0x14 .\CortexM3\ARM_GCC_493\Debug\lifegrd.o
                0x00003270                OnHeartbeatProducerUpdate
 .text._heartbeatError
                0x00003284        0x4 .\CortexM3\ARM_GCC_493\Debug\lifegrd.o
                0x00003284                _heartbeatError
 .text._post_SlaveBootup
                0x00003288        0x4 .\CortexM3\ARM_GCC_493\Debug\lifegrd.o
                0x00003288                _post_SlaveBootup
 .text._post_SlaveStateChange
                0x0000328c        0x4 .\CortexM3\ARM_GCC_493\Debug\lifegrd.o
                0x0000328c                _post_SlaveStateChange
 .text.masterSendNMTstateChange
                0x00003290       0x2c .\CortexM3\ARM_GCC_493\Debug\nmtMaster.o
                0x00003290                masterSendNMTstateChange
 .text.proceedNMTstateChange
                0x000032bc       0xac .\CortexM3\ARM_GCC_493\Debug\nmtSlave.o
                0x000032bc                proceedNMTstateChange
 .text.slaveSendBootUp
                0x00003368       0x30 .\CortexM3\ARM_GCC_493\Debug\nmtSlave.o
                0x00003368                slaveSendBootUp
 .text._getODentry
                0x00003398       0xc4 .\CortexM3\ARM_GCC_493\Debug\objacces.o
                0x00003398                _getODentry
 .text._setODentry
                0x0000345c      0x104 .\CortexM3\ARM_GCC_493\Debug\objacces.o
                0x0000345c                _setODentry
 .text.scanIndexOD
                0x00003560       0x10 .\CortexM3\ARM_GCC_493\Debug\objacces.o
                0x00003560                scanIndexOD
 .text.RegisterSetODentryCallBack
                0x00003570       0x28 .\CortexM3\ARM_GCC_493\Debug\objacces.o
                0x00003570                RegisterSetODentryCallBack
 .text._storeODSubIndex
                0x00003598        0x4 .\CortexM3\ARM_GCC_493\Debug\objacces.o
                0x00003598                _storeODSubIndex
 .text.sendPdo  0x0000359c       0x2c .\CortexM3\ARM_GCC_493\Debug\pdo.o
 .text.CopyBits
                0x000035c8       0xb8 .\CortexM3\ARM_GCC_493\Debug\pdo.o
                0x000035c8                CopyBits
 .text.buildPDO
                0x00003680       0xe4 .\CortexM3\ARM_GCC_493\Debug\pdo.o
                0x00003680                buildPDO
 .text.sendOnePDOevent
                0x00003764       0xfc .\CortexM3\ARM_GCC_493\Debug\pdo.o
                0x00003764                sendOnePDOevent
 .text.PDOEventTimerAlarm
                0x00003860       0x24 .\CortexM3\ARM_GCC_493\Debug\pdo.o
                0x00003860                PDOEventTimerAlarm
 .text.proceedPDO
                0x00003884      0x264 .\CortexM3\ARM_GCC_493\Debug\pdo.o
                0x00003884                proceedPDO
 .text.TPDO_Communication_Parameter_Callback
                0x00003ae8       0x5c .\CortexM3\ARM_GCC_493\Debug\pdo.o
                0x00003ae8                TPDO_Communication_Parameter_Callback
 .text.PDOInhibitTimerAlarm
                0x00003b44       0x24 .\CortexM3\ARM_GCC_493\Debug\pdo.o
                0x00003b44                PDOInhibitTimerAlarm
 .text._RxPDO_EventTimers_Handler
                0x00003b68        0x4 .\CortexM3\ARM_GCC_493\Debug\pdo.o
                0x00003b68                _RxPDO_EventTimers_Handler
 .text._sendPDOevent
                0x00003b6c      0x154 .\CortexM3\ARM_GCC_493\Debug\pdo.o
                0x00003b6c                _sendPDOevent
 .text.PDOInit  0x00003cc0       0x50 .\CortexM3\ARM_GCC_493\Debug\pdo.o
                0x00003cc0                PDOInit
 .text.PDOStop  0x00003d10       0x60 .\CortexM3\ARM_GCC_493\Debug\pdo.o
                0x00003d10                PDOStop
 .text.SDOlineToObjdict
                0x00003d70       0x50 .\CortexM3\ARM_GCC_493\Debug\sdo.o
                0x00003d70                SDOlineToObjdict
 .text.objdictToSDOline
                0x00003dc0       0x50 .\CortexM3\ARM_GCC_493\Debug\sdo.o
                0x00003dc0                objdictToSDOline
 .text.lineToSDO
                0x00003e10       0x68 .\CortexM3\ARM_GCC_493\Debug\sdo.o
                0x00003e10                lineToSDO
 .text.SDOtoLine
                0x00003e78       0x58 .\CortexM3\ARM_GCC_493\Debug\sdo.o
                0x00003e78                SDOtoLine
 .text.initSDOline
                0x00003ed0       0xac .\CortexM3\ARM_GCC_493\Debug\sdo.o
                0x00003ed0                initSDOline
 .text.resetSDOline
                0x00003f7c       0x48 .\CortexM3\ARM_GCC_493\Debug\sdo.o
                0x00003f7c                resetSDOline
 .text.resetSDO
                0x00003fc4       0x1c .\CortexM3\ARM_GCC_493\Debug\sdo.o
                0x00003fc4                resetSDO
 .text.getSDOfreeLine
                0x00003fe0       0x34 .\CortexM3\ARM_GCC_493\Debug\sdo.o
                0x00003fe0                getSDOfreeLine
 .text.getSDOlineOnUse
                0x00004014       0x54 .\CortexM3\ARM_GCC_493\Debug\sdo.o
                0x00004014                getSDOlineOnUse
 .text.getSDOlineRestBytes
                0x00004068       0x24 .\CortexM3\ARM_GCC_493\Debug\sdo.o
                0x00004068                getSDOlineRestBytes
 .text.setSDOlineRestBytes
                0x0000408c       0x18 .\CortexM3\ARM_GCC_493\Debug\sdo.o
                0x0000408c                setSDOlineRestBytes
 .text.sendSDO  0x000040a4       0x98 .\CortexM3\ARM_GCC_493\Debug\sdo.o
                0x000040a4                sendSDO
 .text.sendSDOabort
                0x0000413c       0x44 .\CortexM3\ARM_GCC_493\Debug\sdo.o
                0x0000413c                sendSDOabort
 .text.SDOTimeoutAlarm
                0x00004180       0xa0 .\CortexM3\ARM_GCC_493\Debug\sdo.o
                0x00004180                SDOTimeoutAlarm
 .text.failedSDO
                0x00004220       0x90 .\CortexM3\ARM_GCC_493\Debug\sdo.o
                0x00004220                failedSDO
 .text.proceedSDO
                0x000042b0     0x1c0c .\CortexM3\ARM_GCC_493\Debug\sdo.o
                0x000042b0                proceedSDO
 .text.canDispatch
                0x00005ebc       0x6c .\CortexM3\ARM_GCC_493\Debug\states.o
                0x00005ebc                canDispatch
 .text.switchCommunicationState
                0x00005f28      0x110 .\CortexM3\ARM_GCC_493\Debug\states.o
                0x00005f28                switchCommunicationState
 .text.setState
                0x00006038      0x100 .\CortexM3\ARM_GCC_493\Debug\states.o
                0x00006038                setState
 .text.getNodeId
                0x00006138        0x8 .\CortexM3\ARM_GCC_493\Debug\states.o
                0x00006138                getNodeId
 .text.setNodeId
                0x00006140      0x12c .\CortexM3\ARM_GCC_493\Debug\states.o
                0x00006140                setNodeId
 .text._initialisation
                0x0000626c        0x4 .\CortexM3\ARM_GCC_493\Debug\states.o
                0x0000626c                _initialisation
 .text._preOperational
                0x00006270        0x4 .\CortexM3\ARM_GCC_493\Debug\states.o
                0x00006270                _preOperational
 .text._operational
                0x00006274        0x4 .\CortexM3\ARM_GCC_493\Debug\states.o
                0x00006274                _operational
 .text._stopped
                0x00006278        0x4 .\CortexM3\ARM_GCC_493\Debug\states.o
                0x00006278                _stopped
 .text.stopSYNC
                0x0000627c       0x2c .\CortexM3\ARM_GCC_493\Debug\sync.o
                0x0000627c                stopSYNC
 .text.startSYNC
                0x000062a8       0x64 .\CortexM3\ARM_GCC_493\Debug\sync.o
                0x000062a8                startSYNC
 .text.OnCOB_ID_SyncUpdate
                0x0000630c        0xc .\CortexM3\ARM_GCC_493\Debug\sync.o
                0x0000630c                OnCOB_ID_SyncUpdate
 .text.sendSYNCMessage
                0x00006318       0x28 .\CortexM3\ARM_GCC_493\Debug\sync.o
                0x00006318                sendSYNCMessage
 .text.proceedSYNC
                0x00006340       0x2c .\CortexM3\ARM_GCC_493\Debug\sync.o
                0x00006340                proceedSYNC
 .text.sendSYNC
                0x0000636c       0x14 .\CortexM3\ARM_GCC_493\Debug\sync.o
                0x0000636c                sendSYNC
 .text.SyncAlarm
                0x00006380        0x8 .\CortexM3\ARM_GCC_493\Debug\sync.o
                0x00006380                SyncAlarm
 .text._post_sync
                0x00006388        0x4 .\CortexM3\ARM_GCC_493\Debug\sync.o
                0x00006388                _post_sync
 .text._post_TPDO
                0x0000638c        0x4 .\CortexM3\ARM_GCC_493\Debug\sync.o
                0x0000638c                _post_TPDO
 .text.TestSlave_valueRangeTest
                0x00006390       0x18 .\CortexM3\ARM_GCC_493\Debug\TestSlave.o
                0x00006390                TestSlave_valueRangeTest
 .text.TestSlave_scanIndexOD
                0x000063a8      0x22c .\CortexM3\ARM_GCC_493\Debug\TestSlave.o
                0x000063a8                TestSlave_scanIndexOD
 .text.SetAlarm
                0x000065d4       0xa0 .\CortexM3\ARM_GCC_493\Debug\timer.o
                0x000065d4                SetAlarm
 .text.DelAlarm
                0x00006674       0x30 .\CortexM3\ARM_GCC_493\Debug\timer.o
                0x00006674                DelAlarm
 .text.TimeDispatch
                0x000066a4       0xac .\CortexM3\ARM_GCC_493\Debug\timer.o
                0x000066a4                TimeDispatch
 .text.setTimer
                0x00006750       0x20 .\CortexM3\ARM_GCC_493\Debug\canfestival.o
                0x00006750                setTimer
 .text.getElapsedTime
                0x00006770       0x20 .\CortexM3\ARM_GCC_493\Debug\canfestival.o
                0x00006770                getElapsedTime
 .text.timerForCan
                0x00006790       0x34 .\CortexM3\ARM_GCC_493\Debug\canfestival.o
                0x00006790                timerForCan
 .text.Control_LED_Write
                0x000067c4       0x20 .\CortexM3\ARM_GCC_493\Debug\led.o
                0x000067c4                Control_LED_Write
 .text.EEPROM_Array_Read
                0x000067e4       0x1c .\CortexM3\ARM_GCC_493\Debug\Valve_Control.o
                0x000067e4                EEPROM_Array_Read
 .text.EEPROM_Array_Write
                0x00006800       0x14 .\CortexM3\ARM_GCC_493\Debug\Valve_Control.o
                0x00006800                EEPROM_Array_Write
 .text.Read_config
                0x00006814       0x54 .\CortexM3\ARM_GCC_493\Debug\Valve_Control.o
                0x00006814                Read_config
 .text.Init_Stroke_Timer
                0x00006868       0x30 .\CortexM3\ARM_GCC_493\Debug\Valve_Control.o
                0x00006868                Init_Stroke_Timer
 .text.Write_config
                0x00006898       0x54 .\CortexM3\ARM_GCC_493\Debug\Valve_Control.o
                0x00006898                Write_config
 .text.LCD_DISPLAY
                0x000068ec       0xcc .\CortexM3\ARM_GCC_493\Debug\Valve_Control.o
                0x000068ec                LCD_DISPLAY
 .text.LCD_DISPLAY_MODE
                0x000069b8       0x98 .\CortexM3\ARM_GCC_493\Debug\Valve_Control.o
                0x000069b8                LCD_DISPLAY_MODE
 .text.timer_10ms
                0x00006a50      0x2d8 .\CortexM3\ARM_GCC_493\Debug\Valve_Control.o
                0x00006a50                timer_10ms
 .text.Stroke_Process
                0x00006d28      0x4fc .\CortexM3\ARM_GCC_493\Debug\Valve_Control.o
                0x00006d28                Stroke_Process
 .text.Slave_heartbeatError
                0x00007224        0x4 .\CortexM3\ARM_GCC_493\Debug\CanopenDictConfig.o
                0x00007224                Slave_heartbeatError
 .text.Slave_preOperational
                0x00007228        0x4 .\CortexM3\ARM_GCC_493\Debug\CanopenDictConfig.o
                0x00007228                Slave_preOperational
 .text.Slave_operational
                0x0000722c        0x4 .\CortexM3\ARM_GCC_493\Debug\CanopenDictConfig.o
                0x0000722c                Slave_operational
 .text.Slave_stopped
                0x00007230        0x4 .\CortexM3\ARM_GCC_493\Debug\CanopenDictConfig.o
                0x00007230                Slave_stopped
 .text.Slave_post_sync
                0x00007234        0x4 .\CortexM3\ARM_GCC_493\Debug\CanopenDictConfig.o
                0x00007234                Slave_post_sync
 .text.Slave_post_emcy
                0x00007238        0x4 .\CortexM3\ARM_GCC_493\Debug\CanopenDictConfig.o
                0x00007238                Slave_post_emcy
 .text.Slave_post_TPDO
                0x0000723c        0x4 .\CortexM3\ARM_GCC_493\Debug\CanopenDictConfig.o
                0x0000723c                Slave_post_TPDO
 .text.Slave_post_SlaveBootup
                0x00007240        0x4 .\CortexM3\ARM_GCC_493\Debug\CanopenDictConfig.o
                0x00007240                Slave_post_SlaveBootup
 .text.Slave_initialisation
                0x00007244       0x2c .\CortexM3\ARM_GCC_493\Debug\CanopenDictConfig.o
                0x00007244                Slave_initialisation
 .text.Slave_post_SlaveStateChange
                0x00007270       0x28 .\CortexM3\ARM_GCC_493\Debug\CanopenDictConfig.o
                0x00007270                Slave_post_SlaveStateChange
 .text.CANOpenSlaveInit
                0x00007298       0x68 .\CortexM3\ARM_GCC_493\Debug\CanopenDictConfig.o
                0x00007298                CANOpenSlaveInit
 .text.CanopenInit
                0x00007300       0x40 .\CortexM3\ARM_GCC_493\Debug\CanopenDictConfig.o
                0x00007300                CanopenInit
 .text.Init_TLC5616
                0x00007340       0x18 .\CortexM3\ARM_GCC_493\Debug\TLC5616.o
                0x00007340                Init_TLC5616
 .text.IntDefaultHandler
                0x00007358        0x4 .\CortexM3\ARM_GCC_493\Debug\Cm3Start.o
                0x00007358                IntDefaultHandler
 .text.Start_c  0x0000735c       0x4c .\CortexM3\ARM_GCC_493\Debug\Cm3Start.o
                0x0000735c                Start_c
 .text.initialize_psoc
                0x000073a8       0x74 .\CortexM3\ARM_GCC_493\Debug\Cm3Start.o
                0x000073a8                initialize_psoc
 .text.CyClockStartupError
                0x0000741c        0x4 .\CortexM3\ARM_GCC_493\Debug\MOTION-T1-Ver1.04.a(cyfitter_cfg.o)
 .text.cfg_write_bytes32
                0x00007420       0x34 .\CortexM3\ARM_GCC_493\Debug\MOTION-T1-Ver1.04.a(cyfitter_cfg.o)
 .text.AnalogSetDefault
                0x00007454       0x28 .\CortexM3\ARM_GCC_493\Debug\MOTION-T1-Ver1.04.a(cyfitter_cfg.o)
 .text.CYMEMZERO
                0x0000747c        0xc .\CortexM3\ARM_GCC_493\Debug\MOTION-T1-Ver1.04.a(cyfitter_cfg.o)
 .text.ClockSetup
                0x00007488      0x104 .\CortexM3\ARM_GCC_493\Debug\MOTION-T1-Ver1.04.a(cyfitter_cfg.o)
 .text.CYCONFIGCPY
                0x0000758c        0x8 .\CortexM3\ARM_GCC_493\Debug\MOTION-T1-Ver1.04.a(cyfitter_cfg.o)
 .text.cyfitter_cfg
                0x00007594      0x120 .\CortexM3\ARM_GCC_493\Debug\MOTION-T1-Ver1.04.a(cyfitter_cfg.o)
                0x00007594                cyfitter_cfg
 .text.CAN_1_Stop
                0x000076b4       0x5c .\CortexM3\ARM_GCC_493\Debug\MOTION-T1-Ver1.04.a(CAN_1.o)
                0x000076b4                CAN_1_Stop
 .text.CAN_1_GlobalIntEnable
                0x00007710       0x20 .\CortexM3\ARM_GCC_493\Debug\MOTION-T1-Ver1.04.a(CAN_1.o)
                0x00007710                CAN_1_GlobalIntEnable
 .text.CAN_1_Enable
                0x00007730       0x6c .\CortexM3\ARM_GCC_493\Debug\MOTION-T1-Ver1.04.a(CAN_1.o)
                0x00007730                CAN_1_Enable
 .text.CAN_1_GlobalIntDisable
                0x0000779c       0x20 .\CortexM3\ARM_GCC_493\Debug\MOTION-T1-Ver1.04.a(CAN_1.o)
                0x0000779c                CAN_1_GlobalIntDisable
 .text.CAN_1_SetPreScaler
                0x000077bc       0x24 .\CortexM3\ARM_GCC_493\Debug\MOTION-T1-Ver1.04.a(CAN_1.o)
                0x000077bc                CAN_1_SetPreScaler
 .text.CAN_1_SetArbiter
                0x000077e0       0x3c .\CortexM3\ARM_GCC_493\Debug\MOTION-T1-Ver1.04.a(CAN_1.o)
                0x000077e0                CAN_1_SetArbiter
 .text.CAN_1_SetTsegSample
                0x0000781c       0x84 .\CortexM3\ARM_GCC_493\Debug\MOTION-T1-Ver1.04.a(CAN_1.o)
                0x0000781c                CAN_1_SetTsegSample
 .text.CAN_1_SetRestartType
                0x000078a0       0x3c .\CortexM3\ARM_GCC_493\Debug\MOTION-T1-Ver1.04.a(CAN_1.o)
                0x000078a0                CAN_1_SetRestartType
 .text.CAN_1_SetEdgeMode
                0x000078dc       0x3c .\CortexM3\ARM_GCC_493\Debug\MOTION-T1-Ver1.04.a(CAN_1.o)
                0x000078dc                CAN_1_SetEdgeMode
 .text.CAN_1_SetIrqMask
                0x00007918       0x18 .\CortexM3\ARM_GCC_493\Debug\MOTION-T1-Ver1.04.a(CAN_1.o)
                0x00007918                CAN_1_SetIrqMask
 .text.CAN_1_RxBufConfig
                0x00007930       0x90 .\CortexM3\ARM_GCC_493\Debug\MOTION-T1-Ver1.04.a(CAN_1.o)
                0x00007930                CAN_1_RxBufConfig
 .text.CAN_1_TxBufConfig
                0x000079c0       0x54 .\CortexM3\ARM_GCC_493\Debug\MOTION-T1-Ver1.04.a(CAN_1.o)
                0x000079c0                CAN_1_TxBufConfig
 .text.CAN_1_RxTxBuffersConfig
                0x00007a14       0x50 .\CortexM3\ARM_GCC_493\Debug\MOTION-T1-Ver1.04.a(CAN_1.o)
                0x00007a14                CAN_1_RxTxBuffersConfig
 .text.CAN_1_Init
                0x00007a64       0xe0 .\CortexM3\ARM_GCC_493\Debug\MOTION-T1-Ver1.04.a(CAN_1.o)
                0x00007a64                CAN_1_Init
 .text.CAN_1_Start
                0x00007b44       0x24 .\CortexM3\ARM_GCC_493\Debug\MOTION-T1-Ver1.04.a(CAN_1.o)
                0x00007b44                CAN_1_Start
 .text.CAN_1_BusOffIsr
                0x00007b68       0x18 .\CortexM3\ARM_GCC_493\Debug\MOTION-T1-Ver1.04.a(CAN_1_INT.o)
                0x00007b68                CAN_1_BusOffIsr
 .text.CAN_1_MsgRXIsr
                0x00007b80       0x44 .\CortexM3\ARM_GCC_493\Debug\MOTION-T1-Ver1.04.a(CAN_1_INT.o)
                0x00007b80                CAN_1_MsgRXIsr
 .text.CAN_1_ISR
                0x00007bc4       0x24 .\CortexM3\ARM_GCC_493\Debug\MOTION-T1-Ver1.04.a(CAN_1_INT.o)
                0x00007bc4                CAN_1_ISR
 .text.CAN_1_SendMsg
                0x00007be8       0xd8 .\CortexM3\ARM_GCC_493\Debug\MOTION-T1-Ver1.04.a(CAN_1_TX_RX_func.o)
                0x00007be8                CAN_1_SendMsg
 .text.CAN_1_ReceiveMsg
                0x00007cc0       0xd8 .\CortexM3\ARM_GCC_493\Debug\MOTION-T1-Ver1.04.a(CAN_1_TX_RX_func.o)
                0x00007cc0                CAN_1_ReceiveMsg
 .text          0x00007d98       0x20 .\CortexM3\ARM_GCC_493\Debug\MOTION-T1-Ver1.04.a(CyBootAsmGnu.o)
                0x00007d98                CyDelayCycles
                0x00007da8                CyEnterCriticalSection
                0x00007db0                CyExitCriticalSection
 .text.CyHalt   0x00007db8        0x4 .\CortexM3\ARM_GCC_493\Debug\MOTION-T1-Ver1.04.a(CyLib.o)
                0x00007db8                CyHalt
 .text.CyDelay  0x00007dbc       0x2c .\CortexM3\ARM_GCC_493\Debug\MOTION-T1-Ver1.04.a(CyLib.o)
                0x00007dbc                CyDelay
 .text.CyDelayUs
                0x00007de8       0x14 .\CortexM3\ARM_GCC_493\Debug\MOTION-T1-Ver1.04.a(CyLib.o)
                0x00007de8                CyDelayUs
 .text.CyIntSetVector
                0x00007dfc       0x28 .\CortexM3\ARM_GCC_493\Debug\MOTION-T1-Ver1.04.a(CyLib.o)
                0x00007dfc                CyIntSetVector
 .text.CyIntSetPriority
                0x00007e24       0x30 .\CortexM3\ARM_GCC_493\Debug\MOTION-T1-Ver1.04.a(CyLib.o)
                0x00007e24                CyIntSetPriority
 .text.Timer_1_Enable
                0x00007e54       0x10 .\CortexM3\ARM_GCC_493\Debug\MOTION-T1-Ver1.04.a(Timer_1.o)
                0x00007e54                Timer_1_Enable
 .text.Timer_1_SetInterruptMode
                0x00007e64        0xc .\CortexM3\ARM_GCC_493\Debug\MOTION-T1-Ver1.04.a(Timer_1.o)
                0x00007e64                Timer_1_SetInterruptMode
 .text.Timer_1_ReadStatusRegister
                0x00007e70        0xc .\CortexM3\ARM_GCC_493\Debug\MOTION-T1-Ver1.04.a(Timer_1.o)
                0x00007e70                Timer_1_ReadStatusRegister
 .text.Timer_1_WritePeriod
                0x00007e7c        0xc .\CortexM3\ARM_GCC_493\Debug\MOTION-T1-Ver1.04.a(Timer_1.o)
                0x00007e7c                Timer_1_WritePeriod
 .text.Timer_1_ReadCapture
                0x00007e88        0xc .\CortexM3\ARM_GCC_493\Debug\MOTION-T1-Ver1.04.a(Timer_1.o)
                0x00007e88                Timer_1_ReadCapture
 .text.Timer_1_WriteCounter
                0x00007e94        0xc .\CortexM3\ARM_GCC_493\Debug\MOTION-T1-Ver1.04.a(Timer_1.o)
                0x00007e94                Timer_1_WriteCounter
 .text.Timer_1_ClearFIFO
                0x00007ea0       0x14 .\CortexM3\ARM_GCC_493\Debug\MOTION-T1-Ver1.04.a(Timer_1.o)
                0x00007ea0                Timer_1_ClearFIFO
 .text.Timer_1_Init
                0x00007eb4       0x34 .\CortexM3\ARM_GCC_493\Debug\MOTION-T1-Ver1.04.a(Timer_1.o)
                0x00007eb4                Timer_1_Init
 .text.Timer_1_Start
                0x00007ee8       0x1c .\CortexM3\ARM_GCC_493\Debug\MOTION-T1-Ver1.04.a(Timer_1.o)
                0x00007ee8                Timer_1_Start
 .text.LED1_Write
                0x00007f04       0x18 .\CortexM3\ARM_GCC_493\Debug\MOTION-T1-Ver1.04.a(LED1.o)
                0x00007f04                LED1_Write
 .text.ISR_Stroke_Timer_Interrupt
                0x00007f1c       0x60 .\CortexM3\ARM_GCC_493\Debug\MOTION-T1-Ver1.04.a(ISR_Stroke_Timer.o)
                0x00007f1c                ISR_Stroke_Timer_Interrupt
 .text.ISR_Stroke_Timer_SetVector
                0x00007f7c        0xc .\CortexM3\ARM_GCC_493\Debug\MOTION-T1-Ver1.04.a(ISR_Stroke_Timer.o)
                0x00007f7c                ISR_Stroke_Timer_SetVector
 .text.ISR_Stroke_Timer_SetPriority
                0x00007f88       0x10 .\CortexM3\ARM_GCC_493\Debug\MOTION-T1-Ver1.04.a(ISR_Stroke_Timer.o)
                0x00007f88                ISR_Stroke_Timer_SetPriority
 .text.ISR_Stroke_Timer_Enable
                0x00007f98        0xc .\CortexM3\ARM_GCC_493\Debug\MOTION-T1-Ver1.04.a(ISR_Stroke_Timer.o)
                0x00007f98                ISR_Stroke_Timer_Enable
 .text.ISR_Stroke_Timer_Disable
                0x00007fa4        0xc .\CortexM3\ARM_GCC_493\Debug\MOTION-T1-Ver1.04.a(ISR_Stroke_Timer.o)
                0x00007fa4                ISR_Stroke_Timer_Disable
 .text.ISR_Stroke_Timer_Start
                0x00007fb0       0x1c .\CortexM3\ARM_GCC_493\Debug\MOTION-T1-Ver1.04.a(ISR_Stroke_Timer.o)
                0x00007fb0                ISR_Stroke_Timer_Start
 .text.Control_Reg_1_Write
                0x00007fcc        0xc .\CortexM3\ARM_GCC_493\Debug\MOTION-T1-Ver1.04.a(Control_Reg_1.o)
                0x00007fcc                Control_Reg_1_Write
 .text.Status_Reg_1_Read
                0x00007fd8        0xc .\CortexM3\ARM_GCC_493\Debug\MOTION-T1-Ver1.04.a(Status_Reg_1.o)
                0x00007fd8                Status_Reg_1_Read
 .text.Clock_1_Start
                0x00007fe4       0x1c .\CortexM3\ARM_GCC_493\Debug\MOTION-T1-Ver1.04.a(Clock_1.o)
                0x00007fe4                Clock_1_Start
 .text.LED2_Write
                0x00008000       0x18 .\CortexM3\ARM_GCC_493\Debug\MOTION-T1-Ver1.04.a(LED2.o)
                0x00008000                LED2_Write
 .text.LED3_Write
                0x00008018       0x18 .\CortexM3\ARM_GCC_493\Debug\MOTION-T1-Ver1.04.a(LED3.o)
                0x00008018                LED3_Write
 .text.EEPROM_1_Enable
                0x00008030        0xc .\CortexM3\ARM_GCC_493\Debug\MOTION-T1-Ver1.04.a(EEPROM_1.o)
                0x00008030                EEPROM_1_Enable
 .text.EEPROM_1_Start
                0x0000803c        0x8 .\CortexM3\ARM_GCC_493\Debug\MOTION-T1-Ver1.04.a(EEPROM_1.o)
                0x0000803c                EEPROM_1_Start
 .text.EEPROM_1_ReadByte
                0x00008044       0x28 .\CortexM3\ARM_GCC_493\Debug\MOTION-T1-Ver1.04.a(EEPROM_1.o)
                0x00008044                EEPROM_1_ReadByte
 .text.EEPROM_1_Write
                0x0000806c       0xb4 .\CortexM3\ARM_GCC_493\Debug\MOTION-T1-Ver1.04.a(EEPROM_1.o)
                0x0000806c                EEPROM_1_Write
 .text.TLC5616_CLK_Write
                0x00008120       0x18 .\CortexM3\ARM_GCC_493\Debug\MOTION-T1-Ver1.04.a(TLC5616_CLK.o)
                0x00008120                TLC5616_CLK_Write
 .text.TLC5616_CS1_Write
                0x00008138       0x18 .\CortexM3\ARM_GCC_493\Debug\MOTION-T1-Ver1.04.a(TLC5616_CS1.o)
                0x00008138                TLC5616_CS1_Write
 .text.TLC5616_CS2_Write
                0x00008150       0x18 .\CortexM3\ARM_GCC_493\Debug\MOTION-T1-Ver1.04.a(TLC5616_CS2.o)
                0x00008150                TLC5616_CS2_Write
 .text.LCD_Char_1_WrCntrlNib
                0x00008168       0x34 .\CortexM3\ARM_GCC_493\Debug\MOTION-T1-Ver1.04.a(LCD_Char_1.o)
 .text.LCD_Char_1_WrDatNib
                0x0000819c       0x44 .\CortexM3\ARM_GCC_493\Debug\MOTION-T1-Ver1.04.a(LCD_Char_1.o)
 .text.LCD_Char_1_IsReady
                0x000081e0       0xe4 .\CortexM3\ARM_GCC_493\Debug\MOTION-T1-Ver1.04.a(LCD_Char_1.o)
                0x000081e0                LCD_Char_1_IsReady
 .text.LCD_Char_1_WriteData
                0x000082c4       0x18 .\CortexM3\ARM_GCC_493\Debug\MOTION-T1-Ver1.04.a(LCD_Char_1.o)
                0x000082c4                LCD_Char_1_WriteData
 .text.LCD_Char_1_PrintString
                0x000082dc       0x1c .\CortexM3\ARM_GCC_493\Debug\MOTION-T1-Ver1.04.a(LCD_Char_1.o)
                0x000082dc                LCD_Char_1_PrintString
 .text.LCD_Char_1_PutChar
                0x000082f8        0x8 .\CortexM3\ARM_GCC_493\Debug\MOTION-T1-Ver1.04.a(LCD_Char_1.o)
                0x000082f8                LCD_Char_1_PutChar
 .text.LCD_Char_1_WriteControl
                0x00008300       0x18 .\CortexM3\ARM_GCC_493\Debug\MOTION-T1-Ver1.04.a(LCD_Char_1.o)
                0x00008300                LCD_Char_1_WriteControl
 .text.LCD_Char_1_Init
                0x00008318       0x74 .\CortexM3\ARM_GCC_493\Debug\MOTION-T1-Ver1.04.a(LCD_Char_1.o)
                0x00008318                LCD_Char_1_Init
 .text.LCD_Char_1_Position
                0x0000838c       0x3c .\CortexM3\ARM_GCC_493\Debug\MOTION-T1-Ver1.04.a(LCD_Char_1.o)
                0x0000838c                LCD_Char_1_Position
 .text.LCD_Char_1_LoadCustomFonts
                0x000083c8       0x2c .\CortexM3\ARM_GCC_493\Debug\MOTION-T1-Ver1.04.a(LCD_Char_1_CustChars.o)
                0x000083c8                LCD_Char_1_LoadCustomFonts
 .text.CyFlashGetSpcAlgorithm
                0x000083f4       0x4c .\CortexM3\ARM_GCC_493\Debug\MOTION-T1-Ver1.04.a(CyFlash.o)
 .text.CySetTempInt
                0x00008440       0x60 .\CortexM3\ARM_GCC_493\Debug\MOTION-T1-Ver1.04.a(CyFlash.o)
 .text.CySetTemp
                0x000084a0       0x14 .\CortexM3\ARM_GCC_493\Debug\MOTION-T1-Ver1.04.a(CyFlash.o)
                0x000084a0                CySetTemp
 .text.CyEEPROM_Start
                0x000084b4       0x54 .\CortexM3\ARM_GCC_493\Debug\MOTION-T1-Ver1.04.a(CyFlash.o)
                0x000084b4                CyEEPROM_Start
 .text.CyEEPROM_ReadReserve
                0x00008508       0x1c .\CortexM3\ARM_GCC_493\Debug\MOTION-T1-Ver1.04.a(CyFlash.o)
                0x00008508                CyEEPROM_ReadReserve
 .text.CyEEPROM_ReadRelease
                0x00008524       0x10 .\CortexM3\ARM_GCC_493\Debug\MOTION-T1-Ver1.04.a(CyFlash.o)
                0x00008524                CyEEPROM_ReadRelease
 .text.CySpcStart
                0x00008534       0x24 .\CortexM3\ARM_GCC_493\Debug\MOTION-T1-Ver1.04.a(CySpc.o)
                0x00008534                CySpcStart
 .text.CySpcReadData
                0x00008558       0x34 .\CortexM3\ARM_GCC_493\Debug\MOTION-T1-Ver1.04.a(CySpc.o)
                0x00008558                CySpcReadData
 .text.CySpcLoadRow
                0x0000858c       0x54 .\CortexM3\ARM_GCC_493\Debug\MOTION-T1-Ver1.04.a(CySpc.o)
                0x0000858c                CySpcLoadRow
 .text.CySpcWriteRow
                0x000085e0       0x4c .\CortexM3\ARM_GCC_493\Debug\MOTION-T1-Ver1.04.a(CySpc.o)
                0x000085e0                CySpcWriteRow
 .text.CySpcGetTemp
                0x0000862c       0x3c .\CortexM3\ARM_GCC_493\Debug\MOTION-T1-Ver1.04.a(CySpc.o)
                0x0000862c                CySpcGetTemp
 .text.CySpcLock
                0x00008668       0x4c .\CortexM3\ARM_GCC_493\Debug\MOTION-T1-Ver1.04.a(CySpc.o)
                0x00008668                CySpcLock
 .text.CySpcUnlock
                0x000086b4       0x38 .\CortexM3\ARM_GCC_493\Debug\MOTION-T1-Ver1.04.a(CySpc.o)
                0x000086b4                CySpcUnlock
 .text.CySpcGetAlgorithm
                0x000086ec       0x28 .\CortexM3\ARM_GCC_493\Debug\MOTION-T1-Ver1.04.a(CySpc.o)
                0x000086ec                CySpcGetAlgorithm
 .text.__libc_init_array
                0x00008714       0x4c d:/program files (x86)/psoc creator/3.3/psoc creator/import/gnu/arm/4.9.3/bin/../lib/gcc/arm-none-eabi/4.9.3/../../../../arm-none-eabi/lib/armv7-m\libg_nano.a(lib_a-init.o)
                0x00008714                __libc_init_array
 .text.memcmp   0x00008760       0x20 d:/program files (x86)/psoc creator/3.3/psoc creator/import/gnu/arm/4.9.3/bin/../lib/gcc/arm-none-eabi/4.9.3/../../../../arm-none-eabi/lib/armv7-m\libg_nano.a(lib_a-memcmp.o)
                0x00008760                memcmp
 .text.memcpy   0x00008780       0x16 d:/program files (x86)/psoc creator/3.3/psoc creator/import/gnu/arm/4.9.3/bin/../lib/gcc/arm-none-eabi/4.9.3/../../../../arm-none-eabi/lib/armv7-m\libg_nano.a(lib_a-memcpy.o)
                0x00008780                memcpy
 .text.memset   0x00008796       0x10 d:/program files (x86)/psoc creator/3.3/psoc creator/import/gnu/arm/4.9.3/bin/../lib/gcc/arm-none-eabi/4.9.3/../../../../arm-none-eabi/lib/armv7-m\libg_nano.a(lib_a-memset.o)
                0x00008796                memset
 *(.plt)
 *(.gnu.warning)
 *(.glue_7t)
 .glue_7t       0x00000000        0x0 linker stubs
 *(.glue_7)
 .glue_7        0x00000000        0x0 linker stubs
 *(.vfp11_veneer)
 .vfp11_veneer  0x00000000        0x0 linker stubs
 *(.bootloader)
 *(.ARM.extab* .gnu.linkonce.armextab.*)
 *(.gcc_except_table)

.v4_bx          0x000087a8        0x0
 .v4_bx         0x00000000        0x0 linker stubs

.iplt           0x000087a8        0x0
 .iplt          0x00000000        0x0 d:/program files (x86)/psoc creator/3.3/psoc creator/import/gnu/arm/4.9.3/bin/../lib/gcc/arm-none-eabi/4.9.3/armv7-m/crtbegin.o

.eh_frame_hdr
 *(.eh_frame_hdr)

.eh_frame       0x000087a8        0x4
 *(.eh_frame)
 .eh_frame      0x000087a8        0x0 d:/program files (x86)/psoc creator/3.3/psoc creator/import/gnu/arm/4.9.3/bin/../lib/gcc/arm-none-eabi/4.9.3/armv7-m/crtbegin.o
 .eh_frame      0x000087a8        0x4 d:/program files (x86)/psoc creator/3.3/psoc creator/import/gnu/arm/4.9.3/bin/../lib/gcc/arm-none-eabi/4.9.3/armv7-m/crtend.o
                0x000087ac                PROVIDE (__exidx_start, .)

.ARM.exidx
 *(.ARM.exidx* .gnu.linkonce.armexidx.*)
                0x000087ac                __exidx_end = .

.rodata         0x000087ac      0x404
 *(.rodata .rodata.* .gnu.linkonce.r.*)
 .rodata.str1.4
                0x000087ac       0x32 .\CortexM3\ARM_GCC_493\Debug\main.o
                                 0x34 (size before relaxing)
 *fill*         0x000087de        0x2 
 .rodata        0x000087e0       0x38 .\CortexM3\ARM_GCC_493\Debug\states.o
 .rodata        0x00008818      0x124 .\CortexM3\ARM_GCC_493\Debug\TestSlave.o
                0x00008818                TestSlave_objdict
                0x00008938                TestSlave_iam_a_slave
 .rodata        0x0000893c        0x8 .\CortexM3\ARM_GCC_493\Debug\Valve_Control.o
 .rodata.str1.4
                0x00008944       0x70 .\CortexM3\ARM_GCC_493\Debug\Valve_Control.o
 .rodata        0x000089b4       0x24 .\CortexM3\ARM_GCC_493\Debug\MOTION-T1-Ver1.04.a(cyfitter_cfg.o)
 .rodata        0x000089d8      0x160 .\CortexM3\ARM_GCC_493\Debug\MOTION-T1-Ver1.04.a(CAN_1.o)
 .rodata        0x00008b38       0x40 .\CortexM3\ARM_GCC_493\Debug\MOTION-T1-Ver1.04.a(LCD_Char_1_CustChars.o)
                0x00008b38                LCD_Char_1_customFonts
                0x00008b78                . = ALIGN (0x4)
 *(.init)
 .init          0x00008b78        0x4 d:/program files (x86)/psoc creator/3.3/psoc creator/import/gnu/arm/4.9.3/bin/../lib/gcc/arm-none-eabi/4.9.3/armv7-m/crti.o
                0x00008b78                _init
 .init          0x00008b7c        0x8 d:/program files (x86)/psoc creator/3.3/psoc creator/import/gnu/arm/4.9.3/bin/../lib/gcc/arm-none-eabi/4.9.3/armv7-m/crtn.o
                0x00008b84                . = ALIGN (0x4)
                0x00008b84                __preinit_array_start = .
 *(.preinit_array)
                0x00008b84                __preinit_array_end = .
                0x00008b84                . = ALIGN (0x4)
                0x00008b84                __init_array_start = .
 *(SORT(.init_array.*))
 *(.init_array)
 .init_array    0x00008b84        0x4 d:/program files (x86)/psoc creator/3.3/psoc creator/import/gnu/arm/4.9.3/bin/../lib/gcc/arm-none-eabi/4.9.3/armv7-m/crtbegin.o
 .init_array    0x00008b88        0x4 .\CortexM3\ARM_GCC_493\Debug\Cm3Start.o
                0x00008b8c                __init_array_end = .
                0x00008b8c                . = ALIGN (0x4)
 *(.fini)
 .fini          0x00008b8c        0x4 d:/program files (x86)/psoc creator/3.3/psoc creator/import/gnu/arm/4.9.3/bin/../lib/gcc/arm-none-eabi/4.9.3/armv7-m/crti.o
                0x00008b8c                _fini
 .fini          0x00008b90        0x8 d:/program files (x86)/psoc creator/3.3/psoc creator/import/gnu/arm/4.9.3/bin/../lib/gcc/arm-none-eabi/4.9.3/armv7-m/crtn.o
                0x00008b98                . = ALIGN (0x4)
                0x00008b98                __fini_array_start = .
 *(.fini_array)
 .fini_array    0x00008b98        0x4 d:/program files (x86)/psoc creator/3.3/psoc creator/import/gnu/arm/4.9.3/bin/../lib/gcc/arm-none-eabi/4.9.3/armv7-m/crtbegin.o
 *(SORT(.fini_array.*))
                0x00008b9c                __fini_array_end = .
                0x00008b9c                . = ALIGN (0x4)
 *crtbegin.o(.ctors)
 *(EXCLUDE_FILE(*crtend.o) .ctors)
 *(SORT(.ctors.*))
 *crtend.o(.ctors)
                0x00008b9c                . = ALIGN (0x4)
 *crtbegin.o(.dtors)
 *(EXCLUDE_FILE(*crtend.o) .dtors)
 *(SORT(.dtors.*))
 *crtend.o(.dtors)
                0x00008b9c                . = ALIGN (0x4)
                0x00008b9c                __cy_regions = .
                0x00008b9c        0x4 LONG 0x8bb0 __cy_region_init_ram
                0x00008ba0        0x4 LONG 0x1fff8108 __cy_region_start_data
                0x00008ba4        0x4 LONG 0x7f8 __cy_region_init_size_ram
                0x00008ba8        0x4 LONG 0x2b0 __cy_region_zero_size_ram
                0x00008bac                __cy_regions_end = .
                0x00008bb0                . = ALIGN (0x8)
 *fill*         0x00008bac        0x4 
                0x00008bb0                _etext = .

.ramvectors     0x1fff8000      0x100
                0x1fff8000                __cy_region_start_ram = .
 *(.ramvectors)
 .ramvectors    0x1fff8000      0x100 .\CortexM3\ARM_GCC_493\Debug\Cm3Start.o
                0x1fff8000                CyRamVectors

.noinit         0x1fff8100        0x5
 *(.noinit)
 .noinit        0x1fff8100        0x4 .\CortexM3\ARM_GCC_493\Debug\Cm3Start.o
 .noinit        0x1fff8104        0x1 .\CortexM3\ARM_GCC_493\Debug\MOTION-T1-Ver1.04.a(CyLib.o)
                0x1fff8104                CyResetStatus

.data           0x1fff8108      0x7f8 load address 0x00008bb0
                0x1fff8108                __cy_region_start_data = .
 *(.jcr)
 .jcr           0x1fff8108        0x0 d:/program files (x86)/psoc creator/3.3/psoc creator/import/gnu/arm/4.9.3/bin/../lib/gcc/arm-none-eabi/4.9.3/armv7-m/crtbegin.o
 .jcr           0x1fff8108        0x4 d:/program files (x86)/psoc creator/3.3/psoc creator/import/gnu/arm/4.9.3/bin/../lib/gcc/arm-none-eabi/4.9.3/armv7-m/crtend.o
 *(.got.plt)
 *(.got)
 *(.shdata)
 *(.data .data.* .gnu.linkonce.d.*)
 .data          0x1fff810c      0x7b8 .\CortexM3\ARM_GCC_493\Debug\TestSlave.o
                0x1fff810c                TestSlave_Data
                0x1fff82b8                TestSlave_PDO_status
                0x1fff8312                TestSlave_ObjdictSize
                0x1fff8314                TestSlave_lastIndex
                0x1fff8320                TestSlave_firstIndex
                0x1fff832c                TestSlave_Index7001
                0x1fff835c                TestSlave_highestSubIndex_obj7001
                0x1fff8360                TestSlave_Index7000
                0x1fff83d8                TestSlave_highestSubIndex_obj7000
                0x1fff83dc                TestSlave_Index200C
                0x1fff83e8                TestSlave_Index200B
                0x1fff83f4                TestSlave_Index200A
                0x1fff8400                TestSlave_Index2009
                0x1fff840c                TestSlave_Index2008
                0x1fff8418                TestSlave_Index2007
                0x1fff8424                TestSlave_Index2006
                0x1fff8430                TestSlave_Index2005
                0x1fff843c                TestSlave_Index2004
                0x1fff8448                TestSlave_Index2003
                0x1fff8454                TestSlave_Index2002
                0x1fff8460                TestSlave_Index2001
                0x1fff846c                TestSlave_Index2000
                0x1fff8490                TestSlave_Index1A04
                0x1fff84a8                TestSlave_obj1A04
                0x1fff84ac                TestSlave_highestSubIndex_obj1A04
                0x1fff84b0                TestSlave_Index1A03
                0x1fff84c8                TestSlave_obj1A03
                0x1fff84cc                TestSlave_highestSubIndex_obj1A03
                0x1fff84d0                TestSlave_Index1A02
                0x1fff84e8                TestSlave_obj1A02
                0x1fff84ec                TestSlave_highestSubIndex_obj1A02
                0x1fff84f0                TestSlave_Index1A01
                0x1fff8508                TestSlave_obj1A01
                0x1fff850c                TestSlave_highestSubIndex_obj1A01
                0x1fff8510                TestSlave_Index1A00
                0x1fff8540                TestSlave_obj1A00
                0x1fff854c                TestSlave_highestSubIndex_obj1A00
                0x1fff8550                TestSlave_Index1804
                0x1fff8598                TestSlave_obj1804_Transmission_Type
                0x1fff859c                TestSlave_obj1804_COB_ID_used_by_PDO
                0x1fff85a0                TestSlave_highestSubIndex_obj1804
                0x1fff85a4                TestSlave_Index1803
                0x1fff85ec                TestSlave_obj1803_Transmission_Type
                0x1fff85f0                TestSlave_obj1803_COB_ID_used_by_PDO
                0x1fff85f4                TestSlave_highestSubIndex_obj1803
                0x1fff85f8                TestSlave_Index1802
                0x1fff8640                TestSlave_obj1802_Event_Timer
                0x1fff8644                TestSlave_obj1802_COB_ID_used_by_PDO
                0x1fff8648                TestSlave_highestSubIndex_obj1802
                0x1fff864c                TestSlave_Index1801
                0x1fff8694                TestSlave_obj1801_COB_ID_used_by_PDO
                0x1fff8698                TestSlave_highestSubIndex_obj1801
                0x1fff869c                TestSlave_Index1800
                0x1fff86e4                TestSlave_obj1800_Event_Timer
                0x1fff86e6                TestSlave_obj1800_Transmission_Type
                0x1fff86e8                TestSlave_obj1800_COB_ID_used_by_PDO
                0x1fff86ec                TestSlave_highestSubIndex_obj1800
                0x1fff86f0                TestSlave_Index1200
                0x1fff8714                TestSlave_obj1200_COB_ID_Server_to_Client_Transmit_SDO
                0x1fff8718                TestSlave_obj1200_COB_ID_Client_to_Server_Receive_SDO
                0x1fff871c                TestSlave_highestSubIndex_obj1200
                0x1fff8720                TestSlave_Index1018
                0x1fff875c                TestSlave_obj1018_Serial_Number
                0x1fff8760                TestSlave_obj1018_Revision_Number
                0x1fff8764                TestSlave_obj1018_Product_Code
                0x1fff8768                TestSlave_obj1018_Vendor_ID
                0x1fff876c                TestSlave_highestSubIndex_obj1018
                0x1fff8770                TestSlave_Index1017
                0x1fff877c                TestSlave_Index1014
                0x1fff8788                TestSlave_obj1014
                0x1fff878c                TestSlave_Index1011
                0x1fff87c8                TestSlave_highestSubIndex_obj1011
                0x1fff87cc                TestSlave_Index1010
                0x1fff8808                TestSlave_highestSubIndex_obj1010
                0x1fff880c                TestSlave_Index1006
                0x1fff8818                TestSlave_Index1005
                0x1fff8824                TestSlave_obj1005
                0x1fff8828                TestSlave_Index1003
                0x1fff8894                TestSlave_Index1001
                0x1fff88a0                TestSlave_Index1000
                0x1fff88ac                TestSlave_obj1000
                0x1fff88b0                SlaveMap13
                0x1fff88b2                SlaveMap1
                0x1fff88b4                SlaveMap11
                0x1fff88b8                SlaveMap10
                0x1fff88bc                SlaveMap9
                0x1fff88bd                SlaveMap8
                0x1fff88be                SlaveMap7
                0x1fff88bf                SlaveMap6
                0x1fff88c0                SlaveMap5
                0x1fff88c1                SlaveMap4
                0x1fff88c2                SlaveMap3
                0x1fff88c3                SlaveMap2
 .data          0x1fff88c4        0x8 .\CortexM3\ARM_GCC_493\Debug\timer.o
                0x1fff88c4                last_timer_raw
                0x1fff88c8                total_sleep_time
 .data          0x1fff88cc        0x8 .\CortexM3\ARM_GCC_493\Debug\canfestival.o
                0x1fff88cc                TIMER_MAX_COUNT
 .data          0x1fff88d4       0x14 .\CortexM3\ARM_GCC_493\Debug\Valve_Control.o
                0x1fff88d8                LED_Status
                0x1fff88e4                FootStart_state
                0x1fff88e5                FootUP_State
 .data          0x1fff88e8        0x1 .\CortexM3\ARM_GCC_493\Debug\CanopenDictConfig.o
                0x1fff88e8                nodeID
 *fill*         0x1fff88e9        0x3 
 .data          0x1fff88ec       0x10 .\CortexM3\ARM_GCC_493\Debug\MOTION-T1-Ver1.04.a(CyLib.o)
                0x1fff88ec                cydelay_32k_ms
                0x1fff88f0                cydelay_freq_khz
                0x1fff88f4                cydelay_freq_mhz
                0x1fff88f8                cydelay_freq_hz
 .data          0x1fff88fc        0x4 .\CortexM3\ARM_GCC_493\Debug\MOTION-T1-Ver1.04.a(ISR_Stroke_Timer.o)
                0x1fff88fc                ISR_Stroke_Timer_states
                0x1fff8900                . = ALIGN (0x8)
 *(.ram)
                0x1fff8900                _edata = .

.igot.plt       0x1fff8900        0x0 load address 0x000093a8
 .igot.plt      0x00000000        0x0 d:/program files (x86)/psoc creator/3.3/psoc creator/import/gnu/arm/4.9.3/bin/../lib/gcc/arm-none-eabi/4.9.3/armv7-m/crtbegin.o

.bss            0x1fff8900      0x2b0 load address 0x000093a8
                0x1fff8900                PROVIDE (__bss_start__, .)
 *(.shbss)
 *(.bss .bss.* .gnu.linkonce.b.*)
 .bss           0x1fff8900       0x1c d:/program files (x86)/psoc creator/3.3/psoc creator/import/gnu/arm/4.9.3/bin/../lib/gcc/arm-none-eabi/4.9.3/armv7-m/crtbegin.o
 .bss           0x1fff891c      0x144 .\CortexM3\ARM_GCC_493\Debug\TestSlave.o
                0x1fff891c                TestSlave_Index1003_callbacks
                0x1fff8940                TestSlave_Index1005_callbacks
                0x1fff8944                TestSlave_Index1006_callbacks
                0x1fff8948                TestSlave_Index1010_callbacks
                0x1fff895c                TestSlave_Index1011_callbacks
                0x1fff8970                TestSlave_Index1017_callbacks
                0x1fff8974                TestSlave_Index1800_callbacks
                0x1fff898c                TestSlave_Index1801_callbacks
                0x1fff89a4                TestSlave_Index1802_callbacks
                0x1fff89bc                TestSlave_Index1803_callbacks
                0x1fff89d4                TestSlave_Index1804_callbacks
                0x1fff89ec                TestSlave_obj1804_Event_Timer
                0x1fff89ee                TestSlave_obj1804_Compatibility_Entry
                0x1fff89f0                TestSlave_obj1804_Inhibit_Time
                0x1fff89f2                TestSlave_obj1803_Event_Timer
                0x1fff89f4                TestSlave_obj1803_Compatibility_Entry
                0x1fff89f6                TestSlave_obj1803_Inhibit_Time
                0x1fff89f8                TestSlave_obj1802_Compatibility_Entry
                0x1fff89fa                TestSlave_obj1802_Inhibit_Time
                0x1fff89fc                TestSlave_obj1802_Transmission_Type
                0x1fff89fe                TestSlave_obj1801_Event_Timer
                0x1fff8a00                TestSlave_obj1801_Compatibility_Entry
                0x1fff8a02                TestSlave_obj1801_Inhibit_Time
                0x1fff8a04                TestSlave_obj1801_Transmission_Type
                0x1fff8a05                TestSlave_obj1800_Compatibility_Entry
                0x1fff8a06                TestSlave_obj1800_Inhibit_Time
                0x1fff8a08                TestSlave_obj1017
                0x1fff8a0c                TestSlave_obj1016
                0x1fff8a10                TestSlave_highestSubIndex_obj1016
                0x1fff8a14                TestSlave_obj1011_Restore_Manufacturer_Default_Parameters
                0x1fff8a18                TestSlave_obj1011_Restore_Application_Default_Parameters
                0x1fff8a1c                TestSlave_obj1011_Restore_Communication_Default_Parameters
                0x1fff8a20                TestSlave_obj1011_Restore_All_Default_Parameters
                0x1fff8a24                TestSlave_obj1010_Save_Manufacturer_Parameters
                0x1fff8a28                TestSlave_obj1010_Save_Application_Parameters
                0x1fff8a2c                TestSlave_obj1010_Save_Communication_Parameters
                0x1fff8a30                TestSlave_obj1010_Save_All_Parameters
                0x1fff8a34                TestSlave_obj1006
                0x1fff8a38                TestSlave_obj1003
                0x1fff8a58                TestSlave_highestSubIndex_obj1003
                0x1fff8a59                TestSlave_obj1001
                0x1fff8a5a                TestSlave_bDeviceNodeId
                0x1fff8a5b                Config_Test_Value
                0x1fff8a5c                System_enable
                0x1fff8a5d                TPDO_PROCESS_Status
                0x1fff8a5e                TPDO_OUT_Status
                0x1fff8a5f                TPDO_IN_Status
 .bss           0x1fff8a60       0xc4 .\CortexM3\ARM_GCC_493\Debug\timer.o
                0x1fff8a60                timers
                0x1fff8b20                tdcount
 .bss           0x1fff8b24        0x8 .\CortexM3\ARM_GCC_493\Debug\canfestival.o
                0x1fff8b24                TimeCNT
                0x1fff8b28                NextTime
 .bss           0x1fff8b2c        0x2 .\CortexM3\ARM_GCC_493\Debug\Valve_Control.o
 .bss           0x1fff8b2e        0x1 .\CortexM3\ARM_GCC_493\Debug\CanopenDictConfig.o
 .bss           0x1fff8b2f        0x1 .\CortexM3\ARM_GCC_493\Debug\MOTION-T1-Ver1.04.a(CAN_1.o)
                0x1fff8b2f                CAN_1_initVar
 .bss           0x1fff8b30        0x1 .\CortexM3\ARM_GCC_493\Debug\MOTION-T1-Ver1.04.a(Timer_1.o)
                0x1fff8b30                Timer_1_initVar
 *fill*         0x1fff8b31        0x3 
 .bss           0x1fff8b34       0x10 .\CortexM3\ARM_GCC_493\Debug\MOTION-T1-Ver1.04.a(ISR_Stroke_Timer.o)
                0x1fff8b3c                Dis_content
                0x1fff8b40                Dis_Step
 .bss           0x1fff8b44        0x8 .\CortexM3\ARM_GCC_493\Debug\MOTION-T1-Ver1.04.a(CySpc.o)
                0x1fff8b44                SpcLockState
 *(COMMON)
 COMMON         0x1fff8b4c       0x24 .\CortexM3\ARM_GCC_493\Debug\main.o
                0x1fff8b4c                mode_dis_pre
                0x1fff8b4d                mode_dis_cur
                0x1fff8b50                receiveData
                0x1fff8b58                Data
                0x1fff8b60                test_count
                0x1fff8b61                test_pin
                0x1fff8b64                CAN_message
 COMMON         0x1fff8b70        0xe .\CortexM3\ARM_GCC_493\Debug\TestSlave.o
                0x1fff8b70                config_para
                0x1fff8b7c                TestSlave_heartBeatTimers
 *fill*         0x1fff8b7e        0x2 
 COMMON         0x1fff8b80       0x1a .\CortexM3\ARM_GCC_493\Debug\Valve_Control.o
                0x1fff8b80                CutReg
 *fill*         0x1fff8b9a        0x2 
 COMMON         0x1fff8b9c        0xc .\CortexM3\ARM_GCC_493\Debug\MOTION-T1-Ver1.04.a(CAN_1_TX_RX_func.o)
                0x1fff8b9c                m
 COMMON         0x1fff8ba8        0x1 .\CortexM3\ARM_GCC_493\Debug\MOTION-T1-Ver1.04.a(ISR_Stroke_Timer.o)
                0x1fff8ba8                Dis_time_flag
 *fill*         0x1fff8ba9        0x3 
 COMMON         0x1fff8bac        0x2 .\CortexM3\ARM_GCC_493\Debug\MOTION-T1-Ver1.04.a(CyFlash.o)
                0x1fff8bac                dieTemperature
                0x1fff8bb0                . = ALIGN (0x8)
 *fill*         0x1fff8bae        0x2 
 *(.ram.b)
                0x1fff8bb0                _end = .
                0x1fff8bb0                __end = .
                0x1fff8bb0                PROVIDE (end, .)
                0x1fff8bb0                PROVIDE (__bss_end__, .)
                0x00008bb0                __cy_region_init_ram = LOADADDR (.data)
                0x000007f8                __cy_region_init_size_ram = (_edata - ADDR (.data))
                0x000002b0                __cy_region_zero_size_ram = (_end - _edata)

.heap           0x1fff8bb0       0x80 load address 0x000093a8
                0x1fff8bb0                . = _end
                0x1fff8c30                . = (. + 0x80)
 *fill*         0x1fff8bb0       0x80 
                0x1fff8c30                __cy_heap_limit = .

.stack          0x20007800      0x800
                0x20007800                __cy_stack_limit = .
                0x20008000                . = (. + 0x800)
 *fill*         0x20007800      0x800 
                0x00000001                ASSERT ((__cy_stack_limit >= __cy_heap_limit), region RAM overflowed with stack)

.cy_checksum_exclude
                0x0003ff00        0x0
 *(.cy_checksum_exclude)
                0x00000000                cy_checksum_exclude_size = (CY_APPL_LOADABLE == 0x1)?SIZEOF (.cy_checksum_exclude):0x0
                0x00000001                ASSERT ((cy_checksum_exclude_size <= CY_CHECKSUM_EXCLUDE_SIZE), CY_BOOT: Section .cy_checksum_exclude size exceedes specified limit.)

.cyloadermeta   0xf0000000       0x40
 *(.cyloadermeta)
 .cyloadermeta  0xf0000000       0x40 .\CortexM3\ARM_GCC_493\Debug\cybootloader.o
                0xf0000000                cy_meta_loader

.cyloadablemeta
                0x0003ffc0       0x40
 *(.cyloadablemeta)
 .cyloadablemeta
                0x0003ffc0       0x40 .\CortexM3\ARM_GCC_493\Debug\cymetadata.o
                0x0003ffc0                cy_meta_loadable

.cyconfigecc    0x80000580      0x644
 *(.cyconfigecc)
 .cyconfigecc   0x80000580      0x644 .\CortexM3\ARM_GCC_493\Debug\cymetadata.o
                0x80000580                cy_meta_configecc

.cycustnvl      0x90000000        0x4
 *(.cycustnvl)
 .cycustnvl     0x90000000        0x4 .\CortexM3\ARM_GCC_493\Debug\cybootloader.o
                0x90000000                cy_meta_custnvl

.cywolatch      0x90100000        0x4
 *(.cywolatch)
 .cywolatch     0x90100000        0x4 .\CortexM3\ARM_GCC_493\Debug\cybootloader.o
                0x90100000                cy_meta_wonvl

.cyeeprom       0x90200000        0x0
 *(.cyeeprom)
                0x00000001                ASSERT ((. <= ((0x90200000 + ee_offset) + ee_size)), .cyeeprom data will not fit in EEPROM)

.cyflashprotect
                0x90400000      0x100
 *(.cyflashprotect)
 .cyflashprotect
                0x90400000      0x100 .\CortexM3\ARM_GCC_493\Debug\cybootloader.o
                0x90400000                cy_meta_flashprotect

.cymeta         0x90500000        0xc
 *(.cymeta)
 .cymeta        0x90500000        0xc .\CortexM3\ARM_GCC_493\Debug\cybootloader.o
                0x90500000                cy_metadata

.rel.dyn        0x00040000        0x0 load address 0x9050000c
 .rel.iplt      0x00000000        0x0 d:/program files (x86)/psoc creator/3.3/psoc creator/import/gnu/arm/4.9.3/bin/../lib/gcc/arm-none-eabi/4.9.3/armv7-m/crtbegin.o

.stab
 *(.stab)

.stabstr
 *(.stabstr)

.debug
 *(.debug)

.line
 *(.line)

.debug_srcinfo
 *(.debug_srcinfo)

.debug_sfnames
 *(.debug_sfnames)

.debug_aranges  0x00000000     0x10d0
 *(.debug_aranges)
 .debug_aranges
                0x00000000       0x28 .\CortexM3\ARM_GCC_493\Debug\main.o
 .debug_aranges
                0x00000028       0x50 .\CortexM3\ARM_GCC_493\Debug\dcf.o
 .debug_aranges
                0x00000078       0x58 .\CortexM3\ARM_GCC_493\Debug\emcy.o
 .debug_aranges
                0x000000d0       0x68 .\CortexM3\ARM_GCC_493\Debug\lifegrd.o
 .debug_aranges
                0x00000138       0x18 .\CortexM3\ARM_GCC_493\Debug\lss.o
 .debug_aranges
                0x00000150       0x30 .\CortexM3\ARM_GCC_493\Debug\nmtMaster.o
 .debug_aranges
                0x00000180       0x28 .\CortexM3\ARM_GCC_493\Debug\nmtSlave.o
 .debug_aranges
                0x000001a8       0x48 .\CortexM3\ARM_GCC_493\Debug\objacces.o
 .debug_aranges
                0x000001f0       0x88 .\CortexM3\ARM_GCC_493\Debug\pdo.o
 .debug_aranges
                0x00000278      0x100 .\CortexM3\ARM_GCC_493\Debug\sdo.o
 .debug_aranges
                0x00000378       0x68 .\CortexM3\ARM_GCC_493\Debug\states.o
 .debug_aranges
                0x000003e0       0x60 .\CortexM3\ARM_GCC_493\Debug\sync.o
 .debug_aranges
                0x00000440       0x28 .\CortexM3\ARM_GCC_493\Debug\TestSlave.o
 .debug_aranges
                0x00000468       0x30 .\CortexM3\ARM_GCC_493\Debug\timer.o
 .debug_aranges
                0x00000498       0x30 .\CortexM3\ARM_GCC_493\Debug\canfestival.o
 .debug_aranges
                0x000004c8       0x20 .\CortexM3\ARM_GCC_493\Debug\led.o
 .debug_aranges
                0x000004e8       0x60 .\CortexM3\ARM_GCC_493\Debug\Valve_Control.o
 .debug_aranges
                0x00000548       0x80 .\CortexM3\ARM_GCC_493\Debug\CanopenDictConfig.o
 .debug_aranges
                0x000005c8       0x28 .\CortexM3\ARM_GCC_493\Debug\TLC5616.o
 .debug_aranges
                0x000005f0       0x18 .\CortexM3\ARM_GCC_493\Debug\cymetadata.o
 .debug_aranges
                0x00000608       0x48 .\CortexM3\ARM_GCC_493\Debug\Cm3Start.o
 .debug_aranges
                0x00000650       0x18 .\CortexM3\ARM_GCC_493\Debug\cybootloader.o
 .debug_aranges
                0x00000668       0x58 .\CortexM3\ARM_GCC_493\Debug\MOTION-T1-Ver1.04.a(cyfitter_cfg.o)
 .debug_aranges
                0x000006c0       0xc8 .\CortexM3\ARM_GCC_493\Debug\MOTION-T1-Ver1.04.a(CAN_1.o)
 .debug_aranges
                0x00000788       0x30 .\CortexM3\ARM_GCC_493\Debug\MOTION-T1-Ver1.04.a(CAN_1_INT.o)
 .debug_aranges
                0x000007b8       0x30 .\CortexM3\ARM_GCC_493\Debug\MOTION-T1-Ver1.04.a(CAN_1_TX_RX_func.o)
 .debug_aranges
                0x000007e8       0x20 .\CortexM3\ARM_GCC_493\Debug\MOTION-T1-Ver1.04.a(CyBootAsmGnu.o)
 .debug_aranges
                0x00000808      0x298 .\CortexM3\ARM_GCC_493\Debug\MOTION-T1-Ver1.04.a(CyLib.o)
 .debug_aranges
                0x00000aa0       0x98 .\CortexM3\ARM_GCC_493\Debug\MOTION-T1-Ver1.04.a(cyPm.o)
 .debug_aranges
                0x00000b38       0x90 .\CortexM3\ARM_GCC_493\Debug\MOTION-T1-Ver1.04.a(Timer_1.o)
 .debug_aranges
                0x00000bc8       0x38 .\CortexM3\ARM_GCC_493\Debug\MOTION-T1-Ver1.04.a(LED1.o)
 .debug_aranges
                0x00000c00       0x80 .\CortexM3\ARM_GCC_493\Debug\MOTION-T1-Ver1.04.a(ISR_Stroke_Timer.o)
 .debug_aranges
                0x00000c80       0x28 .\CortexM3\ARM_GCC_493\Debug\MOTION-T1-Ver1.04.a(Control_Reg_1.o)
 .debug_aranges
                0x00000ca8       0x40 .\CortexM3\ARM_GCC_493\Debug\MOTION-T1-Ver1.04.a(Status_Reg_1.o)
 .debug_aranges
                0x00000ce8       0x70 .\CortexM3\ARM_GCC_493\Debug\MOTION-T1-Ver1.04.a(Clock_1.o)
 .debug_aranges
                0x00000d58       0x38 .\CortexM3\ARM_GCC_493\Debug\MOTION-T1-Ver1.04.a(LED2.o)
 .debug_aranges
                0x00000d90       0x38 .\CortexM3\ARM_GCC_493\Debug\MOTION-T1-Ver1.04.a(LED3.o)
 .debug_aranges
                0x00000dc8       0x78 .\CortexM3\ARM_GCC_493\Debug\MOTION-T1-Ver1.04.a(EEPROM_1.o)
 .debug_aranges
                0x00000e40       0x38 .\CortexM3\ARM_GCC_493\Debug\MOTION-T1-Ver1.04.a(TLC5616_CLK.o)
 .debug_aranges
                0x00000e78       0x38 .\CortexM3\ARM_GCC_493\Debug\MOTION-T1-Ver1.04.a(TLC5616_DAT.o)
 .debug_aranges
                0x00000eb0       0x38 .\CortexM3\ARM_GCC_493\Debug\MOTION-T1-Ver1.04.a(TLC5616_CS1.o)
 .debug_aranges
                0x00000ee8       0x38 .\CortexM3\ARM_GCC_493\Debug\MOTION-T1-Ver1.04.a(TLC5616_CS2.o)
 .debug_aranges
                0x00000f20       0x98 .\CortexM3\ARM_GCC_493\Debug\MOTION-T1-Ver1.04.a(LCD_Char_1.o)
 .debug_aranges
                0x00000fb8       0x20 .\CortexM3\ARM_GCC_493\Debug\MOTION-T1-Ver1.04.a(LCD_Char_1_CustChars.o)
 .debug_aranges
                0x00000fd8       0x80 .\CortexM3\ARM_GCC_493\Debug\MOTION-T1-Ver1.04.a(CyFlash.o)
 .debug_aranges
                0x00001058       0x78 .\CortexM3\ARM_GCC_493\Debug\MOTION-T1-Ver1.04.a(CySpc.o)

.debug_pubnames
 *(.debug_pubnames)

.debug_info     0x00000000    0x1704a
 *(.debug_info .gnu.linkonce.wi.*)
 .debug_info    0x00000000      0xacb .\CortexM3\ARM_GCC_493\Debug\main.o
 .debug_info    0x00000acb      0xfae .\CortexM3\ARM_GCC_493\Debug\dcf.o
 .debug_info    0x00001a79      0xc4e .\CortexM3\ARM_GCC_493\Debug\emcy.o
 .debug_info    0x000026c7      0xe2e .\CortexM3\ARM_GCC_493\Debug\lifegrd.o
 .debug_info    0x000034f5       0x72 .\CortexM3\ARM_GCC_493\Debug\lss.o
 .debug_info    0x00003567      0xa55 .\CortexM3\ARM_GCC_493\Debug\nmtMaster.o
 .debug_info    0x00003fbc      0xae7 .\CortexM3\ARM_GCC_493\Debug\nmtSlave.o
 .debug_info    0x00004aa3      0xda1 .\CortexM3\ARM_GCC_493\Debug\objacces.o
 .debug_info    0x00005844     0x1526 .\CortexM3\ARM_GCC_493\Debug\pdo.o
 .debug_info    0x00006d6a     0x37e6 .\CortexM3\ARM_GCC_493\Debug\sdo.o
 .debug_info    0x0000a550      0xf48 .\CortexM3\ARM_GCC_493\Debug\states.o
 .debug_info    0x0000b498      0xcd5 .\CortexM3\ARM_GCC_493\Debug\sync.o
 .debug_info    0x0000c16d     0x152d .\CortexM3\ARM_GCC_493\Debug\TestSlave.o
 .debug_info    0x0000d69a      0xb6d .\CortexM3\ARM_GCC_493\Debug\timer.o
 .debug_info    0x0000e207      0x132 .\CortexM3\ARM_GCC_493\Debug\canfestival.o
 .debug_info    0x0000e339      0x150 .\CortexM3\ARM_GCC_493\Debug\led.o
 .debug_info    0x0000e489      0xd96 .\CortexM3\ARM_GCC_493\Debug\Valve_Control.o
 .debug_info    0x0000f21f      0xc81 .\CortexM3\ARM_GCC_493\Debug\CanopenDictConfig.o
 .debug_info    0x0000fea0      0x2a8 .\CortexM3\ARM_GCC_493\Debug\TLC5616.o
 .debug_info    0x00010148       0xd8 .\CortexM3\ARM_GCC_493\Debug\cymetadata.o
 .debug_info    0x00010220      0x3a3 .\CortexM3\ARM_GCC_493\Debug\Cm3Start.o
 .debug_info    0x000105c3      0x164 .\CortexM3\ARM_GCC_493\Debug\cybootloader.o
 .debug_info    0x00010727      0x586 .\CortexM3\ARM_GCC_493\Debug\MOTION-T1-Ver1.04.a(cyfitter_cfg.o)
 .debug_info    0x00010cad      0x920 .\CortexM3\ARM_GCC_493\Debug\MOTION-T1-Ver1.04.a(CAN_1.o)
 .debug_info    0x000115cd      0x24f .\CortexM3\ARM_GCC_493\Debug\MOTION-T1-Ver1.04.a(CAN_1_INT.o)
 .debug_info    0x0001181c      0xc69 .\CortexM3\ARM_GCC_493\Debug\MOTION-T1-Ver1.04.a(CAN_1_TX_RX_func.o)
 .debug_info    0x00012485       0x7e .\CortexM3\ARM_GCC_493\Debug\MOTION-T1-Ver1.04.a(CyBootAsmGnu.o)
 .debug_info    0x00012503     0x136c .\CortexM3\ARM_GCC_493\Debug\MOTION-T1-Ver1.04.a(CyLib.o)
 .debug_info    0x0001386f      0xa55 .\CortexM3\ARM_GCC_493\Debug\MOTION-T1-Ver1.04.a(cyPm.o)
 .debug_info    0x000142c4      0x2e9 .\CortexM3\ARM_GCC_493\Debug\MOTION-T1-Ver1.04.a(Timer_1.o)
 .debug_info    0x000145ad      0x11e .\CortexM3\ARM_GCC_493\Debug\MOTION-T1-Ver1.04.a(LED1.o)
 .debug_info    0x000146cb      0x3e4 .\CortexM3\ARM_GCC_493\Debug\MOTION-T1-Ver1.04.a(ISR_Stroke_Timer.o)
 .debug_info    0x00014aaf       0xd5 .\CortexM3\ARM_GCC_493\Debug\MOTION-T1-Ver1.04.a(Control_Reg_1.o)
 .debug_info    0x00014b84      0x179 .\CortexM3\ARM_GCC_493\Debug\MOTION-T1-Ver1.04.a(Status_Reg_1.o)
 .debug_info    0x00014cfd      0x281 .\CortexM3\ARM_GCC_493\Debug\MOTION-T1-Ver1.04.a(Clock_1.o)
 .debug_info    0x00014f7e      0x11e .\CortexM3\ARM_GCC_493\Debug\MOTION-T1-Ver1.04.a(LED2.o)
 .debug_info    0x0001509c      0x11e .\CortexM3\ARM_GCC_493\Debug\MOTION-T1-Ver1.04.a(LED3.o)
 .debug_info    0x000151ba      0x666 .\CortexM3\ARM_GCC_493\Debug\MOTION-T1-Ver1.04.a(EEPROM_1.o)
 .debug_info    0x00015820      0x11e .\CortexM3\ARM_GCC_493\Debug\MOTION-T1-Ver1.04.a(TLC5616_CLK.o)
 .debug_info    0x0001593e      0x120 .\CortexM3\ARM_GCC_493\Debug\MOTION-T1-Ver1.04.a(TLC5616_DAT.o)
 .debug_info    0x00015a5e      0x11e .\CortexM3\ARM_GCC_493\Debug\MOTION-T1-Ver1.04.a(TLC5616_CS1.o)
 .debug_info    0x00015b7c      0x11e .\CortexM3\ARM_GCC_493\Debug\MOTION-T1-Ver1.04.a(TLC5616_CS2.o)
 .debug_info    0x00015c9a      0x75f .\CortexM3\ARM_GCC_493\Debug\MOTION-T1-Ver1.04.a(LCD_Char_1.o)
 .debug_info    0x000163f9      0x15c .\CortexM3\ARM_GCC_493\Debug\MOTION-T1-Ver1.04.a(LCD_Char_1_CustChars.o)
 .debug_info    0x00016555      0x608 .\CortexM3\ARM_GCC_493\Debug\MOTION-T1-Ver1.04.a(CyFlash.o)
 .debug_info    0x00016b5d      0x4ed .\CortexM3\ARM_GCC_493\Debug\MOTION-T1-Ver1.04.a(CySpc.o)

.debug_abbrev   0x00000000     0x41f3
 *(.debug_abbrev)
 .debug_abbrev  0x00000000      0x239 .\CortexM3\ARM_GCC_493\Debug\main.o
 .debug_abbrev  0x00000239      0x276 .\CortexM3\ARM_GCC_493\Debug\dcf.o
 .debug_abbrev  0x000004af      0x1d3 .\CortexM3\ARM_GCC_493\Debug\emcy.o
 .debug_abbrev  0x00000682      0x21f .\CortexM3\ARM_GCC_493\Debug\lifegrd.o
 .debug_abbrev  0x000008a1       0x26 .\CortexM3\ARM_GCC_493\Debug\lss.o
 .debug_abbrev  0x000008c7      0x18e .\CortexM3\ARM_GCC_493\Debug\nmtMaster.o
 .debug_abbrev  0x00000a55      0x1f9 .\CortexM3\ARM_GCC_493\Debug\nmtSlave.o
 .debug_abbrev  0x00000c4e      0x1fe .\CortexM3\ARM_GCC_493\Debug\objacces.o
 .debug_abbrev  0x00000e4c      0x226 .\CortexM3\ARM_GCC_493\Debug\pdo.o
 .debug_abbrev  0x00001072      0x290 .\CortexM3\ARM_GCC_493\Debug\sdo.o
 .debug_abbrev  0x00001302      0x251 .\CortexM3\ARM_GCC_493\Debug\states.o
 .debug_abbrev  0x00001553      0x1f9 .\CortexM3\ARM_GCC_493\Debug\sync.o
 .debug_abbrev  0x0000174c      0x19d .\CortexM3\ARM_GCC_493\Debug\TestSlave.o
 .debug_abbrev  0x000018e9      0x1ca .\CortexM3\ARM_GCC_493\Debug\timer.o
 .debug_abbrev  0x00001ab3       0xd2 .\CortexM3\ARM_GCC_493\Debug\canfestival.o
 .debug_abbrev  0x00001b85       0xc7 .\CortexM3\ARM_GCC_493\Debug\led.o
 .debug_abbrev  0x00001c4c      0x256 .\CortexM3\ARM_GCC_493\Debug\Valve_Control.o
 .debug_abbrev  0x00001ea2      0x1d8 .\CortexM3\ARM_GCC_493\Debug\CanopenDictConfig.o
 .debug_abbrev  0x0000207a       0xd6 .\CortexM3\ARM_GCC_493\Debug\TLC5616.o
 .debug_abbrev  0x00002150       0x66 .\CortexM3\ARM_GCC_493\Debug\cymetadata.o
 .debug_abbrev  0x000021b6      0x20f .\CortexM3\ARM_GCC_493\Debug\Cm3Start.o
 .debug_abbrev  0x000023c5       0x77 .\CortexM3\ARM_GCC_493\Debug\cybootloader.o
 .debug_abbrev  0x0000243c      0x214 .\CortexM3\ARM_GCC_493\Debug\MOTION-T1-Ver1.04.a(cyfitter_cfg.o)
 .debug_abbrev  0x00002650      0x1de .\CortexM3\ARM_GCC_493\Debug\MOTION-T1-Ver1.04.a(CAN_1.o)
 .debug_abbrev  0x0000282e       0xef .\CortexM3\ARM_GCC_493\Debug\MOTION-T1-Ver1.04.a(CAN_1_INT.o)
 .debug_abbrev  0x0000291d      0x21a .\CortexM3\ARM_GCC_493\Debug\MOTION-T1-Ver1.04.a(CAN_1_TX_RX_func.o)
 .debug_abbrev  0x00002b37       0x14 .\CortexM3\ARM_GCC_493\Debug\MOTION-T1-Ver1.04.a(CyBootAsmGnu.o)
 .debug_abbrev  0x00002b4b      0x296 .\CortexM3\ARM_GCC_493\Debug\MOTION-T1-Ver1.04.a(CyLib.o)
 .debug_abbrev  0x00002de1      0x1fa .\CortexM3\ARM_GCC_493\Debug\MOTION-T1-Ver1.04.a(cyPm.o)
 .debug_abbrev  0x00002fdb      0x152 .\CortexM3\ARM_GCC_493\Debug\MOTION-T1-Ver1.04.a(Timer_1.o)
 .debug_abbrev  0x0000312d       0x9d .\CortexM3\ARM_GCC_493\Debug\MOTION-T1-Ver1.04.a(LED1.o)
 .debug_abbrev  0x000031ca      0x1ed .\CortexM3\ARM_GCC_493\Debug\MOTION-T1-Ver1.04.a(ISR_Stroke_Timer.o)
 .debug_abbrev  0x000033b7       0x8e .\CortexM3\ARM_GCC_493\Debug\MOTION-T1-Ver1.04.a(Control_Reg_1.o)
 .debug_abbrev  0x00003445       0xd3 .\CortexM3\ARM_GCC_493\Debug\MOTION-T1-Ver1.04.a(Status_Reg_1.o)
 .debug_abbrev  0x00003518      0x146 .\CortexM3\ARM_GCC_493\Debug\MOTION-T1-Ver1.04.a(Clock_1.o)
 .debug_abbrev  0x0000365e       0x9d .\CortexM3\ARM_GCC_493\Debug\MOTION-T1-Ver1.04.a(LED2.o)
 .debug_abbrev  0x000036fb       0x9d .\CortexM3\ARM_GCC_493\Debug\MOTION-T1-Ver1.04.a(LED3.o)
 .debug_abbrev  0x00003798      0x1b0 .\CortexM3\ARM_GCC_493\Debug\MOTION-T1-Ver1.04.a(EEPROM_1.o)
 .debug_abbrev  0x00003948       0x9d .\CortexM3\ARM_GCC_493\Debug\MOTION-T1-Ver1.04.a(TLC5616_CLK.o)
 .debug_abbrev  0x000039e5       0x9d .\CortexM3\ARM_GCC_493\Debug\MOTION-T1-Ver1.04.a(TLC5616_DAT.o)
 .debug_abbrev  0x00003a82       0x9d .\CortexM3\ARM_GCC_493\Debug\MOTION-T1-Ver1.04.a(TLC5616_CS1.o)
 .debug_abbrev  0x00003b1f       0x9d .\CortexM3\ARM_GCC_493\Debug\MOTION-T1-Ver1.04.a(TLC5616_CS2.o)
 .debug_abbrev  0x00003bbc      0x17e .\CortexM3\ARM_GCC_493\Debug\MOTION-T1-Ver1.04.a(LCD_Char_1.o)
 .debug_abbrev  0x00003d3a      0x10d .\CortexM3\ARM_GCC_493\Debug\MOTION-T1-Ver1.04.a(LCD_Char_1_CustChars.o)
 .debug_abbrev  0x00003e47      0x1de .\CortexM3\ARM_GCC_493\Debug\MOTION-T1-Ver1.04.a(CyFlash.o)
 .debug_abbrev  0x00004025      0x1ce .\CortexM3\ARM_GCC_493\Debug\MOTION-T1-Ver1.04.a(CySpc.o)

.debug_line     0x00000000     0x5856
 *(.debug_line)
 .debug_line    0x00000000      0x2da .\CortexM3\ARM_GCC_493\Debug\main.o
 .debug_line    0x000002da      0x1e0 .\CortexM3\ARM_GCC_493\Debug\dcf.o
 .debug_line    0x000004ba      0x211 .\CortexM3\ARM_GCC_493\Debug\emcy.o
 .debug_line    0x000006cb      0x1ee .\CortexM3\ARM_GCC_493\Debug\lifegrd.o
 .debug_line    0x000008b9       0x1d .\CortexM3\ARM_GCC_493\Debug\lss.o
 .debug_line    0x000008d6      0x125 .\CortexM3\ARM_GCC_493\Debug\nmtMaster.o
 .debug_line    0x000009fb      0x12f .\CortexM3\ARM_GCC_493\Debug\nmtSlave.o
 .debug_line    0x00000b2a      0x1b2 .\CortexM3\ARM_GCC_493\Debug\objacces.o
 .debug_line    0x00000cdc      0x4c3 .\CortexM3\ARM_GCC_493\Debug\pdo.o
 .debug_line    0x0000119f      0xa6f .\CortexM3\ARM_GCC_493\Debug\sdo.o
 .debug_line    0x00001c0e      0x2b8 .\CortexM3\ARM_GCC_493\Debug\states.o
 .debug_line    0x00001ec6      0x194 .\CortexM3\ARM_GCC_493\Debug\sync.o
 .debug_line    0x0000205a      0x129 .\CortexM3\ARM_GCC_493\Debug\TestSlave.o
 .debug_line    0x00002183      0x17d .\CortexM3\ARM_GCC_493\Debug\timer.o
 .debug_line    0x00002300       0x87 .\CortexM3\ARM_GCC_493\Debug\canfestival.o
 .debug_line    0x00002387      0x172 .\CortexM3\ARM_GCC_493\Debug\led.o
 .debug_line    0x000024f9      0x46b .\CortexM3\ARM_GCC_493\Debug\Valve_Control.o
 .debug_line    0x00002964      0x1fe .\CortexM3\ARM_GCC_493\Debug\CanopenDictConfig.o
 .debug_line    0x00002b62      0x1f1 .\CortexM3\ARM_GCC_493\Debug\TLC5616.o
 .debug_line    0x00002d53       0x53 .\CortexM3\ARM_GCC_493\Debug\cymetadata.o
 .debug_line    0x00002da6      0x238 .\CortexM3\ARM_GCC_493\Debug\Cm3Start.o
 .debug_line    0x00002fde       0x55 .\CortexM3\ARM_GCC_493\Debug\cybootloader.o
 .debug_line    0x00003033      0x1fa .\CortexM3\ARM_GCC_493\Debug\MOTION-T1-Ver1.04.a(cyfitter_cfg.o)
 .debug_line    0x0000322d      0x384 .\CortexM3\ARM_GCC_493\Debug\MOTION-T1-Ver1.04.a(CAN_1.o)
 .debug_line    0x000035b1       0xbb .\CortexM3\ARM_GCC_493\Debug\MOTION-T1-Ver1.04.a(CAN_1_INT.o)
 .debug_line    0x0000366c      0x204 .\CortexM3\ARM_GCC_493\Debug\MOTION-T1-Ver1.04.a(CAN_1_TX_RX_func.o)
 .debug_line    0x00003870       0x68 .\CortexM3\ARM_GCC_493\Debug\MOTION-T1-Ver1.04.a(CyBootAsmGnu.o)
 .debug_line    0x000038d8      0x806 .\CortexM3\ARM_GCC_493\Debug\MOTION-T1-Ver1.04.a(CyLib.o)
 .debug_line    0x000040de      0x366 .\CortexM3\ARM_GCC_493\Debug\MOTION-T1-Ver1.04.a(cyPm.o)
 .debug_line    0x00004444      0x174 .\CortexM3\ARM_GCC_493\Debug\MOTION-T1-Ver1.04.a(Timer_1.o)
 .debug_line    0x000045b8       0x93 .\CortexM3\ARM_GCC_493\Debug\MOTION-T1-Ver1.04.a(LED1.o)
 .debug_line    0x0000464b      0x2a2 .\CortexM3\ARM_GCC_493\Debug\MOTION-T1-Ver1.04.a(ISR_Stroke_Timer.o)
 .debug_line    0x000048ed       0x77 .\CortexM3\ARM_GCC_493\Debug\MOTION-T1-Ver1.04.a(Control_Reg_1.o)
 .debug_line    0x00004964       0xba .\CortexM3\ARM_GCC_493\Debug\MOTION-T1-Ver1.04.a(Status_Reg_1.o)
 .debug_line    0x00004a1e      0x18f .\CortexM3\ARM_GCC_493\Debug\MOTION-T1-Ver1.04.a(Clock_1.o)
 .debug_line    0x00004bad       0x93 .\CortexM3\ARM_GCC_493\Debug\MOTION-T1-Ver1.04.a(LED2.o)
 .debug_line    0x00004c40       0x93 .\CortexM3\ARM_GCC_493\Debug\MOTION-T1-Ver1.04.a(LED3.o)
 .debug_line    0x00004cd3      0x268 .\CortexM3\ARM_GCC_493\Debug\MOTION-T1-Ver1.04.a(EEPROM_1.o)
 .debug_line    0x00004f3b       0x9a .\CortexM3\ARM_GCC_493\Debug\MOTION-T1-Ver1.04.a(TLC5616_CLK.o)
 .debug_line    0x00004fd5       0x9a .\CortexM3\ARM_GCC_493\Debug\MOTION-T1-Ver1.04.a(TLC5616_DAT.o)
 .debug_line    0x0000506f       0x9a .\CortexM3\ARM_GCC_493\Debug\MOTION-T1-Ver1.04.a(TLC5616_CS1.o)
 .debug_line    0x00005109       0x9a .\CortexM3\ARM_GCC_493\Debug\MOTION-T1-Ver1.04.a(TLC5616_CS2.o)
 .debug_line    0x000051a3      0x1f6 .\CortexM3\ARM_GCC_493\Debug\MOTION-T1-Ver1.04.a(LCD_Char_1.o)
 .debug_line    0x00005399       0x93 .\CortexM3\ARM_GCC_493\Debug\MOTION-T1-Ver1.04.a(LCD_Char_1_CustChars.o)
 .debug_line    0x0000542c      0x1ec .\CortexM3\ARM_GCC_493\Debug\MOTION-T1-Ver1.04.a(CyFlash.o)
 .debug_line    0x00005618      0x23e .\CortexM3\ARM_GCC_493\Debug\MOTION-T1-Ver1.04.a(CySpc.o)

.debug_frame    0x00000000     0x2b8c
 *(.debug_frame)
 .debug_frame   0x00000000       0x50 .\CortexM3\ARM_GCC_493\Debug\main.o
 .debug_frame   0x00000050      0x10c .\CortexM3\ARM_GCC_493\Debug\dcf.o
 .debug_frame   0x0000015c       0xdc .\CortexM3\ARM_GCC_493\Debug\emcy.o
 .debug_frame   0x00000238      0x120 .\CortexM3\ARM_GCC_493\Debug\lifegrd.o
 .debug_frame   0x00000358       0x64 .\CortexM3\ARM_GCC_493\Debug\nmtMaster.o
 .debug_frame   0x000003bc       0x4c .\CortexM3\ARM_GCC_493\Debug\nmtSlave.o
 .debug_frame   0x00000408       0xd4 .\CortexM3\ARM_GCC_493\Debug\objacces.o
 .debug_frame   0x000004dc      0x230 .\CortexM3\ARM_GCC_493\Debug\pdo.o
 .debug_frame   0x0000070c      0x474 .\CortexM3\ARM_GCC_493\Debug\sdo.o
 .debug_frame   0x00000b80       0xf8 .\CortexM3\ARM_GCC_493\Debug\states.o
 .debug_frame   0x00000c78      0x104 .\CortexM3\ARM_GCC_493\Debug\sync.o
 .debug_frame   0x00000d7c       0x30 .\CortexM3\ARM_GCC_493\Debug\TestSlave.o
 .debug_frame   0x00000dac       0x6c .\CortexM3\ARM_GCC_493\Debug\timer.o
 .debug_frame   0x00000e18       0x4c .\CortexM3\ARM_GCC_493\Debug\canfestival.o
 .debug_frame   0x00000e64       0x2c .\CortexM3\ARM_GCC_493\Debug\led.o
 .debug_frame   0x00000e90      0x120 .\CortexM3\ARM_GCC_493\Debug\Valve_Control.o
 .debug_frame   0x00000fb0      0x108 .\CortexM3\ARM_GCC_493\Debug\CanopenDictConfig.o
 .debug_frame   0x000010b8       0x4c .\CortexM3\ARM_GCC_493\Debug\TLC5616.o
 .debug_frame   0x00001104       0xac .\CortexM3\ARM_GCC_493\Debug\Cm3Start.o
 .debug_frame   0x000011b0       0xe4 .\CortexM3\ARM_GCC_493\Debug\MOTION-T1-Ver1.04.a(cyfitter_cfg.o)
 .debug_frame   0x00001294      0x1cc .\CortexM3\ARM_GCC_493\Debug\MOTION-T1-Ver1.04.a(CAN_1.o)
 .debug_frame   0x00001460       0x68 .\CortexM3\ARM_GCC_493\Debug\MOTION-T1-Ver1.04.a(CAN_1_INT.o)
 .debug_frame   0x000014c8       0x70 .\CortexM3\ARM_GCC_493\Debug\MOTION-T1-Ver1.04.a(CAN_1_TX_RX_func.o)
 .debug_frame   0x00001538      0x728 .\CortexM3\ARM_GCC_493\Debug\MOTION-T1-Ver1.04.a(CyLib.o)
 .debug_frame   0x00001c60      0x1f8 .\CortexM3\ARM_GCC_493\Debug\MOTION-T1-Ver1.04.a(cyPm.o)
 .debug_frame   0x00001e58      0x124 .\CortexM3\ARM_GCC_493\Debug\MOTION-T1-Ver1.04.a(Timer_1.o)
 .debug_frame   0x00001f7c       0x50 .\CortexM3\ARM_GCC_493\Debug\MOTION-T1-Ver1.04.a(LED1.o)
 .debug_frame   0x00001fcc      0x110 .\CortexM3\ARM_GCC_493\Debug\MOTION-T1-Ver1.04.a(ISR_Stroke_Timer.o)
 .debug_frame   0x000020dc       0x30 .\CortexM3\ARM_GCC_493\Debug\MOTION-T1-Ver1.04.a(Control_Reg_1.o)
 .debug_frame   0x0000210c       0x78 .\CortexM3\ARM_GCC_493\Debug\MOTION-T1-Ver1.04.a(Status_Reg_1.o)
 .debug_frame   0x00002184       0xe0 .\CortexM3\ARM_GCC_493\Debug\MOTION-T1-Ver1.04.a(Clock_1.o)
 .debug_frame   0x00002264       0x50 .\CortexM3\ARM_GCC_493\Debug\MOTION-T1-Ver1.04.a(LED2.o)
 .debug_frame   0x000022b4       0x50 .\CortexM3\ARM_GCC_493\Debug\MOTION-T1-Ver1.04.a(LED3.o)
 .debug_frame   0x00002304      0x17c .\CortexM3\ARM_GCC_493\Debug\MOTION-T1-Ver1.04.a(EEPROM_1.o)
 .debug_frame   0x00002480       0x50 .\CortexM3\ARM_GCC_493\Debug\MOTION-T1-Ver1.04.a(TLC5616_CLK.o)
 .debug_frame   0x000024d0       0x50 .\CortexM3\ARM_GCC_493\Debug\MOTION-T1-Ver1.04.a(TLC5616_DAT.o)
 .debug_frame   0x00002520       0x50 .\CortexM3\ARM_GCC_493\Debug\MOTION-T1-Ver1.04.a(TLC5616_CS1.o)
 .debug_frame   0x00002570       0x50 .\CortexM3\ARM_GCC_493\Debug\MOTION-T1-Ver1.04.a(TLC5616_CS2.o)
 .debug_frame   0x000025c0      0x1e4 .\CortexM3\ARM_GCC_493\Debug\MOTION-T1-Ver1.04.a(LCD_Char_1.o)
 .debug_frame   0x000027a4       0x30 .\CortexM3\ARM_GCC_493\Debug\MOTION-T1-Ver1.04.a(LCD_Char_1_CustChars.o)
 .debug_frame   0x000027d4      0x174 .\CortexM3\ARM_GCC_493\Debug\MOTION-T1-Ver1.04.a(CyFlash.o)
 .debug_frame   0x00002948      0x160 .\CortexM3\ARM_GCC_493\Debug\MOTION-T1-Ver1.04.a(CySpc.o)
 .debug_frame   0x00002aa8       0x20 d:/program files (x86)/psoc creator/3.3/psoc creator/import/gnu/arm/4.9.3/bin/../lib/gcc/arm-none-eabi/4.9.3/../../../../arm-none-eabi/lib/armv7-m\libg_nano.a(lib_a-errno.o)
 .debug_frame   0x00002ac8       0x28 d:/program files (x86)/psoc creator/3.3/psoc creator/import/gnu/arm/4.9.3/bin/../lib/gcc/arm-none-eabi/4.9.3/../../../../arm-none-eabi/lib/armv7-m\libg_nano.a(lib_a-exit.o)
 .debug_frame   0x00002af0       0x2c d:/program files (x86)/psoc creator/3.3/psoc creator/import/gnu/arm/4.9.3/bin/../lib/gcc/arm-none-eabi/4.9.3/../../../../arm-none-eabi/lib/armv7-m\libg_nano.a(lib_a-init.o)
 .debug_frame   0x00002b1c       0x28 d:/program files (x86)/psoc creator/3.3/psoc creator/import/gnu/arm/4.9.3/bin/../lib/gcc/arm-none-eabi/4.9.3/../../../../arm-none-eabi/lib/armv7-m\libg_nano.a(lib_a-memcmp.o)
 .debug_frame   0x00002b44       0x28 d:/program files (x86)/psoc creator/3.3/psoc creator/import/gnu/arm/4.9.3/bin/../lib/gcc/arm-none-eabi/4.9.3/../../../../arm-none-eabi/lib/armv7-m\libg_nano.a(lib_a-memcpy.o)
 .debug_frame   0x00002b6c       0x20 d:/program files (x86)/psoc creator/3.3/psoc creator/import/gnu/arm/4.9.3/bin/../lib/gcc/arm-none-eabi/4.9.3/../../../../arm-none-eabi/lib/armv7-m\libg_nano.a(lib_a-memset.o)

.debug_str      0x00000000     0x4767
 *(.debug_str)
 .debug_str     0x00000000      0x5e9 .\CortexM3\ARM_GCC_493\Debug\main.o
                                0x68d (size before relaxing)
 .debug_str     0x000005e9      0x702 .\CortexM3\ARM_GCC_493\Debug\dcf.o
                                0xa2e (size before relaxing)
 .debug_str     0x00000ceb       0xf4 .\CortexM3\ARM_GCC_493\Debug\emcy.o
                                0x9a6 (size before relaxing)
 .debug_str     0x00000ddf       0xfb .\CortexM3\ARM_GCC_493\Debug\lifegrd.o
                                0xa27 (size before relaxing)
 .debug_str     0x00000eda        0x8 .\CortexM3\ARM_GCC_493\Debug\lss.o
                                0x156 (size before relaxing)
 .debug_str     0x00000ee2       0x44 .\CortexM3\ARM_GCC_493\Debug\nmtMaster.o
                                0x90b (size before relaxing)
 .debug_str     0x00000f26       0x5e .\CortexM3\ARM_GCC_493\Debug\nmtSlave.o
                                0x905 (size before relaxing)
 .debug_str     0x00000f84       0xef .\CortexM3\ARM_GCC_493\Debug\objacces.o
                                0x9cc (size before relaxing)
 .debug_str     0x00001073      0x24c .\CortexM3\ARM_GCC_493\Debug\pdo.o
                                0xb6c (size before relaxing)
 .debug_str     0x000012bf      0x1ce .\CortexM3\ARM_GCC_493\Debug\sdo.o
                                0xb5e (size before relaxing)
 .debug_str     0x0000148d       0x7d .\CortexM3\ARM_GCC_493\Debug\states.o
                                0xa3a (size before relaxing)
 .debug_str     0x0000150a       0x40 .\CortexM3\ARM_GCC_493\Debug\sync.o
                                0x98c (size before relaxing)
 .debug_str     0x0000154a      0xece .\CortexM3\ARM_GCC_493\Debug\TestSlave.o
                               0x1886 (size before relaxing)
 .debug_str     0x00002418       0xd5 .\CortexM3\ARM_GCC_493\Debug\timer.o
                                0x9bb (size before relaxing)
 .debug_str     0x000024ed       0x4b .\CortexM3\ARM_GCC_493\Debug\canfestival.o
                                0x1c4 (size before relaxing)
 .debug_str     0x00002538       0x31 .\CortexM3\ARM_GCC_493\Debug\led.o
                                0x1c3 (size before relaxing)
 .debug_str     0x00002569      0x11c .\CortexM3\ARM_GCC_493\Debug\Valve_Control.o
                                0x5c7 (size before relaxing)
 .debug_str     0x00002685      0x113 .\CortexM3\ARM_GCC_493\Debug\CanopenDictConfig.o
                                0xa1a (size before relaxing)
 .debug_str     0x00002798       0x79 .\CortexM3\ARM_GCC_493\Debug\TLC5616.o
                                0x20d (size before relaxing)
 .debug_str     0x00002811       0x49 .\CortexM3\ARM_GCC_493\Debug\cymetadata.o
                                0x1aa (size before relaxing)
 .debug_str     0x0000285a      0x153 .\CortexM3\ARM_GCC_493\Debug\Cm3Start.o
                                0x2ec (size before relaxing)
 .debug_str     0x000029ad       0x84 .\CortexM3\ARM_GCC_493\Debug\cybootloader.o
                                0x1e5 (size before relaxing)
 .debug_str     0x00002a31      0x141 .\CortexM3\ARM_GCC_493\Debug\MOTION-T1-Ver1.04.a(cyfitter_cfg.o)
                                0x2ff (size before relaxing)
 .debug_str     0x00002b72      0x363 .\CortexM3\ARM_GCC_493\Debug\MOTION-T1-Ver1.04.a(CAN_1.o)
                                0x510 (size before relaxing)
 .debug_str     0x00002ed5       0x73 .\CortexM3\ARM_GCC_493\Debug\MOTION-T1-Ver1.04.a(CAN_1_INT.o)
                                0x267 (size before relaxing)
 .debug_str     0x00002f48       0x5c .\CortexM3\ARM_GCC_493\Debug\MOTION-T1-Ver1.04.a(CAN_1_TX_RX_func.o)
                                0xa2f (size before relaxing)
 .debug_str     0x00002fa4      0x7af .\CortexM3\ARM_GCC_493\Debug\MOTION-T1-Ver1.04.a(CyLib.o)
                                0xa11 (size before relaxing)
 .debug_str     0x00003753      0x35b .\CortexM3\ARM_GCC_493\Debug\MOTION-T1-Ver1.04.a(cyPm.o)
                                0x709 (size before relaxing)
 .debug_str     0x00003aae      0x18c .\CortexM3\ARM_GCC_493\Debug\MOTION-T1-Ver1.04.a(Timer_1.o)
                                0x341 (size before relaxing)
 .debug_str     0x00003c3a       0x58 .\CortexM3\ARM_GCC_493\Debug\MOTION-T1-Ver1.04.a(LED1.o)
                                0x1cb (size before relaxing)
 .debug_str     0x00003c92      0x17f .\CortexM3\ARM_GCC_493\Debug\MOTION-T1-Ver1.04.a(ISR_Stroke_Timer.o)
                                0x3e9 (size before relaxing)
 .debug_str     0x00003e11       0x3c .\CortexM3\ARM_GCC_493\Debug\MOTION-T1-Ver1.04.a(Control_Reg_1.o)
                                0x1b5 (size before relaxing)
 .debug_str     0x00003e4d       0x90 .\CortexM3\ARM_GCC_493\Debug\MOTION-T1-Ver1.04.a(Status_Reg_1.o)
                                0x249 (size before relaxing)
 .debug_str     0x00003edd      0x156 .\CortexM3\ARM_GCC_493\Debug\MOTION-T1-Ver1.04.a(Clock_1.o)
                                0x2dc (size before relaxing)
 .debug_str     0x00004033       0x4d .\CortexM3\ARM_GCC_493\Debug\MOTION-T1-Ver1.04.a(LED2.o)
                                0x1cb (size before relaxing)
 .debug_str     0x00004080       0x4d .\CortexM3\ARM_GCC_493\Debug\MOTION-T1-Ver1.04.a(LED3.o)
                                0x1cb (size before relaxing)
 .debug_str     0x000040cd      0x1cd .\CortexM3\ARM_GCC_493\Debug\MOTION-T1-Ver1.04.a(EEPROM_1.o)
                                0x3be (size before relaxing)
 .debug_str     0x0000429a       0x69 .\CortexM3\ARM_GCC_493\Debug\MOTION-T1-Ver1.04.a(TLC5616_CLK.o)
                                0x1ee (size before relaxing)
 .debug_str     0x00004303       0x69 .\CortexM3\ARM_GCC_493\Debug\MOTION-T1-Ver1.04.a(TLC5616_DAT.o)
                                0x1ee (size before relaxing)
 .debug_str     0x0000436c       0x69 .\CortexM3\ARM_GCC_493\Debug\MOTION-T1-Ver1.04.a(TLC5616_CS1.o)
                                0x1ee (size before relaxing)
 .debug_str     0x000043d5       0x69 .\CortexM3\ARM_GCC_493\Debug\MOTION-T1-Ver1.04.a(TLC5616_CS2.o)
                                0x1ee (size before relaxing)
 .debug_str     0x0000443e      0x181 .\CortexM3\ARM_GCC_493\Debug\MOTION-T1-Ver1.04.a(LCD_Char_1.o)
                                0x3cb (size before relaxing)
 .debug_str     0x000045bf       0x3b .\CortexM3\ARM_GCC_493\Debug\MOTION-T1-Ver1.04.a(LCD_Char_1_CustChars.o)
                                0x216 (size before relaxing)
 .debug_str     0x000045fa       0xfd .\CortexM3\ARM_GCC_493\Debug\MOTION-T1-Ver1.04.a(CyFlash.o)
                                0x383 (size before relaxing)
 .debug_str     0x000046f7       0x70 .\CortexM3\ARM_GCC_493\Debug\MOTION-T1-Ver1.04.a(CySpc.o)
                                0x30c (size before relaxing)

.debug_loc      0x00000000     0x8d73
 *(.debug_loc)
 .debug_loc     0x00000000       0xad .\CortexM3\ARM_GCC_493\Debug\main.o
 .debug_loc     0x000000ad      0x43a .\CortexM3\ARM_GCC_493\Debug\dcf.o
 .debug_loc     0x000004e7      0x4de .\CortexM3\ARM_GCC_493\Debug\emcy.o
 .debug_loc     0x000009c5      0x3d5 .\CortexM3\ARM_GCC_493\Debug\lifegrd.o
 .debug_loc     0x00000d9a      0x13b .\CortexM3\ARM_GCC_493\Debug\nmtMaster.o
 .debug_loc     0x00000ed5      0x168 .\CortexM3\ARM_GCC_493\Debug\nmtSlave.o
 .debug_loc     0x0000103d      0x45f .\CortexM3\ARM_GCC_493\Debug\objacces.o
 .debug_loc     0x0000149c      0xfa0 .\CortexM3\ARM_GCC_493\Debug\pdo.o
 .debug_loc     0x0000243c     0x25f5 .\CortexM3\ARM_GCC_493\Debug\sdo.o
 .debug_loc     0x00004a31      0x447 .\CortexM3\ARM_GCC_493\Debug\states.o
 .debug_loc     0x00004e78      0x15f .\CortexM3\ARM_GCC_493\Debug\sync.o
 .debug_loc     0x00004fd7      0x5a7 .\CortexM3\ARM_GCC_493\Debug\TestSlave.o
 .debug_loc     0x0000557e      0x2f5 .\CortexM3\ARM_GCC_493\Debug\timer.o
 .debug_loc     0x00005873       0x40 .\CortexM3\ARM_GCC_493\Debug\canfestival.o
 .debug_loc     0x000058b3       0x21 .\CortexM3\ARM_GCC_493\Debug\led.o
 .debug_loc     0x000058d4      0x223 .\CortexM3\ARM_GCC_493\Debug\Valve_Control.o
 .debug_loc     0x00005af7      0x14c .\CortexM3\ARM_GCC_493\Debug\CanopenDictConfig.o
 .debug_loc     0x00005c43       0x9b .\CortexM3\ARM_GCC_493\Debug\TLC5616.o
 .debug_loc     0x00005cde      0x144 .\CortexM3\ARM_GCC_493\Debug\Cm3Start.o
 .debug_loc     0x00005e22      0x1f0 .\CortexM3\ARM_GCC_493\Debug\MOTION-T1-Ver1.04.a(cyfitter_cfg.o)
 .debug_loc     0x00006012      0x983 .\CortexM3\ARM_GCC_493\Debug\MOTION-T1-Ver1.04.a(CAN_1.o)
 .debug_loc     0x00006995       0x54 .\CortexM3\ARM_GCC_493\Debug\MOTION-T1-Ver1.04.a(CAN_1_INT.o)
 .debug_loc     0x000069e9      0x1e1 .\CortexM3\ARM_GCC_493\Debug\MOTION-T1-Ver1.04.a(CAN_1_TX_RX_func.o)
 .debug_loc     0x00006bca      0xa11 .\CortexM3\ARM_GCC_493\Debug\MOTION-T1-Ver1.04.a(CyLib.o)
 .debug_loc     0x000075db      0x1e4 .\CortexM3\ARM_GCC_493\Debug\MOTION-T1-Ver1.04.a(cyPm.o)
 .debug_loc     0x000077bf       0x13 .\CortexM3\ARM_GCC_493\Debug\MOTION-T1-Ver1.04.a(Timer_1.o)
 .debug_loc     0x000077d2       0x42 .\CortexM3\ARM_GCC_493\Debug\MOTION-T1-Ver1.04.a(LED1.o)
 .debug_loc     0x00007814       0x56 .\CortexM3\ARM_GCC_493\Debug\MOTION-T1-Ver1.04.a(ISR_Stroke_Timer.o)