Archive member included because of file (symbol)

.\CortexM3\ARM_GCC_493\Debug\Design01.a(cyfitter_cfg.o)
                              .\CortexM3\ARM_GCC_493\Debug\Cm3Start.o (cyfitter_cfg)
.\CortexM3\ARM_GCC_493\Debug\Design01.a(CAN_1.o)
                              .\CortexM3\ARM_GCC_493\Debug\main.o (CAN_1_Start)
.\CortexM3\ARM_GCC_493\Debug\Design01.a(CAN_1_INT.o)
                              .\CortexM3\ARM_GCC_493\Debug\Design01.a(CAN_1.o) (CAN_1_ISR)
.\CortexM3\ARM_GCC_493\Debug\Design01.a(CAN_1_TX_RX_func.o)
                              .\CortexM3\ARM_GCC_493\Debug\main.o (CAN_1_SendMsg)
.\CortexM3\ARM_GCC_493\Debug\Design01.a(CyBootAsmGnu.o)
                              .\CortexM3\ARM_GCC_493\Debug\Design01.a(cyfitter_cfg.o) (CyDelayCycles)
.\CortexM3\ARM_GCC_493\Debug\Design01.a(CyLib.o)
                              .\CortexM3\ARM_GCC_493\Debug\Cm3Start.o (CyHalt)
.\CortexM3\ARM_GCC_493\Debug\Design01.a(cyPm.o)
                              .\CortexM3\ARM_GCC_493\Debug\Design01.a(CyLib.o) (CyPmReadStatus)
.\CortexM3\ARM_GCC_493\Debug\Design01.a(Timer_1.o)
                              .\CortexM3\ARM_GCC_493\Debug\Valve_Control.o (Timer_1_Start)
.\CortexM3\ARM_GCC_493\Debug\Design01.a(LED1.o)
                              .\CortexM3\ARM_GCC_493\Debug\led.o (LED1_Write)
.\CortexM3\ARM_GCC_493\Debug\Design01.a(ISR_Stroke_Timer.o)
                              .\CortexM3\ARM_GCC_493\Debug\Valve_Control.o (ISR_Stroke_Timer_Start)
.\CortexM3\ARM_GCC_493\Debug\Design01.a(Control_Reg_1.o)
                              .\CortexM3\ARM_GCC_493\Debug\main.o (Control_Reg_1_Write)
.\CortexM3\ARM_GCC_493\Debug\Design01.a(Status_Reg_1.o)
                              .\CortexM3\ARM_GCC_493\Debug\main.o (Status_Reg_1_Read)
.\CortexM3\ARM_GCC_493\Debug\Design01.a(Clock_1.o)
                              .\CortexM3\ARM_GCC_493\Debug\Valve_Control.o (Clock_1_Start)
.\CortexM3\ARM_GCC_493\Debug\Design01.a(LED2.o)
                              .\CortexM3\ARM_GCC_493\Debug\led.o (LED2_Write)
.\CortexM3\ARM_GCC_493\Debug\Design01.a(LED3.o)
                              .\CortexM3\ARM_GCC_493\Debug\led.o (LED3_Write)
.\CortexM3\ARM_GCC_493\Debug\Design01.a(EEPROM_1.o)
                              .\CortexM3\ARM_GCC_493\Debug\Valve_Control.o (EEPROM_1_Start)
.\CortexM3\ARM_GCC_493\Debug\Design01.a(CyFlash.o)
                              .\CortexM3\ARM_GCC_493\Debug\Design01.a(EEPROM_1.o) (dieTemperature)
.\CortexM3\ARM_GCC_493\Debug\Design01.a(CySpc.o)
                              .\CortexM3\ARM_GCC_493\Debug\Design01.a(EEPROM_1.o) (CySpcStart)
c:/program files (x86)/cypress/psoc creator/3.3/psoc creator/import/gnu/arm/4.9.3/bin/../lib/gcc/arm-none-eabi/4.9.3/../../../../arm-none-eabi/lib/armv7-m\libg_nano.a(lib_a-errno.o)
                              .\CortexM3\ARM_GCC_493\Debug\Cm3Start.o (__errno)
c:/program files (x86)/cypress/psoc creator/3.3/psoc creator/import/gnu/arm/4.9.3/bin/../lib/gcc/arm-none-eabi/4.9.3/../../../../arm-none-eabi/lib/armv7-m\libg_nano.a(lib_a-exit.o)
                              c:/program files (x86)/cypress/psoc creator/3.3/psoc creator/import/gnu/arm/4.9.3/bin/../lib/gcc/arm-none-eabi/4.9.3/../../../../arm-none-eabi/lib/armv7-m/crt0.o (exit)
c:/program files (x86)/cypress/psoc creator/3.3/psoc creator/import/gnu/arm/4.9.3/bin/../lib/gcc/arm-none-eabi/4.9.3/../../../../arm-none-eabi/lib/armv7-m\libg_nano.a(lib_a-impure.o)
                              c:/program files (x86)/cypress/psoc creator/3.3/psoc creator/import/gnu/arm/4.9.3/bin/../lib/gcc/arm-none-eabi/4.9.3/../../../../arm-none-eabi/lib/armv7-m\libg_nano.a(lib_a-exit.o) (_global_impure_ptr)
c:/program files (x86)/cypress/psoc creator/3.3/psoc creator/import/gnu/arm/4.9.3/bin/../lib/gcc/arm-none-eabi/4.9.3/../../../../arm-none-eabi/lib/armv7-m\libg_nano.a(lib_a-init.o)
                              c:/program files (x86)/cypress/psoc creator/3.3/psoc creator/import/gnu/arm/4.9.3/bin/../lib/gcc/arm-none-eabi/4.9.3/../../../../arm-none-eabi/lib/armv7-m/crt0.o (__libc_init_array)
c:/program files (x86)/cypress/psoc creator/3.3/psoc creator/import/gnu/arm/4.9.3/bin/../lib/gcc/arm-none-eabi/4.9.3/../../../../arm-none-eabi/lib/armv7-m\libg_nano.a(lib_a-memcmp.o)
                              .\CortexM3\ARM_GCC_493\Debug\pdo.o (memcmp)
c:/program files (x86)/cypress/psoc creator/3.3/psoc creator/import/gnu/arm/4.9.3/bin/../lib/gcc/arm-none-eabi/4.9.3/../../../../arm-none-eabi/lib/armv7-m\libg_nano.a(lib_a-memcpy.o)
                              .\CortexM3\ARM_GCC_493\Debug\objacces.o (memcpy)
c:/program files (x86)/cypress/psoc creator/3.3/psoc creator/import/gnu/arm/4.9.3/bin/../lib/gcc/arm-none-eabi/4.9.3/../../../../arm-none-eabi/lib/armv7-m\libg_nano.a(lib_a-memset.o)
                              c:/program files (x86)/cypress/psoc creator/3.3/psoc creator/import/gnu/arm/4.9.3/bin/../lib/gcc/arm-none-eabi/4.9.3/../../../../arm-none-eabi/lib/armv7-m/crt0.o (memset)

Allocating common symbols
[...]
Memory Configuration

Name             Origin             Length             Attributes
rom              0x00000000         0x00040000         xr
ram              0x1fff8000         0x00010000         xrw
*default*        0x00000000         0xffffffff

Linker script and memory map

LOAD c:/program files (x86)/cypress/psoc creator/3.3/psoc creator/import/gnu/arm/4.9.3/bin/../lib/gcc/arm-none-eabi/4.9.3/armv7-m/crti.o
LOAD c:/program files (x86)/cypress/psoc creator/3.3/psoc creator/import/gnu/arm/4.9.3/bin/../lib/gcc/arm-none-eabi/4.9.3/armv7-m/crtbegin.o
LOAD c:/program files (x86)/cypress/psoc creator/3.3/psoc creator/import/gnu/arm/4.9.3/bin/../lib/gcc/arm-none-eabi/4.9.3/../../../../arm-none-eabi/lib/armv7-m/crt0.o
START GROUP
LOAD .\CortexM3\ARM_GCC_493\Debug\main.o
LOAD .\CortexM3\ARM_GCC_493\Debug\dcf.o
LOAD .\CortexM3\ARM_GCC_493\Debug\emcy.o
LOAD .\CortexM3\ARM_GCC_493\Debug\lifegrd.o
LOAD .\CortexM3\ARM_GCC_493\Debug\lss.o
LOAD .\CortexM3\ARM_GCC_493\Debug\nmtMaster.o
LOAD .\CortexM3\ARM_GCC_493\Debug\nmtSlave.o
LOAD .\CortexM3\ARM_GCC_493\Debug\objacces.o
LOAD .\CortexM3\ARM_GCC_493\Debug\pdo.o
LOAD .\CortexM3\ARM_GCC_493\Debug\sdo.o
LOAD .\CortexM3\ARM_GCC_493\Debug\states.o
LOAD .\CortexM3\ARM_GCC_493\Debug\sync.o
LOAD .\CortexM3\ARM_GCC_493\Debug\TestSlave.o
LOAD .\CortexM3\ARM_GCC_493\Debug\timer.o
LOAD .\CortexM3\ARM_GCC_493\Debug\canfestival.o
LOAD .\CortexM3\ARM_GCC_493\Debug\led.o
LOAD .\CortexM3\ARM_GCC_493\Debug\Valve_Control.o
LOAD .\CortexM3\ARM_GCC_493\Debug\CanopenDictConfig.o
LOAD .\CortexM3\ARM_GCC_493\Debug\cymetadata.o
LOAD .\CortexM3\ARM_GCC_493\Debug\Cm3Start.o
LOAD .\CortexM3\ARM_GCC_493\Debug\Design01.a
LOAD C:\Program Files (x86)\Cypress\PSoC Creator\3.3\PSoC Creator\psoc\content\cycomponentlibrary\CyComponentLibrary.cylib\CortexM3\ARM_GCC_493\Debug\CyComponentLibrary.a
END GROUP
START GROUP
LOAD c:/program files (x86)/cypress/psoc creator/3.3/psoc creator/import/gnu/arm/4.9.3/bin/../lib/gcc/arm-none-eabi/4.9.3/armv7-m\libgcc.a
LOAD c:/program files (x86)/cypress/psoc creator/3.3/psoc creator/import/gnu/arm/4.9.3/bin/../lib/gcc/arm-none-eabi/4.9.3/../../../../arm-none-eabi/lib/armv7-m\libg_nano.a
LOAD c:/program files (x86)/cypress/psoc creator/3.3/psoc creator/import/gnu/arm/4.9.3/bin/../lib/gcc/arm-none-eabi/4.9.3/../../../../arm-none-eabi/lib/armv7-m\libc_nano.a
END GROUP
START GROUP
LOAD c:/program files (x86)/cypress/psoc creator/3.3/psoc creator/import/gnu/arm/4.9.3/bin/../lib/gcc/arm-none-eabi/4.9.3/armv7-m\libgcc.a
LOAD c:/program files (x86)/cypress/psoc creator/3.3/psoc creator/import/gnu/arm/4.9.3/bin/../lib/gcc/arm-none-eabi/4.9.3/../../../../arm-none-eabi/lib/armv7-m\libc_nano.a
END GROUP
LOAD c:/program files (x86)/cypress/psoc creator/3.3/psoc creator/import/gnu/arm/4.9.3/bin/../lib/gcc/arm-none-eabi/4.9.3/armv7-m/crtend.o
LOAD c:/program files (x86)/cypress/psoc creator/3.3/psoc creator/import/gnu/arm/4.9.3/bin/../lib/gcc/arm-none-eabi/4.9.3/armv7-m/crtn.o
START GROUP
LOAD c:/program files (x86)/cypress/psoc creator/3.3/psoc creator/import/gnu/arm/4.9.3/bin/../lib/gcc/arm-none-eabi/4.9.3/armv7-m\libgcc.a
LOAD c:/program files (x86)/cypress/psoc creator/3.3/psoc creator/import/gnu/arm/4.9.3/bin/../lib/gcc/arm-none-eabi/4.9.3/../../../../arm-none-eabi/lib/armv7-m\libc.a
LOAD c:/program files (x86)/cypress/psoc creator/3.3/psoc creator/import/gnu/arm/4.9.3/bin/../lib/gcc/arm-none-eabi/4.9.3/../../../../arm-none-eabi/lib/armv7-m\libnosys.a
END GROUP
                0x00000000                CY_APPL_ORIGIN = 0x0
                0x00000100                CY_FLASH_ROW_SIZE = 0x100
                0x00000020                CY_ECC_ROW_SIZE = 0x20
                0x00000000                CY_EE_IN_BTLDR = 0x0
                0x00000000                CY_APPL_LOADABLE = 0x0
                0x00000800                CY_EE_SIZE = 0x800
                0x00000001                CY_APPL_NUM = 0x1
                0x00000001                CY_APPL_MAX = 0x1
                0x00000040                CY_METADATA_SIZE = 0x40
                0x00000000                CY_APPL_LOADABLE = 0x0
                0x00000000                CY_CHECKSUM_EXCLUDE_SIZE = ALIGN (0x0, CY_FLASH_ROW_SIZE)
                0x1fff8b70                PROVIDE (__cy_heap_start, _end)
                0x00000001                PROVIDE (__cy_region_num, ((__cy_regions_end - __cy_regions) / 0x10))
                0x20008000                PROVIDE (__cy_stack, (ORIGIN (ram) + 0x10000))
                0x20007800                PROVIDE (__cy_heap_end, (__cy_stack - 0x800))

.cybootloader   0x00000000        0x0
 *(.cybootloader)
                0x00000000                appl1_start = CY_APPL_ORIGIN?CY_APPL_ORIGIN:ALIGN (CY_FLASH_ROW_SIZE)
                0x0001ff00                appl2_start = (appl1_start + ALIGN ((((0x40000 - appl1_start) - (0x2 * CY_FLASH_ROW_SIZE)) / 0x2), CY_FLASH_ROW_SIZE))
                0x00000000                appl_start = (CY_APPL_NUM == 0x1)?appl1_start:appl2_start
                0x00000000                ecc_offset = ((appl_start / CY_FLASH_ROW_SIZE) * CY_ECC_ROW_SIZE)
                0x00000000                ee_offset = (CY_APPL_LOADABLE && ! (CY_EE_IN_BTLDR))?((CY_EE_SIZE / CY_APPL_MAX) * (CY_APPL_NUM - 0x1)):0x0
                0x00000800                ee_size = (CY_APPL_LOADABLE && ! (CY_EE_IN_BTLDR))?(CY_EE_SIZE / CY_APPL_MAX):CY_EE_SIZE
                0x00000000                PROVIDE (CY_ECC_OFFSET, ecc_offset)

.text           0x00000000     0x52be
 CREATE_OBJECT_SYMBOLS
                0x00000000                PROVIDE (__cy_interrupt_vector, RomVectors)
 *(.romvectors)
 .romvectors    0x00000000       0x10 .\CortexM3\ARM_GCC_493\Debug\Cm3Start.o
                0x00000000                RomVectors
                0x00000001                ASSERT ((. != __cy_interrupt_vector), No interrupt vector)
                0x00000001                ASSERT (CY_APPL_ORIGIN?(SIZEOF (.cybootloader) <= CY_APPL_ORIGIN):0x1, Wrong image location)
                0x00000010                PROVIDE (__cy_reset, Reset)
 *(.text.Reset)
 .text.Reset    0x00000010       0x18 .\CortexM3\ARM_GCC_493\Debug\Cm3Start.o
                0x00000010                Reset
                0x00000001                ASSERT ((. != __cy_reset), No reset code)
 *(.dma_init)
                0x00000001                ASSERT ((((appl_start + .) <= 0x10000) || 0x1), DMA Init must be within the first 64k of flash)
 *(.text .text.* .gnu.linkonce.t.*)
 .text          0x00000028       0x5c c:/program files (x86)/cypress/psoc creator/3.3/psoc creator/import/gnu/arm/4.9.3/bin/../lib/gcc/arm-none-eabi/4.9.3/armv7-m/crtbegin.o
 .text.canSend  0x00000084       0x6c .\CortexM3\ARM_GCC_493\Debug\main.o
                0x00000084                canSend
 .text.main     0x000000f0       0xe4 .\CortexM3\ARM_GCC_493\Debug\main.o
                0x000000f0                main
 .text.OnNumberOfErrorsUpdate
                0x000001d4       0x28 .\CortexM3\ARM_GCC_493\Debug\emcy.o
                0x000001d4                OnNumberOfErrorsUpdate
 .text.emergencyInit
                0x000001fc       0x20 .\CortexM3\ARM_GCC_493\Debug\emcy.o
                0x000001fc                emergencyInit
 .text.emergencyStop
                0x0000021c        0x4 .\CortexM3\ARM_GCC_493\Debug\emcy.o
                0x0000021c                emergencyStop
 .text.proceedEMCY
                0x00000220       0x24 .\CortexM3\ARM_GCC_493\Debug\emcy.o
                0x00000220                proceedEMCY
 .text._post_emcy
                0x00000244        0x4 .\CortexM3\ARM_GCC_493\Debug\emcy.o
                0x00000244                _post_emcy
 .text.ConsumerHearbeatAlarm
                0x00000248       0x2c .\CortexM3\ARM_GCC_493\Debug\lifegrd.o
                0x00000248                ConsumerHearbeatAlarm
 .text.ProducerHearbeatAlarm
                0x00000274       0x4c .\CortexM3\ARM_GCC_493\Debug\lifegrd.o
                0x00000274                ProducerHearbeatAlarm
 .text.proceedNODE_GUARD
                0x000002c0       0xf0 .\CortexM3\ARM_GCC_493\Debug\lifegrd.o
                0x000002c0                proceedNODE_GUARD
 .text.heartbeatInit
                0x000003b0       0x70 .\CortexM3\ARM_GCC_493\Debug\lifegrd.o
                0x000003b0                heartbeatInit
 .text.heartbeatStop
                0x00000420       0x34 .\CortexM3\ARM_GCC_493\Debug\lifegrd.o
                0x00000420                heartbeatStop
 .text.OnHeartbeatProducerUpdate
                0x00000454       0x14 .\CortexM3\ARM_GCC_493\Debug\lifegrd.o
                0x00000454                OnHeartbeatProducerUpdate
 .text._heartbeatError
                0x00000468        0x4 .\CortexM3\ARM_GCC_493\Debug\lifegrd.o
                0x00000468                _heartbeatError
 .text._post_SlaveBootup
                0x0000046c        0x4 .\CortexM3\ARM_GCC_493\Debug\lifegrd.o
                0x0000046c                _post_SlaveBootup
 .text._post_SlaveStateChange
                0x00000470        0x4 .\CortexM3\ARM_GCC_493\Debug\lifegrd.o
                0x00000470                _post_SlaveStateChange
 .text.masterSendNMTstateChange
                0x00000474       0x2c .\CortexM3\ARM_GCC_493\Debug\nmtMaster.o
                0x00000474                masterSendNMTstateChange
 .text.proceedNMTstateChange
                0x000004a0       0xac .\CortexM3\ARM_GCC_493\Debug\nmtSlave.o
                0x000004a0                proceedNMTstateChange
 .text.slaveSendBootUp
                0x0000054c       0x30 .\CortexM3\ARM_GCC_493\Debug\nmtSlave.o
                0x0000054c                slaveSendBootUp
 .text._getODentry
                0x0000057c       0xc4 .\CortexM3\ARM_GCC_493\Debug\objacces.o
                0x0000057c                _getODentry
 .text._setODentry
                0x00000640      0x104 .\CortexM3\ARM_GCC_493\Debug\objacces.o
                0x00000640                _setODentry
 .text.scanIndexOD
                0x00000744       0x10 .\CortexM3\ARM_GCC_493\Debug\objacces.o
                0x00000744                scanIndexOD
 .text.RegisterSetODentryCallBack
                0x00000754       0x28 .\CortexM3\ARM_GCC_493\Debug\objacces.o
                0x00000754                RegisterSetODentryCallBack
 .text._storeODSubIndex
                0x0000077c        0x4 .\CortexM3\ARM_GCC_493\Debug\objacces.o
                0x0000077c                _storeODSubIndex
 .text.sendPdo  0x00000780       0x2c .\CortexM3\ARM_GCC_493\Debug\pdo.o
 .text.CopyBits
                0x000007ac       0xb8 .\CortexM3\ARM_GCC_493\Debug\pdo.o
                0x000007ac                CopyBits
 .text.buildPDO
                0x00000864       0xe4 .\CortexM3\ARM_GCC_493\Debug\pdo.o
                0x00000864                buildPDO
 .text.sendOnePDOevent
                0x00000948       0xfc .\CortexM3\ARM_GCC_493\Debug\pdo.o
                0x00000948                sendOnePDOevent
 .text.PDOEventTimerAlarm
                0x00000a44       0x24 .\CortexM3\ARM_GCC_493\Debug\pdo.o
                0x00000a44                PDOEventTimerAlarm
 .text.proceedPDO
                0x00000a68      0x264 .\CortexM3\ARM_GCC_493\Debug\pdo.o
                0x00000a68                proceedPDO
 .text.TPDO_Communication_Parameter_Callback
                0x00000ccc       0x5c .\CortexM3\ARM_GCC_493\Debug\pdo.o
                0x00000ccc                TPDO_Communication_Parameter_Callback
 .text.PDOInhibitTimerAlarm
                0x00000d28       0x24 .\CortexM3\ARM_GCC_493\Debug\pdo.o
                0x00000d28                PDOInhibitTimerAlarm
 .text._RxPDO_EventTimers_Handler
                0x00000d4c        0x4 .\CortexM3\ARM_GCC_493\Debug\pdo.o
                0x00000d4c                _RxPDO_EventTimers_Handler
 .text._sendPDOevent
                0x00000d50      0x154 .\CortexM3\ARM_GCC_493\Debug\pdo.o
                0x00000d50                _sendPDOevent
 .text.PDOInit  0x00000ea4       0x50 .\CortexM3\ARM_GCC_493\Debug\pdo.o
                0x00000ea4                PDOInit
 .text.PDOStop  0x00000ef4       0x60 .\CortexM3\ARM_GCC_493\Debug\pdo.o
                0x00000ef4                PDOStop
 .text.SDOlineToObjdict
                0x00000f54       0x50 .\CortexM3\ARM_GCC_493\Debug\sdo.o
                0x00000f54                SDOlineToObjdict
 .text.objdictToSDOline
                0x00000fa4       0x50 .\CortexM3\ARM_GCC_493\Debug\sdo.o
                0x00000fa4                objdictToSDOline
 .text.lineToSDO
                0x00000ff4       0x68 .\CortexM3\ARM_GCC_493\Debug\sdo.o
                0x00000ff4                lineToSDO
 .text.SDOtoLine
                0x0000105c       0x58 .\CortexM3\ARM_GCC_493\Debug\sdo.o
                0x0000105c                SDOtoLine
 .text.initSDOline
                0x000010b4       0xac .\CortexM3\ARM_GCC_493\Debug\sdo.o
                0x000010b4                initSDOline
 .text.resetSDOline
                0x00001160       0x48 .\CortexM3\ARM_GCC_493\Debug\sdo.o
                0x00001160                resetSDOline
 .text.resetSDO
                0x000011a8       0x1c .\CortexM3\ARM_GCC_493\Debug\sdo.o
                0x000011a8                resetSDO
 .text.getSDOfreeLine
                0x000011c4       0x34 .\CortexM3\ARM_GCC_493\Debug\sdo.o
                0x000011c4                getSDOfreeLine
 .text.getSDOlineOnUse
                0x000011f8       0x54 .\CortexM3\ARM_GCC_493\Debug\sdo.o
                0x000011f8                getSDOlineOnUse
 .text.getSDOlineRestBytes
                0x0000124c       0x24 .\CortexM3\ARM_GCC_493\Debug\sdo.o
                0x0000124c                getSDOlineRestBytes
 .text.setSDOlineRestBytes
                0x00001270       0x18 .\CortexM3\ARM_GCC_493\Debug\sdo.o
                0x00001270                setSDOlineRestBytes
 .text.sendSDO  0x00001288       0x98 .\CortexM3\ARM_GCC_493\Debug\sdo.o
                0x00001288                sendSDO
 .text.sendSDOabort
                0x00001320       0x44 .\CortexM3\ARM_GCC_493\Debug\sdo.o
                0x00001320                sendSDOabort
 .text.SDOTimeoutAlarm
                0x00001364       0xa0 .\CortexM3\ARM_GCC_493\Debug\sdo.o
                0x00001364                SDOTimeoutAlarm
 .text.failedSDO
                0x00001404       0x90 .\CortexM3\ARM_GCC_493\Debug\sdo.o
                0x00001404                failedSDO
 .text.proceedSDO
                0x00001494     0x1c0c .\CortexM3\ARM_GCC_493\Debug\sdo.o
                0x00001494                proceedSDO
 .text.canDispatch
                0x000030a0       0x6c .\CortexM3\ARM_GCC_493\Debug\states.o
                0x000030a0                canDispatch
 .text.switchCommunicationState
                0x0000310c      0x110 .\CortexM3\ARM_GCC_493\Debug\states.o
                0x0000310c                switchCommunicationState
 .text.setState
                0x0000321c      0x100 .\CortexM3\ARM_GCC_493\Debug\states.o
                0x0000321c                setState
 .text.getNodeId
                0x0000331c        0x8 .\CortexM3\ARM_GCC_493\Debug\states.o
                0x0000331c                getNodeId
 .text.setNodeId
                0x00003324      0x12c .\CortexM3\ARM_GCC_493\Debug\states.o
                0x00003324                setNodeId
 .text._initialisation
                0x00003450        0x4 .\CortexM3\ARM_GCC_493\Debug\states.o
                0x00003450                _initialisation
 .text._preOperational
                0x00003454        0x4 .\CortexM3\ARM_GCC_493\Debug\states.o
                0x00003454                _preOperational
 .text._operational
                0x00003458        0x4 .\CortexM3\ARM_GCC_493\Debug\states.o
                0x00003458                _operational
 .text._stopped
                0x0000345c        0x4 .\CortexM3\ARM_GCC_493\Debug\states.o
                0x0000345c                _stopped
 .text.stopSYNC
                0x00003460       0x2c .\CortexM3\ARM_GCC_493\Debug\sync.o
                0x00003460                stopSYNC
 .text.startSYNC
                0x0000348c       0x64 .\CortexM3\ARM_GCC_493\Debug\sync.o
                0x0000348c                startSYNC
 .text.OnCOB_ID_SyncUpdate
                0x000034f0        0xc .\CortexM3\ARM_GCC_493\Debug\sync.o
                0x000034f0                OnCOB_ID_SyncUpdate
 .text.sendSYNCMessage
                0x000034fc       0x28 .\CortexM3\ARM_GCC_493\Debug\sync.o
                0x000034fc                sendSYNCMessage
 .text.proceedSYNC
                0x00003524       0x2c .\CortexM3\ARM_GCC_493\Debug\sync.o
                0x00003524                proceedSYNC
 .text.sendSYNC
                0x00003550       0x14 .\CortexM3\ARM_GCC_493\Debug\sync.o
                0x00003550                sendSYNC
 .text.SyncAlarm
                0x00003564        0x8 .\CortexM3\ARM_GCC_493\Debug\sync.o
                0x00003564                SyncAlarm
 .text._post_sync
                0x0000356c        0x4 .\CortexM3\ARM_GCC_493\Debug\sync.o
                0x0000356c                _post_sync
 .text._post_TPDO
                0x00003570        0x4 .\CortexM3\ARM_GCC_493\Debug\sync.o
                0x00003570                _post_TPDO
 .text.TestSlave_valueRangeTest
                0x00003574       0x18 .\CortexM3\ARM_GCC_493\Debug\TestSlave.o
                0x00003574                TestSlave_valueRangeTest
 .text.TestSlave_scanIndexOD
                0x0000358c      0x22c .\CortexM3\ARM_GCC_493\Debug\TestSlave.o
                0x0000358c                TestSlave_scanIndexOD
 .text.SetAlarm
                0x000037b8       0xa0 .\CortexM3\ARM_GCC_493\Debug\timer.o
                0x000037b8                SetAlarm
 .text.DelAlarm
                0x00003858       0x30 .\CortexM3\ARM_GCC_493\Debug\timer.o
                0x00003858                DelAlarm
 .text.TimeDispatch
                0x00003888       0xac .\CortexM3\ARM_GCC_493\Debug\timer.o
                0x00003888                TimeDispatch
 .text.setTimer
                0x00003934       0x20 .\CortexM3\ARM_GCC_493\Debug\canfestival.o
                0x00003934                setTimer
 .text.getElapsedTime
                0x00003954       0x20 .\CortexM3\ARM_GCC_493\Debug\canfestival.o
                0x00003954                getElapsedTime
 .text.timerForCan
                0x00003974       0x34 .\CortexM3\ARM_GCC_493\Debug\canfestival.o
                0x00003974                timerForCan
 .text.Control_LED_Write
                0x000039a8       0x20 .\CortexM3\ARM_GCC_493\Debug\led.o
                0x000039a8                Control_LED_Write
 .text.timer_10ms
                0x000039c8      0x270 .\CortexM3\ARM_GCC_493\Debug\Valve_Control.o
                0x000039c8                timer_10ms
 .text.Stroke_Process
                0x00003c38      0x328 .\CortexM3\ARM_GCC_493\Debug\Valve_Control.o
                0x00003c38                Stroke_Process
 .text.EEPROM_Array_Read
                0x00003f60       0x1c .\CortexM3\ARM_GCC_493\Debug\Valve_Control.o
                0x00003f60                EEPROM_Array_Read
 .text.EEPROM_Array_Write
                0x00003f7c       0x14 .\CortexM3\ARM_GCC_493\Debug\Valve_Control.o
                0x00003f7c                EEPROM_Array_Write
 .text.Read_config
                0x00003f90       0x54 .\CortexM3\ARM_GCC_493\Debug\Valve_Control.o
                0x00003f90                Read_config
 .text.Init_Stroke_Timer
                0x00003fe4       0x30 .\CortexM3\ARM_GCC_493\Debug\Valve_Control.o
                0x00003fe4                Init_Stroke_Timer
 .text.Write_config
                0x00004014       0x30 .\CortexM3\ARM_GCC_493\Debug\Valve_Control.o
                0x00004014                Write_config
 .text.Slave_heartbeatError
                0x00004044        0x4 .\CortexM3\ARM_GCC_493\Debug\CanopenDictConfig.o
                0x00004044                Slave_heartbeatError
 .text.Slave_preOperational
                0x00004048        0x4 .\CortexM3\ARM_GCC_493\Debug\CanopenDictConfig.o
                0x00004048                Slave_preOperational
 .text.Slave_operational
                0x0000404c        0x4 .\CortexM3\ARM_GCC_493\Debug\CanopenDictConfig.o
                0x0000404c                Slave_operational
 .text.Slave_stopped
                0x00004050        0x4 .\CortexM3\ARM_GCC_493\Debug\CanopenDictConfig.o
                0x00004050                Slave_stopped
 .text.Slave_post_sync
                0x00004054        0x4 .\CortexM3\ARM_GCC_493\Debug\CanopenDictConfig.o
                0x00004054                Slave_post_sync
 .text.Slave_post_emcy
                0x00004058        0x4 .\CortexM3\ARM_GCC_493\Debug\CanopenDictConfig.o
                0x00004058                Slave_post_emcy
 .text.Slave_post_TPDO
                0x0000405c        0x4 .\CortexM3\ARM_GCC_493\Debug\CanopenDictConfig.o
                0x0000405c                Slave_post_TPDO
 .text.Slave_post_SlaveBootup
                0x00004060        0x4 .\CortexM3\ARM_GCC_493\Debug\CanopenDictConfig.o
                0x00004060                Slave_post_SlaveBootup
 .text.Slave_initialisation
                0x00004064       0x2c .\CortexM3\ARM_GCC_493\Debug\CanopenDictConfig.o
                0x00004064                Slave_initialisation
 .text.Slave_post_SlaveStateChange
                0x00004090       0x28 .\CortexM3\ARM_GCC_493\Debug\CanopenDictConfig.o
                0x00004090                Slave_post_SlaveStateChange
 .text.CANOpenSlaveInit
                0x000040b8       0x68 .\CortexM3\ARM_GCC_493\Debug\CanopenDictConfig.o
                0x000040b8                CANOpenSlaveInit
 .text.CanopenInit
                0x00004120       0x40 .\CortexM3\ARM_GCC_493\Debug\CanopenDictConfig.o
                0x00004120                CanopenInit
 .text.IntDefaultHandler
                0x00004160        0x4 .\CortexM3\ARM_GCC_493\Debug\Cm3Start.o
                0x00004160                IntDefaultHandler
 .text.Start_c  0x00004164       0x4c .\CortexM3\ARM_GCC_493\Debug\Cm3Start.o
                0x00004164                Start_c
 .text.initialize_psoc
                0x000041b0       0x74 .\CortexM3\ARM_GCC_493\Debug\Cm3Start.o
                0x000041b0                initialize_psoc
 .text.CyClockStartupError
                0x00004224        0x4 .\CortexM3\ARM_GCC_493\Debug\Design01.a(cyfitter_cfg.o)
 .text.cfg_write_bytes32
                0x00004228       0x34 .\CortexM3\ARM_GCC_493\Debug\Design01.a(cyfitter_cfg.o)
 .text.AnalogSetDefault
                0x0000425c       0x28 .\CortexM3\ARM_GCC_493\Debug\Design01.a(cyfitter_cfg.o)
 .text.ClockSetup
                0x00004284       0xd8 .\CortexM3\ARM_GCC_493\Debug\Design01.a(cyfitter_cfg.o)
 .text.CYMEMZERO
                0x0000435c        0xc .\CortexM3\ARM_GCC_493\Debug\Design01.a(cyfitter_cfg.o)
 .text.CYCONFIGCPY
                0x00004368        0x8 .\CortexM3\ARM_GCC_493\Debug\Design01.a(cyfitter_cfg.o)
 .text.cyfitter_cfg
                0x00004370      0x12c .\CortexM3\ARM_GCC_493\Debug\Design01.a(cyfitter_cfg.o)
                0x00004370                cyfitter_cfg
 .text.CAN_1_Stop
                0x0000449c       0x5c .\CortexM3\ARM_GCC_493\Debug\Design01.a(CAN_1.o)
                0x0000449c                CAN_1_Stop
 .text.CAN_1_GlobalIntEnable
                0x000044f8       0x20 .\CortexM3\ARM_GCC_493\Debug\Design01.a(CAN_1.o)
                0x000044f8                CAN_1_GlobalIntEnable
 .text.CAN_1_Enable
                0x00004518       0x6c .\CortexM3\ARM_GCC_493\Debug\Design01.a(CAN_1.o)
                0x00004518                CAN_1_Enable
 .text.CAN_1_GlobalIntDisable
                0x00004584       0x20 .\CortexM3\ARM_GCC_493\Debug\Design01.a(CAN_1.o)
                0x00004584                CAN_1_GlobalIntDisable
 .text.CAN_1_SetPreScaler
                0x000045a4       0x24 .\CortexM3\ARM_GCC_493\Debug\Design01.a(CAN_1.o)
                0x000045a4                CAN_1_SetPreScaler
 .text.CAN_1_SetArbiter
                0x000045c8       0x3c .\CortexM3\ARM_GCC_493\Debug\Design01.a(CAN_1.o)
                0x000045c8                CAN_1_SetArbiter
 .text.CAN_1_SetTsegSample
                0x00004604       0x84 .\CortexM3\ARM_GCC_493\Debug\Design01.a(CAN_1.o)
                0x00004604                CAN_1_SetTsegSample
 .text.CAN_1_SetRestartType
                0x00004688       0x3c .\CortexM3\ARM_GCC_493\Debug\Design01.a(CAN_1.o)
                0x00004688                CAN_1_SetRestartType
 .text.CAN_1_SetEdgeMode
                0x000046c4       0x3c .\CortexM3\ARM_GCC_493\Debug\Design01.a(CAN_1.o)
                0x000046c4                CAN_1_SetEdgeMode
 .text.CAN_1_SetIrqMask
                0x00004700       0x18 .\CortexM3\ARM_GCC_493\Debug\Design01.a(CAN_1.o)
                0x00004700                CAN_1_SetIrqMask
 .text.CAN_1_RxBufConfig
                0x00004718       0x90 .\CortexM3\ARM_GCC_493\Debug\Design01.a(CAN_1.o)
                0x00004718                CAN_1_RxBufConfig
 .text.CAN_1_TxBufConfig
                0x000047a8       0x54 .\CortexM3\ARM_GCC_493\Debug\Design01.a(CAN_1.o)
                0x000047a8                CAN_1_TxBufConfig
 .text.CAN_1_RxTxBuffersConfig
                0x000047fc       0x50 .\CortexM3\ARM_GCC_493\Debug\Design01.a(CAN_1.o)
                0x000047fc                CAN_1_RxTxBuffersConfig
 .text.CAN_1_Init
                0x0000484c       0xe0 .\CortexM3\ARM_GCC_493\Debug\Design01.a(CAN_1.o)
                0x0000484c                CAN_1_Init
 .text.CAN_1_Start
                0x0000492c       0x24 .\CortexM3\ARM_GCC_493\Debug\Design01.a(CAN_1.o)
                0x0000492c                CAN_1_Start
 .text.CAN_1_BusOffIsr
                0x00004950       0x18 .\CortexM3\ARM_GCC_493\Debug\Design01.a(CAN_1_INT.o)
                0x00004950                CAN_1_BusOffIsr
 .text.CAN_1_MsgRXIsr
                0x00004968       0x44 .\CortexM3\ARM_GCC_493\Debug\Design01.a(CAN_1_INT.o)
                0x00004968                CAN_1_MsgRXIsr
 .text.CAN_1_ISR
                0x000049ac       0x24 .\CortexM3\ARM_GCC_493\Debug\Design01.a(CAN_1_INT.o)
                0x000049ac                CAN_1_ISR
 .text.CAN_1_SendMsg
                0x000049d0       0xd8 .\CortexM3\ARM_GCC_493\Debug\Design01.a(CAN_1_TX_RX_func.o)
                0x000049d0                CAN_1_SendMsg
 .text.CAN_1_ReceiveMsg
                0x00004aa8       0xd8 .\CortexM3\ARM_GCC_493\Debug\Design01.a(CAN_1_TX_RX_func.o)
                0x00004aa8                CAN_1_ReceiveMsg
 .text          0x00004b80       0x20 .\CortexM3\ARM_GCC_493\Debug\Design01.a(CyBootAsmGnu.o)
                0x00004b80                CyDelayCycles
                0x00004b90                CyEnterCriticalSection
                0x00004b98                CyExitCriticalSection
 .text.CyHalt   0x00004ba0        0x4 .\CortexM3\ARM_GCC_493\Debug\Design01.a(CyLib.o)
                0x00004ba0                CyHalt
 .text.CyDelay  0x00004ba4       0x2c .\CortexM3\ARM_GCC_493\Debug\Design01.a(CyLib.o)
                0x00004ba4                CyDelay
 .text.CyDelayUs
                0x00004bd0       0x14 .\CortexM3\ARM_GCC_493\Debug\Design01.a(CyLib.o)
                0x00004bd0                CyDelayUs
 .text.CyIntSetVector
                0x00004be4       0x28 .\CortexM3\ARM_GCC_493\Debug\Design01.a(CyLib.o)
                0x00004be4                CyIntSetVector
 .text.CyIntSetPriority
                0x00004c0c       0x30 .\CortexM3\ARM_GCC_493\Debug\Design01.a(CyLib.o)
                0x00004c0c                CyIntSetPriority
 .text.Timer_1_Enable
                0x00004c3c       0x10 .\CortexM3\ARM_GCC_493\Debug\Design01.a(Timer_1.o)
                0x00004c3c                Timer_1_Enable
 .text.Timer_1_SetInterruptMode
                0x00004c4c        0xc .\CortexM3\ARM_GCC_493\Debug\Design01.a(Timer_1.o)
                0x00004c4c                Timer_1_SetInterruptMode
 .text.Timer_1_ReadStatusRegister
                0x00004c58        0xc .\CortexM3\ARM_GCC_493\Debug\Design01.a(Timer_1.o)
                0x00004c58                Timer_1_ReadStatusRegister
 .text.Timer_1_WritePeriod
                0x00004c64        0xc .\CortexM3\ARM_GCC_493\Debug\Design01.a(Timer_1.o)
                0x00004c64                Timer_1_WritePeriod
 .text.Timer_1_ReadCapture
                0x00004c70        0xc .\CortexM3\ARM_GCC_493\Debug\Design01.a(Timer_1.o)
                0x00004c70                Timer_1_ReadCapture
 .text.Timer_1_WriteCounter
                0x00004c7c        0xc .\CortexM3\ARM_GCC_493\Debug\Design01.a(Timer_1.o)
                0x00004c7c                Timer_1_WriteCounter
 .text.Timer_1_ClearFIFO
                0x00004c88       0x14 .\CortexM3\ARM_GCC_493\Debug\Design01.a(Timer_1.o)
                0x00004c88                Timer_1_ClearFIFO
 .text.Timer_1_Init
                0x00004c9c       0x34 .\CortexM3\ARM_GCC_493\Debug\Design01.a(Timer_1.o)
                0x00004c9c                Timer_1_Init
 .text.Timer_1_Start
                0x00004cd0       0x1c .\CortexM3\ARM_GCC_493\Debug\Design01.a(Timer_1.o)
                0x00004cd0                Timer_1_Start
 .text.LED1_Write
                0x00004cec       0x18 .\CortexM3\ARM_GCC_493\Debug\Design01.a(LED1.o)
                0x00004cec                LED1_Write
 .text.LED1_Read
                0x00004d04       0x10 .\CortexM3\ARM_GCC_493\Debug\Design01.a(LED1.o)
                0x00004d04                LED1_Read
 .text.ISR_Stroke_Timer_Interrupt
                0x00004d14       0x54 .\CortexM3\ARM_GCC_493\Debug\Design01.a(ISR_Stroke_Timer.o)
                0x00004d14                ISR_Stroke_Timer_Interrupt
 .text.ISR_Stroke_Timer_SetVector
                0x00004d68        0xc .\CortexM3\ARM_GCC_493\Debug\Design01.a(ISR_Stroke_Timer.o)
                0x00004d68                ISR_Stroke_Timer_SetVector
 .text.ISR_Stroke_Timer_SetPriority
                0x00004d74       0x10 .\CortexM3\ARM_GCC_493\Debug\Design01.a(ISR_Stroke_Timer.o)
                0x00004d74                ISR_Stroke_Timer_SetPriority
 .text.ISR_Stroke_Timer_Enable
                0x00004d84        0xc .\CortexM3\ARM_GCC_493\Debug\Design01.a(ISR_Stroke_Timer.o)
                0x00004d84                ISR_Stroke_Timer_Enable
 .text.ISR_Stroke_Timer_Disable
                0x00004d90        0xc .\CortexM3\ARM_GCC_493\Debug\Design01.a(ISR_Stroke_Timer.o)
                0x00004d90                ISR_Stroke_Timer_Disable
 .text.ISR_Stroke_Timer_Start
                0x00004d9c       0x1c .\CortexM3\ARM_GCC_493\Debug\Design01.a(ISR_Stroke_Timer.o)
                0x00004d9c                ISR_Stroke_Timer_Start
 .text.Control_Reg_1_Write
                0x00004db8        0xc .\CortexM3\ARM_GCC_493\Debug\Design01.a(Control_Reg_1.o)
                0x00004db8                Control_Reg_1_Write
 .text.Status_Reg_1_Read
                0x00004dc4        0xc .\CortexM3\ARM_GCC_493\Debug\Design01.a(Status_Reg_1.o)
                0x00004dc4                Status_Reg_1_Read
 .text.Clock_1_Start
                0x00004dd0       0x1c .\CortexM3\ARM_GCC_493\Debug\Design01.a(Clock_1.o)
                0x00004dd0                Clock_1_Start
 .text.LED2_Write
                0x00004dec       0x18 .\CortexM3\ARM_GCC_493\Debug\Design01.a(LED2.o)
                0x00004dec                LED2_Write
 .text.LED3_Write
                0x00004e04       0x18 .\CortexM3\ARM_GCC_493\Debug\Design01.a(LED3.o)
                0x00004e04                LED3_Write
 .text.EEPROM_1_Enable
                0x00004e1c        0xc .\CortexM3\ARM_GCC_493\Debug\Design01.a(EEPROM_1.o)
                0x00004e1c                EEPROM_1_Enable
 .text.EEPROM_1_Start
                0x00004e28        0x8 .\CortexM3\ARM_GCC_493\Debug\Design01.a(EEPROM_1.o)
                0x00004e28                EEPROM_1_Start
 .text.EEPROM_1_ReadByte
                0x00004e30       0x28 .\CortexM3\ARM_GCC_493\Debug\Design01.a(EEPROM_1.o)
                0x00004e30                EEPROM_1_ReadByte
 .text.EEPROM_1_Write
                0x00004e58       0xb4 .\CortexM3\ARM_GCC_493\Debug\Design01.a(EEPROM_1.o)
                0x00004e58                EEPROM_1_Write
 .text.CyFlashGetSpcAlgorithm
                0x00004f0c       0x4c .\CortexM3\ARM_GCC_493\Debug\Design01.a(CyFlash.o)
 .text.CySetTempInt
                0x00004f58       0x60 .\CortexM3\ARM_GCC_493\Debug\Design01.a(CyFlash.o)
 .text.CySetTemp
                0x00004fb8       0x14 .\CortexM3\ARM_GCC_493\Debug\Design01.a(CyFlash.o)
                0x00004fb8                CySetTemp
 .text.CyEEPROM_Start
                0x00004fcc       0x54 .\CortexM3\ARM_GCC_493\Debug\Design01.a(CyFlash.o)
                0x00004fcc                CyEEPROM_Start
 .text.CyEEPROM_ReadReserve
                0x00005020       0x1c .\CortexM3\ARM_GCC_493\Debug\Design01.a(CyFlash.o)
                0x00005020                CyEEPROM_ReadReserve
 .text.CyEEPROM_ReadRelease
                0x0000503c       0x10 .\CortexM3\ARM_GCC_493\Debug\Design01.a(CyFlash.o)
                0x0000503c                CyEEPROM_ReadRelease
 .text.CySpcStart
                0x0000504c       0x24 .\CortexM3\ARM_GCC_493\Debug\Design01.a(CySpc.o)
                0x0000504c                CySpcStart
 .text.CySpcReadData
                0x00005070       0x34 .\CortexM3\ARM_GCC_493\Debug\Design01.a(CySpc.o)
                0x00005070                CySpcReadData
 .text.CySpcLoadRow
                0x000050a4       0x54 .\CortexM3\ARM_GCC_493\Debug\Design01.a(CySpc.o)
                0x000050a4                CySpcLoadRow
 .text.CySpcWriteRow
                0x000050f8       0x4c .\CortexM3\ARM_GCC_493\Debug\Design01.a(CySpc.o)
                0x000050f8                CySpcWriteRow
 .text.CySpcGetTemp
                0x00005144       0x3c .\CortexM3\ARM_GCC_493\Debug\Design01.a(CySpc.o)
                0x00005144                CySpcGetTemp
 .text.CySpcLock
                0x00005180       0x4c .\CortexM3\ARM_GCC_493\Debug\Design01.a(CySpc.o)
                0x00005180                CySpcLock
 .text.CySpcUnlock
                0x000051cc       0x38 .\CortexM3\ARM_GCC_493\Debug\Design01.a(CySpc.o)
                0x000051cc                CySpcUnlock
 .text.CySpcGetAlgorithm
                0x00005204       0x28 .\CortexM3\ARM_GCC_493\Debug\Design01.a(CySpc.o)
                0x00005204                CySpcGetAlgorithm
 .text.__libc_init_array
                0x0000522c       0x4c c:/program files (x86)/cypress/psoc creator/3.3/psoc creator/import/gnu/arm/4.9.3/bin/../lib/gcc/arm-none-eabi/4.9.3/../../../../arm-none-eabi/lib/armv7-m\libg_nano.a(lib_a-init.o)
                0x0000522c                __libc_init_array
 .text.memcmp   0x00005278       0x20 c:/program files (x86)/cypress/psoc creator/3.3/psoc creator/import/gnu/arm/4.9.3/bin/../lib/gcc/arm-none-eabi/4.9.3/../../../../arm-none-eabi/lib/armv7-m\libg_nano.a(lib_a-memcmp.o)
                0x00005278                memcmp
 .text.memcpy   0x00005298       0x16 c:/program files (x86)/cypress/psoc creator/3.3/psoc creator/import/gnu/arm/4.9.3/bin/../lib/gcc/arm-none-eabi/4.9.3/../../../../arm-none-eabi/lib/armv7-m\libg_nano.a(lib_a-memcpy.o)
                0x00005298                memcpy
 .text.memset   0x000052ae       0x10 c:/program files (x86)/cypress/psoc creator/3.3/psoc creator/import/gnu/arm/4.9.3/bin/../lib/gcc/arm-none-eabi/4.9.3/../../../../arm-none-eabi/lib/armv7-m\libg_nano.a(lib_a-memset.o)
                0x000052ae                memset
 *(.plt)
 *(.gnu.warning)
 *(.glue_7t)
 .glue_7t       0x00000000        0x0 linker stubs
 *(.glue_7)
 .glue_7        0x00000000        0x0 linker stubs
 *(.vfp11_veneer)
 .vfp11_veneer  0x00000000        0x0 linker stubs
 *(.bootloader)
 *(.ARM.extab* .gnu.linkonce.armextab.*)
 *(.gcc_except_table)

.v4_bx          0x000052c0        0x0
 .v4_bx         0x00000000        0x0 linker stubs

.iplt           0x000052c0        0x0
 .iplt          0x00000000        0x0 c:/program files (x86)/cypress/psoc creator/3.3/psoc creator/import/gnu/arm/4.9.3/bin/../lib/gcc/arm-none-eabi/4.9.3/armv7-m/crtbegin.o

.eh_frame_hdr
 *(.eh_frame_hdr)

.eh_frame       0x000052c0        0x4
 *(.eh_frame)
 .eh_frame      0x000052c0        0x0 c:/program files (x86)/cypress/psoc creator/3.3/psoc creator/import/gnu/arm/4.9.3/bin/../lib/gcc/arm-none-eabi/4.9.3/armv7-m/crtbegin.o
 .eh_frame      0x000052c0        0x4 c:/program files (x86)/cypress/psoc creator/3.3/psoc creator/import/gnu/arm/4.9.3/bin/../lib/gcc/arm-none-eabi/4.9.3/armv7-m/crtend.o
                0x000052c4                PROVIDE (__exidx_start, .)

.ARM.exidx
 *(.ARM.exidx* .gnu.linkonce.armexidx.*)
                0x000052c4                __exidx_end = .

.rodata         0x000052c4      0x324
 *(.rodata .rodata.* .gnu.linkonce.r.*)
 .rodata        0x000052c4       0x38 .\CortexM3\ARM_GCC_493\Debug\states.o
 .rodata        0x000052fc      0x124 .\CortexM3\ARM_GCC_493\Debug\TestSlave.o
                0x000052fc                TestSlave_objdict
                0x0000541c                TestSlave_iam_a_slave
 .rodata        0x00005420        0x8 .\CortexM3\ARM_GCC_493\Debug\Valve_Control.o
 .rodata        0x00005428       0x2c .\CortexM3\ARM_GCC_493\Debug\Design01.a(cyfitter_cfg.o)
 .rodata        0x00005454      0x160 .\CortexM3\ARM_GCC_493\Debug\Design01.a(CAN_1.o)
                0x000055b4                . = ALIGN (0x4)
 *(.init)
 .init          0x000055b4        0x4 c:/program files (x86)/cypress/psoc creator/3.3/psoc creator/import/gnu/arm/4.9.3/bin/../lib/gcc/arm-none-eabi/4.9.3/armv7-m/crti.o
                0x000055b4                _init
 .init          0x000055b8        0x8 c:/program files (x86)/cypress/psoc creator/3.3/psoc creator/import/gnu/arm/4.9.3/bin/../lib/gcc/arm-none-eabi/4.9.3/armv7-m/crtn.o
                0x000055c0                . = ALIGN (0x4)
                0x000055c0                __preinit_array_start = .
 *(.preinit_array)
                0x000055c0                __preinit_array_end = .
                0x000055c0                . = ALIGN (0x4)
                0x000055c0                __init_array_start = .
 *(SORT(.init_array.*))
 *(.init_array)
 .init_array    0x000055c0        0x4 c:/program files (x86)/cypress/psoc creator/3.3/psoc creator/import/gnu/arm/4.9.3/bin/../lib/gcc/arm-none-eabi/4.9.3/armv7-m/crtbegin.o
 .init_array    0x000055c4        0x4 .\CortexM3\ARM_GCC_493\Debug\Cm3Start.o
                0x000055c8                __init_array_end = .
                0x000055c8                . = ALIGN (0x4)
 *(.fini)
 .fini          0x000055c8        0x4 c:/program files (x86)/cypress/psoc creator/3.3/psoc creator/import/gnu/arm/4.9.3/bin/../lib/gcc/arm-none-eabi/4.9.3/armv7-m/crti.o
                0x000055c8                _fini
 .fini          0x000055cc        0x8 c:/program files (x86)/cypress/psoc creator/3.3/psoc creator/import/gnu/arm/4.9.3/bin/../lib/gcc/arm-none-eabi/4.9.3/armv7-m/crtn.o
                0x000055d4                . = ALIGN (0x4)
                0x000055d4                __fini_array_start = .
 *(.fini_array)
 .fini_array    0x000055d4        0x4 c:/program files (x86)/cypress/psoc creator/3.3/psoc creator/import/gnu/arm/4.9.3/bin/../lib/gcc/arm-none-eabi/4.9.3/armv7-m/crtbegin.o
 *(SORT(.fini_array.*))
                0x000055d8                __fini_array_end = .
                0x000055d8                . = ALIGN (0x4)
 *crtbegin.o(.ctors)
 *(EXCLUDE_FILE(*crtend.o) .ctors)
 *(SORT(.ctors.*))
 *crtend.o(.ctors)
                0x000055d8                . = ALIGN (0x4)
 *crtbegin.o(.dtors)
 *(EXCLUDE_FILE(*crtend.o) .dtors)
 *(SORT(.dtors.*))
 *crtend.o(.dtors)
                0x000055d8                . = ALIGN (0x4)
                0x000055d8                __cy_regions = .
                0x000055d8        0x4 LONG 0x55e8 __cy_region_init_ram
                0x000055dc        0x4 LONG 0x1fff8108 __cy_region_start_data
                0x000055e0        0x4 LONG 0x7d0 __cy_region_init_size_ram
                0x000055e4        0x4 LONG 0x298 __cy_region_zero_size_ram
                0x000055e8                __cy_regions_end = .
                0x000055e8                . = ALIGN (0x8)
                0x000055e8                _etext = .

.cy_checksum_exclude
                0x000055e8        0x0
 *(.cy_checksum_exclude)

.ramvectors     0x1fff8000      0x100
                0x1fff8000                __cy_region_start_ram = .
 *(.ramvectors)
 .ramvectors    0x1fff8000      0x100 .\CortexM3\ARM_GCC_493\Debug\Cm3Start.o
                0x1fff8000                CyRamVectors

.noinit         0x1fff8100        0x5
 *(.noinit)
 .noinit        0x1fff8100        0x4 .\CortexM3\ARM_GCC_493\Debug\Cm3Start.o
 .noinit        0x1fff8104        0x1 .\CortexM3\ARM_GCC_493\Debug\Design01.a(CyLib.o)
                0x1fff8104                CyResetStatus

.data           0x1fff8108      0x7d0 load address 0x000055e8
                0x1fff8108                __cy_region_start_data = .
 *(.jcr)
 .jcr           0x1fff8108        0x0 c:/program files (x86)/cypress/psoc creator/3.3/psoc creator/import/gnu/arm/4.9.3/bin/../lib/gcc/arm-none-eabi/4.9.3/armv7-m/crtbegin.o
 .jcr           0x1fff8108        0x4 c:/program files (x86)/cypress/psoc creator/3.3/psoc creator/import/gnu/arm/4.9.3/bin/../lib/gcc/arm-none-eabi/4.9.3/armv7-m/crtend.o
 *(.got.plt)
 *(.got)
 *(.shdata)
 *(.data .data.* .gnu.linkonce.d.*)
 .data          0x1fff810c      0x7a0 .\CortexM3\ARM_GCC_493\Debug\TestSlave.o
                0x1fff810c                TestSlave_Data
                0x1fff82b8                TestSlave_PDO_status
                0x1fff8312                TestSlave_ObjdictSize
                0x1fff8314                TestSlave_lastIndex
                0x1fff8320                TestSlave_firstIndex
                0x1fff832c                TestSlave_Index7001
                0x1fff8344                TestSlave_highestSubIndex_obj7001
                0x1fff8348                TestSlave_Index7000
                0x1fff83c0                TestSlave_highestSubIndex_obj7000
                0x1fff83c4                TestSlave_Index200C
                0x1fff83d0                TestSlave_Index200B
                0x1fff83dc                TestSlave_Index200A
                0x1fff83e8                TestSlave_Index2009
                0x1fff83f4                TestSlave_Index2008
                0x1fff8400                TestSlave_Index2007
                0x1fff840c                TestSlave_Index2006
                0x1fff8418                TestSlave_Index2005
                0x1fff8424                TestSlave_Index2004
                0x1fff8430                TestSlave_Index2003
                0x1fff843c                TestSlave_Index2002
                0x1fff8448                TestSlave_Index2001
                0x1fff8454                TestSlave_Index2000
                0x1fff8478                TestSlave_Index1A04
                0x1fff8490                TestSlave_obj1A04
                0x1fff8494                TestSlave_highestSubIndex_obj1A04
                0x1fff8498                TestSlave_Index1A03
                0x1fff84b0                TestSlave_obj1A03
                0x1fff84b4                TestSlave_highestSubIndex_obj1A03
                0x1fff84b8                TestSlave_Index1A02
                0x1fff84d0                TestSlave_obj1A02
                0x1fff84d4                TestSlave_highestSubIndex_obj1A02
                0x1fff84d8                TestSlave_Index1A01
                0x1fff84f0                TestSlave_obj1A01
                0x1fff84f4                TestSlave_highestSubIndex_obj1A01
                0x1fff84f8                TestSlave_Index1A00
                0x1fff8528                TestSlave_obj1A00
                0x1fff8534                TestSlave_highestSubIndex_obj1A00
                0x1fff8538                TestSlave_Index1804
                0x1fff8580                TestSlave_obj1804_Transmission_Type
                0x1fff8584                TestSlave_obj1804_COB_ID_used_by_PDO
                0x1fff8588                TestSlave_highestSubIndex_obj1804
                0x1fff858c                TestSlave_Index1803
                0x1fff85d4                TestSlave_obj1803_Transmission_Type
                0x1fff85d8                TestSlave_obj1803_COB_ID_used_by_PDO
                0x1fff85dc                TestSlave_highestSubIndex_obj1803
                0x1fff85e0                TestSlave_Index1802
                0x1fff8628                TestSlave_obj1802_Event_Timer
                0x1fff862c                TestSlave_obj1802_COB_ID_used_by_PDO
                0x1fff8630                TestSlave_highestSubIndex_obj1802
                0x1fff8634                TestSlave_Index1801
                0x1fff867c                TestSlave_obj1801_COB_ID_used_by_PDO
                0x1fff8680                TestSlave_highestSubIndex_obj1801
                0x1fff8684                TestSlave_Index1800
                0x1fff86cc                TestSlave_obj1800_Event_Timer
                0x1fff86ce                TestSlave_obj1800_Transmission_Type
                0x1fff86d0                TestSlave_obj1800_COB_ID_used_by_PDO
                0x1fff86d4                TestSlave_highestSubIndex_obj1800
                0x1fff86d8                TestSlave_Index1200
                0x1fff86fc                TestSlave_obj1200_COB_ID_Server_to_Client_Transmit_SDO
                0x1fff8700                TestSlave_obj1200_COB_ID_Client_to_Server_Receive_SDO
                0x1fff8704                TestSlave_highestSubIndex_obj1200
                0x1fff8708                TestSlave_Index1018
                0x1fff8744                TestSlave_obj1018_Serial_Number
                0x1fff8748                TestSlave_obj1018_Revision_Number
                0x1fff874c                TestSlave_obj1018_Product_Code
                0x1fff8750                TestSlave_obj1018_Vendor_ID
                0x1fff8754                TestSlave_highestSubIndex_obj1018
                0x1fff8758                TestSlave_Index1017
                0x1fff8764                TestSlave_Index1014
                0x1fff8770                TestSlave_obj1014
                0x1fff8774                TestSlave_Index1011
                0x1fff87b0                TestSlave_highestSubIndex_obj1011
                0x1fff87b4                TestSlave_Index1010
                0x1fff87f0                TestSlave_highestSubIndex_obj1010
                0x1fff87f4                TestSlave_Index1006
                0x1fff8800                TestSlave_Index1005
                0x1fff880c                TestSlave_obj1005
                0x1fff8810                TestSlave_Index1003
                0x1fff887c                TestSlave_Index1001
                0x1fff8888                TestSlave_Index1000
                0x1fff8894                TestSlave_obj1000
                0x1fff8898                SlaveMap13
                0x1fff889a                SlaveMap1
                0x1fff889c                SlaveMap11
                0x1fff88a0                SlaveMap10
                0x1fff88a4                SlaveMap9
                0x1fff88a5                SlaveMap8
                0x1fff88a6                SlaveMap7
                0x1fff88a7                SlaveMap6
                0x1fff88a8                SlaveMap5
                0x1fff88a9                SlaveMap4
                0x1fff88aa                SlaveMap3
                0x1fff88ab                SlaveMap2
 .data          0x1fff88ac        0x8 .\CortexM3\ARM_GCC_493\Debug\timer.o
                0x1fff88ac                last_timer_raw
                0x1fff88b0                total_sleep_time
 .data          0x1fff88b4        0x8 .\CortexM3\ARM_GCC_493\Debug\canfestival.o
                0x1fff88b4                TIMER_MAX_COUNT
 .data          0x1fff88bc        0x8 .\CortexM3\ARM_GCC_493\Debug\Valve_Control.o
                0x1fff88bc                LED_Status
                0x1fff88c2                FootStart_state
                0x1fff88c3                FootUP_State
 .data          0x1fff88c4        0x1 .\CortexM3\ARM_GCC_493\Debug\CanopenDictConfig.o
                0x1fff88c4                nodeID
 *fill*         0x1fff88c5        0x3 
 .data          0x1fff88c8       0x10 .\CortexM3\ARM_GCC_493\Debug\Design01.a(CyLib.o)
                0x1fff88c8                cydelay_32k_ms
                0x1fff88cc                cydelay_freq_khz
                0x1fff88d0                cydelay_freq_mhz
                0x1fff88d4                cydelay_freq_hz
                0x1fff88d8                . = ALIGN (0x8)
 *(.ram)
                0x1fff88d8                _edata = .

.igot.plt       0x1fff88d8        0x0 load address 0x00005db8
 .igot.plt      0x00000000        0x0 c:/program files (x86)/cypress/psoc creator/3.3/psoc creator/import/gnu/arm/4.9.3/bin/../lib/gcc/arm-none-eabi/4.9.3/armv7-m/crtbegin.o

.bss            0x1fff88d8      0x298 load address 0x00005db8
                0x1fff88d8                PROVIDE (__bss_start__, .)
 *(.shbss)
 *(.bss .bss.* .gnu.linkonce.b.*)
 .bss           0x1fff88d8       0x1c c:/program files (x86)/cypress/psoc creator/3.3/psoc creator/import/gnu/arm/4.9.3/bin/../lib/gcc/arm-none-eabi/4.9.3/armv7-m/crtbegin.o
 .bss           0x1fff88f4      0x144 .\CortexM3\ARM_GCC_493\Debug\TestSlave.o
                0x1fff88f4                TestSlave_Index1003_callbacks
                0x1fff8918                TestSlave_Index1005_callbacks
                0x1fff891c                TestSlave_Index1006_callbacks
                0x1fff8920                TestSlave_Index1010_callbacks
                0x1fff8934                TestSlave_Index1011_callbacks
                0x1fff8948                TestSlave_Index1017_callbacks
                0x1fff894c                TestSlave_Index1800_callbacks
                0x1fff8964                TestSlave_Index1801_callbacks
                0x1fff897c                TestSlave_Index1802_callbacks
                0x1fff8994                TestSlave_Index1803_callbacks
                0x1fff89ac                TestSlave_Index1804_callbacks
                0x1fff89c4                TestSlave_obj1804_Event_Timer
                0x1fff89c6                TestSlave_obj1804_Compatibility_Entry
                0x1fff89c8                TestSlave_obj1804_Inhibit_Time
                0x1fff89ca                TestSlave_obj1803_Event_Timer
                0x1fff89cc                TestSlave_obj1803_Compatibility_Entry
                0x1fff89ce                TestSlave_obj1803_Inhibit_Time
                0x1fff89d0                TestSlave_obj1802_Compatibility_Entry
                0x1fff89d2                TestSlave_obj1802_Inhibit_Time
                0x1fff89d4                TestSlave_obj1802_Transmission_Type
                0x1fff89d6                TestSlave_obj1801_Event_Timer
                0x1fff89d8                TestSlave_obj1801_Compatibility_Entry
                0x1fff89da                TestSlave_obj1801_Inhibit_Time
                0x1fff89dc                TestSlave_obj1801_Transmission_Type
                0x1fff89dd                TestSlave_obj1800_Compatibility_Entry
                0x1fff89de                TestSlave_obj1800_Inhibit_Time
                0x1fff89e0                TestSlave_obj1017
                0x1fff89e4                TestSlave_obj1016
                0x1fff89e8                TestSlave_highestSubIndex_obj1016
                0x1fff89ec                TestSlave_obj1011_Restore_Manufacturer_Default_Parameters
                0x1fff89f0                TestSlave_obj1011_Restore_Application_Default_Parameters
                0x1fff89f4                TestSlave_obj1011_Restore_Communication_Default_Parameters
                0x1fff89f8                TestSlave_obj1011_Restore_All_Default_Parameters
                0x1fff89fc                TestSlave_obj1010_Save_Manufacturer_Parameters
                0x1fff8a00                TestSlave_obj1010_Save_Application_Parameters
                0x1fff8a04                TestSlave_obj1010_Save_Communication_Parameters
                0x1fff8a08                TestSlave_obj1010_Save_All_Parameters
                0x1fff8a0c                TestSlave_obj1006
                0x1fff8a10                TestSlave_obj1003
                0x1fff8a30                TestSlave_highestSubIndex_obj1003
                0x1fff8a31                TestSlave_obj1001
                0x1fff8a32                TestSlave_bDeviceNodeId
                0x1fff8a33                System_enable
                0x1fff8a34                TPDO_PROCESS_Status
                0x1fff8a35                TPDO_OUT_Status
                0x1fff8a36                TPDO_IN_Status
 .bss           0x1fff8a38       0xc4 .\CortexM3\ARM_GCC_493\Debug\timer.o
                0x1fff8a38                timers
                0x1fff8af8                tdcount
 .bss           0x1fff8afc        0x8 .\CortexM3\ARM_GCC_493\Debug\canfestival.o
                0x1fff8afc                TimeCNT
                0x1fff8b00                NextTime
 .bss           0x1fff8b04        0x2 .\CortexM3\ARM_GCC_493\Debug\Valve_Control.o
 .bss           0x1fff8b06        0x1 .\CortexM3\ARM_GCC_493\Debug\CanopenDictConfig.o
 .bss           0x1fff8b07        0x1 .\CortexM3\ARM_GCC_493\Debug\Design01.a(CAN_1.o)
                0x1fff8b07                CAN_1_initVar
 .bss           0x1fff8b08        0x1 .\CortexM3\ARM_GCC_493\Debug\Design01.a(Timer_1.o)
                0x1fff8b08                Timer_1_initVar
 *fill*         0x1fff8b09        0x3 
 .bss           0x1fff8b0c        0x8 .\CortexM3\ARM_GCC_493\Debug\Design01.a(ISR_Stroke_Timer.o)
                0x1fff8b10                ISR_Stroke_Timer_states
 .bss           0x1fff8b14        0x8 .\CortexM3\ARM_GCC_493\Debug\Design01.a(CySpc.o)
                0x1fff8b14                SpcLockState
 *(COMMON)
 COMMON         0x1fff8b1c       0x1c .\CortexM3\ARM_GCC_493\Debug\main.o
                0x1fff8b1c                receiveData
                0x1fff8b24                Data
                0x1fff8b2c                CAN_message
 COMMON         0x1fff8b38        0xe .\CortexM3\ARM_GCC_493\Debug\TestSlave.o
                0x1fff8b38                config_para
                0x1fff8b44                TestSlave_heartBeatTimers
 *fill*         0x1fff8b46        0x2 
 COMMON         0x1fff8b48       0x18 .\CortexM3\ARM_GCC_493\Debug\Valve_Control.o
                0x1fff8b48                CutReg
 COMMON         0x1fff8b60        0xc .\CortexM3\ARM_GCC_493\Debug\Design01.a(CAN_1_TX_RX_func.o)
                0x1fff8b60                m
 COMMON         0x1fff8b6c        0x2 .\CortexM3\ARM_GCC_493\Debug\Design01.a(CyFlash.o)
                0x1fff8b6c                dieTemperature
                0x1fff8b70                . = ALIGN (0x8)
 *fill*         0x1fff8b6e        0x2 
 *(.ram.b)
                0x1fff8b70                _end = .
                0x1fff8b70                __end = .
                0x1fff8b70                PROVIDE (end, .)
                0x1fff8b70                PROVIDE (__bss_end__, .)
                0x000055e8                __cy_region_init_ram = LOADADDR (.data)
                0x000007d0                __cy_region_init_size_ram = (_edata - ADDR (.data))
                0x00000298                __cy_region_zero_size_ram = (_end - _edata)

.heap           0x1fff8b70       0x80 load address 0x00005db8
                0x1fff8b70                . = _end
                0x1fff8bf0                . = (. + 0x80)
 *fill*         0x1fff8b70       0x80 
                0x1fff8bf0                __cy_heap_limit = .

.stack          0x20007800      0x800
                0x20007800                __cy_stack_limit = .
                0x20008000                . = (. + 0x800)
 *fill*         0x20007800      0x800 
                0x00000001                ASSERT ((__cy_stack_limit >= __cy_heap_limit), region RAM overflowed with stack)
                0x00000000                cy_checksum_exclude_size = (CY_APPL_LOADABLE == 0x1)?SIZEOF (.cy_checksum_exclude):0x0
                0x00000001                ASSERT ((cy_checksum_exclude_size <= CY_CHECKSUM_EXCLUDE_SIZE), CY_BOOT: Section .cy_checksum_exclude size exceedes specified limit.)

.cyloadermeta
 *(.cyloadermeta)

.cyloadablemeta
 *(.cyloadablemeta)

.cyconfigecc    0x80000000      0x668
 *(.cyconfigecc)
 .cyconfigecc   0x80000000      0x668 .\CortexM3\ARM_GCC_493\Debug\cymetadata.o
                0x80000000                cy_meta_configecc

.cycustnvl      0x90000000        0x4
 *(.cycustnvl)
 .cycustnvl     0x90000000        0x4 .\CortexM3\ARM_GCC_493\Debug\cymetadata.o
                0x90000000                cy_meta_custnvl

.cywolatch      0x90100000        0x4
 *(.cywolatch)
 .cywolatch     0x90100000        0x4 .\CortexM3\ARM_GCC_493\Debug\cymetadata.o
                0x90100000                cy_meta_wonvl

.cyeeprom       0x90200000        0x0
 *(.cyeeprom)
                0x00000001                ASSERT ((. <= ((0x90200000 + ee_offset) + ee_size)), .cyeeprom data will not fit in EEPROM)

.cyflashprotect
                0x90400000      0x100
 *(.cyflashprotect)
 .cyflashprotect
                0x90400000      0x100 .\CortexM3\ARM_GCC_493\Debug\cymetadata.o
                0x90400000                cy_meta_flashprotect

.cymeta         0x90500000        0xc
 *(.cymeta)
 .cymeta        0x90500000        0xc .\CortexM3\ARM_GCC_493\Debug\cymetadata.o
                0x90500000                cy_metadata

.rel.dyn        0x00005db8        0x0 load address 0x9050000c
 .rel.iplt      0x00000000        0x0 c:/program files (x86)/cypress/psoc creator/3.3/psoc creator/import/gnu/arm/4.9.3/bin/../lib/gcc/arm-none-eabi/4.9.3/armv7-m/crtbegin.o

.stab
 *(.stab)

.stabstr
 *(.stabstr)

.debug
 *(.debug)

.line
 *(.line)

.debug_srcinfo
 *(.debug_srcinfo)

.debug_sfnames
 *(.debug_sfnames)

.debug_aranges  0x00000000      0xef0
 *(.debug_aranges)
 .debug_aranges
                0x00000000       0x28 .\CortexM3\ARM_GCC_493\Debug\main.o
 .debug_aranges
                0x00000028       0x50 .\CortexM3\ARM_GCC_493\Debug\dcf.o
 .debug_aranges
                0x00000078       0x58 .\CortexM3\ARM_GCC_493\Debug\emcy.o
 .debug_aranges
                0x000000d0       0x68 .\CortexM3\ARM_GCC_493\Debug\lifegrd.o
 .debug_aranges
                0x00000138       0x18 .\CortexM3\ARM_GCC_493\Debug\lss.o
 .debug_aranges
                0x00000150       0x30 .\CortexM3\ARM_GCC_493\Debug\nmtMaster.o
 .debug_aranges
                0x00000180       0x28 .\CortexM3\ARM_GCC_493\Debug\nmtSlave.o
 .debug_aranges
                0x000001a8       0x48 .\CortexM3\ARM_GCC_493\Debug\objacces.o
 .debug_aranges
                0x000001f0       0x88 .\CortexM3\ARM_GCC_493\Debug\pdo.o
 .debug_aranges
                0x00000278      0x100 .\CortexM3\ARM_GCC_493\Debug\sdo.o
 .debug_aranges
                0x00000378       0x68 .\CortexM3\ARM_GCC_493\Debug\states.o
 .debug_aranges
                0x000003e0       0x60 .\CortexM3\ARM_GCC_493\Debug\sync.o
 .debug_aranges
                0x00000440       0x28 .\CortexM3\ARM_GCC_493\Debug\TestSlave.o
 .debug_aranges
                0x00000468       0x30 .\CortexM3\ARM_GCC_493\Debug\timer.o
 .debug_aranges
                0x00000498       0x30 .\CortexM3\ARM_GCC_493\Debug\canfestival.o
 .debug_aranges
                0x000004c8       0x20 .\CortexM3\ARM_GCC_493\Debug\led.o
 .debug_aranges
                0x000004e8       0x58 .\CortexM3\ARM_GCC_493\Debug\Valve_Control.o
 .debug_aranges
                0x00000540       0x80 .\CortexM3\ARM_GCC_493\Debug\CanopenDictConfig.o
 .debug_aranges
                0x000005c0       0x18 .\CortexM3\ARM_GCC_493\Debug\cymetadata.o
 .debug_aranges
                0x000005d8       0x48 .\CortexM3\ARM_GCC_493\Debug\Cm3Start.o
 .debug_aranges
                0x00000620       0x58 .\CortexM3\ARM_GCC_493\Debug\Design01.a(cyfitter_cfg.o)
 .debug_aranges
                0x00000678       0xc8 .\CortexM3\ARM_GCC_493\Debug\Design01.a(CAN_1.o)
 .debug_aranges
                0x00000740       0x30 .\CortexM3\ARM_GCC_493\Debug\Design01.a(CAN_1_INT.o)
 .debug_aranges
                0x00000770       0x30 .\CortexM3\ARM_GCC_493\Debug\Design01.a(CAN_1_TX_RX_func.o)
 .debug_aranges
                0x000007a0       0x20 .\CortexM3\ARM_GCC_493\Debug\Design01.a(CyBootAsmGnu.o)
 .debug_aranges
                0x000007c0      0x298 .\CortexM3\ARM_GCC_493\Debug\Design01.a(CyLib.o)
 .debug_aranges
                0x00000a58       0x98 .\CortexM3\ARM_GCC_493\Debug\Design01.a(cyPm.o)
 .debug_aranges
                0x00000af0       0x90 .\CortexM3\ARM_GCC_493\Debug\Design01.a(Timer_1.o)
 .debug_aranges
                0x00000b80       0x38 .\CortexM3\ARM_GCC_493\Debug\Design01.a(LED1.o)
 .debug_aranges
                0x00000bb8       0x80 .\CortexM3\ARM_GCC_493\Debug\Design01.a(ISR_Stroke_Timer.o)
 .debug_aranges
                0x00000c38       0x28 .\CortexM3\ARM_GCC_493\Debug\Design01.a(Control_Reg_1.o)
 .debug_aranges
                0x00000c60       0x40 .\CortexM3\ARM_GCC_493\Debug\Design01.a(Status_Reg_1.o)
 .debug_aranges
                0x00000ca0       0x70 .\CortexM3\ARM_GCC_493\Debug\Design01.a(Clock_1.o)
 .debug_aranges
                0x00000d10       0x38 .\CortexM3\ARM_GCC_493\Debug\Design01.a(LED2.o)
 .debug_aranges
                0x00000d48       0x38 .\CortexM3\ARM_GCC_493\Debug\Design01.a(LED3.o)
 .debug_aranges
                0x00000d80       0x78 .\CortexM3\ARM_GCC_493\Debug\Design01.a(EEPROM_1.o)
 .debug_aranges
                0x00000df8       0x80 .\CortexM3\ARM_GCC_493\Debug\Design01.a(CyFlash.o)
 .debug_aranges
                0x00000e78       0x78 .\CortexM3\ARM_GCC_493\Debug\Design01.a(CySpc.o)

.debug_pubnames
 *(.debug_pubnames)

.debug_info     0x00000000    0x15660
 *(.debug_info .gnu.linkonce.wi.*)
 .debug_info    0x00000000      0x694 .\CortexM3\ARM_GCC_493\Debug\main.o
 .debug_info    0x00000694      0xfae .\CortexM3\ARM_GCC_493\Debug\dcf.o
 .debug_info    0x00001642      0xc4e .\CortexM3\ARM_GCC_493\Debug\emcy.o
 .debug_info    0x00002290      0xe2e .\CortexM3\ARM_GCC_493\Debug\lifegrd.o
 .debug_info    0x000030be       0x72 .\CortexM3\ARM_GCC_493\Debug\lss.o
 .debug_info    0x00003130      0xa55 .\CortexM3\ARM_GCC_493\Debug\nmtMaster.o
 .debug_info    0x00003b85      0xae7 .\CortexM3\ARM_GCC_493\Debug\nmtSlave.o
 .debug_info    0x0000466c      0xda1 .\CortexM3\ARM_GCC_493\Debug\objacces.o
 .debug_info    0x0000540d     0x1526 .\CortexM3\ARM_GCC_493\Debug\pdo.o
 .debug_info    0x00006933     0x37e6 .\CortexM3\ARM_GCC_493\Debug\sdo.o
 .debug_info    0x0000a119      0xf48 .\CortexM3\ARM_GCC_493\Debug\states.o
 .debug_info    0x0000b061      0xcd5 .\CortexM3\ARM_GCC_493\Debug\sync.o
 .debug_info    0x0000bd36     0x1510 .\CortexM3\ARM_GCC_493\Debug\TestSlave.o
 .debug_info    0x0000d246      0xb6d .\CortexM3\ARM_GCC_493\Debug\timer.o
 .debug_info    0x0000ddb3      0x132 .\CortexM3\ARM_GCC_493\Debug\canfestival.o
 .debug_info    0x0000dee5      0x150 .\CortexM3\ARM_GCC_493\Debug\led.o
 .debug_info    0x0000e035      0x91b .\CortexM3\ARM_GCC_493\Debug\Valve_Control.o
 .debug_info    0x0000e950      0xc81 .\CortexM3\ARM_GCC_493\Debug\CanopenDictConfig.o
 .debug_info    0x0000f5d1      0x13c .\CortexM3\ARM_GCC_493\Debug\cymetadata.o
 .debug_info    0x0000f70d      0x3a3 .\CortexM3\ARM_GCC_493\Debug\Cm3Start.o
 .debug_info    0x0000fab0      0x564 .\CortexM3\ARM_GCC_493\Debug\Design01.a(cyfitter_cfg.o)
 .debug_info    0x00010014      0x920 .\CortexM3\ARM_GCC_493\Debug\Design01.a(CAN_1.o)
 .debug_info    0x00010934      0x24f .\CortexM3\ARM_GCC_493\Debug\Design01.a(CAN_1_INT.o)
 .debug_info    0x00010b83      0xc69 .\CortexM3\ARM_GCC_493\Debug\Design01.a(CAN_1_TX_RX_func.o)
 .debug_info    0x000117ec       0x78 .\CortexM3\ARM_GCC_493\Debug\Design01.a(CyBootAsmGnu.o)
 .debug_info    0x00011864     0x136c .\CortexM3\ARM_GCC_493\Debug\Design01.a(CyLib.o)
 .debug_info    0x00012bd0      0xa55 .\CortexM3\ARM_GCC_493\Debug\Design01.a(cyPm.o)
 .debug_info    0x00013625      0x2e9 .\CortexM3\ARM_GCC_493\Debug\Design01.a(Timer_1.o)
 .debug_info    0x0001390e      0x11e .\CortexM3\ARM_GCC_493\Debug\Design01.a(LED1.o)
 .debug_info    0x00013a2c      0x3ce .\CortexM3\ARM_GCC_493\Debug\Design01.a(ISR_Stroke_Timer.o)
 .debug_info    0x00013dfa       0xd5 .\CortexM3\ARM_GCC_493\Debug\Design01.a(Control_Reg_1.o)
 .debug_info    0x00013ecf      0x179 .\CortexM3\ARM_GCC_493\Debug\Design01.a(Status_Reg_1.o)
 .debug_info    0x00014048      0x281 .\CortexM3\ARM_GCC_493\Debug\Design01.a(Clock_1.o)
 .debug_info    0x000142c9      0x11e .\CortexM3\ARM_GCC_493\Debug\Design01.a(LED2.o)
 .debug_info    0x000143e7      0x11e .\CortexM3\ARM_GCC_493\Debug\Design01.a(LED3.o)
 .debug_info    0x00014505      0x666 .\CortexM3\ARM_GCC_493\Debug\Design01.a(EEPROM_1.o)
 .debug_info    0x00014b6b      0x608 .\CortexM3\ARM_GCC_493\Debug\Design01.a(CyFlash.o)
 .debug_info    0x00015173      0x4ed .\CortexM3\ARM_GCC_493\Debug\Design01.a(CySpc.o)

.debug_abbrev   0x00000000     0x3bb6
 *(.debug_abbrev)
 .debug_abbrev  0x00000000      0x212 .\CortexM3\ARM_GCC_493\Debug\main.o
 .debug_abbrev  0x00000212      0x276 .\CortexM3\ARM_GCC_493\Debug\dcf.o
 .debug_abbrev  0x00000488      0x1d3 .\CortexM3\ARM_GCC_493\Debug\emcy.o
 .debug_abbrev  0x0000065b      0x21f .\CortexM3\ARM_GCC_493\Debug\lifegrd.o
 .debug_abbrev  0x0000087a       0x26 .\CortexM3\ARM_GCC_493\Debug\lss.o
 .debug_abbrev  0x000008a0      0x18e .\CortexM3\ARM_GCC_493\Debug\nmtMaster.o
 .debug_abbrev  0x00000a2e      0x1f9 .\CortexM3\ARM_GCC_493\Debug\nmtSlave.o
 .debug_abbrev  0x00000c27      0x1fe .\CortexM3\ARM_GCC_493\Debug\objacces.o
 .debug_abbrev  0x00000e25      0x226 .\CortexM3\ARM_GCC_493\Debug\pdo.o
 .debug_abbrev  0x0000104b      0x290 .\CortexM3\ARM_GCC_493\Debug\sdo.o
 .debug_abbrev  0x000012db      0x251 .\CortexM3\ARM_GCC_493\Debug\states.o
 .debug_abbrev  0x0000152c      0x1f9 .\CortexM3\ARM_GCC_493\Debug\sync.o
 .debug_abbrev  0x00001725      0x19d .\CortexM3\ARM_GCC_493\Debug\TestSlave.o
 .debug_abbrev  0x000018c2      0x1ca .\CortexM3\ARM_GCC_493\Debug\timer.o
 .debug_abbrev  0x00001a8c       0xd2 .\CortexM3\ARM_GCC_493\Debug\canfestival.o
 .debug_abbrev  0x00001b5e       0xc7 .\CortexM3\ARM_GCC_493\Debug\led.o
 .debug_abbrev  0x00001c25      0x272 .\CortexM3\ARM_GCC_493\Debug\Valve_Control.o
 .debug_abbrev  0x00001e97      0x1d8 .\CortexM3\ARM_GCC_493\Debug\CanopenDictConfig.o
 .debug_abbrev  0x0000206f       0x77 .\CortexM3\ARM_GCC_493\Debug\cymetadata.o
 .debug_abbrev  0x000020e6      0x20f .\CortexM3\ARM_GCC_493\Debug\Cm3Start.o
 .debug_abbrev  0x000022f5      0x203 .\CortexM3\ARM_GCC_493\Debug\Design01.a(cyfitter_cfg.o)
 .debug_abbrev  0x000024f8      0x1de .\CortexM3\ARM_GCC_493\Debug\Design01.a(CAN_1.o)
 .debug_abbrev  0x000026d6       0xef .\CortexM3\ARM_GCC_493\Debug\Design01.a(CAN_1_INT.o)
 .debug_abbrev  0x000027c5      0x21a .\CortexM3\ARM_GCC_493\Debug\Design01.a(CAN_1_TX_RX_func.o)
 .debug_abbrev  0x000029df       0x14 .\CortexM3\ARM_GCC_493\Debug\Design01.a(CyBootAsmGnu.o)
 .debug_abbrev  0x000029f3      0x296 .\CortexM3\ARM_GCC_493\Debug\Design01.a(CyLib.o)
 .debug_abbrev  0x00002c89      0x1fa .\CortexM3\ARM_GCC_493\Debug\Design01.a(cyPm.o)
 .debug_abbrev  0x00002e83      0x152 .\CortexM3\ARM_GCC_493\Debug\Design01.a(Timer_1.o)
 .debug_abbrev  0x00002fd5       0x9d .\CortexM3\ARM_GCC_493\Debug\Design01.a(LED1.o)
 .debug_abbrev  0x00003072      0x207 .\CortexM3\ARM_GCC_493\Debug\Design01.a(ISR_Stroke_Timer.o)
 .debug_abbrev  0x00003279       0x8e .\CortexM3\ARM_GCC_493\Debug\Design01.a(Control_Reg_1.o)
 .debug_abbrev  0x00003307       0xd3 .\CortexM3\ARM_GCC_493\Debug\Design01.a(Status_Reg_1.o)
 .debug_abbrev  0x000033da      0x146 .\CortexM3\ARM_GCC_493\Debug\Design01.a(Clock_1.o)
 .debug_abbrev  0x00003520       0x9d .\CortexM3\ARM_GCC_493\Debug\Design01.a(LED2.o)
 .debug_abbrev  0x000035bd       0x9d .\CortexM3\ARM_GCC_493\Debug\Design01.a(LED3.o)
 .debug_abbrev  0x0000365a      0x1b0 .\CortexM3\ARM_GCC_493\Debug\Design01.a(EEPROM_1.o)
 .debug_abbrev  0x0000380a      0x1de .\CortexM3\ARM_GCC_493\Debug\Design01.a(CyFlash.o)
 .debug_abbrev  0x000039e8      0x1ce .\CortexM3\ARM_GCC_493\Debug\Design01.a(CySpc.o)

.debug_line     0x00000000     0x5062
 *(.debug_line)
 .debug_line    0x00000000      0x294 .\CortexM3\ARM_GCC_493\Debug\main.o
 .debug_line    0x00000294      0x1e0 .\CortexM3\ARM_GCC_493\Debug\dcf.o
 .debug_line    0x00000474      0x211 .\CortexM3\ARM_GCC_493\Debug\emcy.o
 .debug_line    0x00000685      0x1ee .\CortexM3\ARM_GCC_493\Debug\lifegrd.o
 .debug_line    0x00000873       0x1d .\CortexM3\ARM_GCC_493\Debug\lss.o
 .debug_line    0x00000890      0x125 .\CortexM3\ARM_GCC_493\Debug\nmtMaster.o
 .debug_line    0x000009b5      0x12f .\CortexM3\ARM_GCC_493\Debug\nmtSlave.o
 .debug_line    0x00000ae4      0x1b2 .\CortexM3\ARM_GCC_493\Debug\objacces.o
 .debug_line    0x00000c96      0x4d3 .\CortexM3\ARM_GCC_493\Debug\pdo.o
 .debug_line    0x00001169      0xa6f .\CortexM3\ARM_GCC_493\Debug\sdo.o
 .debug_line    0x00001bd8      0x2b8 .\CortexM3\ARM_GCC_493\Debug\states.o
 .debug_line    0x00001e90      0x194 .\CortexM3\ARM_GCC_493\Debug\sync.o
 .debug_line    0x00002024      0x129 .\CortexM3\ARM_GCC_493\Debug\TestSlave.o
 .debug_line    0x0000214d      0x17d .\CortexM3\ARM_GCC_493\Debug\timer.o
 .debug_line    0x000022ca       0x87 .\CortexM3\ARM_GCC_493\Debug\canfestival.o
 .debug_line    0x00002351      0x182 .\CortexM3\ARM_GCC_493\Debug\led.o
 .debug_line    0x000024d3      0x3c8 .\CortexM3\ARM_GCC_493\Debug\Valve_Control.o
 .debug_line    0x0000289b      0x1fe .\CortexM3\ARM_GCC_493\Debug\CanopenDictConfig.o
 .debug_line    0x00002a99       0x53 .\CortexM3\ARM_GCC_493\Debug\cymetadata.o
 .debug_line    0x00002aec      0x249 .\CortexM3\ARM_GCC_493\Debug\Cm3Start.o
 .debug_line    0x00002d35      0x1e5 .\CortexM3\ARM_GCC_493\Debug\Design01.a(cyfitter_cfg.o)
 .debug_line    0x00002f1a      0x384 .\CortexM3\ARM_GCC_493\Debug\Design01.a(CAN_1.o)
 .debug_line    0x0000329e       0xbb .\CortexM3\ARM_GCC_493\Debug\Design01.a(CAN_1_INT.o)
 .debug_line    0x00003359      0x204 .\CortexM3\ARM_GCC_493\Debug\Design01.a(CAN_1_TX_RX_func.o)
 .debug_line    0x0000355d       0x68 .\CortexM3\ARM_GCC_493\Debug\Design01.a(CyBootAsmGnu.o)
 .debug_line    0x000035c5      0x806 .\CortexM3\ARM_GCC_493\Debug\Design01.a(CyLib.o)
 .debug_line    0x00003dcb      0x366 .\CortexM3\ARM_GCC_493\Debug\Design01.a(cyPm.o)
 .debug_line    0x00004131      0x174 .\CortexM3\ARM_GCC_493\Debug\Design01.a(Timer_1.o)
 .debug_line    0x000042a5       0x93 .\CortexM3\ARM_GCC_493\Debug\Design01.a(LED1.o)
 .debug_line    0x00004338      0x2b2 .\CortexM3\ARM_GCC_493\Debug\Design01.a(ISR_Stroke_Timer.o)
 .debug_line    0x000045ea       0x77 .\CortexM3\ARM_GCC_493\Debug\Design01.a(Control_Reg_1.o)
 .debug_line    0x00004661       0xba .\CortexM3\ARM_GCC_493\Debug\Design01.a(Status_Reg_1.o)
 .debug_line    0x0000471b      0x18f .\CortexM3\ARM_GCC_493\Debug\Design01.a(Clock_1.o)
 .debug_line    0x000048aa       0x93 .\CortexM3\ARM_GCC_493\Debug\Design01.a(LED2.o)
 .debug_line    0x0000493d       0x93 .\CortexM3\ARM_GCC_493\Debug\Design01.a(LED3.o)
 .debug_line    0x000049d0      0x268 .\CortexM3\ARM_GCC_493\Debug\Design01.a(EEPROM_1.o)
 .debug_line    0x00004c38      0x1ec .\CortexM3\ARM_GCC_493\Debug\Design01.a(CyFlash.o)
 .debug_line    0x00004e24      0x23e .\CortexM3\ARM_GCC_493\Debug\Design01.a(CySpc.o)

.debug_frame    0x00000000     0x27cc
 *(.debug_frame)
 .debug_frame   0x00000000       0x50 .\CortexM3\ARM_GCC_493\Debug\main.o
 .debug_frame   0x00000050      0x10c .\CortexM3\ARM_GCC_493\Debug\dcf.o
 .debug_frame   0x0000015c       0xdc .\CortexM3\ARM_GCC_493\Debug\emcy.o
 .debug_frame   0x00000238      0x120 .\CortexM3\ARM_GCC_493\Debug\lifegrd.o
 .debug_frame   0x00000358       0x64 .\CortexM3\ARM_GCC_493\Debug\nmtMaster.o
 .debug_frame   0x000003bc       0x4c .\CortexM3\ARM_GCC_493\Debug\nmtSlave.o
 .debug_frame   0x00000408       0xd4 .\CortexM3\ARM_GCC_493\Debug\objacces.o
 .debug_frame   0x000004dc      0x230 .\CortexM3\ARM_GCC_493\Debug\pdo.o
 .debug_frame   0x0000070c      0x474 .\CortexM3\ARM_GCC_493\Debug\sdo.o
 .debug_frame   0x00000b80       0xf8 .\CortexM3\ARM_GCC_493\Debug\states.o
 .debug_frame   0x00000c78      0x104 .\CortexM3\ARM_GCC_493\Debug\sync.o
 .debug_frame   0x00000d7c       0x30 .\CortexM3\ARM_GCC_493\Debug\TestSlave.o
 .debug_frame   0x00000dac       0x6c .\CortexM3\ARM_GCC_493\Debug\timer.o
 .debug_frame   0x00000e18       0x4c .\CortexM3\ARM_GCC_493\Debug\canfestival.o
 .debug_frame   0x00000e64       0x2c .\CortexM3\ARM_GCC_493\Debug\led.o
 .debug_frame   0x00000e90      0x104 .\CortexM3\ARM_GCC_493\Debug\Valve_Control.o
 .debug_frame   0x00000f94      0x108 .\CortexM3\ARM_GCC_493\Debug\CanopenDictConfig.o
 .debug_frame   0x0000109c       0xac .\CortexM3\ARM_GCC_493\Debug\Cm3Start.o
 .debug_frame   0x00001148       0xe0 .\CortexM3\ARM_GCC_493\Debug\Design01.a(cyfitter_cfg.o)
 .debug_frame   0x00001228      0x1cc .\CortexM3\ARM_GCC_493\Debug\Design01.a(CAN_1.o)
 .debug_frame   0x000013f4       0x68 .\CortexM3\ARM_GCC_493\Debug\Design01.a(CAN_1_INT.o)
 .debug_frame   0x0000145c       0x70 .\CortexM3\ARM_GCC_493\Debug\Design01.a(CAN_1_TX_RX_func.o)
 .debug_frame   0x000014cc      0x728 .\CortexM3\ARM_GCC_493\Debug\Design01.a(CyLib.o)
 .debug_frame   0x00001bf4      0x1f8 .\CortexM3\ARM_GCC_493\Debug\Design01.a(cyPm.o)
 .debug_frame   0x00001dec      0x124 .\CortexM3\ARM_GCC_493\Debug\Design01.a(Timer_1.o)
 .debug_frame   0x00001f10       0x50 .\CortexM3\ARM_GCC_493\Debug\Design01.a(LED1.o)
 .debug_frame   0x00001f60      0x110 .\CortexM3\ARM_GCC_493\Debug\Design01.a(ISR_Stroke_Timer.o)
 .debug_frame   0x00002070       0x30 .\CortexM3\ARM_GCC_493\Debug\Design01.a(Control_Reg_1.o)
 .debug_frame   0x000020a0       0x78 .\CortexM3\ARM_GCC_493\Debug\Design01.a(Status_Reg_1.o)
 .debug_frame   0x00002118       0xe0 .\CortexM3\ARM_GCC_493\Debug\Design01.a(Clock_1.o)
 .debug_frame   0x000021f8       0x50 .\CortexM3\ARM_GCC_493\Debug\Design01.a(LED2.o)
 .debug_frame   0x00002248       0x50 .\CortexM3\ARM_GCC_493\Debug\Design01.a(LED3.o)
 .debug_frame   0x00002298      0x17c .\CortexM3\ARM_GCC_493\Debug\Design01.a(EEPROM_1.o)
 .debug_frame   0x00002414      0x174 .\CortexM3\ARM_GCC_493\Debug\Design01.a(CyFlash.o)
 .debug_frame   0x00002588      0x160 .\CortexM3\ARM_GCC_493\Debug\Design01.a(CySpc.o)
 .debug_frame   0x000026e8       0x20 c:/program files (x86)/cypress/psoc creator/3.3/psoc creator/import/gnu/arm/4.9.3/bin/../lib/gcc/arm-none-eabi/4.9.3/../../../../arm-none-eabi/lib/armv7-m\libg_nano.a(lib_a-errno.o)
 .debug_frame   0x00002708       0x28 c:/program files (x86)/cypress/psoc creator/3.3/psoc creator/import/gnu/arm/4.9.3/bin/../lib/gcc/arm-none-eabi/4.9.3/../../../../arm-none-eabi/lib/armv7-m\libg_nano.a(lib_a-exit.o)
 .debug_frame   0x00002730       0x2c c:/program files (x86)/cypress/psoc creator/3.3/psoc creator/import/gnu/arm/4.9.3/bin/../lib/gcc/arm-none-eabi/4.9.3/../../../../arm-none-eabi/lib/armv7-m\libg_nano.a(lib_a-init.o)
 .debug_frame   0x0000275c       0x28 c:/program files (x86)/cypress/psoc creator/3.3/psoc creator/import/gnu/arm/4.9.3/bin/../lib/gcc/arm-none-eabi/4.9.3/../../../../arm-none-eabi/lib/armv7-m\libg_nano.a(lib_a-memcmp.o)
 .debug_frame   0x00002784       0x28 c:/program files (x86)/cypress/psoc creator/3.3/psoc creator/import/gnu/arm/4.9.3/bin/../lib/gcc/arm-none-eabi/4.9.3/../../../../arm-none-eabi/lib/armv7-m\libg_nano.a(lib_a-memcpy.o)
 .debug_frame   0x000027ac       0x20 c:/program files (x86)/cypress/psoc creator/3.3/psoc creator/import/gnu/arm/4.9.3/bin/../lib/gcc/arm-none-eabi/4.9.3/../../../../arm-none-eabi/lib/armv7-m\libg_nano.a(lib_a-memset.o)

.debug_str      0x00000000     0x428d
 *(.debug_str)
 .debug_str     0x00000000      0x493 .\CortexM3\ARM_GCC_493\Debug\main.o
                                0x537 (size before relaxing)
 .debug_str     0x00000493      0x72a .\CortexM3\ARM_GCC_493\Debug\dcf.o
                                0xa28 (size before relaxing)
 .debug_str     0x00000bbd       0xf4 .\CortexM3\ARM_GCC_493\Debug\emcy.o
                                0x9a0 (size before relaxing)
 .debug_str     0x00000cb1       0xfb .\CortexM3\ARM_GCC_493\Debug\lifegrd.o
                                0xa21 (size before relaxing)
 .debug_str     0x00000dac        0x8 .\CortexM3\ARM_GCC_493\Debug\lss.o
                                0x150 (size before relaxing)
 .debug_str     0x00000db4       0x44 .\CortexM3\ARM_GCC_493\Debug\nmtMaster.o
                                0x905 (size before relaxing)
 .debug_str     0x00000df8       0x5e .\CortexM3\ARM_GCC_493\Debug\nmtSlave.o
                                0x8ff (size before relaxing)
 .debug_str     0x00000e56       0xef .\CortexM3\ARM_GCC_493\Debug\objacces.o
                                0x9c6 (size before relaxing)
 .debug_str     0x00000f45      0x24c .\CortexM3\ARM_GCC_493\Debug\pdo.o
                                0xb66 (size before relaxing)
 .debug_str     0x00001191      0x1ce .\CortexM3\ARM_GCC_493\Debug\sdo.o
                                0xb58 (size before relaxing)
 .debug_str     0x0000135f       0x7d .\CortexM3\ARM_GCC_493\Debug\states.o
                                0xa34 (size before relaxing)
 .debug_str     0x000013dc       0x40 .\CortexM3\ARM_GCC_493\Debug\sync.o
                                0x986 (size before relaxing)
 .debug_str     0x0000141c      0xece .\CortexM3\ARM_GCC_493\Debug\TestSlave.o
                               0x185c (size before relaxing)
 .debug_str     0x000022ea       0xd5 .\CortexM3\ARM_GCC_493\Debug\timer.o
                                0x9b5 (size before relaxing)
 .debug_str     0x000023bf       0x4b .\CortexM3\ARM_GCC_493\Debug\canfestival.o
                                0x1be (size before relaxing)
 .debug_str     0x0000240a       0x31 .\CortexM3\ARM_GCC_493\Debug\led.o
                                0x1bd (size before relaxing)
 .debug_str     0x0000243b      0x1ac .\CortexM3\ARM_GCC_493\Debug\Valve_Control.o
                                0x5d5 (size before relaxing)
 .debug_str     0x000025e7      0x113 .\CortexM3\ARM_GCC_493\Debug\CanopenDictConfig.o
                                0xa14 (size before relaxing)
 .debug_str     0x000026fa       0x77 .\CortexM3\ARM_GCC_493\Debug\cymetadata.o
                                0x1d2 (size before relaxing)
 .debug_str     0x00002771      0x153 .\CortexM3\ARM_GCC_493\Debug\Cm3Start.o
                                0x2e6 (size before relaxing)
 .debug_str     0x000028c4      0x133 .\CortexM3\ARM_GCC_493\Debug\Design01.a(cyfitter_cfg.o)
                                0x2eb (size before relaxing)
 .debug_str     0x000029f7      0x363 .\CortexM3\ARM_GCC_493\Debug\Design01.a(CAN_1.o)
                                0x50a (size before relaxing)
 .debug_str     0x00002d5a       0x73 .\CortexM3\ARM_GCC_493\Debug\Design01.a(CAN_1_INT.o)
                                0x261 (size before relaxing)
 .debug_str     0x00002dcd       0x5c .\CortexM3\ARM_GCC_493\Debug\Design01.a(CAN_1_TX_RX_func.o)
                                0xa29 (size before relaxing)
 .debug_str     0x00002e29      0x7b9 .\CortexM3\ARM_GCC_493\Debug\Design01.a(CyLib.o)
                                0xa0b (size before relaxing)
 .debug_str     0x000035e2      0x35b .\CortexM3\ARM_GCC_493\Debug\Design01.a(cyPm.o)
                                0x703 (size before relaxing)
 .debug_str     0x0000393d      0x18c .\CortexM3\ARM_GCC_493\Debug\Design01.a(Timer_1.o)
                                0x33b (size before relaxing)
 .debug_str     0x00003ac9       0x58 .\CortexM3\ARM_GCC_493\Debug\Design01.a(LED1.o)
                                0x1c5 (size before relaxing)
 .debug_str     0x00003b21      0x176 .\CortexM3\ARM_GCC_493\Debug\Design01.a(ISR_Stroke_Timer.o)
                                0x3d0 (size before relaxing)
 .debug_str     0x00003c97       0x3c .\CortexM3\ARM_GCC_493\Debug\Design01.a(Control_Reg_1.o)
                                0x1af (size before relaxing)
 .debug_str     0x00003cd3       0x90 .\CortexM3\ARM_GCC_493\Debug\Design01.a(Status_Reg_1.o)
                                0x243 (size before relaxing)
 .debug_str     0x00003d63      0x156 .\CortexM3\ARM_GCC_493\Debug\Design01.a(Clock_1.o)
                                0x2d6 (size before relaxing)
 .debug_str     0x00003eb9       0x4d .\CortexM3\ARM_GCC_493\Debug\Design01.a(LED2.o)
                                0x1c5 (size before relaxing)
 .debug_str     0x00003f06       0x4d .\CortexM3\ARM_GCC_493\Debug\Design01.a(LED3.o)
                                0x1c5 (size before relaxing)
 .debug_str     0x00003f53      0x1cd .\CortexM3\ARM_GCC_493\Debug\Design01.a(EEPROM_1.o)
                                0x3b8 (size before relaxing)
 .debug_str     0x00004120       0xfd .\CortexM3\ARM_GCC_493\Debug\Design01.a(CyFlash.o)
                                0x37d (size before relaxing)
 .debug_str     0x0000421d       0x70 .\CortexM3\ARM_GCC_493\Debug\Design01.a(CySpc.o)
                                0x306 (size before relaxing)

.debug_loc      0x00000000     0x8763
 *(.debug_loc)
 .debug_loc     0x00000000       0xad .\CortexM3\ARM_GCC_493\Debug\main.o
 .debug_loc     0x000000ad      0x43a .\CortexM3\ARM_GCC_493\Debug\dcf.o
 .debug_loc     0x000004e7      0x4de .\CortexM3\ARM_GCC_493\Debug\emcy.o
 .debug_loc     0x000009c5      0x3d5 .\CortexM3\ARM_GCC_493\Debug\lifegrd.o
 .debug_loc     0x00000d9a      0x13b .\CortexM3\ARM_GCC_493\Debug\nmtMaster.o
 .debug_loc     0x00000ed5      0x168 .\CortexM3\ARM_GCC_493\Debug\nmtSlave.o
 .debug_loc     0x0000103d      0x45f .\CortexM3\ARM_GCC_493\Debug\objacces.o
 .debug_loc     0x0000149c      0xfa0 .\CortexM3\ARM_GCC_493\Debug\pdo.o
 .debug_loc     0x0000243c     0x25f5 .\CortexM3\ARM_GCC_493\Debug\sdo.o
 .debug_loc     0x00004a31      0x447 .\CortexM3\ARM_GCC_493\Debug\states.o
 .debug_loc     0x00004e78      0x15f .\CortexM3\ARM_GCC_493\Debug\sync.o
 .debug_loc     0x00004fd7      0x5a7 .\CortexM3\ARM_GCC_493\Debug\TestSlave.o
 .debug_loc     0x0000557e      0x2f5 .\CortexM3\ARM_GCC_493\Debug\timer.o
 .debug_loc     0x00005873       0x40 .\CortexM3\ARM_GCC_493\Debug\canfestival.o
 .debug_loc     0x000058b3       0x21 .\CortexM3\ARM_GCC_493\Debug\led.o
 .debug_loc     0x000058d4      0x1f0 .\CortexM3\ARM_GCC_493\Debug\Valve_Control.o
 .debug_loc     0x00005ac4      0x14c .\CortexM3\ARM_GCC_493\Debug\CanopenDictConfig.o
 .debug_loc     0x00005c10      0x144 .\CortexM3\ARM_GCC_493\Debug\Cm3Start.o
 .debug_loc     0x00005d54      0x1d7 .\CortexM3\ARM_GCC_493\Debug\Design01.a(cyfitter_cfg.o)
 .debug_loc     0x00005f2b      0x983 .\CortexM3\ARM_GCC_493\Debug\Design01.a(CAN_1.o)
 .debug_loc     0x000068ae       0x54 .\CortexM3\ARM_GCC_493\Debug\Design01.a(CAN_1_INT.o)
 .debug_loc     0x00006902      0x1e1 .\CortexM3\ARM_GCC_493\Debug\Design01.a(CAN_1_TX_RX_func.o)
 .debug_loc     0x00006ae3      0xa11 .\CortexM3\ARM_GCC_493\Debug\Design01.a(CyLib.o)
 .debug_loc     0x000074f4      0x1e4 .\CortexM3\ARM_GCC_493\Debug\Design01.a(cyPm.o)
 .debug_loc     0x000076d8       0x13 .\CortexM3\ARM_GCC_493\Debug\Design01.a(Timer_1.o)
 .debug_loc     0x000076eb       0x42 .\CortexM3\ARM_GCC_493\Debug\Design01.a(LED1.o)
 .debug_loc     0x0000772d       0x56 .\CortexM3\ARM_GCC_493\Debug\Design01.a(ISR_Stroke_Timer.o)
 .debug_loc     0x00007783       0x44 .\CortexM3\ARM_GCC_493\Debug\Design01.a(Status_Reg_1.o)
 .debug_loc     0x000077c7      0x12c .\CortexM3\ARM_GCC_493\Debug\Design01.a(Clock_1.o)
 .debug_loc     0x000078f3       0x42 .\CortexM3\ARM_GCC_493\Debug\Design01.a(LED2.o)
 .debug_loc     0x00007935       0x42 .\CortexM3\ARM_GCC_493\Debug\Design01.a(LED3.o)
 .debug_loc     0x00007977      0x49f .\CortexM3\ARM_GCC_493\Debug\Design01.a(EEPROM_1.o)
 .debug_loc     0x00007e16      0x300 .\CortexM3\ARM_GCC_493\Debug\Design01.a(CyFlash.o)
 .debug_loc     0x00008116      0x64d .\CortexM3\ARM_GCC_493\Debug\Design01.a(CySpc.o)

.debug_macinfo
 *(.debug_macinfo)

.debug_ranges   0x00000000      0xcc0
 *(.debug_ranges)
 .debug_ranges  0x00000000       0x18 .\CortexM3\ARM_GCC_493\Debug\main.o
 .debug_ranges  0x00000018       0x40 .\CortexM3\ARM_GCC_493\Debug\dcf.o
 .debug_ranges  0x00000058       0x48 .\CortexM3\ARM_GCC_493\Debug\emcy.o
 .debug_ranges  0x000000a0       0x70 .\CortexM3\ARM_GCC_493\Debug\lifegrd.o
 .debug_ranges  0x00000110       0x38 .\CortexM3\ARM_GCC_493\Debug\nmtMaster.o
 .debug_ranges  0x00000148       0x18 .\CortexM3\ARM_GCC_493\Debug\nmtSlave.o
 .debug_ranges  0x00000160       0x38 .\CortexM3\ARM_GCC_493\Debug\objacces.o
 .debug_ranges  0x00000198       0x98 .\CortexM3\ARM_GCC_493\Debug\pdo.o
 .debug_ranges  0x00000230       0xf0 .\CortexM3\ARM_GCC_493\Debug\sdo.o
 .debug_ranges  0x00000320       0x58 .\CortexM3\ARM_GCC_493\Debug\states.o
 .debug_ranges  0x00000378       0x50 .\CortexM3\ARM_GCC_493\Debug\sync.o
 .debug_ranges  0x000003c8       0x18 .\CortexM3\ARM_GCC_493\Debug\TestSlave.o
 .debug_ranges  0x000003e0       0x20 .\CortexM3\ARM_GCC_493\Debug\timer.o
 .debug_ranges  0x00000400       0x20 .\CortexM3\ARM_GCC_493\Debug\canfestival.o
 .debug_ranges  0x00000420       0x10 .\CortexM3\ARM_GCC_493\Debug\led.o
 .debug_ranges  0x00000430       0x48 .\CortexM3\ARM_GCC_493\Debug\Valve_Control.o
 .debug_ranges  0x00000478       0x70 .\CortexM3\ARM_GCC_493\Debug\CanopenDictConfig.o
 .debug_ranges  0x000004e8       0x38 .\CortexM3\ARM_GCC_493\Debug\Cm3Start.o
 .debug_ranges  0x00000520       0x48 .\CortexM3\ARM_GCC_493\Debug\Design01.a(cyfitter_cfg.o)
 .debug_ranges  0x00000568       0xb8 .\CortexM3\ARM_GCC_493\Debug\Design01.a(CAN_1.o)
 .debug_ranges  0x00000620       0x20 .\CortexM3\ARM_GCC_493\Debug\Design01.a(CAN_1_INT.o)
 .debug_ranges  0x00000640       0x20 .\CortexM3\ARM_GCC_493\Debug\Design01.a(CAN_1_TX_RX_func.o)
 .debug_ranges  0x00000660      0x288 .\CortexM3\ARM_GCC_493\Debug\Design01.a(CyLib.o)
 .debug_ranges  0x000008e8       0x88 .\CortexM3\ARM_GCC_493\Debug\Design01.a(cyPm.o)
 .debug_ranges  0x00000970       0x80 .\CortexM3\ARM_GCC_493\Debug\Design01.a(Timer_1.o)
 .debug_ranges  0x000009f0       0x28 .\CortexM3\ARM_GCC_493\Debug\Design01.a(LED1.o)
 .debug_ranges  0x00000a18       0x70 .\CortexM3\ARM_GCC_493\Debug\Design01.a(ISR_Stroke_Timer.o)
 .debug_ranges  0x00000a88       0x18 .\CortexM3\ARM_GCC_493\Debug\Design01.a(Control_Reg_1.o)
 .debug_ranges  0x00000aa0       0x30 .\CortexM3\ARM_GCC_493\Debug\Design01.a(Status_Reg_1.o)
 .debug_ranges  0x00000ad0       0x60 .\CortexM3\ARM_GCC_493\Debug\Design01.a(Clock_1.o)
 .debug_ranges  0x00000b30       0x28 .\CortexM3\ARM_GCC_493\Debug\Design01.a(LED2.o)
 .debug_ranges  0x00000b58       0x28 .\CortexM3\ARM_GCC_493\Debug\Design01.a(LED3.o)
 .debug_ranges  0x00000b80       0x68 .\CortexM3\ARM_GCC_493\Debug\Design01.a(EEPROM_1.o)
 .debug_ranges  0x00000be8       0x70 .\CortexM3\ARM_GCC_493\Debug\Design01.a(CyFlash.o)
 .debug_ranges  0x00000c58       0x68 .\CortexM3\ARM_GCC_493\Debug\Design01.a(CySpc.o)

.comment        0x00000000       0x70
 .comment       0x00000000       0x70 .\CortexM3\ARM_GCC_493\Debug\main.o
                                 0x71 (size before relaxing)
 .comment       0x00000000       0x71 .\CortexM3\ARM_GCC_493\Debug\dcf.o
 .comment       0x00000000       0x71 .\CortexM3\ARM_GCC_493\Debug\emcy.o
 .comment       0x00000000       0x71 .\CortexM3\ARM_GCC_493\Debug\lifegrd.o
 .comment       0x00000000       0x71 .\CortexM3\ARM_GCC_493\Debug\lss.o
 .comment       0x00000000       0x71 .\CortexM3\ARM_GCC_493\Debug\nmtMaster.o
 .comment       0x00000000       0x71 .\CortexM3\ARM_GCC_493\Debug\nmtSlave.o
 .comment       0x00000000       0x71 .\CortexM3\ARM_GCC_493\Debug\objacces.o
 .comment       0x00000000       0x71 .\CortexM3\ARM_GCC_493\Debug\pdo.o
 .comment       0x00000000       0x71 .\CortexM3\ARM_GCC_493\Debug\sdo.o
 .comment       0x00000000       0x71 .\CortexM3\ARM_GCC_493\Debug\states.o
 .comment       0x00000000       0x71 .\CortexM3\ARM_GCC_493\Debug\sync.o
 .comment       0x00000000       0x71 .\CortexM3\ARM_GCC_493\Debug\TestSlave.o
 .comment       0x00000000       0x71 .\CortexM3\ARM_GCC_493\Debug\timer.o
 .comment       0x00000000       0x71 .\CortexM3\ARM_GCC_493\Debug\canfestival.o
 .comment       0x00000000       0x71 .\CortexM3\ARM_GCC_493\Debug\led.o
 .comment       0x00000000       0x71 .\CortexM3\ARM_GCC_493\Debug\Valve_Control.o
 .comment       0x00000000       0x71 .\CortexM3\ARM_GCC_493\Debug\CanopenDictConfig.o
 .comment       0x00000000       0x71 .\CortexM3\ARM_GCC_493\Debug\cymetadata.o
 .comment       0x00000000       0x71 .\CortexM3\ARM_GCC_493\Debug\Cm3Start.o
 .comment       0x00000000       0x71 .\CortexM3\ARM_GCC_493\Debug\Design01.a(cyfitter_cfg.o)
 .comment       0x00000000       0x71 .\CortexM3\ARM_GCC_493\Debug\Design01.a(CAN_1.o)
 .comment       0x00000000       0x71 .\CortexM3\ARM_GCC_493\Debug\Design01.a(CAN_1_INT.o)
 .comment       0x00000000       0x71 .\CortexM3\ARM_GCC_493\Debug\Design01.a(CAN_1_TX_RX_func.o)
 .comment       0x00000000       0x71 .\CortexM3\ARM_GCC_493\Debug\Design01.a(CyLib.o)
 .comment       0x00000000       0x71 .\CortexM3\ARM_GCC_493\Debug\Design01.a(cyPm.o)
 .comment       0x00000000       0x71 .\CortexM3\ARM_GCC_493\Debug\Design01.a(Timer_1.o)
 .comment       0x00000000       0x71 .\CortexM3\ARM_GCC_493\Debug\Design01.a(LED1.o)
 .comment       0x00000000       0x71 .\CortexM3\ARM_GCC_493\Debug\Design01.a(ISR_Stroke_Timer.o)
 .comment       0x00000000       0x71 .\CortexM3\ARM_GCC_493\Debug\Design01.a(Control_Reg_1.o)
 .comment       0x00000000       0x71 .\CortexM3\ARM_GCC_493\Debug\Design01.a(Status_Reg_1.o)
 .comment       0x00000000       0x71 .\CortexM3\ARM_GCC_493\Debug\Design01.a(Clock_1.o)
 .comment       0x00000000       0x71 .\CortexM3\ARM_GCC_493\Debug\Design01.a(LED2.o)
 .comment       0x00000000       0x71 .\CortexM3\ARM_GCC_493\Debug\Design01.a(LED3.o)
 .comment       0x00000000       0x71 .\CortexM3\ARM_GCC_493\Debug\Design01.a(EEPROM_1.o)
 .comment       0x00000000       0x71 .\CortexM3\ARM_GCC_493\Debug\Design01.a(CyFlash.o)
 .comment       0x00000000       0x71 .\CortexM3\ARM_GCC_493\Debug\Design01.a(CySpc.o)

.debug_weaknames
 *(.debug_weaknames)

.debug_funcnames
 *(.debug_funcnames)

.debug_typenames
 *(.debug_typenames)

.debug_varnames
 *(.debug_varnames)

.note.gnu.arm.ident
 *(.note.gnu.arm.ident)

.ARM.attributes
                0x00000000       0x29
 *(.ARM.attributes)
 .ARM.attributes
                0x00000000       0x1d c:/program files (x86)/cypress/psoc creator/3.3/psoc creator/import/gnu/arm/4.9.3/bin/../lib/gcc/arm-none-eabi/4.9.3/armv7-m/crti.o
 .ARM.attributes
                0x0000001d       0x2d c:/program files (x86)/cypress/psoc creator/3.3/psoc creator/import/gnu/arm/4.9.3/bin/../lib/gcc/arm-none-eabi/4.9.3/armv7-m/crtbegin.o
 .ARM.attributes
                0x0000004a       0x1b c:/program files (x86)/cypress/psoc creator/3.3/psoc creator/import/gnu/arm/4.9.3/bin/../lib/gcc/arm-none-eabi/4.9.3/../../../../arm-none-eabi/lib/armv7-m/crt0.o
 .ARM.attributes
                0x00000065       0x33 .\CortexM3\ARM_GCC_493\Debug\main.o
 .ARM.attributes
                0x00000098       0x33 .\CortexM3\ARM_GCC_493\Debug\dcf.o
 .ARM.attributes
                0x000000cb       0x33 .\CortexM3\ARM_GCC_493\Debug\emcy.o
 .ARM.attributes
                0x000000fe       0x33 .\CortexM3\ARM_GCC_493\Debug\lifegrd.o
 .ARM.attributes
                0x00000131       0x33 .\CortexM3\ARM_GCC_493\Debug\lss.o
 .ARM.attributes
                0x00000164       0x33 .\CortexM3\ARM_GCC_493\Debug\nmtMaster.o
 .ARM.attributes
                0x00000197       0x33 .\CortexM3\ARM_GCC_493\Debug\nmtSlave.o
 .ARM.attributes
                0x000001ca       0x33 .\CortexM3\ARM_GCC_493\Debug\objacces.o
 .ARM.attributes
                0x000001fd       0x33 .\CortexM3\ARM_GCC_493\Debug\pdo.o
 .ARM.attributes
                0x00000230       0x33 .\CortexM3\ARM_GCC_493\Debug\sdo.o
 .ARM.attributes
                0x00000263       0x33 .\CortexM3\ARM_GCC_493\Debug\states.o
 .ARM.attributes
                0x00000296       0x33 .\CortexM3\ARM_GCC_493\Debug\sync.o
 .ARM.attributes
                0x000002c9       0x33 .\CortexM3\ARM_GCC_493\Debug\TestSlave.o
 .ARM.attributes
                0x000002fc       0x33 .\CortexM3\ARM_GCC_493\Debug\timer.o
 .ARM.attributes
                0x0000032f       0x33 .\CortexM3\ARM_GCC_493\Debug\canfestival.o
 .ARM.attributes
                0x00000362       0x33 .\CortexM3\ARM_GCC_493\Debug\led.o
 .ARM.attributes
                0x00000395       0x33 .\CortexM3\ARM_GCC_493\Debug\Valve_Control.o
 .ARM.attributes
                0x000003c8       0x33 .\CortexM3\ARM_GCC_493\Debug\CanopenDictConfig.o
 .ARM.attributes
                0x000003fb       0x33 .\CortexM3\ARM_GCC_493\Debug\cymetadata.o
 .ARM.attributes
                0x0000042e       0x33 .\CortexM3\ARM_GCC_493\Debug\Cm3Start.o
 .ARM.attributes
                0x00000461       0x33 .\CortexM3\ARM_GCC_493\Debug\Design01.a(cyfitter_cfg.o)
 .ARM.attributes
                0x00000494       0x33 .\CortexM3\ARM_GCC_493\Debug\Design01.a(CAN_1.o)
 .ARM.attributes
                0x000004c7       0x33 .\CortexM3\ARM_GCC_493\Debug\Design01.a(CAN_1_INT.o)
 .ARM.attributes
                0x000004fa       0x33 .\CortexM3\ARM_GCC_493\Debug\Design01.a(CAN_1_TX_RX_func.o)
 .ARM.attributes
                0x0000052d       0x21 .\CortexM3\ARM_GCC_493\Debug\Design01.a(CyBootAsmGnu.o)
 .ARM.attributes
                0x0000054e       0x33 .\CortexM3\ARM_GCC_493\Debug\Design01.a(CyLib.o)
 .ARM.attributes
                0x00000581       0x33 .\CortexM3\ARM_GCC_493\Debug\Design01.a(cyPm.o)
 .ARM.attributes
                0x000005b4       0x33 .\CortexM3\ARM_GCC_493\Debug\Design01.a(Timer_1.o)
 .ARM.attributes
                0x000005e7       0x33 .\CortexM3\ARM_GCC_493\Debug\Design01.a(LED1.o)
 .ARM.attributes
                0x0000061a       0x33 .\CortexM3\ARM_GCC_493\Debug\Design01.a(ISR_Stroke_Timer.o)
 .ARM.attributes
                0x0000064d       0x33 .\CortexM3\ARM_GCC_493\Debug\Design01.a(Control_Reg_1.o)
 .ARM.attributes
                0x00000680       0x33 .\CortexM3\ARM_GCC_493\Debug\Design01.a(Status_Reg_1.o)
 .ARM.attributes
                0x000006b3       0x33 .\CortexM3\ARM_GCC_493\Debug\Design01.a(Clock_1.o)
 .ARM.attributes
                0x000006e6       0x33 .\CortexM3\ARM_GCC_493\Debug\Design01.a(LED2.o)
 .ARM.attributes
                0x00000719       0x33 .\CortexM3\ARM_GCC_493\Debug\Design01.a(LED3.o)
 .ARM.attributes
                0x0000074c       0x33 .\CortexM3\ARM_GCC_493\Debug\Design01.a(EEPROM_1.o)
 .ARM.attributes