Archive member included because of file (symbol)

.\CortexM3\ARM_GCC_493\Debug\Design01.a(cyfitter_cfg.o)
                              .\CortexM3\ARM_GCC_493\Debug\Cm3Start.o (cyfitter_cfg)
.\CortexM3\ARM_GCC_493\Debug\Design01.a(CAN_1.o)
                              .\CortexM3\ARM_GCC_493\Debug\main.o (CAN_1_Start)
.\CortexM3\ARM_GCC_493\Debug\Design01.a(CAN_1_INT.o)
                              .\CortexM3\ARM_GCC_493\Debug\Design01.a(CAN_1.o) (CAN_1_ISR)
.\CortexM3\ARM_GCC_493\Debug\Design01.a(CAN_1_TX_RX_func.o)
                              .\CortexM3\ARM_GCC_493\Debug\main.o (CAN_1_SendMsg)
.\CortexM3\ARM_GCC_493\Debug\Design01.a(CyBootAsmGnu.o)
                              .\CortexM3\ARM_GCC_493\Debug\Design01.a(cyfitter_cfg.o) (CyDelayCycles)
.\CortexM3\ARM_GCC_493\Debug\Design01.a(CyLib.o)
                              .\CortexM3\ARM_GCC_493\Debug\Cm3Start.o (CyHalt)
.\CortexM3\ARM_GCC_493\Debug\Design01.a(cyPm.o)
                              .\CortexM3\ARM_GCC_493\Debug\Design01.a(CyLib.o) (CyPmReadStatus)
.\CortexM3\ARM_GCC_493\Debug\Design01.a(Timer_1.o)
                              .\CortexM3\ARM_GCC_493\Debug\Valve_Control.o (Timer_1_Start)
.\CortexM3\ARM_GCC_493\Debug\Design01.a(LED1.o)
                              .\CortexM3\ARM_GCC_493\Debug\led.o (LED1_Write)
.\CortexM3\ARM_GCC_493\Debug\Design01.a(ISR_Stroke_Timer.o)
                              .\CortexM3\ARM_GCC_493\Debug\Valve_Control.o (ISR_Stroke_Timer_Start)
.\CortexM3\ARM_GCC_493\Debug\Design01.a(Control_Reg_1.o)
                              .\CortexM3\ARM_GCC_493\Debug\main.o (Control_Reg_1_Write)
.\CortexM3\ARM_GCC_493\Debug\Design01.a(Status_Reg_1.o)
                              .\CortexM3\ARM_GCC_493\Debug\main.o (Status_Reg_1_Read)
.\CortexM3\ARM_GCC_493\Debug\Design01.a(Clock_1.o)
                              .\CortexM3\ARM_GCC_493\Debug\Valve_Control.o (Clock_1_Start)
.\CortexM3\ARM_GCC_493\Debug\Design01.a(LED2.o)
                              .\CortexM3\ARM_GCC_493\Debug\led.o (LED2_Write)
.\CortexM3\ARM_GCC_493\Debug\Design01.a(LED3.o)
                              .\CortexM3\ARM_GCC_493\Debug\led.o (LED3_Write)
.\CortexM3\ARM_GCC_493\Debug\Design01.a(EEPROM_1.o)
                              .\CortexM3\ARM_GCC_493\Debug\Valve_Control.o (EEPROM_1_Start)
.\CortexM3\ARM_GCC_493\Debug\Design01.a(TLC5616_CLK.o)
                              .\CortexM3\ARM_GCC_493\Debug\TLC5616.o (TLC5616_CLK_Write)
.\CortexM3\ARM_GCC_493\Debug\Design01.a(TLC5616_DAT.o)
                              .\CortexM3\ARM_GCC_493\Debug\TLC5616.o (TLC5616_DAT_Write)
.\CortexM3\ARM_GCC_493\Debug\Design01.a(TLC5616_CS1.o)
                              .\CortexM3\ARM_GCC_493\Debug\TLC5616.o (TLC5616_CS1_Write)
.\CortexM3\ARM_GCC_493\Debug\Design01.a(TLC5616_CS2.o)
                              .\CortexM3\ARM_GCC_493\Debug\TLC5616.o (TLC5616_CS2_Write)
.\CortexM3\ARM_GCC_493\Debug\Design01.a(LCD_Char_1.o)
                              .\CortexM3\ARM_GCC_493\Debug\Valve_Control.o (LCD_Char_1_PrintString)
.\CortexM3\ARM_GCC_493\Debug\Design01.a(CyFlash.o)
                              .\CortexM3\ARM_GCC_493\Debug\Design01.a(EEPROM_1.o) (dieTemperature)
.\CortexM3\ARM_GCC_493\Debug\Design01.a(CySpc.o)
                              .\CortexM3\ARM_GCC_493\Debug\Design01.a(EEPROM_1.o) (CySpcStart)
c:/program files (x86)/cypress/psoc creator/3.3/psoc creator/import/gnu/arm/4.9.3/bin/../lib/gcc/arm-none-eabi/4.9.3/../../../../arm-none-eabi/lib/armv7-m\libg_nano.a(lib_a-errno.o)
                              .\CortexM3\ARM_GCC_493\Debug\Cm3Start.o (__errno)
c:/program files (x86)/cypress/psoc creator/3.3/psoc creator/import/gnu/arm/4.9.3/bin/../lib/gcc/arm-none-eabi/4.9.3/../../../../arm-none-eabi/lib/armv7-m\libg_nano.a(lib_a-exit.o)
                              c:/program files (x86)/cypress/psoc creator/3.3/psoc creator/import/gnu/arm/4.9.3/bin/../lib/gcc/arm-none-eabi/4.9.3/../../../../arm-none-eabi/lib/armv7-m/crt0.o (exit)
c:/program files (x86)/cypress/psoc creator/3.3/psoc creator/import/gnu/arm/4.9.3/bin/../lib/gcc/arm-none-eabi/4.9.3/../../../../arm-none-eabi/lib/armv7-m\libg_nano.a(lib_a-impure.o)
                              c:/program files (x86)/cypress/psoc creator/3.3/psoc creator/import/gnu/arm/4.9.3/bin/../lib/gcc/arm-none-eabi/4.9.3/../../../../arm-none-eabi/lib/armv7-m\libg_nano.a(lib_a-exit.o) (_global_impure_ptr)
c:/program files (x86)/cypress/psoc creator/3.3/psoc creator/import/gnu/arm/4.9.3/bin/../lib/gcc/arm-none-eabi/4.9.3/../../../../arm-none-eabi/lib/armv7-m\libg_nano.a(lib_a-init.o)
                              c:/program files (x86)/cypress/psoc creator/3.3/psoc creator/import/gnu/arm/4.9.3/bin/../lib/gcc/arm-none-eabi/4.9.3/../../../../arm-none-eabi/lib/armv7-m/crt0.o (__libc_init_array)
c:/program files (x86)/cypress/psoc creator/3.3/psoc creator/import/gnu/arm/4.9.3/bin/../lib/gcc/arm-none-eabi/4.9.3/../../../../arm-none-eabi/lib/armv7-m\libg_nano.a(lib_a-memcmp.o)
[...]
Memory Configuration

Name             Origin             Length             Attributes
rom              0x00000000         0x00040000         xr
ram              0x1fff8000         0x00010000         xrw
*default*        0x00000000         0xffffffff

Linker script and memory map

LOAD c:/program files (x86)/cypress/psoc creator/3.3/psoc creator/import/gnu/arm/4.9.3/bin/../lib/gcc/arm-none-eabi/4.9.3/armv7-m/crti.o
LOAD c:/program files (x86)/cypress/psoc creator/3.3/psoc creator/import/gnu/arm/4.9.3/bin/../lib/gcc/arm-none-eabi/4.9.3/armv7-m/crtbegin.o
LOAD c:/program files (x86)/cypress/psoc creator/3.3/psoc creator/import/gnu/arm/4.9.3/bin/../lib/gcc/arm-none-eabi/4.9.3/../../../../arm-none-eabi/lib/armv7-m/crt0.o
START GROUP
LOAD .\CortexM3\ARM_GCC_493\Debug\main.o
LOAD .\CortexM3\ARM_GCC_493\Debug\dcf.o
LOAD .\CortexM3\ARM_GCC_493\Debug\emcy.o
LOAD .\CortexM3\ARM_GCC_493\Debug\lifegrd.o
LOAD .\CortexM3\ARM_GCC_493\Debug\lss.o
LOAD .\CortexM3\ARM_GCC_493\Debug\nmtMaster.o
LOAD .\CortexM3\ARM_GCC_493\Debug\nmtSlave.o
LOAD .\CortexM3\ARM_GCC_493\Debug\objacces.o
LOAD .\CortexM3\ARM_GCC_493\Debug\pdo.o
LOAD .\CortexM3\ARM_GCC_493\Debug\sdo.o
LOAD .\CortexM3\ARM_GCC_493\Debug\states.o
LOAD .\CortexM3\ARM_GCC_493\Debug\sync.o
LOAD .\CortexM3\ARM_GCC_493\Debug\TestSlave.o
LOAD .\CortexM3\ARM_GCC_493\Debug\timer.o
LOAD .\CortexM3\ARM_GCC_493\Debug\canfestival.o
LOAD .\CortexM3\ARM_GCC_493\Debug\led.o
LOAD .\CortexM3\ARM_GCC_493\Debug\Valve_Control.o
LOAD .\CortexM3\ARM_GCC_493\Debug\CanopenDictConfig.o
LOAD .\CortexM3\ARM_GCC_493\Debug\TLC5616.o
LOAD .\CortexM3\ARM_GCC_493\Debug\cymetadata.o
LOAD .\CortexM3\ARM_GCC_493\Debug\Cm3Start.o
LOAD .\CortexM3\ARM_GCC_493\Debug\Design01.a
LOAD C:\Program Files (x86)\Cypress\PSoC Creator\3.3\PSoC Creator\psoc\content\cycomponentlibrary\CyComponentLibrary.cylib\CortexM3\ARM_GCC_493\Debug\CyComponentLibrary.a
END GROUP
START GROUP
LOAD c:/program files (x86)/cypress/psoc creator/3.3/psoc creator/import/gnu/arm/4.9.3/bin/../lib/gcc/arm-none-eabi/4.9.3/armv7-m\libgcc.a
LOAD c:/program files (x86)/cypress/psoc creator/3.3/psoc creator/import/gnu/arm/4.9.3/bin/../lib/gcc/arm-none-eabi/4.9.3/../../../../arm-none-eabi/lib/armv7-m\libg_nano.a
LOAD c:/program files (x86)/cypress/psoc creator/3.3/psoc creator/import/gnu/arm/4.9.3/bin/../lib/gcc/arm-none-eabi/4.9.3/../../../../arm-none-eabi/lib/armv7-m\libc_nano.a
END GROUP
START GROUP
LOAD c:/program files (x86)/cypress/psoc creator/3.3/psoc creator/import/gnu/arm/4.9.3/bin/../lib/gcc/arm-none-eabi/4.9.3/armv7-m\libgcc.a
LOAD c:/program files (x86)/cypress/psoc creator/3.3/psoc creator/import/gnu/arm/4.9.3/bin/../lib/gcc/arm-none-eabi/4.9.3/../../../../arm-none-eabi/lib/armv7-m\libc_nano.a
END GROUP
LOAD c:/program files (x86)/cypress/psoc creator/3.3/psoc creator/import/gnu/arm/4.9.3/bin/../lib/gcc/arm-none-eabi/4.9.3/armv7-m/crtend.o
LOAD c:/program files (x86)/cypress/psoc creator/3.3/psoc creator/import/gnu/arm/4.9.3/bin/../lib/gcc/arm-none-eabi/4.9.3/armv7-m/crtn.o
START GROUP
LOAD c:/program files (x86)/cypress/psoc creator/3.3/psoc creator/import/gnu/arm/4.9.3/bin/../lib/gcc/arm-none-eabi/4.9.3/armv7-m\libgcc.a
LOAD c:/program files (x86)/cypress/psoc creator/3.3/psoc creator/import/gnu/arm/4.9.3/bin/../lib/gcc/arm-none-eabi/4.9.3/../../../../arm-none-eabi/lib/armv7-m\libc.a
LOAD c:/program files (x86)/cypress/psoc creator/3.3/psoc creator/import/gnu/arm/4.9.3/bin/../lib/gcc/arm-none-eabi/4.9.3/../../../../arm-none-eabi/lib/armv7-m\libnosys.a
END GROUP
                0x00000000                CY_APPL_ORIGIN = 0x0
                0x00000100                CY_FLASH_ROW_SIZE = 0x100
                0x00000020                CY_ECC_ROW_SIZE = 0x20
                0x00000000                CY_EE_IN_BTLDR = 0x0
                0x00000000                CY_APPL_LOADABLE = 0x0
                0x00000800                CY_EE_SIZE = 0x800
                0x00000001                CY_APPL_NUM = 0x1
                0x00000001                CY_APPL_MAX = 0x1
                0x00000040                CY_METADATA_SIZE = 0x40
                0x00000000                CY_APPL_LOADABLE = 0x0
                0x00000000                CY_CHECKSUM_EXCLUDE_SIZE = ALIGN (0x0, CY_FLASH_ROW_SIZE)
                0x1fff8b78                PROVIDE (__cy_heap_start, _end)
                0x00000001                PROVIDE (__cy_region_num, ((__cy_regions_end - __cy_regions) / 0x10))
                0x20008000                PROVIDE (__cy_stack, (ORIGIN (ram) + 0x10000))
                0x20007800                PROVIDE (__cy_heap_end, (__cy_stack - 0x800))

.cybootloader   0x00000000        0x0
 *(.cybootloader)
                0x00000000                appl1_start = CY_APPL_ORIGIN?CY_APPL_ORIGIN:ALIGN (CY_FLASH_ROW_SIZE)
                0x0001ff00                appl2_start = (appl1_start + ALIGN ((((0x40000 - appl1_start) - (0x2 * CY_FLASH_ROW_SIZE)) / 0x2), CY_FLASH_ROW_SIZE))
                0x00000000                appl_start = (CY_APPL_NUM == 0x1)?appl1_start:appl2_start
                0x00000000                ecc_offset = ((appl_start / CY_FLASH_ROW_SIZE) * CY_ECC_ROW_SIZE)
                0x00000000                ee_offset = (CY_APPL_LOADABLE && ! (CY_EE_IN_BTLDR))?((CY_EE_SIZE / CY_APPL_MAX) * (CY_APPL_NUM - 0x1)):0x0
                0x00000800                ee_size = (CY_APPL_LOADABLE && ! (CY_EE_IN_BTLDR))?(CY_EE_SIZE / CY_APPL_MAX):CY_EE_SIZE
                0x00000000                PROVIDE (CY_ECC_OFFSET, ecc_offset)

.text           0x00000000     0x577e
 CREATE_OBJECT_SYMBOLS
                0x00000000                PROVIDE (__cy_interrupt_vector, RomVectors)
 *(.romvectors)
 .romvectors    0x00000000       0x10 .\CortexM3\ARM_GCC_493\Debug\Cm3Start.o
                0x00000000                RomVectors
                0x00000001                ASSERT ((. != __cy_interrupt_vector), No interrupt vector)
                0x00000001                ASSERT (CY_APPL_ORIGIN?(SIZEOF (.cybootloader) <= CY_APPL_ORIGIN):0x1, Wrong image location)
                0x00000010                PROVIDE (__cy_reset, Reset)
 *(.text.Reset)
 .text.Reset    0x00000010       0x18 .\CortexM3\ARM_GCC_493\Debug\Cm3Start.o
                0x00000010                Reset
                0x00000001                ASSERT ((. != __cy_reset), No reset code)
 *(.dma_init)
                0x00000001                ASSERT ((((appl_start + .) <= 0x10000) || 0x1), DMA Init must be within the first 64k of flash)
 *(.text .text.* .gnu.linkonce.t.*)
 .text          0x00000028       0x5c c:/program files (x86)/cypress/psoc creator/3.3/psoc creator/import/gnu/arm/4.9.3/bin/../lib/gcc/arm-none-eabi/4.9.3/armv7-m/crtbegin.o
 .text.canSend  0x00000084       0x6c .\CortexM3\ARM_GCC_493\Debug\main.o
                0x00000084                canSend
 .text.main     0x000000f0      0x110 .\CortexM3\ARM_GCC_493\Debug\main.o
                0x000000f0                main
 .text.OnNumberOfErrorsUpdate
                0x00000200       0x28 .\CortexM3\ARM_GCC_493\Debug\emcy.o
                0x00000200                OnNumberOfErrorsUpdate
 .text.emergencyInit
                0x00000228       0x20 .\CortexM3\ARM_GCC_493\Debug\emcy.o
                0x00000228                emergencyInit
 .text.emergencyStop
                0x00000248        0x4 .\CortexM3\ARM_GCC_493\Debug\emcy.o
                0x00000248                emergencyStop
 .text.proceedEMCY
                0x0000024c       0x24 .\CortexM3\ARM_GCC_493\Debug\emcy.o
                0x0000024c                proceedEMCY
 .text._post_emcy
                0x00000270        0x4 .\CortexM3\ARM_GCC_493\Debug\emcy.o
                0x00000270                _post_emcy
 .text.ConsumerHearbeatAlarm
                0x00000274       0x2c .\CortexM3\ARM_GCC_493\Debug\lifegrd.o
                0x00000274                ConsumerHearbeatAlarm
 .text.ProducerHearbeatAlarm
                0x000002a0       0x4c .\CortexM3\ARM_GCC_493\Debug\lifegrd.o
                0x000002a0                ProducerHearbeatAlarm
 .text.proceedNODE_GUARD
                0x000002ec       0xf0 .\CortexM3\ARM_GCC_493\Debug\lifegrd.o
                0x000002ec                proceedNODE_GUARD
 .text.heartbeatInit
                0x000003dc       0x70 .\CortexM3\ARM_GCC_493\Debug\lifegrd.o
                0x000003dc                heartbeatInit
 .text.heartbeatStop
                0x0000044c       0x34 .\CortexM3\ARM_GCC_493\Debug\lifegrd.o
                0x0000044c                heartbeatStop
 .text.OnHeartbeatProducerUpdate
                0x00000480       0x14 .\CortexM3\ARM_GCC_493\Debug\lifegrd.o
                0x00000480                OnHeartbeatProducerUpdate
 .text._heartbeatError
                0x00000494        0x4 .\CortexM3\ARM_GCC_493\Debug\lifegrd.o
                0x00000494                _heartbeatError
 .text._post_SlaveBootup
                0x00000498        0x4 .\CortexM3\ARM_GCC_493\Debug\lifegrd.o
                0x00000498                _post_SlaveBootup
 .text._post_SlaveStateChange
                0x0000049c        0x4 .\CortexM3\ARM_GCC_493\Debug\lifegrd.o
                0x0000049c                _post_SlaveStateChange
 .text.masterSendNMTstateChange
                0x000004a0       0x2c .\CortexM3\ARM_GCC_493\Debug\nmtMaster.o
                0x000004a0                masterSendNMTstateChange
 .text.proceedNMTstateChange
                0x000004cc       0xac .\CortexM3\ARM_GCC_493\Debug\nmtSlave.o
                0x000004cc                proceedNMTstateChange
 .text.slaveSendBootUp
                0x00000578       0x30 .\CortexM3\ARM_GCC_493\Debug\nmtSlave.o
                0x00000578                slaveSendBootUp
 .text._getODentry
                0x000005a8       0xc4 .\CortexM3\ARM_GCC_493\Debug\objacces.o
                0x000005a8                _getODentry
 .text._setODentry
                0x0000066c      0x104 .\CortexM3\ARM_GCC_493\Debug\objacces.o
                0x0000066c                _setODentry
 .text.scanIndexOD
                0x00000770       0x10 .\CortexM3\ARM_GCC_493\Debug\objacces.o
                0x00000770                scanIndexOD
 .text.RegisterSetODentryCallBack
                0x00000780       0x28 .\CortexM3\ARM_GCC_493\Debug\objacces.o
                0x00000780                RegisterSetODentryCallBack
 .text._storeODSubIndex
                0x000007a8        0x4 .\CortexM3\ARM_GCC_493\Debug\objacces.o
                0x000007a8                _storeODSubIndex
 .text.sendPdo  0x000007ac       0x2c .\CortexM3\ARM_GCC_493\Debug\pdo.o
 .text.CopyBits
                0x000007d8       0xb8 .\CortexM3\ARM_GCC_493\Debug\pdo.o
                0x000007d8                CopyBits
 .text.buildPDO
                0x00000890       0xe4 .\CortexM3\ARM_GCC_493\Debug\pdo.o
                0x00000890                buildPDO
 .text.sendOnePDOevent
                0x00000974       0xfc .\CortexM3\ARM_GCC_493\Debug\pdo.o
                0x00000974                sendOnePDOevent
 .text.PDOEventTimerAlarm
                0x00000a70       0x24 .\CortexM3\ARM_GCC_493\Debug\pdo.o
                0x00000a70                PDOEventTimerAlarm
 .text.proceedPDO
                0x00000a94      0x264 .\CortexM3\ARM_GCC_493\Debug\pdo.o
                0x00000a94                proceedPDO
 .text.TPDO_Communication_Parameter_Callback
                0x00000cf8       0x5c .\CortexM3\ARM_GCC_493\Debug\pdo.o
                0x00000cf8                TPDO_Communication_Parameter_Callback
 .text.PDOInhibitTimerAlarm
                0x00000d54       0x24 .\CortexM3\ARM_GCC_493\Debug\pdo.o
                0x00000d54                PDOInhibitTimerAlarm
 .text._RxPDO_EventTimers_Handler
                0x00000d78        0x4 .\CortexM3\ARM_GCC_493\Debug\pdo.o
                0x00000d78                _RxPDO_EventTimers_Handler
 .text._sendPDOevent
                0x00000d7c      0x154 .\CortexM3\ARM_GCC_493\Debug\pdo.o
                0x00000d7c                _sendPDOevent
 .text.PDOInit  0x00000ed0       0x50 .\CortexM3\ARM_GCC_493\Debug\pdo.o
                0x00000ed0                PDOInit
 .text.PDOStop  0x00000f20       0x60 .\CortexM3\ARM_GCC_493\Debug\pdo.o
                0x00000f20                PDOStop
 .text.SDOlineToObjdict
                0x00000f80       0x50 .\CortexM3\ARM_GCC_493\Debug\sdo.o
                0x00000f80                SDOlineToObjdict
 .text.objdictToSDOline
                0x00000fd0       0x50 .\CortexM3\ARM_GCC_493\Debug\sdo.o
                0x00000fd0                objdictToSDOline
 .text.lineToSDO
                0x00001020       0x68 .\CortexM3\ARM_GCC_493\Debug\sdo.o
                0x00001020                lineToSDO
 .text.SDOtoLine
                0x00001088       0x58 .\CortexM3\ARM_GCC_493\Debug\sdo.o
                0x00001088                SDOtoLine
 .text.initSDOline
                0x000010e0       0xac .\CortexM3\ARM_GCC_493\Debug\sdo.o
                0x000010e0                initSDOline
 .text.resetSDOline
                0x0000118c       0x48 .\CortexM3\ARM_GCC_493\Debug\sdo.o
                0x0000118c                resetSDOline
 .text.resetSDO
                0x000011d4       0x1c .\CortexM3\ARM_GCC_493\Debug\sdo.o
                0x000011d4                resetSDO
 .text.getSDOfreeLine
                0x000011f0       0x34 .\CortexM3\ARM_GCC_493\Debug\sdo.o
                0x000011f0                getSDOfreeLine
 .text.getSDOlineOnUse
                0x00001224       0x54 .\CortexM3\ARM_GCC_493\Debug\sdo.o
                0x00001224                getSDOlineOnUse
 .text.getSDOlineRestBytes
                0x00001278       0x24 .\CortexM3\ARM_GCC_493\Debug\sdo.o
                0x00001278                getSDOlineRestBytes
 .text.setSDOlineRestBytes
                0x0000129c       0x18 .\CortexM3\ARM_GCC_493\Debug\sdo.o
                0x0000129c                setSDOlineRestBytes
 .text.sendSDO  0x000012b4       0x98 .\CortexM3\ARM_GCC_493\Debug\sdo.o
                0x000012b4                sendSDO
 .text.sendSDOabort
                0x0000134c       0x44 .\CortexM3\ARM_GCC_493\Debug\sdo.o
                0x0000134c                sendSDOabort
 .text.SDOTimeoutAlarm
                0x00001390       0xa0 .\CortexM3\ARM_GCC_493\Debug\sdo.o
                0x00001390                SDOTimeoutAlarm
 .text.failedSDO
                0x00001430       0x90 .\CortexM3\ARM_GCC_493\Debug\sdo.o
                0x00001430                failedSDO
 .text.proceedSDO
                0x000014c0     0x1c0c .\CortexM3\ARM_GCC_493\Debug\sdo.o
                0x000014c0                proceedSDO
 .text.canDispatch
                0x000030cc       0x6c .\CortexM3\ARM_GCC_493\Debug\states.o
                0x000030cc                canDispatch
 .text.switchCommunicationState
                0x00003138      0x110 .\CortexM3\ARM_GCC_493\Debug\states.o
                0x00003138                switchCommunicationState
 .text.setState
                0x00003248      0x100 .\CortexM3\ARM_GCC_493\Debug\states.o
                0x00003248                setState
 .text.getNodeId
                0x00003348        0x8 .\CortexM3\ARM_GCC_493\Debug\states.o
                0x00003348                getNodeId
 .text.setNodeId
                0x00003350      0x12c .\CortexM3\ARM_GCC_493\Debug\states.o
                0x00003350                setNodeId
 .text._initialisation
                0x0000347c        0x4 .\CortexM3\ARM_GCC_493\Debug\states.o
                0x0000347c                _initialisation
 .text._preOperational
                0x00003480        0x4 .\CortexM3\ARM_GCC_493\Debug\states.o
                0x00003480                _preOperational
 .text._operational
                0x00003484        0x4 .\CortexM3\ARM_GCC_493\Debug\states.o
                0x00003484                _operational
 .text._stopped
                0x00003488        0x4 .\CortexM3\ARM_GCC_493\Debug\states.o
                0x00003488                _stopped
 .text.stopSYNC
                0x0000348c       0x2c .\CortexM3\ARM_GCC_493\Debug\sync.o
                0x0000348c                stopSYNC
 .text.startSYNC
                0x000034b8       0x64 .\CortexM3\ARM_GCC_493\Debug\sync.o
                0x000034b8                startSYNC
 .text.OnCOB_ID_SyncUpdate
                0x0000351c        0xc .\CortexM3\ARM_GCC_493\Debug\sync.o
                0x0000351c                OnCOB_ID_SyncUpdate
 .text.sendSYNCMessage
                0x00003528       0x28 .\CortexM3\ARM_GCC_493\Debug\sync.o
                0x00003528                sendSYNCMessage
 .text.proceedSYNC
                0x00003550       0x2c .\CortexM3\ARM_GCC_493\Debug\sync.o
                0x00003550                proceedSYNC
 .text.sendSYNC
                0x0000357c       0x14 .\CortexM3\ARM_GCC_493\Debug\sync.o
                0x0000357c                sendSYNC
 .text.SyncAlarm
                0x00003590        0x8 .\CortexM3\ARM_GCC_493\Debug\sync.o
                0x00003590                SyncAlarm
 .text._post_sync
                0x00003598        0x4 .\CortexM3\ARM_GCC_493\Debug\sync.o
                0x00003598                _post_sync
 .text._post_TPDO
                0x0000359c        0x4 .\CortexM3\ARM_GCC_493\Debug\sync.o
                0x0000359c                _post_TPDO
 .text.TestSlave_valueRangeTest
                0x000035a0       0x18 .\CortexM3\ARM_GCC_493\Debug\TestSlave.o
                0x000035a0                TestSlave_valueRangeTest
 .text.TestSlave_scanIndexOD
                0x000035b8      0x22c .\CortexM3\ARM_GCC_493\Debug\TestSlave.o
                0x000035b8                TestSlave_scanIndexOD
 .text.SetAlarm
                0x000037e4       0xa0 .\CortexM3\ARM_GCC_493\Debug\timer.o
                0x000037e4                SetAlarm
 .text.DelAlarm
                0x00003884       0x30 .\CortexM3\ARM_GCC_493\Debug\timer.o
                0x00003884                DelAlarm
 .text.TimeDispatch
                0x000038b4       0xac .\CortexM3\ARM_GCC_493\Debug\timer.o
                0x000038b4                TimeDispatch
 .text.setTimer
                0x00003960       0x20 .\CortexM3\ARM_GCC_493\Debug\canfestival.o
                0x00003960                setTimer
 .text.getElapsedTime
                0x00003980       0x20 .\CortexM3\ARM_GCC_493\Debug\canfestival.o
                0x00003980                getElapsedTime
 .text.timerForCan
                0x000039a0       0x34 .\CortexM3\ARM_GCC_493\Debug\canfestival.o
                0x000039a0                timerForCan
 .text.Control_LED_Write
                0x000039d4       0x20 .\CortexM3\ARM_GCC_493\Debug\led.o
                0x000039d4                Control_LED_Write
 .text.EEPROM_Array_Read
                0x000039f4       0x1c .\CortexM3\ARM_GCC_493\Debug\Valve_Control.o
                0x000039f4                EEPROM_Array_Read
 .text.EEPROM_Array_Write
                0x00003a10       0x14 .\CortexM3\ARM_GCC_493\Debug\Valve_Control.o
                0x00003a10                EEPROM_Array_Write
 .text.Read_config
                0x00003a24       0x54 .\CortexM3\ARM_GCC_493\Debug\Valve_Control.o
                0x00003a24                Read_config
 .text.Init_Stroke_Timer
                0x00003a78       0x30 .\CortexM3\ARM_GCC_493\Debug\Valve_Control.o
                0x00003a78                Init_Stroke_Timer
 .text.Write_config
                0x00003aa8       0x54 .\CortexM3\ARM_GCC_493\Debug\Valve_Control.o
                0x00003aa8                Write_config
 .text.LCD_DISPLAY
                0x00003afc       0xdc .\CortexM3\ARM_GCC_493\Debug\Valve_Control.o
                0x00003afc                LCD_DISPLAY
 .text.timer_10ms
                0x00003bd8      0x2a0 .\CortexM3\ARM_GCC_493\Debug\Valve_Control.o
                0x00003bd8                timer_10ms
 .text.Stroke_Process
                0x00003e78      0x34c .\CortexM3\ARM_GCC_493\Debug\Valve_Control.o
                0x00003e78                Stroke_Process
 .text.Slave_heartbeatError
                0x000041c4        0x4 .\CortexM3\ARM_GCC_493\Debug\CanopenDictConfig.o
                0x000041c4                Slave_heartbeatError
 .text.Slave_preOperational
                0x000041c8        0x4 .\CortexM3\ARM_GCC_493\Debug\CanopenDictConfig.o
                0x000041c8                Slave_preOperational
 .text.Slave_operational
                0x000041cc        0x4 .\CortexM3\ARM_GCC_493\Debug\CanopenDictConfig.o
                0x000041cc                Slave_operational
 .text.Slave_stopped
                0x000041d0        0x4 .\CortexM3\ARM_GCC_493\Debug\CanopenDictConfig.o
                0x000041d0                Slave_stopped
 .text.Slave_post_sync
                0x000041d4        0x4 .\CortexM3\ARM_GCC_493\Debug\CanopenDictConfig.o
                0x000041d4                Slave_post_sync
 .text.Slave_post_emcy
                0x000041d8        0x4 .\CortexM3\ARM_GCC_493\Debug\CanopenDictConfig.o
                0x000041d8                Slave_post_emcy
 .text.Slave_post_TPDO
                0x000041dc        0x4 .\CortexM3\ARM_GCC_493\Debug\CanopenDictConfig.o
                0x000041dc                Slave_post_TPDO
 .text.Slave_post_SlaveBootup
                0x000041e0        0x4 .\CortexM3\ARM_GCC_493\Debug\CanopenDictConfig.o
                0x000041e0                Slave_post_SlaveBootup
 .text.Slave_initialisation
                0x000041e4       0x2c .\CortexM3\ARM_GCC_493\Debug\CanopenDictConfig.o
                0x000041e4                Slave_initialisation
 .text.Slave_post_SlaveStateChange
                0x00004210       0x28 .\CortexM3\ARM_GCC_493\Debug\CanopenDictConfig.o
                0x00004210                Slave_post_SlaveStateChange
 .text.CANOpenSlaveInit
                0x00004238       0x68 .\CortexM3\ARM_GCC_493\Debug\CanopenDictConfig.o
                0x00004238                CANOpenSlaveInit
 .text.CanopenInit
                0x000042a0       0x40 .\CortexM3\ARM_GCC_493\Debug\CanopenDictConfig.o
                0x000042a0                CanopenInit
 .text.Init_TLC5616
                0x000042e0       0x18 .\CortexM3\ARM_GCC_493\Debug\TLC5616.o
                0x000042e0                Init_TLC5616
 .text.TLC5616_Write
                0x000042f8       0x78 .\CortexM3\ARM_GCC_493\Debug\TLC5616.o
                0x000042f8                TLC5616_Write
 .text.IntDefaultHandler
                0x00004370        0x4 .\CortexM3\ARM_GCC_493\Debug\Cm3Start.o
                0x00004370                IntDefaultHandler
 .text.Start_c  0x00004374       0x4c .\CortexM3\ARM_GCC_493\Debug\Cm3Start.o
                0x00004374                Start_c
 .text.initialize_psoc
                0x000043c0       0x74 .\CortexM3\ARM_GCC_493\Debug\Cm3Start.o
                0x000043c0                initialize_psoc
 .text.CyClockStartupError
                0x00004434        0x4 .\CortexM3\ARM_GCC_493\Debug\Design01.a(cyfitter_cfg.o)
 .text.cfg_write_bytes32
                0x00004438       0x34 .\CortexM3\ARM_GCC_493\Debug\Design01.a(cyfitter_cfg.o)
 .text.AnalogSetDefault
                0x0000446c       0x28 .\CortexM3\ARM_GCC_493\Debug\Design01.a(cyfitter_cfg.o)
 .text.ClockSetup
                0x00004494       0xd8 .\CortexM3\ARM_GCC_493\Debug\Design01.a(cyfitter_cfg.o)
 .text.CYMEMZERO
                0x0000456c        0xc .\CortexM3\ARM_GCC_493\Debug\Design01.a(cyfitter_cfg.o)
 .text.CYCONFIGCPY
                0x00004578        0x8 .\CortexM3\ARM_GCC_493\Debug\Design01.a(cyfitter_cfg.o)
 .text.cyfitter_cfg
                0x00004580      0x12c .\CortexM3\ARM_GCC_493\Debug\Design01.a(cyfitter_cfg.o)
                0x00004580                cyfitter_cfg
 .text.CAN_1_Stop
                0x000046ac       0x5c .\CortexM3\ARM_GCC_493\Debug\Design01.a(CAN_1.o)
                0x000046ac                CAN_1_Stop
 .text.CAN_1_GlobalIntEnable
                0x00004708       0x20 .\CortexM3\ARM_GCC_493\Debug\Design01.a(CAN_1.o)
                0x00004708                CAN_1_GlobalIntEnable
 .text.CAN_1_Enable
                0x00004728       0x6c .\CortexM3\ARM_GCC_493\Debug\Design01.a(CAN_1.o)
                0x00004728                CAN_1_Enable
 .text.CAN_1_GlobalIntDisable
                0x00004794       0x20 .\CortexM3\ARM_GCC_493\Debug\Design01.a(CAN_1.o)
                0x00004794                CAN_1_GlobalIntDisable
 .text.CAN_1_SetPreScaler
                0x000047b4       0x24 .\CortexM3\ARM_GCC_493\Debug\Design01.a(CAN_1.o)
                0x000047b4                CAN_1_SetPreScaler
 .text.CAN_1_SetArbiter
                0x000047d8       0x3c .\CortexM3\ARM_GCC_493\Debug\Design01.a(CAN_1.o)
                0x000047d8                CAN_1_SetArbiter
 .text.CAN_1_SetTsegSample
                0x00004814       0x84 .\CortexM3\ARM_GCC_493\Debug\Design01.a(CAN_1.o)
                0x00004814                CAN_1_SetTsegSample
 .text.CAN_1_SetRestartType
                0x00004898       0x3c .\CortexM3\ARM_GCC_493\Debug\Design01.a(CAN_1.o)
                0x00004898                CAN_1_SetRestartType
 .text.CAN_1_SetEdgeMode
                0x000048d4       0x3c .\CortexM3\ARM_GCC_493\Debug\Design01.a(CAN_1.o)
                0x000048d4                CAN_1_SetEdgeMode
 .text.CAN_1_SetIrqMask
                0x00004910       0x18 .\CortexM3\ARM_GCC_493\Debug\Design01.a(CAN_1.o)
                0x00004910                CAN_1_SetIrqMask
 .text.CAN_1_RxBufConfig
                0x00004928       0x90 .\CortexM3\ARM_GCC_493\Debug\Design01.a(CAN_1.o)
                0x00004928                CAN_1_RxBufConfig
 .text.CAN_1_TxBufConfig
                0x000049b8       0x54 .\CortexM3\ARM_GCC_493\Debug\Design01.a(CAN_1.o)
                0x000049b8                CAN_1_TxBufConfig
 .text.CAN_1_RxTxBuffersConfig
                0x00004a0c       0x50 .\CortexM3\ARM_GCC_493\Debug\Design01.a(CAN_1.o)
                0x00004a0c                CAN_1_RxTxBuffersConfig
 .text.CAN_1_Init
                0x00004a5c       0xe0 .\CortexM3\ARM_GCC_493\Debug\Design01.a(CAN_1.o)
                0x00004a5c                CAN_1_Init
 .text.CAN_1_Start
                0x00004b3c       0x24 .\CortexM3\ARM_GCC_493\Debug\Design01.a(CAN_1.o)
                0x00004b3c                CAN_1_Start
 .text.CAN_1_BusOffIsr
                0x00004b60       0x18 .\CortexM3\ARM_GCC_493\Debug\Design01.a(CAN_1_INT.o)
                0x00004b60                CAN_1_BusOffIsr
 .text.CAN_1_MsgRXIsr
                0x00004b78       0x44 .\CortexM3\ARM_GCC_493\Debug\Design01.a(CAN_1_INT.o)
                0x00004b78                CAN_1_MsgRXIsr
 .text.CAN_1_ISR
                0x00004bbc       0x24 .\CortexM3\ARM_GCC_493\Debug\Design01.a(CAN_1_INT.o)
                0x00004bbc                CAN_1_ISR
 .text.CAN_1_SendMsg
                0x00004be0       0xd8 .\CortexM3\ARM_GCC_493\Debug\Design01.a(CAN_1_TX_RX_func.o)
                0x00004be0                CAN_1_SendMsg
 .text.CAN_1_ReceiveMsg
                0x00004cb8       0xd8 .\CortexM3\ARM_GCC_493\Debug\Design01.a(CAN_1_TX_RX_func.o)
                0x00004cb8                CAN_1_ReceiveMsg
 .text          0x00004d90       0x20 .\CortexM3\ARM_GCC_493\Debug\Design01.a(CyBootAsmGnu.o)
                0x00004d90                CyDelayCycles
                0x00004da0                CyEnterCriticalSection
                0x00004da8                CyExitCriticalSection
 .text.CyHalt   0x00004db0        0x4 .\CortexM3\ARM_GCC_493\Debug\Design01.a(CyLib.o)
                0x00004db0                CyHalt
 .text.CyDelay  0x00004db4       0x2c .\CortexM3\ARM_GCC_493\Debug\Design01.a(CyLib.o)
                0x00004db4                CyDelay
 .text.CyDelayUs
                0x00004de0       0x14 .\CortexM3\ARM_GCC_493\Debug\Design01.a(CyLib.o)
                0x00004de0                CyDelayUs
 .text.CyIntSetVector
                0x00004df4       0x28 .\CortexM3\ARM_GCC_493\Debug\Design01.a(CyLib.o)
                0x00004df4                CyIntSetVector
 .text.CyIntSetPriority
                0x00004e1c       0x30 .\CortexM3\ARM_GCC_493\Debug\Design01.a(CyLib.o)
                0x00004e1c                CyIntSetPriority
 .text.Timer_1_Enable
                0x00004e4c       0x10 .\CortexM3\ARM_GCC_493\Debug\Design01.a(Timer_1.o)
                0x00004e4c                Timer_1_Enable
 .text.Timer_1_SetInterruptMode
                0x00004e5c        0xc .\CortexM3\ARM_GCC_493\Debug\Design01.a(Timer_1.o)
                0x00004e5c                Timer_1_SetInterruptMode
 .text.Timer_1_ReadStatusRegister
                0x00004e68        0xc .\CortexM3\ARM_GCC_493\Debug\Design01.a(Timer_1.o)
                0x00004e68                Timer_1_ReadStatusRegister
 .text.Timer_1_WritePeriod
                0x00004e74        0xc .\CortexM3\ARM_GCC_493\Debug\Design01.a(Timer_1.o)
                0x00004e74                Timer_1_WritePeriod
 .text.Timer_1_ReadCapture
                0x00004e80        0xc .\CortexM3\ARM_GCC_493\Debug\Design01.a(Timer_1.o)
                0x00004e80                Timer_1_ReadCapture
 .text.Timer_1_WriteCounter
                0x00004e8c        0xc .\CortexM3\ARM_GCC_493\Debug\Design01.a(Timer_1.o)
                0x00004e8c                Timer_1_WriteCounter
 .text.Timer_1_ClearFIFO
                0x00004e98       0x14 .\CortexM3\ARM_GCC_493\Debug\Design01.a(Timer_1.o)
                0x00004e98                Timer_1_ClearFIFO
 .text.Timer_1_Init
                0x00004eac       0x34 .\CortexM3\ARM_GCC_493\Debug\Design01.a(Timer_1.o)
                0x00004eac                Timer_1_Init
 .text.Timer_1_Start
                0x00004ee0       0x1c .\CortexM3\ARM_GCC_493\Debug\Design01.a(Timer_1.o)
                0x00004ee0                Timer_1_Start
 .text.LED1_Write
                0x00004efc       0x18 .\CortexM3\ARM_GCC_493\Debug\Design01.a(LED1.o)
                0x00004efc                LED1_Write
 .text.LED1_Read
                0x00004f14       0x10 .\CortexM3\ARM_GCC_493\Debug\Design01.a(LED1.o)
                0x00004f14                LED1_Read
 .text.ISR_Stroke_Timer_Interrupt
                0x00004f24       0x54 .\CortexM3\ARM_GCC_493\Debug\Design01.a(ISR_Stroke_Timer.o)
                0x00004f24                ISR_Stroke_Timer_Interrupt
 .text.ISR_Stroke_Timer_SetVector
                0x00004f78        0xc .\CortexM3\ARM_GCC_493\Debug\Design01.a(ISR_Stroke_Timer.o)
                0x00004f78                ISR_Stroke_Timer_SetVector
 .text.ISR_Stroke_Timer_SetPriority
                0x00004f84       0x10 .\CortexM3\ARM_GCC_493\Debug\Design01.a(ISR_Stroke_Timer.o)
                0x00004f84                ISR_Stroke_Timer_SetPriority
 .text.ISR_Stroke_Timer_Enable
                0x00004f94        0xc .\CortexM3\ARM_GCC_493\Debug\Design01.a(ISR_Stroke_Timer.o)
                0x00004f94                ISR_Stroke_Timer_Enable
 .text.ISR_Stroke_Timer_Disable
                0x00004fa0        0xc .\CortexM3\ARM_GCC_493\Debug\Design01.a(ISR_Stroke_Timer.o)
                0x00004fa0                ISR_Stroke_Timer_Disable
 .text.ISR_Stroke_Timer_Start
                0x00004fac       0x1c .\CortexM3\ARM_GCC_493\Debug\Design01.a(ISR_Stroke_Timer.o)
                0x00004fac                ISR_Stroke_Timer_Start
 .text.Control_Reg_1_Write
                0x00004fc8        0xc .\CortexM3\ARM_GCC_493\Debug\Design01.a(Control_Reg_1.o)
                0x00004fc8                Control_Reg_1_Write
 .text.Status_Reg_1_Read
                0x00004fd4        0xc .\CortexM3\ARM_GCC_493\Debug\Design01.a(Status_Reg_1.o)
                0x00004fd4                Status_Reg_1_Read
 .text.Clock_1_Start
                0x00004fe0       0x1c .\CortexM3\ARM_GCC_493\Debug\Design01.a(Clock_1.o)
                0x00004fe0                Clock_1_Start
 .text.LED2_Write
                0x00004ffc       0x18 .\CortexM3\ARM_GCC_493\Debug\Design01.a(LED2.o)
                0x00004ffc                LED2_Write
 .text.LED3_Write
                0x00005014       0x18 .\CortexM3\ARM_GCC_493\Debug\Design01.a(LED3.o)
                0x00005014                LED3_Write
 .text.EEPROM_1_Enable
                0x0000502c        0xc .\CortexM3\ARM_GCC_493\Debug\Design01.a(EEPROM_1.o)
                0x0000502c                EEPROM_1_Enable
 .text.EEPROM_1_Start
                0x00005038        0x8 .\CortexM3\ARM_GCC_493\Debug\Design01.a(EEPROM_1.o)
                0x00005038                EEPROM_1_Start
 .text.EEPROM_1_ReadByte
                0x00005040       0x28 .\CortexM3\ARM_GCC_493\Debug\Design01.a(EEPROM_1.o)
                0x00005040                EEPROM_1_ReadByte
 .text.EEPROM_1_Write
                0x00005068       0xb4 .\CortexM3\ARM_GCC_493\Debug\Design01.a(EEPROM_1.o)
                0x00005068                EEPROM_1_Write
 .text.TLC5616_CLK_Write
                0x0000511c       0x18 .\CortexM3\ARM_GCC_493\Debug\Design01.a(TLC5616_CLK.o)
                0x0000511c                TLC5616_CLK_Write
 .text.TLC5616_DAT_Write
                0x00005134       0x18 .\CortexM3\ARM_GCC_493\Debug\Design01.a(TLC5616_DAT.o)
                0x00005134                TLC5616_DAT_Write
 .text.TLC5616_CS1_Write
                0x0000514c       0x18 .\CortexM3\ARM_GCC_493\Debug\Design01.a(TLC5616_CS1.o)
                0x0000514c                TLC5616_CS1_Write
 .text.TLC5616_CS2_Write
                0x00005164       0x18 .\CortexM3\ARM_GCC_493\Debug\Design01.a(TLC5616_CS2.o)
                0x00005164                TLC5616_CS2_Write
 .text.LCD_Char_1_WrCntrlNib
                0x0000517c       0x34 .\CortexM3\ARM_GCC_493\Debug\Design01.a(LCD_Char_1.o)
 .text.LCD_Char_1_WrDatNib
                0x000051b0       0x44 .\CortexM3\ARM_GCC_493\Debug\Design01.a(LCD_Char_1.o)
 .text.LCD_Char_1_IsReady
                0x000051f4       0xe4 .\CortexM3\ARM_GCC_493\Debug\Design01.a(LCD_Char_1.o)
                0x000051f4                LCD_Char_1_IsReady
 .text.LCD_Char_1_WriteData
                0x000052d8       0x18 .\CortexM3\ARM_GCC_493\Debug\Design01.a(LCD_Char_1.o)
                0x000052d8                LCD_Char_1_WriteData
 .text.LCD_Char_1_PrintString
                0x000052f0       0x1c .\CortexM3\ARM_GCC_493\Debug\Design01.a(LCD_Char_1.o)
                0x000052f0                LCD_Char_1_PrintString
 .text.LCD_Char_1_WriteControl
                0x0000530c       0x18 .\CortexM3\ARM_GCC_493\Debug\Design01.a(LCD_Char_1.o)
                0x0000530c                LCD_Char_1_WriteControl
 .text.LCD_Char_1_Init
                0x00005324       0x6c .\CortexM3\ARM_GCC_493\Debug\Design01.a(LCD_Char_1.o)
                0x00005324                LCD_Char_1_Init
 .text.LCD_Char_1_Position
                0x00005390       0x3c .\CortexM3\ARM_GCC_493\Debug\Design01.a(LCD_Char_1.o)
                0x00005390                LCD_Char_1_Position
 .text.CyFlashGetSpcAlgorithm
                0x000053cc       0x4c .\CortexM3\ARM_GCC_493\Debug\Design01.a(CyFlash.o)
 .text.CySetTempInt
                0x00005418       0x60 .\CortexM3\ARM_GCC_493\Debug\Design01.a(CyFlash.o)
 .text.CySetTemp
                0x00005478       0x14 .\CortexM3\ARM_GCC_493\Debug\Design01.a(CyFlash.o)
                0x00005478                CySetTemp
 .text.CyEEPROM_Start
                0x0000548c       0x54 .\CortexM3\ARM_GCC_493\Debug\Design01.a(CyFlash.o)
                0x0000548c                CyEEPROM_Start
 .text.CyEEPROM_ReadReserve
                0x000054e0       0x1c .\CortexM3\ARM_GCC_493\Debug\Design01.a(CyFlash.o)
                0x000054e0                CyEEPROM_ReadReserve
 .text.CyEEPROM_ReadRelease
                0x000054fc       0x10 .\CortexM3\ARM_GCC_493\Debug\Design01.a(CyFlash.o)
                0x000054fc                CyEEPROM_ReadRelease
 .text.CySpcStart
                0x0000550c       0x24 .\CortexM3\ARM_GCC_493\Debug\Design01.a(CySpc.o)
                0x0000550c                CySpcStart
 .text.CySpcReadData
                0x00005530       0x34 .\CortexM3\ARM_GCC_493\Debug\Design01.a(CySpc.o)
                0x00005530                CySpcReadData
 .text.CySpcLoadRow
                0x00005564       0x54 .\CortexM3\ARM_GCC_493\Debug\Design01.a(CySpc.o)
                0x00005564                CySpcLoadRow
 .text.CySpcWriteRow
                0x000055b8       0x4c .\CortexM3\ARM_GCC_493\Debug\Design01.a(CySpc.o)
                0x000055b8                CySpcWriteRow
 .text.CySpcGetTemp
                0x00005604       0x3c .\CortexM3\ARM_GCC_493\Debug\Design01.a(CySpc.o)
                0x00005604                CySpcGetTemp
 .text.CySpcLock
                0x00005640       0x4c .\CortexM3\ARM_GCC_493\Debug\Design01.a(CySpc.o)
                0x00005640                CySpcLock
 .text.CySpcUnlock
                0x0000568c       0x38 .\CortexM3\ARM_GCC_493\Debug\Design01.a(CySpc.o)
                0x0000568c                CySpcUnlock
 .text.CySpcGetAlgorithm
                0x000056c4       0x28 .\CortexM3\ARM_GCC_493\Debug\Design01.a(CySpc.o)
                0x000056c4                CySpcGetAlgorithm
 .text.__libc_init_array
                0x000056ec       0x4c c:/program files (x86)/cypress/psoc creator/3.3/psoc creator/import/gnu/arm/4.9.3/bin/../lib/gcc/arm-none-eabi/4.9.3/../../../../arm-none-eabi/lib/armv7-m\libg_nano.a(lib_a-init.o)
                0x000056ec                __libc_init_array
 .text.memcmp   0x00005738       0x20 c:/program files (x86)/cypress/psoc creator/3.3/psoc creator/import/gnu/arm/4.9.3/bin/../lib/gcc/arm-none-eabi/4.9.3/../../../../arm-none-eabi/lib/armv7-m\libg_nano.a(lib_a-memcmp.o)
                0x00005738                memcmp
 .text.memcpy   0x00005758       0x16 c:/program files (x86)/cypress/psoc creator/3.3/psoc creator/import/gnu/arm/4.9.3/bin/../lib/gcc/arm-none-eabi/4.9.3/../../../../arm-none-eabi/lib/armv7-m\libg_nano.a(lib_a-memcpy.o)
                0x00005758                memcpy
 .text.memset   0x0000576e       0x10 c:/program files (x86)/cypress/psoc creator/3.3/psoc creator/import/gnu/arm/4.9.3/bin/../lib/gcc/arm-none-eabi/4.9.3/../../../../arm-none-eabi/lib/armv7-m\libg_nano.a(lib_a-memset.o)
                0x0000576e                memset
 *(.plt)
 *(.gnu.warning)
 *(.glue_7t)
 .glue_7t       0x00000000        0x0 linker stubs
 *(.glue_7)
 .glue_7        0x00000000        0x0 linker stubs
 *(.vfp11_veneer)
 .vfp11_veneer  0x00000000        0x0 linker stubs
 *(.bootloader)
 *(.ARM.extab* .gnu.linkonce.armextab.*)
 *(.gcc_except_table)

.v4_bx          0x00005780        0x0
 .v4_bx         0x00000000        0x0 linker stubs

.iplt           0x00005780        0x0
 .iplt          0x00000000        0x0 c:/program files (x86)/cypress/psoc creator/3.3/psoc creator/import/gnu/arm/4.9.3/bin/../lib/gcc/arm-none-eabi/4.9.3/armv7-m/crtbegin.o

.eh_frame_hdr
 *(.eh_frame_hdr)

.eh_frame       0x00005780        0x4
 *(.eh_frame)
 .eh_frame      0x00005780        0x0 c:/program files (x86)/cypress/psoc creator/3.3/psoc creator/import/gnu/arm/4.9.3/bin/../lib/gcc/arm-none-eabi/4.9.3/armv7-m/crtbegin.o
 .eh_frame      0x00005780        0x4 c:/program files (x86)/cypress/psoc creator/3.3/psoc creator/import/gnu/arm/4.9.3/bin/../lib/gcc/arm-none-eabi/4.9.3/armv7-m/crtend.o
                0x00005784                PROVIDE (__exidx_start, .)

.ARM.exidx
 *(.ARM.exidx* .gnu.linkonce.armexidx.*)
                0x00005784                __exidx_end = .

.rodata         0x00005784      0x354
 *(.rodata .rodata.* .gnu.linkonce.r.*)
 .rodata        0x00005784       0x38 .\CortexM3\ARM_GCC_493\Debug\states.o
 .rodata        0x000057bc      0x124 .\CortexM3\ARM_GCC_493\Debug\TestSlave.o
                0x000057bc                TestSlave_objdict
                0x000058dc                TestSlave_iam_a_slave
 .rodata        0x000058e0        0x8 .\CortexM3\ARM_GCC_493\Debug\Valve_Control.o
 .rodata.str1.4
                0x000058e8       0x38 .\CortexM3\ARM_GCC_493\Debug\Valve_Control.o
 .rodata        0x00005920       0x24 .\CortexM3\ARM_GCC_493\Debug\Design01.a(cyfitter_cfg.o)
 .rodata        0x00005944      0x160 .\CortexM3\ARM_GCC_493\Debug\Design01.a(CAN_1.o)
                0x00005aa4                . = ALIGN (0x4)
 *(.init)
 .init          0x00005aa4        0x4 c:/program files (x86)/cypress/psoc creator/3.3/psoc creator/import/gnu/arm/4.9.3/bin/../lib/gcc/arm-none-eabi/4.9.3/armv7-m/crti.o
                0x00005aa4                _init
 .init          0x00005aa8        0x8 c:/program files (x86)/cypress/psoc creator/3.3/psoc creator/import/gnu/arm/4.9.3/bin/../lib/gcc/arm-none-eabi/4.9.3/armv7-m/crtn.o
                0x00005ab0                . = ALIGN (0x4)
                0x00005ab0                __preinit_array_start = .
 *(.preinit_array)
                0x00005ab0                __preinit_array_end = .
                0x00005ab0                . = ALIGN (0x4)
                0x00005ab0                __init_array_start = .
 *(SORT(.init_array.*))
 *(.init_array)
 .init_array    0x00005ab0        0x4 c:/program files (x86)/cypress/psoc creator/3.3/psoc creator/import/gnu/arm/4.9.3/bin/../lib/gcc/arm-none-eabi/4.9.3/armv7-m/crtbegin.o
 .init_array    0x00005ab4        0x4 .\CortexM3\ARM_GCC_493\Debug\Cm3Start.o
                0x00005ab8                __init_array_end = .
                0x00005ab8                . = ALIGN (0x4)
 *(.fini)
 .fini          0x00005ab8        0x4 c:/program files (x86)/cypress/psoc creator/3.3/psoc creator/import/gnu/arm/4.9.3/bin/../lib/gcc/arm-none-eabi/4.9.3/armv7-m/crti.o
                0x00005ab8                _fini
 .fini          0x00005abc        0x8 c:/program files (x86)/cypress/psoc creator/3.3/psoc creator/import/gnu/arm/4.9.3/bin/../lib/gcc/arm-none-eabi/4.9.3/armv7-m/crtn.o
                0x00005ac4                . = ALIGN (0x4)
                0x00005ac4                __fini_array_start = .
 *(.fini_array)
 .fini_array    0x00005ac4        0x4 c:/program files (x86)/cypress/psoc creator/3.3/psoc creator/import/gnu/arm/4.9.3/bin/../lib/gcc/arm-none-eabi/4.9.3/armv7-m/crtbegin.o
 *(SORT(.fini_array.*))
                0x00005ac8                __fini_array_end = .
                0x00005ac8                . = ALIGN (0x4)
 *crtbegin.o(.ctors)
 *(EXCLUDE_FILE(*crtend.o) .ctors)
 *(SORT(.ctors.*))
 *crtend.o(.ctors)
                0x00005ac8                . = ALIGN (0x4)
 *crtbegin.o(.dtors)
 *(EXCLUDE_FILE(*crtend.o) .dtors)
 *(SORT(.dtors.*))
 *crtend.o(.dtors)
                0x00005ac8                . = ALIGN (0x4)
                0x00005ac8                __cy_regions = .
                0x00005ac8        0x4 LONG 0x5ad8 __cy_region_init_ram
                0x00005acc        0x4 LONG 0x1fff8108 __cy_region_start_data
                0x00005ad0        0x4 LONG 0x7d0 __cy_region_init_size_ram
                0x00005ad4        0x4 LONG 0x2a0 __cy_region_zero_size_ram
                0x00005ad8                __cy_regions_end = .
                0x00005ad8                . = ALIGN (0x8)
                0x00005ad8                _etext = .

.cy_checksum_exclude
                0x00005ad8        0x0
 *(.cy_checksum_exclude)

.ramvectors     0x1fff8000      0x100
                0x1fff8000                __cy_region_start_ram = .
 *(.ramvectors)
 .ramvectors    0x1fff8000      0x100 .\CortexM3\ARM_GCC_493\Debug\Cm3Start.o
                0x1fff8000                CyRamVectors

.noinit         0x1fff8100        0x5
 *(.noinit)
 .noinit        0x1fff8100        0x4 .\CortexM3\ARM_GCC_493\Debug\Cm3Start.o
 .noinit        0x1fff8104        0x1 .\CortexM3\ARM_GCC_493\Debug\Design01.a(CyLib.o)
                0x1fff8104                CyResetStatus

.data           0x1fff8108      0x7d0 load address 0x00005ad8
                0x1fff8108                __cy_region_start_data = .
 *(.jcr)
 .jcr           0x1fff8108        0x0 c:/program files (x86)/cypress/psoc creator/3.3/psoc creator/import/gnu/arm/4.9.3/bin/../lib/gcc/arm-none-eabi/4.9.3/armv7-m/crtbegin.o
 .jcr           0x1fff8108        0x4 c:/program files (x86)/cypress/psoc creator/3.3/psoc creator/import/gnu/arm/4.9.3/bin/../lib/gcc/arm-none-eabi/4.9.3/armv7-m/crtend.o
 *(.got.plt)
 *(.got)
 *(.shdata)
 *(.data .data.* .gnu.linkonce.d.*)
 .data          0x1fff810c      0x7a0 .\CortexM3\ARM_GCC_493\Debug\TestSlave.o
                0x1fff810c                TestSlave_Data
                0x1fff82b8                TestSlave_PDO_status
                0x1fff8312                TestSlave_ObjdictSize
                0x1fff8314                TestSlave_lastIndex
                0x1fff8320                TestSlave_firstIndex
                0x1fff832c                TestSlave_Index7001
                0x1fff8344                TestSlave_highestSubIndex_obj7001
                0x1fff8348                TestSlave_Index7000
                0x1fff83c0                TestSlave_highestSubIndex_obj7000
                0x1fff83c4                TestSlave_Index200C
                0x1fff83d0                TestSlave_Index200B
                0x1fff83dc                TestSlave_Index200A
                0x1fff83e8                TestSlave_Index2009
                0x1fff83f4                TestSlave_Index2008
                0x1fff8400                TestSlave_Index2007
                0x1fff840c                TestSlave_Index2006
                0x1fff8418                TestSlave_Index2005
                0x1fff8424                TestSlave_Index2004
                0x1fff8430                TestSlave_Index2003
                0x1fff843c                TestSlave_Index2002
                0x1fff8448                TestSlave_Index2001
                0x1fff8454                TestSlave_Index2000
                0x1fff8478                TestSlave_Index1A04
                0x1fff8490                TestSlave_obj1A04
                0x1fff8494                TestSlave_highestSubIndex_obj1A04
                0x1fff8498                TestSlave_Index1A03
                0x1fff84b0                TestSlave_obj1A03
                0x1fff84b4                TestSlave_highestSubIndex_obj1A03
                0x1fff84b8                TestSlave_Index1A02
                0x1fff84d0                TestSlave_obj1A02
                0x1fff84d4                TestSlave_highestSubIndex_obj1A02
                0x1fff84d8                TestSlave_Index1A01
                0x1fff84f0                TestSlave_obj1A01
                0x1fff84f4                TestSlave_highestSubIndex_obj1A01
                0x1fff84f8                TestSlave_Index1A00
                0x1fff8528                TestSlave_obj1A00
                0x1fff8534                TestSlave_highestSubIndex_obj1A00
                0x1fff8538                TestSlave_Index1804
                0x1fff8580                TestSlave_obj1804_Transmission_Type
                0x1fff8584                TestSlave_obj1804_COB_ID_used_by_PDO
                0x1fff8588                TestSlave_highestSubIndex_obj1804
                0x1fff858c                TestSlave_Index1803
                0x1fff85d4                TestSlave_obj1803_Transmission_Type
                0x1fff85d8                TestSlave_obj1803_COB_ID_used_by_PDO
                0x1fff85dc                TestSlave_highestSubIndex_obj1803
                0x1fff85e0                TestSlave_Index1802
                0x1fff8628                TestSlave_obj1802_Event_Timer
                0x1fff862c                TestSlave_obj1802_COB_ID_used_by_PDO
                0x1fff8630                TestSlave_highestSubIndex_obj1802
                0x1fff8634                TestSlave_Index1801
                0x1fff867c                TestSlave_obj1801_COB_ID_used_by_PDO
                0x1fff8680                TestSlave_highestSubIndex_obj1801
                0x1fff8684                TestSlave_Index1800
                0x1fff86cc                TestSlave_obj1800_Event_Timer
                0x1fff86ce                TestSlave_obj1800_Transmission_Type
                0x1fff86d0                TestSlave_obj1800_COB_ID_used_by_PDO
                0x1fff86d4                TestSlave_highestSubIndex_obj1800
                0x1fff86d8                TestSlave_Index1200
                0x1fff86fc                TestSlave_obj1200_COB_ID_Server_to_Client_Transmit_SDO
                0x1fff8700                TestSlave_obj1200_COB_ID_Client_to_Server_Receive_SDO
                0x1fff8704                TestSlave_highestSubIndex_obj1200
                0x1fff8708                TestSlave_Index1018
                0x1fff8744                TestSlave_obj1018_Serial_Number
                0x1fff8748                TestSlave_obj1018_Revision_Number
                0x1fff874c                TestSlave_obj1018_Product_Code
                0x1fff8750                TestSlave_obj1018_Vendor_ID
                0x1fff8754                TestSlave_highestSubIndex_obj1018
                0x1fff8758                TestSlave_Index1017
                0x1fff8764                TestSlave_Index1014
                0x1fff8770                TestSlave_obj1014
                0x1fff8774                TestSlave_Index1011
                0x1fff87b0                TestSlave_highestSubIndex_obj1011
                0x1fff87b4                TestSlave_Index1010
                0x1fff87f0                TestSlave_highestSubIndex_obj1010
                0x1fff87f4                TestSlave_Index1006
                0x1fff8800                TestSlave_Index1005
                0x1fff880c                TestSlave_obj1005
                0x1fff8810                TestSlave_Index1003
                0x1fff887c                TestSlave_Index1001
                0x1fff8888                TestSlave_Index1000
                0x1fff8894                TestSlave_obj1000
                0x1fff8898                SlaveMap13
                0x1fff889a                SlaveMap1
                0x1fff889c                SlaveMap11
                0x1fff88a0                SlaveMap10
                0x1fff88a4                SlaveMap9
                0x1fff88a5                SlaveMap8
                0x1fff88a6                SlaveMap7
                0x1fff88a7                SlaveMap6
                0x1fff88a8                SlaveMap5
                0x1fff88a9                SlaveMap4
                0x1fff88aa                SlaveMap3
                0x1fff88ab                SlaveMap2
 .data          0x1fff88ac        0x8 .\CortexM3\ARM_GCC_493\Debug\timer.o
                0x1fff88ac                last_timer_raw
                0x1fff88b0                total_sleep_time
 .data          0x1fff88b4        0x8 .\CortexM3\ARM_GCC_493\Debug\canfestival.o
                0x1fff88b4                TIMER_MAX_COUNT
 .data          0x1fff88bc        0x8 .\CortexM3\ARM_GCC_493\Debug\Valve_Control.o
                0x1fff88bc                LED_Status
                0x1fff88c2                FootStart_state
                0x1fff88c3                FootUP_State
 .data          0x1fff88c4        0x1 .\CortexM3\ARM_GCC_493\Debug\CanopenDictConfig.o
                0x1fff88c4                nodeID
 *fill*         0x1fff88c5        0x3 
 .data          0x1fff88c8       0x10 .\CortexM3\ARM_GCC_493\Debug\Design01.a(CyLib.o)
                0x1fff88c8                cydelay_32k_ms
                0x1fff88cc                cydelay_freq_khz
                0x1fff88d0                cydelay_freq_mhz
                0x1fff88d4                cydelay_freq_hz
                0x1fff88d8                . = ALIGN (0x8)
 *(.ram)
                0x1fff88d8                _edata = .

.igot.plt       0x1fff88d8        0x0 load address 0x000062a8
 .igot.plt      0x00000000        0x0 c:/program files (x86)/cypress/psoc creator/3.3/psoc creator/import/gnu/arm/4.9.3/bin/../lib/gcc/arm-none-eabi/4.9.3/armv7-m/crtbegin.o

.bss            0x1fff88d8      0x2a0 load address 0x000062a8
                0x1fff88d8                PROVIDE (__bss_start__, .)
 *(.shbss)
 *(.bss .bss.* .gnu.linkonce.b.*)
 .bss           0x1fff88d8       0x1c c:/program files (x86)/cypress/psoc creator/3.3/psoc creator/import/gnu/arm/4.9.3/bin/../lib/gcc/arm-none-eabi/4.9.3/armv7-m/crtbegin.o
 .bss           0x1fff88f4      0x144 .\CortexM3\ARM_GCC_493\Debug\TestSlave.o
                0x1fff88f4                TestSlave_Index1003_callbacks
                0x1fff8918                TestSlave_Index1005_callbacks
                0x1fff891c                TestSlave_Index1006_callbacks
                0x1fff8920                TestSlave_Index1010_callbacks
                0x1fff8934                TestSlave_Index1011_callbacks
                0x1fff8948                TestSlave_Index1017_callbacks
                0x1fff894c                TestSlave_Index1800_callbacks
                0x1fff8964                TestSlave_Index1801_callbacks
                0x1fff897c                TestSlave_Index1802_callbacks
                0x1fff8994                TestSlave_Index1803_callbacks
                0x1fff89ac                TestSlave_Index1804_callbacks
                0x1fff89c4                TestSlave_obj1804_Event_Timer
                0x1fff89c6                TestSlave_obj1804_Compatibility_Entry
                0x1fff89c8                TestSlave_obj1804_Inhibit_Time
                0x1fff89ca                TestSlave_obj1803_Event_Timer
                0x1fff89cc                TestSlave_obj1803_Compatibility_Entry
                0x1fff89ce                TestSlave_obj1803_Inhibit_Time
                0x1fff89d0                TestSlave_obj1802_Compatibility_Entry
                0x1fff89d2                TestSlave_obj1802_Inhibit_Time
                0x1fff89d4                TestSlave_obj1802_Transmission_Type
                0x1fff89d6                TestSlave_obj1801_Event_Timer
                0x1fff89d8                TestSlave_obj1801_Compatibility_Entry
                0x1fff89da                TestSlave_obj1801_Inhibit_Time
                0x1fff89dc                TestSlave_obj1801_Transmission_Type
                0x1fff89dd                TestSlave_obj1800_Compatibility_Entry
                0x1fff89de                TestSlave_obj1800_Inhibit_Time
                0x1fff89e0                TestSlave_obj1017
                0x1fff89e4                TestSlave_obj1016
                0x1fff89e8                TestSlave_highestSubIndex_obj1016
                0x1fff89ec                TestSlave_obj1011_Restore_Manufacturer_Default_Parameters
                0x1fff89f0                TestSlave_obj1011_Restore_Application_Default_Parameters
                0x1fff89f4                TestSlave_obj1011_Restore_Communication_Default_Parameters
                0x1fff89f8                TestSlave_obj1011_Restore_All_Default_Parameters
                0x1fff89fc                TestSlave_obj1010_Save_Manufacturer_Parameters
                0x1fff8a00                TestSlave_obj1010_Save_Application_Parameters
                0x1fff8a04                TestSlave_obj1010_Save_Communication_Parameters
                0x1fff8a08                TestSlave_obj1010_Save_All_Parameters
                0x1fff8a0c                TestSlave_obj1006
                0x1fff8a10                TestSlave_obj1003
                0x1fff8a30                TestSlave_highestSubIndex_obj1003
                0x1fff8a31                TestSlave_obj1001
                0x1fff8a32                TestSlave_bDeviceNodeId
                0x1fff8a33                System_enable
                0x1fff8a34                TPDO_PROCESS_Status
                0x1fff8a35                TPDO_OUT_Status
                0x1fff8a36                TPDO_IN_Status
 .bss           0x1fff8a38       0xc4 .\CortexM3\ARM_GCC_493\Debug\timer.o
                0x1fff8a38                timers
                0x1fff8af8                tdcount
 .bss           0x1fff8afc        0x8 .\CortexM3\ARM_GCC_493\Debug\canfestival.o
                0x1fff8afc                TimeCNT
                0x1fff8b00                NextTime
 .bss           0x1fff8b04        0x8 .\CortexM3\ARM_GCC_493\Debug\Valve_Control.o
 .bss           0x1fff8b0c        0x1 .\CortexM3\ARM_GCC_493\Debug\CanopenDictConfig.o
 .bss           0x1fff8b0d        0x1 .\CortexM3\ARM_GCC_493\Debug\Design01.a(CAN_1.o)
                0x1fff8b0d                CAN_1_initVar
 .bss           0x1fff8b0e        0x1 .\CortexM3\ARM_GCC_493\Debug\Design01.a(Timer_1.o)
                0x1fff8b0e                Timer_1_initVar
 *fill*         0x1fff8b0f        0x1 
 .bss           0x1fff8b10        0x8 .\CortexM3\ARM_GCC_493\Debug\Design01.a(ISR_Stroke_Timer.o)
                0x1fff8b14                ISR_Stroke_Timer_states
 .bss           0x1fff8b18        0x8 .\CortexM3\ARM_GCC_493\Debug\Design01.a(CySpc.o)
                0x1fff8b18                SpcLockState
 *(COMMON)
 COMMON         0x1fff8b20       0x1c .\CortexM3\ARM_GCC_493\Debug\main.o
                0x1fff8b20                receiveData
                0x1fff8b28                Data
                0x1fff8b30                CAN_message
 COMMON         0x1fff8b3c        0xe .\CortexM3\ARM_GCC_493\Debug\TestSlave.o
                0x1fff8b3c                config_para
                0x1fff8b48                TestSlave_heartBeatTimers
 *fill*         0x1fff8b4a        0x2 
 COMMON         0x1fff8b4c       0x18 .\CortexM3\ARM_GCC_493\Debug\Valve_Control.o
                0x1fff8b4c                CutReg
 COMMON         0x1fff8b64        0xc .\CortexM3\ARM_GCC_493\Debug\Design01.a(CAN_1_TX_RX_func.o)
                0x1fff8b64                m
 COMMON         0x1fff8b70        0x2 .\CortexM3\ARM_GCC_493\Debug\Design01.a(CyFlash.o)
                0x1fff8b70                dieTemperature
                0x1fff8b78                . = ALIGN (0x8)
 *fill*         0x1fff8b72        0x6 
 *(.ram.b)
                0x1fff8b78                _end = .
                0x1fff8b78                __end = .
                0x1fff8b78                PROVIDE (end, .)
                0x1fff8b78                PROVIDE (__bss_end__, .)
                0x00005ad8                __cy_region_init_ram = LOADADDR (.data)
                0x000007d0                __cy_region_init_size_ram = (_edata - ADDR (.data))
                0x000002a0                __cy_region_zero_size_ram = (_end - _edata)

.heap           0x1fff8b78       0x80 load address 0x000062a8
                0x1fff8b78                . = _end
                0x1fff8bf8                . = (. + 0x80)
 *fill*         0x1fff8b78       0x80 
                0x1fff8bf8                __cy_heap_limit = .

.stack          0x20007800      0x800
                0x20007800                __cy_stack_limit = .
                0x20008000                . = (. + 0x800)
 *fill*         0x20007800      0x800 
                0x00000001                ASSERT ((__cy_stack_limit >= __cy_heap_limit), region RAM overflowed with stack)
                0x00000000                cy_checksum_exclude_size = (CY_APPL_LOADABLE == 0x1)?SIZEOF (.cy_checksum_exclude):0x0
                0x00000001                ASSERT ((cy_checksum_exclude_size <= CY_CHECKSUM_EXCLUDE_SIZE), CY_BOOT: Section .cy_checksum_exclude size exceedes specified limit.)

.cyloadermeta
 *(.cyloadermeta)

.cyloadablemeta
 *(.cyloadablemeta)

.cyconfigecc    0x80000000      0x658
 *(.cyconfigecc)
 .cyconfigecc   0x80000000      0x658 .\CortexM3\ARM_GCC_493\Debug\cymetadata.o
                0x80000000                cy_meta_configecc

.cycustnvl      0x90000000        0x4
 *(.cycustnvl)
 .cycustnvl     0x90000000        0x4 .\CortexM3\ARM_GCC_493\Debug\cymetadata.o
                0x90000000                cy_meta_custnvl

.cywolatch      0x90100000        0x4
 *(.cywolatch)
 .cywolatch     0x90100000        0x4 .\CortexM3\ARM_GCC_493\Debug\cymetadata.o
                0x90100000                cy_meta_wonvl

.cyeeprom       0x90200000        0x0
 *(.cyeeprom)
                0x00000001                ASSERT ((. <= ((0x90200000 + ee_offset) + ee_size)), .cyeeprom data will not fit in EEPROM)

.cyflashprotect
                0x90400000      0x100
 *(.cyflashprotect)
 .cyflashprotect
                0x90400000      0x100 .\CortexM3\ARM_GCC_493\Debug\cymetadata.o
                0x90400000                cy_meta_flashprotect

.cymeta         0x90500000        0xc
 *(.cymeta)
 .cymeta        0x90500000        0xc .\CortexM3\ARM_GCC_493\Debug\cymetadata.o
                0x90500000                cy_metadata

.rel.dyn        0x000062a8        0x0 load address 0x9050000c
 .rel.iplt      0x00000000        0x0 c:/program files (x86)/cypress/psoc creator/3.3/psoc creator/import/gnu/arm/4.9.3/bin/../lib/gcc/arm-none-eabi/4.9.3/armv7-m/crtbegin.o

.stab
 *(.stab)

.stabstr
 *(.stabstr)

.debug
 *(.debug)

.line
 *(.line)

.debug_srcinfo
 *(.debug_srcinfo)

.debug_sfnames
 *(.debug_sfnames)

.debug_aranges  0x00000000     0x1098
 *(.debug_aranges)
 .debug_aranges
                0x00000000       0x28 .\CortexM3\ARM_GCC_493\Debug\main.o
 .debug_aranges
                0x00000028       0x50 .\CortexM3\ARM_GCC_493\Debug\dcf.o
 .debug_aranges
                0x00000078       0x58 .\CortexM3\ARM_GCC_493\Debug\emcy.o
 .debug_aranges
                0x000000d0       0x68 .\CortexM3\ARM_GCC_493\Debug\lifegrd.o
 .debug_aranges
                0x00000138       0x18 .\CortexM3\ARM_GCC_493\Debug\lss.o
 .debug_aranges
                0x00000150       0x30 .\CortexM3\ARM_GCC_493\Debug\nmtMaster.o
 .debug_aranges
                0x00000180       0x28 .\CortexM3\ARM_GCC_493\Debug\nmtSlave.o
 .debug_aranges
                0x000001a8       0x48 .\CortexM3\ARM_GCC_493\Debug\objacces.o
 .debug_aranges
                0x000001f0       0x88 .\CortexM3\ARM_GCC_493\Debug\pdo.o
 .debug_aranges
                0x00000278      0x100 .\CortexM3\ARM_GCC_493\Debug\sdo.o
 .debug_aranges
                0x00000378       0x68 .\CortexM3\ARM_GCC_493\Debug\states.o
 .debug_aranges
                0x000003e0       0x60 .\CortexM3\ARM_GCC_493\Debug\sync.o
 .debug_aranges
                0x00000440       0x28 .\CortexM3\ARM_GCC_493\Debug\TestSlave.o
 .debug_aranges
                0x00000468       0x30 .\CortexM3\ARM_GCC_493\Debug\timer.o
 .debug_aranges
                0x00000498       0x30 .\CortexM3\ARM_GCC_493\Debug\canfestival.o
 .debug_aranges
                0x000004c8       0x20 .\CortexM3\ARM_GCC_493\Debug\led.o
 .debug_aranges
                0x000004e8       0x60 .\CortexM3\ARM_GCC_493\Debug\Valve_Control.o
 .debug_aranges
                0x00000548       0x80 .\CortexM3\ARM_GCC_493\Debug\CanopenDictConfig.o
 .debug_aranges
                0x000005c8       0x28 .\CortexM3\ARM_GCC_493\Debug\TLC5616.o
 .debug_aranges
                0x000005f0       0x18 .\CortexM3\ARM_GCC_493\Debug\cymetadata.o
 .debug_aranges
                0x00000608       0x48 .\CortexM3\ARM_GCC_493\Debug\Cm3Start.o
 .debug_aranges
                0x00000650       0x58 .\CortexM3\ARM_GCC_493\Debug\Design01.a(cyfitter_cfg.o)
 .debug_aranges
                0x000006a8       0xc8 .\CortexM3\ARM_GCC_493\Debug\Design01.a(CAN_1.o)
 .debug_aranges
                0x00000770       0x30 .\CortexM3\ARM_GCC_493\Debug\Design01.a(CAN_1_INT.o)
 .debug_aranges
                0x000007a0       0x30 .\CortexM3\ARM_GCC_493\Debug\Design01.a(CAN_1_TX_RX_func.o)
 .debug_aranges
                0x000007d0       0x20 .\CortexM3\ARM_GCC_493\Debug\Design01.a(CyBootAsmGnu.o)
 .debug_aranges
                0x000007f0      0x298 .\CortexM3\ARM_GCC_493\Debug\Design01.a(CyLib.o)
 .debug_aranges
                0x00000a88       0x98 .\CortexM3\ARM_GCC_493\Debug\Design01.a(cyPm.o)
 .debug_aranges
                0x00000b20       0x90 .\CortexM3\ARM_GCC_493\Debug\Design01.a(Timer_1.o)
 .debug_aranges
                0x00000bb0       0x38 .\CortexM3\ARM_GCC_493\Debug\Design01.a(LED1.o)
 .debug_aranges
                0x00000be8       0x80 .\CortexM3\ARM_GCC_493\Debug\Design01.a(ISR_Stroke_Timer.o)
 .debug_aranges
                0x00000c68       0x28 .\CortexM3\ARM_GCC_493\Debug\Design01.a(Control_Reg_1.o)
 .debug_aranges
                0x00000c90       0x40 .\CortexM3\ARM_GCC_493\Debug\Design01.a(Status_Reg_1.o)
 .debug_aranges
                0x00000cd0       0x70 .\CortexM3\ARM_GCC_493\Debug\Design01.a(Clock_1.o)
 .debug_aranges
                0x00000d40       0x38 .\CortexM3\ARM_GCC_493\Debug\Design01.a(LED2.o)
 .debug_aranges
                0x00000d78       0x38 .\CortexM3\ARM_GCC_493\Debug\Design01.a(LED3.o)
 .debug_aranges
                0x00000db0       0x78 .\CortexM3\ARM_GCC_493\Debug\Design01.a(EEPROM_1.o)
 .debug_aranges
                0x00000e28       0x38 .\CortexM3\ARM_GCC_493\Debug\Design01.a(TLC5616_CLK.o)
 .debug_aranges
                0x00000e60       0x38 .\CortexM3\ARM_GCC_493\Debug\Design01.a(TLC5616_DAT.o)
 .debug_aranges
                0x00000e98       0x38 .\CortexM3\ARM_GCC_493\Debug\Design01.a(TLC5616_CS1.o)
 .debug_aranges
                0x00000ed0       0x38 .\CortexM3\ARM_GCC_493\Debug\Design01.a(TLC5616_CS2.o)
 .debug_aranges
                0x00000f08       0x98 .\CortexM3\ARM_GCC_493\Debug\Design01.a(LCD_Char_1.o)
 .debug_aranges
                0x00000fa0       0x80 .\CortexM3\ARM_GCC_493\Debug\Design01.a(CyFlash.o)
 .debug_aranges
                0x00001020       0x78 .\CortexM3\ARM_GCC_493\Debug\Design01.a(CySpc.o)

.debug_pubnames
 *(.debug_pubnames)

.debug_info     0x00000000    0x16a73
 *(.debug_info .gnu.linkonce.wi.*)
 .debug_info    0x00000000      0x724 .\CortexM3\ARM_GCC_493\Debug\main.o
 .debug_info    0x00000724      0xfae .\CortexM3\ARM_GCC_493\Debug\dcf.o
 .debug_info    0x000016d2      0xc4e .\CortexM3\ARM_GCC_493\Debug\emcy.o
 .debug_info    0x00002320      0xe2e .\CortexM3\ARM_GCC_493\Debug\lifegrd.o
 .debug_info    0x0000314e       0x72 .\CortexM3\ARM_GCC_493\Debug\lss.o
 .debug_info    0x000031c0      0xa55 .\CortexM3\ARM_GCC_493\Debug\nmtMaster.o
 .debug_info    0x00003c15      0xae7 .\CortexM3\ARM_GCC_493\Debug\nmtSlave.o
 .debug_info    0x000046fc      0xda1 .\CortexM3\ARM_GCC_493\Debug\objacces.o
 .debug_info    0x0000549d     0x1526 .\CortexM3\ARM_GCC_493\Debug\pdo.o
 .debug_info    0x000069c3     0x37e6 .\CortexM3\ARM_GCC_493\Debug\sdo.o
 .debug_info    0x0000a1a9      0xf48 .\CortexM3\ARM_GCC_493\Debug\states.o
 .debug_info    0x0000b0f1      0xcd5 .\CortexM3\ARM_GCC_493\Debug\sync.o
 .debug_info    0x0000bdc6     0x1510 .\CortexM3\ARM_GCC_493\Debug\TestSlave.o
 .debug_info    0x0000d2d6      0xb6d .\CortexM3\ARM_GCC_493\Debug\timer.o
 .debug_info    0x0000de43      0x132 .\CortexM3\ARM_GCC_493\Debug\canfestival.o
 .debug_info    0x0000df75      0x150 .\CortexM3\ARM_GCC_493\Debug\led.o
 .debug_info    0x0000e0c5      0xe66 .\CortexM3\ARM_GCC_493\Debug\Valve_Control.o
 .debug_info    0x0000ef2b      0xc81 .\CortexM3\ARM_GCC_493\Debug\CanopenDictConfig.o
 .debug_info    0x0000fbac      0x2a8 .\CortexM3\ARM_GCC_493\Debug\TLC5616.o
 .debug_info    0x0000fe54      0x13c .\CortexM3\ARM_GCC_493\Debug\cymetadata.o
 .debug_info    0x0000ff90      0x3a3 .\CortexM3\ARM_GCC_493\Debug\Cm3Start.o
 .debug_info    0x00010333      0x564 .\CortexM3\ARM_GCC_493\Debug\Design01.a(cyfitter_cfg.o)
 .debug_info    0x00010897      0x920 .\CortexM3\ARM_GCC_493\Debug\Design01.a(CAN_1.o)
 .debug_info    0x000111b7      0x24f .\CortexM3\ARM_GCC_493\Debug\Design01.a(CAN_1_INT.o)
 .debug_info    0x00011406      0xc69 .\CortexM3\ARM_GCC_493\Debug\Design01.a(CAN_1_TX_RX_func.o)
 .debug_info    0x0001206f       0x7c .\CortexM3\ARM_GCC_493\Debug\Design01.a(CyBootAsmGnu.o)
 .debug_info    0x000120eb     0x136c .\CortexM3\ARM_GCC_493\Debug\Design01.a(CyLib.o)
 .debug_info    0x00013457      0xa55 .\CortexM3\ARM_GCC_493\Debug\Design01.a(cyPm.o)
 .debug_info    0x00013eac      0x2e9 .\CortexM3\ARM_GCC_493\Debug\Design01.a(Timer_1.o)
 .debug_info    0x00014195      0x11e .\CortexM3\ARM_GCC_493\Debug\Design01.a(LED1.o)
 .debug_info    0x000142b3      0x3ce .\CortexM3\ARM_GCC_493\Debug\Design01.a(ISR_Stroke_Timer.o)
 .debug_info    0x00014681       0xd5 .\CortexM3\ARM_GCC_493\Debug\Design01.a(Control_Reg_1.o)
 .debug_info    0x00014756      0x179 .\CortexM3\ARM_GCC_493\Debug\Design01.a(Status_Reg_1.o)
 .debug_info    0x000148cf      0x281 .\CortexM3\ARM_GCC_493\Debug\Design01.a(Clock_1.o)
 .debug_info    0x00014b50      0x11e .\CortexM3\ARM_GCC_493\Debug\Design01.a(LED2.o)
 .debug_info    0x00014c6e      0x11e .\CortexM3\ARM_GCC_493\Debug\Design01.a(LED3.o)
 .debug_info    0x00014d8c      0x666 .\CortexM3\ARM_GCC_493\Debug\Design01.a(EEPROM_1.o)
 .debug_info    0x000153f2      0x11e .\CortexM3\ARM_GCC_493\Debug\Design01.a(TLC5616_CLK.o)
 .debug_info    0x00015510      0x120 .\CortexM3\ARM_GCC_493\Debug\Design01.a(TLC5616_DAT.o)
 .debug_info    0x00015630      0x11e .\CortexM3\ARM_GCC_493\Debug\Design01.a(TLC5616_CS1.o)
 .debug_info    0x0001574e      0x11e .\CortexM3\ARM_GCC_493\Debug\Design01.a(TLC5616_CS2.o)
 .debug_info    0x0001586c      0x712 .\CortexM3\ARM_GCC_493\Debug\Design01.a(LCD_Char_1.o)
 .debug_info    0x00015f7e      0x608 .\CortexM3\ARM_GCC_493\Debug\Design01.a(CyFlash.o)
 .debug_info    0x00016586      0x4ed .\CortexM3\ARM_GCC_493\Debug\Design01.a(CySpc.o)

.debug_abbrev   0x00000000     0x40ad
 *(.debug_abbrev)
 .debug_abbrev  0x00000000      0x212 .\CortexM3\ARM_GCC_493\Debug\main.o
 .debug_abbrev  0x00000212      0x276 .\CortexM3\ARM_GCC_493\Debug\dcf.o
 .debug_abbrev  0x00000488      0x1d3 .\CortexM3\ARM_GCC_493\Debug\emcy.o
 .debug_abbrev  0x0000065b      0x21f .\CortexM3\ARM_GCC_493\Debug\lifegrd.o
 .debug_abbrev  0x0000087a       0x26 .\CortexM3\ARM_GCC_493\Debug\lss.o
 .debug_abbrev  0x000008a0      0x18e .\CortexM3\ARM_GCC_493\Debug\nmtMaster.o
 .debug_abbrev  0x00000a2e      0x1f9 .\CortexM3\ARM_GCC_493\Debug\nmtSlave.o
 .debug_abbrev  0x00000c27      0x1fe .\CortexM3\ARM_GCC_493\Debug\objacces.o
 .debug_abbrev  0x00000e25      0x226 .\CortexM3\ARM_GCC_493\Debug\pdo.o
 .debug_abbrev  0x0000104b      0x290 .\CortexM3\ARM_GCC_493\Debug\sdo.o
 .debug_abbrev  0x000012db      0x251 .\CortexM3\ARM_GCC_493\Debug\states.o
 .debug_abbrev  0x0000152c      0x1f9 .\CortexM3\ARM_GCC_493\Debug\sync.o
 .debug_abbrev  0x00001725      0x19d .\CortexM3\ARM_GCC_493\Debug\TestSlave.o
 .debug_abbrev  0x000018c2      0x1ca .\CortexM3\ARM_GCC_493\Debug\timer.o
 .debug_abbrev  0x00001a8c       0xd2 .\CortexM3\ARM_GCC_493\Debug\canfestival.o
 .debug_abbrev  0x00001b5e       0xc7 .\CortexM3\ARM_GCC_493\Debug\led.o
 .debug_abbrev  0x00001c25      0x2a1 .\CortexM3\ARM_GCC_493\Debug\Valve_Control.o
 .debug_abbrev  0x00001ec6      0x1d8 .\CortexM3\ARM_GCC_493\Debug\CanopenDictConfig.o
 .debug_abbrev  0x0000209e       0xd6 .\CortexM3\ARM_GCC_493\Debug\TLC5616.o
 .debug_abbrev  0x00002174       0x77 .\CortexM3\ARM_GCC_493\Debug\cymetadata.o
 .debug_abbrev  0x000021eb      0x20f .\CortexM3\ARM_GCC_493\Debug\Cm3Start.o
 .debug_abbrev  0x000023fa      0x203 .\CortexM3\ARM_GCC_493\Debug\Design01.a(cyfitter_cfg.o)
 .debug_abbrev  0x000025fd      0x1de .\CortexM3\ARM_GCC_493\Debug\Design01.a(CAN_1.o)
 .debug_abbrev  0x000027db       0xef .\CortexM3\ARM_GCC_493\Debug\Design01.a(CAN_1_INT.o)
 .debug_abbrev  0x000028ca      0x21a .\CortexM3\ARM_GCC_493\Debug\Design01.a(CAN_1_TX_RX_func.o)
 .debug_abbrev  0x00002ae4       0x14 .\CortexM3\ARM_GCC_493\Debug\Design01.a(CyBootAsmGnu.o)
 .debug_abbrev  0x00002af8      0x296 .\CortexM3\ARM_GCC_493\Debug\Design01.a(CyLib.o)
 .debug_abbrev  0x00002d8e      0x1fa .\CortexM3\ARM_GCC_493\Debug\Design01.a(cyPm.o)
 .debug_abbrev  0x00002f88      0x152 .\CortexM3\ARM_GCC_493\Debug\Design01.a(Timer_1.o)
 .debug_abbrev  0x000030da       0x9d .\CortexM3\ARM_GCC_493\Debug\Design01.a(LED1.o)
 .debug_abbrev  0x00003177      0x207 .\CortexM3\ARM_GCC_493\Debug\Design01.a(ISR_Stroke_Timer.o)
 .debug_abbrev  0x0000337e       0x8e .\CortexM3\ARM_GCC_493\Debug\Design01.a(Control_Reg_1.o)
 .debug_abbrev  0x0000340c       0xd3 .\CortexM3\ARM_GCC_493\Debug\Design01.a(Status_Reg_1.o)
 .debug_abbrev  0x000034df      0x146 .\CortexM3\ARM_GCC_493\Debug\Design01.a(Clock_1.o)
 .debug_abbrev  0x00003625       0x9d .\CortexM3\ARM_GCC_493\Debug\Design01.a(LED2.o)
 .debug_abbrev  0x000036c2       0x9d .\CortexM3\ARM_GCC_493\Debug\Design01.a(LED3.o)
 .debug_abbrev  0x0000375f      0x1b0 .\CortexM3\ARM_GCC_493\Debug\Design01.a(EEPROM_1.o)
 .debug_abbrev  0x0000390f       0x9d .\CortexM3\ARM_GCC_493\Debug\Design01.a(TLC5616_CLK.o)
 .debug_abbrev  0x000039ac       0x9d .\CortexM3\ARM_GCC_493\Debug\Design01.a(TLC5616_DAT.o)
 .debug_abbrev  0x00003a49       0x9d .\CortexM3\ARM_GCC_493\Debug\Design01.a(TLC5616_CS1.o)
 .debug_abbrev  0x00003ae6       0x9d .\CortexM3\ARM_GCC_493\Debug\Design01.a(TLC5616_CS2.o)
 .debug_abbrev  0x00003b83      0x17e .\CortexM3\ARM_GCC_493\Debug\Design01.a(LCD_Char_1.o)
 .debug_abbrev  0x00003d01      0x1de .\CortexM3\ARM_GCC_493\Debug\Design01.a(CyFlash.o)
 .debug_abbrev  0x00003edf      0x1ce .\CortexM3\ARM_GCC_493\Debug\Design01.a(CySpc.o)

.debug_line     0x00000000     0x5718
 *(.debug_line)
 .debug_line    0x00000000      0x2bd .\CortexM3\ARM_GCC_493\Debug\main.o
 .debug_line    0x000002bd      0x1e0 .\CortexM3\ARM_GCC_493\Debug\dcf.o
 .debug_line    0x0000049d      0x211 .\CortexM3\ARM_GCC_493\Debug\emcy.o
 .debug_line    0x000006ae      0x1ee .\CortexM3\ARM_GCC_493\Debug\lifegrd.o
 .debug_line    0x0000089c       0x1d .\CortexM3\ARM_GCC_493\Debug\lss.o
 .debug_line    0x000008b9      0x125 .\CortexM3\ARM_GCC_493\Debug\nmtMaster.o
 .debug_line    0x000009de      0x12f .\CortexM3\ARM_GCC_493\Debug\nmtSlave.o
 .debug_line    0x00000b0d      0x1b2 .\CortexM3\ARM_GCC_493\Debug\objacces.o
 .debug_line    0x00000cbf      0x4d3 .\CortexM3\ARM_GCC_493\Debug\pdo.o
 .debug_line    0x00001192      0xa6f .\CortexM3\ARM_GCC_493\Debug\sdo.o
 .debug_line    0x00001c01      0x2b8 .\CortexM3\ARM_GCC_493\Debug\states.o
 .debug_line    0x00001eb9      0x194 .\CortexM3\ARM_GCC_493\Debug\sync.o
 .debug_line    0x0000204d      0x129 .\CortexM3\ARM_GCC_493\Debug\TestSlave.o
 .debug_line    0x00002176      0x17d .\CortexM3\ARM_GCC_493\Debug\timer.o
 .debug_line    0x000022f3       0x87 .\CortexM3\ARM_GCC_493\Debug\canfestival.o
 .debug_line    0x0000237a      0x182 .\CortexM3\ARM_GCC_493\Debug\led.o
 .debug_line    0x000024fc      0x407 .\CortexM3\ARM_GCC_493\Debug\Valve_Control.o
 .debug_line    0x00002903      0x1fe .\CortexM3\ARM_GCC_493\Debug\CanopenDictConfig.o
 .debug_line    0x00002b01      0x201 .\CortexM3\ARM_GCC_493\Debug\TLC5616.o
 .debug_line    0x00002d02       0x53 .\CortexM3\ARM_GCC_493\Debug\cymetadata.o
 .debug_line    0x00002d55      0x249 .\CortexM3\ARM_GCC_493\Debug\Cm3Start.o
 .debug_line    0x00002f9e      0x1e5 .\CortexM3\ARM_GCC_493\Debug\Design01.a(cyfitter_cfg.o)
 .debug_line    0x00003183      0x384 .\CortexM3\ARM_GCC_493\Debug\Design01.a(CAN_1.o)
 .debug_line    0x00003507       0xbb .\CortexM3\ARM_GCC_493\Debug\Design01.a(CAN_1_INT.o)
 .debug_line    0x000035c2      0x204 .\CortexM3\ARM_GCC_493\Debug\Design01.a(CAN_1_TX_RX_func.o)
 .debug_line    0x000037c6       0x68 .\CortexM3\ARM_GCC_493\Debug\Design01.a(CyBootAsmGnu.o)
 .debug_line    0x0000382e      0x806 .\CortexM3\ARM_GCC_493\Debug\Design01.a(CyLib.o)
 .debug_line    0x00004034      0x366 .\CortexM3\ARM_GCC_493\Debug\Design01.a(cyPm.o)
 .debug_line    0x0000439a      0x174 .\CortexM3\ARM_GCC_493\Debug\Design01.a(Timer_1.o)
 .debug_line    0x0000450e       0x93 .\CortexM3\ARM_GCC_493\Debug\Design01.a(LED1.o)
 .debug_line    0x000045a1      0x2b2 .\CortexM3\ARM_GCC_493\Debug\Design01.a(ISR_Stroke_Timer.o)
 .debug_line    0x00004853       0x77 .\CortexM3\ARM_GCC_493\Debug\Design01.a(Control_Reg_1.o)
 .debug_line    0x000048ca       0xba .\CortexM3\ARM_GCC_493\Debug\Design01.a(Status_Reg_1.o)
 .debug_line    0x00004984      0x18f .\CortexM3\ARM_GCC_493\Debug\Design01.a(Clock_1.o)
 .debug_line    0x00004b13       0x93 .\CortexM3\ARM_GCC_493\Debug\Design01.a(LED2.o)
 .debug_line    0x00004ba6       0x93 .\CortexM3\ARM_GCC_493\Debug\Design01.a(LED3.o)
 .debug_line    0x00004c39      0x268 .\CortexM3\ARM_GCC_493\Debug\Design01.a(EEPROM_1.o)
 .debug_line    0x00004ea1       0x9a .\CortexM3\ARM_GCC_493\Debug\Design01.a(TLC5616_CLK.o)
 .debug_line    0x00004f3b       0x9a .\CortexM3\ARM_GCC_493\Debug\Design01.a(TLC5616_DAT.o)
 .debug_line    0x00004fd5       0x9a .\CortexM3\ARM_GCC_493\Debug\Design01.a(TLC5616_CS1.o)
 .debug_line    0x0000506f       0x9a .\CortexM3\ARM_GCC_493\Debug\Design01.a(TLC5616_CS2.o)
 .debug_line    0x00005109      0x1e5 .\CortexM3\ARM_GCC_493\Debug\Design01.a(LCD_Char_1.o)
 .debug_line    0x000052ee      0x1ec .\CortexM3\ARM_GCC_493\Debug\Design01.a(CyFlash.o)
 .debug_line    0x000054da      0x23e .\CortexM3\ARM_GCC_493\Debug\Design01.a(CySpc.o)

.debug_frame    0x00000000     0x2b5c
 *(.debug_frame)
 .debug_frame   0x00000000       0x50 .\CortexM3\ARM_GCC_493\Debug\main.o
 .debug_frame   0x00000050      0x10c .\CortexM3\ARM_GCC_493\Debug\dcf.o
 .debug_frame   0x0000015c       0xdc .\CortexM3\ARM_GCC_493\Debug\emcy.o
 .debug_frame   0x00000238      0x120 .\CortexM3\ARM_GCC_493\Debug\lifegrd.o
 .debug_frame   0x00000358       0x64 .\CortexM3\ARM_GCC_493\Debug\nmtMaster.o
 .debug_frame   0x000003bc       0x4c .\CortexM3\ARM_GCC_493\Debug\nmtSlave.o
 .debug_frame   0x00000408       0xd4 .\CortexM3\ARM_GCC_493\Debug\objacces.o
 .debug_frame   0x000004dc      0x230 .\CortexM3\ARM_GCC_493\Debug\pdo.o
 .debug_frame   0x0000070c      0x474 .\CortexM3\ARM_GCC_493\Debug\sdo.o
 .debug_frame   0x00000b80       0xf8 .\CortexM3\ARM_GCC_493\Debug\states.o
 .debug_frame   0x00000c78      0x104 .\CortexM3\ARM_GCC_493\Debug\sync.o
 .debug_frame   0x00000d7c       0x30 .\CortexM3\ARM_GCC_493\Debug\TestSlave.o
 .debug_frame   0x00000dac       0x6c .\CortexM3\ARM_GCC_493\Debug\timer.o
 .debug_frame   0x00000e18       0x4c .\CortexM3\ARM_GCC_493\Debug\canfestival.o
 .debug_frame   0x00000e64       0x2c .\CortexM3\ARM_GCC_493\Debug\led.o
 .debug_frame   0x00000e90      0x124 .\CortexM3\ARM_GCC_493\Debug\Valve_Control.o
 .debug_frame   0x00000fb4      0x108 .\CortexM3\ARM_GCC_493\Debug\CanopenDictConfig.o
 .debug_frame   0x000010bc       0x4c .\CortexM3\ARM_GCC_493\Debug\TLC5616.o
 .debug_frame   0x00001108       0xac .\CortexM3\ARM_GCC_493\Debug\Cm3Start.o
 .debug_frame   0x000011b4       0xe0 .\CortexM3\ARM_GCC_493\Debug\Design01.a(cyfitter_cfg.o)
 .debug_frame   0x00001294      0x1cc .\CortexM3\ARM_GCC_493\Debug\Design01.a(CAN_1.o)
 .debug_frame   0x00001460       0x68 .\CortexM3\ARM_GCC_493\Debug\Design01.a(CAN_1_INT.o)
 .debug_frame   0x000014c8       0x70 .\CortexM3\ARM_GCC_493\Debug\Design01.a(CAN_1_TX_RX_func.o)
 .debug_frame   0x00001538      0x728 .\CortexM3\ARM_GCC_493\Debug\Design01.a(CyLib.o)
 .debug_frame   0x00001c60      0x1f8 .\CortexM3\ARM_GCC_493\Debug\Design01.a(cyPm.o)
 .debug_frame   0x00001e58      0x124 .\CortexM3\ARM_GCC_493\Debug\Design01.a(Timer_1.o)
 .debug_frame   0x00001f7c       0x50 .\CortexM3\ARM_GCC_493\Debug\Design01.a(LED1.o)
 .debug_frame   0x00001fcc      0x110 .\CortexM3\ARM_GCC_493\Debug\Design01.a(ISR_Stroke_Timer.o)
 .debug_frame   0x000020dc       0x30 .\CortexM3\ARM_GCC_493\Debug\Design01.a(Control_Reg_1.o)
 .debug_frame   0x0000210c       0x78 .\CortexM3\ARM_GCC_493\Debug\Design01.a(Status_Reg_1.o)
 .debug_frame   0x00002184       0xe0 .\CortexM3\ARM_GCC_493\Debug\Design01.a(Clock_1.o)
 .debug_frame   0x00002264       0x50 .\CortexM3\ARM_GCC_493\Debug\Design01.a(LED2.o)
 .debug_frame   0x000022b4       0x50 .\CortexM3\ARM_GCC_493\Debug\Design01.a(LED3.o)
 .debug_frame   0x00002304      0x17c .\CortexM3\ARM_GCC_493\Debug\Design01.a(EEPROM_1.o)
 .debug_frame   0x00002480       0x50 .\CortexM3\ARM_GCC_493\Debug\Design01.a(TLC5616_CLK.o)
 .debug_frame   0x000024d0       0x50 .\CortexM3\ARM_GCC_493\Debug\Design01.a(TLC5616_DAT.o)
 .debug_frame   0x00002520       0x50 .\CortexM3\ARM_GCC_493\Debug\Design01.a(TLC5616_CS1.o)
 .debug_frame   0x00002570       0x50 .\CortexM3\ARM_GCC_493\Debug\Design01.a(TLC5616_CS2.o)
 .debug_frame   0x000025c0      0x1e4 .\CortexM3\ARM_GCC_493\Debug\Design01.a(LCD_Char_1.o)
 .debug_frame   0x000027a4      0x174 .\CortexM3\ARM_GCC_493\Debug\Design01.a(CyFlash.o)
 .debug_frame   0x00002918      0x160 .\CortexM3\ARM_GCC_493\Debug\Design01.a(CySpc.o)
 .debug_frame   0x00002a78       0x20 c:/program files (x86)/cypress/psoc creator/3.3/psoc creator/import/gnu/arm/4.9.3/bin/../lib/gcc/arm-none-eabi/4.9.3/../../../../arm-none-eabi/lib/armv7-m\libg_nano.a(lib_a-errno.o)
 .debug_frame   0x00002a98       0x28 c:/program files (x86)/cypress/psoc creator/3.3/psoc creator/import/gnu/arm/4.9.3/bin/../lib/gcc/arm-none-eabi/4.9.3/../../../../arm-none-eabi/lib/armv7-m\libg_nano.a(lib_a-exit.o)
 .debug_frame   0x00002ac0       0x2c c:/program files (x86)/cypress/psoc creator/3.3/psoc creator/import/gnu/arm/4.9.3/bin/../lib/gcc/arm-none-eabi/4.9.3/../../../../arm-none-eabi/lib/armv7-m\libg_nano.a(lib_a-init.o)
 .debug_frame   0x00002aec       0x28 c:/program files (x86)/cypress/psoc creator/3.3/psoc creator/import/gnu/arm/4.9.3/bin/../lib/gcc/arm-none-eabi/4.9.3/../../../../arm-none-eabi/lib/armv7-m\libg_nano.a(lib_a-memcmp.o)
 .debug_frame   0x00002b14       0x28 c:/program files (x86)/cypress/psoc creator/3.3/psoc creator/import/gnu/arm/4.9.3/bin/../lib/gcc/arm-none-eabi/4.9.3/../../../../arm-none-eabi/lib/armv7-m\libg_nano.a(lib_a-memcpy.o)
 .debug_frame   0x00002b3c       0x20 c:/program files (x86)/cypress/psoc creator/3.3/psoc creator/import/gnu/arm/4.9.3/bin/../lib/gcc/arm-none-eabi/4.9.3/../../../../arm-none-eabi/lib/armv7-m\libg_nano.a(lib_a-memset.o)

.debug_str      0x00000000     0x4685
 *(.debug_str)
 .debug_str     0x00000000      0x4ca .\CortexM3\ARM_GCC_493\Debug\main.o
                                0x56e (size before relaxing)
 .debug_str     0x000004ca      0x702 .\CortexM3\ARM_GCC_493\Debug\dcf.o
                                0xa2c (size before relaxing)
 .debug_str     0x00000bcc       0xf4 .\CortexM3\ARM_GCC_493\Debug\emcy.o
                                0x9a4 (size before relaxing)
 .debug_str     0x00000cc0       0xfb .\CortexM3\ARM_GCC_493\Debug\lifegrd.o
                                0xa25 (size before relaxing)
 .debug_str     0x00000dbb        0x8 .\CortexM3\ARM_GCC_493\Debug\lss.o
                                0x154 (size before relaxing)
 .debug_str     0x00000dc3       0x44 .\CortexM3\ARM_GCC_493\Debug\nmtMaster.o
                                0x909 (size before relaxing)
 .debug_str     0x00000e07       0x5e .\CortexM3\ARM_GCC_493\Debug\nmtSlave.o
                                0x903 (size before relaxing)
 .debug_str     0x00000e65       0xef .\CortexM3\ARM_GCC_493\Debug\objacces.o
                                0x9ca (size before relaxing)
 .debug_str     0x00000f54      0x24c .\CortexM3\ARM_GCC_493\Debug\pdo.o
                                0xb6a (size before relaxing)
 .debug_str     0x000011a0      0x1ce .\CortexM3\ARM_GCC_493\Debug\sdo.o
                                0xb5c (size before relaxing)
 .debug_str     0x0000136e       0x7d .\CortexM3\ARM_GCC_493\Debug\states.o
                                0xa38 (size before relaxing)
 .debug_str     0x000013eb       0x40 .\CortexM3\ARM_GCC_493\Debug\sync.o
                                0x98a (size before relaxing)
 .debug_str     0x0000142b      0xece .\CortexM3\ARM_GCC_493\Debug\TestSlave.o
                               0x185c (size before relaxing)
 .debug_str     0x000022f9       0xd5 .\CortexM3\ARM_GCC_493\Debug\timer.o
                                0x9b9 (size before relaxing)
 .debug_str     0x000023ce       0x4b .\CortexM3\ARM_GCC_493\Debug\canfestival.o
                                0x1c2 (size before relaxing)
 .debug_str     0x00002419       0x31 .\CortexM3\ARM_GCC_493\Debug\led.o
                                0x1c1 (size before relaxing)
 .debug_str     0x0000244a      0x1ff .\CortexM3\ARM_GCC_493\Debug\Valve_Control.o
                                0x63a (size before relaxing)
 .debug_str     0x00002649      0x113 .\CortexM3\ARM_GCC_493\Debug\CanopenDictConfig.o
                                0xa18 (size before relaxing)
 .debug_str     0x0000275c       0x6b .\CortexM3\ARM_GCC_493\Debug\TLC5616.o
                                0x20b (size before relaxing)
 .debug_str     0x000027c7       0x77 .\CortexM3\ARM_GCC_493\Debug\cymetadata.o
                                0x1d6 (size before relaxing)
 .debug_str     0x0000283e      0x153 .\CortexM3\ARM_GCC_493\Debug\Cm3Start.o
                                0x2ea (size before relaxing)
 .debug_str     0x00002991      0x133 .\CortexM3\ARM_GCC_493\Debug\Design01.a(cyfitter_cfg.o)
                                0x2ef (size before relaxing)
 .debug_str     0x00002ac4      0x363 .\CortexM3\ARM_GCC_493\Debug\Design01.a(CAN_1.o)
                                0x50e (size before relaxing)
 .debug_str     0x00002e27       0x73 .\CortexM3\ARM_GCC_493\Debug\Design01.a(CAN_1_INT.o)
                                0x265 (size before relaxing)
 .debug_str     0x00002e9a       0x5c .\CortexM3\ARM_GCC_493\Debug\Design01.a(CAN_1_TX_RX_func.o)
                                0xa2d (size before relaxing)
 .debug_str     0x00002ef6      0x7af .\CortexM3\ARM_GCC_493\Debug\Design01.a(CyLib.o)
                                0xa0f (size before relaxing)
 .debug_str     0x000036a5      0x35b .\CortexM3\ARM_GCC_493\Debug\Design01.a(cyPm.o)
                                0x707 (size before relaxing)
 .debug_str     0x00003a00      0x18c .\CortexM3\ARM_GCC_493\Debug\Design01.a(Timer_1.o)
                                0x33f (size before relaxing)
 .debug_str     0x00003b8c       0x58 .\CortexM3\ARM_GCC_493\Debug\Design01.a(LED1.o)
                                0x1c9 (size before relaxing)
 .debug_str     0x00003be4      0x176 .\CortexM3\ARM_GCC_493\Debug\Design01.a(ISR_Stroke_Timer.o)
                                0x3d0 (size before relaxing)
 .debug_str     0x00003d5a       0x3c .\CortexM3\ARM_GCC_493\Debug\Design01.a(Control_Reg_1.o)
                                0x1b3 (size before relaxing)
 .debug_str     0x00003d96       0x90 .\CortexM3\ARM_GCC_493\Debug\Design01.a(Status_Reg_1.o)
                                0x247 (size before relaxing)
 .debug_str     0x00003e26      0x156 .\CortexM3\ARM_GCC_493\Debug\Design01.a(Clock_1.o)
                                0x2da (size before relaxing)
 .debug_str     0x00003f7c       0x4d .\CortexM3\ARM_GCC_493\Debug\Design01.a(LED2.o)
                                0x1c9 (size before relaxing)
 .debug_str     0x00003fc9       0x4d .\CortexM3\ARM_GCC_493\Debug\Design01.a(LED3.o)
                                0x1c9 (size before relaxing)
 .debug_str     0x00004016      0x1cd .\CortexM3\ARM_GCC_493\Debug\Design01.a(EEPROM_1.o)
                                0x3bc (size before relaxing)
 .debug_str     0x000041e3       0x69 .\CortexM3\ARM_GCC_493\Debug\Design01.a(TLC5616_CLK.o)
                                0x1ec (size before relaxing)
 .debug_str     0x0000424c       0x69 .\CortexM3\ARM_GCC_493\Debug\Design01.a(TLC5616_DAT.o)
                                0x1ec (size before relaxing)
 .debug_str     0x000042b5       0x69 .\CortexM3\ARM_GCC_493\Debug\Design01.a(TLC5616_CS1.o)
                                0x1ec (size before relaxing)
 .debug_str     0x0000431e       0x69 .\CortexM3\ARM_GCC_493\Debug\Design01.a(TLC5616_CS2.o)
                                0x1ec (size before relaxing)
 .debug_str     0x00004387      0x191 .\CortexM3\ARM_GCC_493\Debug\Design01.a(LCD_Char_1.o)
                                0x397 (size before relaxing)
 .debug_str     0x00004518       0xfd .\CortexM3\ARM_GCC_493\Debug\Design01.a(CyFlash.o)
                                0x381 (size before relaxing)
 .debug_str     0x00004615       0x70 .\CortexM3\ARM_GCC_493\Debug\Design01.a(CySpc.o)
                                0x30a (size before relaxing)

.debug_loc      0x00000000     0x8d00
 *(.debug_loc)
 .debug_loc     0x00000000       0xad .\CortexM3\ARM_GCC_493\Debug\main.o
 .debug_loc     0x000000ad      0x43a .\CortexM3\ARM_GCC_493\Debug\dcf.o
 .debug_loc     0x000004e7      0x4de .\CortexM3\ARM_GCC_493\Debug\emcy.o
 .debug_loc     0x000009c5      0x3d5 .\CortexM3\ARM_GCC_493\Debug\lifegrd.o
 .debug_loc     0x00000d9a      0x13b .\CortexM3\ARM_GCC_493\Debug\nmtMaster.o
 .debug_loc     0x00000ed5      0x168 .\CortexM3\ARM_GCC_493\Debug\nmtSlave.o
 .debug_loc     0x0000103d      0x45f .\CortexM3\ARM_GCC_493\Debug\objacces.o
 .debug_loc     0x0000149c      0xfa0 .\CortexM3\ARM_GCC_493\Debug\pdo.o
 .debug_loc     0x0000243c     0x25f5 .\CortexM3\ARM_GCC_493\Debug\sdo.o
 .debug_loc     0x00004a31      0x447 .\CortexM3\ARM_GCC_493\Debug\states.o
 .debug_loc     0x00004e78      0x15f .\CortexM3\ARM_GCC_493\Debug\sync.o
 .debug_loc     0x00004fd7      0x5a7 .\CortexM3\ARM_GCC_493\Debug\TestSlave.o
 .debug_loc     0x0000557e      0x2f5 .\CortexM3\ARM_GCC_493\Debug\timer.o
 .debug_loc     0x00005873       0x40 .\CortexM3\ARM_GCC_493\Debug\canfestival.o
 .debug_loc     0x000058b3       0x21 .\CortexM3\ARM_GCC_493\Debug\led.o
 .debug_loc     0x000058d4      0x211 .\CortexM3\ARM_GCC_493\Debug\Valve_Control.o
 .debug_loc     0x00005ae5      0x14c .\CortexM3\ARM_GCC_493\Debug\CanopenDictConfig.o
 .debug_loc     0x00005c31       0x9b .\CortexM3\ARM_GCC_493\Debug\TLC5616.o
 .debug_loc     0x00005ccc      0x144 .\CortexM3\ARM_GCC_493\Debug\Cm3Start.o
 .debug_loc     0x00005e10      0x1d7 .\CortexM3\ARM_GCC_493\Debug\Design01.a(cyfitter_cfg.o)
 .debug_loc     0x00005fe7      0x983 .\CortexM3\ARM_GCC_493\Debug\Design01.a(CAN_1.o)
 .debug_loc     0x0000696a       0x54 .\CortexM3\ARM_GCC_493\Debug\Design01.a(CAN_1_INT.o)
 .debug_loc     0x000069be      0x1e1 .\CortexM3\ARM_GCC_493\Debug\Design01.a(CAN_1_TX_RX_func.o)
 .debug_loc     0x00006b9f      0xa11 .\CortexM3\ARM_GCC_493\Debug\Design01.a(CyLib.o)
 .debug_loc     0x000075b0      0x1e4 .\CortexM3\ARM_GCC_493\Debug\Design01.a(cyPm.o)
 .debug_loc     0x00007794       0x13 .\CortexM3\ARM_GCC_493\Debug\Design01.a(Timer_1.o)
 .debug_loc     0x000077a7       0x42 .\CortexM3\ARM_GCC_493\Debug\Design01.a(LED1.o)
 .debug_loc     0x000077e9       0x56 .\CortexM3\ARM_GCC_493\Debug\Design01.a(ISR_Stroke_Timer.o)
 .debug_loc     0x0000783f       0x44 .\CortexM3\ARM_GCC_493\Debug\Design01.a(Status_Reg_1.o)
 .debug_loc     0x00007883      0x12c .\CortexM3\ARM_GCC_493\Debug\Design01.a(Clock_1.o)
 .debug_loc     0x000079af       0x42 .\CortexM3\ARM_GCC_493\Debug\Design01.a(LED2.o)
 .debug_loc     0x000079f1       0x42 .\CortexM3\ARM_GCC_493\Debug\Design01.a(LED3.o)
 .debug_loc     0x00007a33      0x49f .\CortexM3\ARM_GCC_493\Debug\Design01.a(EEPROM_1.o)
 .debug_loc     0x00007ed2       0x42 .\CortexM3\ARM_GCC_493\Debug\Design01.a(TLC5616_CLK.o)
 .debug_loc     0x00007f14       0x55 .\CortexM3\ARM_GCC_493\Debug\Design01.a(TLC5616_DAT.o)
 .debug_loc     0x00007f69       0x42 .\CortexM3\ARM_GCC_493\Debug\Design01.a(TLC5616_CS1.o)
 .debug_loc     0x00007fab       0x42 .\CortexM3\ARM_GCC_493\Debug\Design01.a(TLC5616_CS2.o)
 .debug_loc     0x00007fed      0x3c6 .\CortexM3\ARM_GCC_493\Debug\Design01.a(LCD_Char_1.o)
 .debug_loc     0x000083b3      0x300 .\CortexM3\ARM_GCC_493\Debug\Design01.a(CyFlash.o)
 .debug_loc     0x000086b3      0x64d .\CortexM3\ARM_GCC_493\Debug\Design01.a(CySpc.o)

.debug_macinfo
 *(.debug_macinfo)

.debug_ranges   0x00000000      0xe08
 *(.debug_ranges)
 .debug_ranges  0x00000000       0x18 .\CortexM3\ARM_GCC_493\Debug\main.o
 .debug_ranges  0x00000018       0x40 .\CortexM3\ARM_GCC_493\Debug\dcf.o
 .debug_ranges  0x00000058       0x48 .\CortexM3\ARM_GCC_493\Debug\emcy.o
 .debug_ranges  0x000000a0       0x70 .\CortexM3\ARM_GCC_493\Debug\lifegrd.o
 .debug_ranges  0x00000110       0x38 .\CortexM3\ARM_GCC_493\Debug\nmtMaster.o
 .debug_ranges  0x00000148       0x18 .\CortexM3\ARM_GCC_493\Debug\nmtSlave.o
 .debug_ranges  0x00000160       0x38 .\CortexM3\ARM_GCC_493\Debug\objacces.o
 .debug_ranges  0x00000198       0x98 .\CortexM3\ARM_GCC_493\Debug\pdo.o
 .debug_ranges  0x00000230       0xf0 .\CortexM3\ARM_GCC_493\Debug\sdo.o
 .debug_ranges  0x00000320       0x58 .\CortexM3\ARM_GCC_493\Debug\states.o
 .debug_ranges  0x00000378       0x50 .\CortexM3\ARM_GCC_493\Debug\sync.o
 .debug_ranges  0x000003c8       0x18 .\CortexM3\ARM_GCC_493\Debug\TestSlave.o
 .debug_ranges  0x000003e0       0x20 .\CortexM3\ARM_GCC_493\Debug\timer.o
 .debug_ranges  0x00000400       0x20 .\CortexM3\ARM_GCC_493\Debug\canfestival.o
 .debug_ranges  0x00000420       0x10 .\CortexM3\ARM_GCC_493\Debug\led.o
 .debug_ranges  0x00000430       0x50 .\CortexM3\ARM_GCC_493\Debug\Valve_Control.o
 .debug_ranges  0x00000480       0x70 .\CortexM3\ARM_GCC_493\Debug\CanopenDictConfig.o
 .debug_ranges  0x000004f0       0x18 .\CortexM3\ARM_GCC_493\Debug\TLC5616.o
 .debug_ranges  0x00000508       0x38 .\CortexM3\ARM_GCC_493\Debug\Cm3Start.o
 .debug_ranges  0x00000540       0x48 .\CortexM3\ARM_GCC_493\Debug\Design01.a(cyfitter_cfg.o)
 .debug_ranges  0x00000588       0xb8 .\CortexM3\ARM_GCC_493\Debug\Design01.a(CAN_1.o)
 .debug_ranges  0x00000640       0x20 .\CortexM3\ARM_GCC_493\Debug\Design01.a(CAN_1_INT.o)
 .debug_ranges  0x00000660       0x20 .\CortexM3\ARM_GCC_493\Debug\Design01.a(CAN_1_TX_RX_func.o)
 .debug_ranges  0x00000680      0x288 .\CortexM3\ARM_GCC_493\Debug\Design01.a(CyLib.o)
 .debug_ranges  0x00000908       0x88 .\CortexM3\ARM_GCC_493\Debug\Design01.a(cyPm.o)
 .debug_ranges  0x00000990       0x80 .\CortexM3\ARM_GCC_493\Debug\Design01.a(Timer_1.o)
 .debug_ranges  0x00000a10       0x28 .\CortexM3\ARM_GCC_493\Debug\Design01.a(LED1.o)
 .debug_ranges  0x00000a38       0x70 .\CortexM3\ARM_GCC_493\Debug\Design01.a(ISR_Stroke_Timer.o)
 .debug_ranges  0x00000aa8       0x18 .\CortexM3\ARM_GCC_493\Debug\Design01.a(Control_Reg_1.o)
 .debug_ranges  0x00000ac0       0x30 .\CortexM3\ARM_GCC_493\Debug\Design01.a(Status_Reg_1.o)
 .debug_ranges  0x00000af0       0x60 .\CortexM3\ARM_GCC_493\Debug\Design01.a(Clock_1.o)
 .debug_ranges  0x00000b50       0x28 .\CortexM3\ARM_GCC_493\Debug\Design01.a(LED2.o)
 .debug_ranges  0x00000b78       0x28 .\CortexM3\ARM_GCC_493\Debug\Design01.a(LED3.o)
 .debug_ranges  0x00000ba0       0x68 .\CortexM3\ARM_GCC_493\Debug\Design01.a(EEPROM_1.o)
 .debug_ranges  0x00000c08       0x28 .\CortexM3\ARM_GCC_493\Debug\Design01.a(TLC5616_CLK.o)
 .debug_ranges  0x00000c30       0x28 .\CortexM3\ARM_GCC_493\Debug\Design01.a(TLC5616_DAT.o)
 .debug_ranges  0x00000c58       0x28 .\CortexM3\ARM_GCC_493\Debug\Design01.a(TLC5616_CS1.o)
 .debug_ranges  0x00000c80       0x28 .\CortexM3\ARM_GCC_493\Debug\Design01.a(TLC5616_CS2.o)
 .debug_ranges  0x00000ca8       0x88 .\CortexM3\ARM_GCC_493\Debug\Design01.a(LCD_Char_1.o)
 .debug_ranges  0x00000d30       0x70 .\CortexM3\ARM_GCC_493\Debug\Design01.a(CyFlash.o)
 .debug_ranges  0x00000da0       0x68 .\CortexM3\ARM_GCC_493\Debug\Design01.a(CySpc.o)

.comment        0x00000000       0x70
 .comment       0x00000000       0x70 .\CortexM3\ARM_GCC_493\Debug\main.o
                                 0x71 (size before relaxing)
 .comment       0x00000000       0x71 .\CortexM3\ARM_GCC_493\Debug\dcf.o